ls: cell 0 is not a phandle reference
/tmp/live.dts: Warning (iommus_property): /soc@0/dma-controller@3a84000:iommus: cell 0 is not a phandle reference
/tmp/live.dts: Warning (iommus_property): /soc@0/dma-controller@1dc4000:iommus: cell 0 is not a phandle reference
/tmp/live.dts: Warning (iommus_property): /soc@0/dma-controller@1dc4000:iommus: cell 3 is not a phandle reference
/tmp/live.dts: Warning (iommus_property): /soc@0/gpu@3d00000:iommus: cell 0 is not a phandle reference
/tmp/live.dts: Warning (iommus_property): /soc@0/gpu@3d00000:iommus: cell 3 is not a phandle reference
/tmp/live.dts: Warning (iommus_property): /soc@0/usb@a600000:iommus: cell 0 is not a phandle reference
/tmp/live.dts: Warning (iommus_property): /soc@0/display-subsystem@ae00000:iommus: cell 0 is not a phandle reference
/tmp/live.dts: Warning (iommus_property): /soc@0/ufshc@1d84000:iommus: cell 0 is not a phandle reference
/tmp/live.dts: Warning (iommus_property): /soc@0/remoteproc@3700000/glink-edge/fastrpc/compute-cb@3:iommus: cell 0 is not a phandle reference
/tmp/live.dts: Warning (iommus_property): /soc@0/remoteproc@3700000/glink-edge/fastrpc/compute-cb@4:iommus: cell 0 is not a phandle reference
/tmp/live.dts: Warning (iommus_property): /soc@0/remoteproc@3700000/glink-edge/fastrpc/compute-cb@5:iommus: cell 0 is not a phandle reference
/tmp/live.dts: Warning (iommus_property): /soc@0/remoteproc@3700000/glink-edge/gpr/service@1/dais:iommus: cell 0 is not a phandle reference
/tmp/live.dts: Warning (iommus_property): /soc@0/geniqup@9c0000:iommus: cell 0 is not a phandle reference
/tmp/live.dts: Warning (iommus_property): /soc@0/etr@6048000:iommus: cell 0 is not a phandle reference
/tmp/live.dts: Warning (iommus_property): /soc@0/mmc@7c4000:iommus: cell 0 is not a phandle reference
/tmp/live.dts: Warning (iommus_property): /soc@0/audio@3987000:iommus: cell 0 is not a phandle reference
/tmp/live.dts: Warning (iommus_property): /soc@0/audio@3987000:iommus: cell 3 is not a phandle reference
/tmp/live.dts: Warning (iommus_property): /soc@0/audio@3987000:iommus: cell 6 is not a phandle reference
/tmp/live.dts: Warning (iommus_property): /soc@0/crypto@1dfa000:iommus: cell 0 is not a phandle reference
/tmp/live.dts: Warning (iommus_property): /soc@0/crypto@1dfa000:iommus: cell 3 is not a phandle reference
/tmp/live.dts: Warning (iommus_property): /soc@0/ipa@1e40000:iommus: cell 0 is not a phandle reference
/tmp/live.dts: Warning (iommus_property): /soc@0/ipa@1e40000:iommus: cell 3 is not a phandle reference
/tmp/live.dts: Warning (iommus_property): /soc@0/usb@8c00000:iommus: cell 0 is not a phandle reference
/tmp/live.dts: Warning (iommus_property): /soc@0/remoteproc@a300000/glink-edge/fastrpc/compute-cb@3:iommus: cell 0 is not a phandle reference
/tmp/live.dts: Warning (iommus_property): /soc@0/remoteproc@a300000/glink-edge/fastrpc/compute-cb@3:iommus: cell 3 is not a phandle reference
/tmp/live.dts: Warning (iommus_property): /soc@0/remoteproc@a300000/glink-edge/fastrpc/compute-cb@11:iommus: cell 0 is not a phandle reference
/tmp/live.dts: Warning (iommus_property): /soc@0/remoteproc@a300000/glink-edge/fastrpc/compute-cb@11:iommus: cell 3 is not a phandle reference
/tmp/live.dts: Warning (iommus_property): /soc@0/remoteproc@a300000/glink-edge/fastrpc/compute-cb@1:iommus: cell 0 is not a phandle reference
/tmp/live.dts: Warning (iommus_property): /soc@0/remoteproc@a300000/glink-edge/fastrpc/compute-cb@1:iommus: cell 3 is not a phandle reference
/tmp/live.dts: Warning (iommus_property): /soc@0/remoteproc@a300000/glink-edge/fastrpc/compute-cb@8:iommus: cell 0 is not a phandle reference
/tmp/live.dts: Warning (iommus_property): /soc@0/remoteproc@a300000/glink-edge/fastrpc/compute-cb@8:iommus: cell 3 is not a phandle reference
/tmp/live.dts: Warning (iommus_property): /soc@0/remoteproc@a300000/glink-edge/fastrpc/compute-cb@6:iommus: cell 0 is not a phandle reference
/tmp/live.dts: Warning (iommus_property): /soc@0/remoteproc@a300000/glink-edge/fastrpc/compute-cb@6:iommus: cell 3 is not a phandle reference
/tmp/live.dts: Warning (iommus_property): /soc@0/remoteproc@a300000/glink-edge/fastrpc/compute-cb@14:iommus: cell 0 is not a phandle reference
/tmp/live.dts: Warning (iommus_property): /soc@0/remoteproc@a300000/glink-edge/fastrpc/compute-cb@14:iommus: cell 3 is not a phandle reference
/tmp/live.dts: Warning (iommus_property): /soc@0/remoteproc@a300000/glink-edge/fastrpc/compute-cb@4:iommus: cell 0 is not a phandle reference
/tmp/live.dts: Warning (iommus_property): /soc@0/remoteproc@a300000/glink-edge/fastrpc/compute-cb@4:iommus: cell 3 is not a phandle reference
/tmp/live.dts: Warning (iommus_property): /soc@0/remoteproc@a300000/glink-edge/fastrpc/compute-cb@12:iommus: cell 0 is not a phandle reference
/tmp/live.dts: Warning (iommus_property): /soc@0/remoteproc@a300000/glink-edge/fastrpc/compute-cb@12:iommus: cell 3 is not a phandle reference
/tmp/live.dts: Warning (iommus_property): /soc@0/remoteproc@a300000/glink-edge/fastrpc/compute-cb@2:iommus: cell 0 is not a phandle reference
/tmp/live.dts: Warning (iommus_property): /soc@0/remoteproc@a300000/glink-edge/fastrpc/compute-cb@2:iommus: cell 3 is not a phandle reference
/tmp/live.dts: Warning (iommus_property): /soc@0/remoteproc@a300000/glink-edge/fastrpc/compute-cb@7:iommus: cell 0 is not a phandle reference
/tmp/live.dts: Warning (iommus_property): /soc@0/remoteproc@a300000/glink-edge/fastrpc/compute-cb@7:iommus: cell 3 is not a phandle reference
/tmp/live.dts: Warning (iommus_property): /soc@0/remoteproc@a300000/glink-edge/fastrpc/compute-cb@5:iommus: cell 0 is not a phandle reference
/tmp/live.dts: Warning (iommus_property): /soc@0/remoteproc@a300000/glink-edge/fastrpc/compute-cb@5:iommus: cell 3 is not a phandle reference
/tmp/live.dts: Warning (iommus_property): /soc@0/remoteproc@a300000/glink-edge/fastrpc/compute-cb@13:iommus: cell 0 is not a phandle reference
/tmp/live.dts: Warning (iommus_property): /soc@0/remoteproc@a300000/glink-edge/fastrpc/compute-cb@13:iommus: cell 3 is not a phandle reference
/tmp/live.dts: Warning (iommus_property): /soc@0/spi@88dc000:iommus: cell 0 is not a phandle reference
/tmp/live.dts: Warning (iommus_property): /soc@0/isp@acb3000:iommus: cell 0 is not a phandle reference
/tmp/live.dts: Warning (iommus_property): /soc@0/geniqup@ac0000:iommus: cell 0 is not a phandle reference
/tmp/live.dts: Warning (iommus_property): /soc@0/dma-controller@900000:iommus: cell 0 is not a phandle reference
/tmp/live.dts: Warning (iommus_property): /soc@0/gmu@3d6a000:iommus: cell 0 is not a phandle reference
/tmp/live.dts: Warning (iommus_property): /soc@0/mmc@8804000:iommus: cell 0 is not a phandle reference
/tmp/live.dts: Warning (iommus_property): /soc@0/video-codec@aa00000:iommus: cell 0 is not a phandle reference
/tmp/live.dts: Warning (iommus_property): /soc@0/dma-controller@a00000:iommus: cell 0 is not a phandle reference
/tmp/live.dts: Warning (iommus_property): /soc@0/slim-ngd@3ac0000:iommus: cell 0 is not a phandle reference
/tmp/live.dts: Warning (mboxes_property): /soc@0/power-management@c300000:mboxes: cell 0 is not a phandle reference
/tmp/live.dts: Warning (mboxes_property): /soc@0/remoteproc@3700000/glink-edge:mboxes: cell 0 is not a phandle reference
/tmp/live.dts: Warning (mboxes_property): /soc@0/remoteproc@a300000/glink-edge:mboxes: cell 0 is not a phandle reference
/tmp/live.dts: Warning (mboxes_property): /smp2p-mpss:mboxes: cell 0 is not a phandle reference
/tmp/live.dts: Warning (mboxes_property): /smp2p-wpss:mboxes: cell 0 is not a phandle reference
/tmp/live.dts: Warning (mboxes_property): /smp2p-adsp:mboxes: cell 0 is not a phandle reference
/tmp/live.dts: Warning (mboxes_property): /smp2p-cdsp:mboxes: cell 0 is not a phandle reference
/tmp/live.dts: Warning (phys_property): /soc@0/usb@a600000:phys: cell 0 is not a phandle reference
/tmp/live.dts: Warning (phys_property): /soc@0/usb@a600000:phys: cell 1 is not a phandle reference
/tmp/live.dts: Warning (phys_property): /soc@0/display-subsystem@ae00000/edp@aea0000:phys: cell 0 is not a phandle reference
/tmp/live.dts: Warning (phys_property): /soc@0/display-subsystem@ae00000/dsi@ae94000:phys: cell 0 is not a phandle reference
/tmp/live.dts: Warning (phys_property): /soc@0/display-subsystem@ae00000/displayport-controller@ae90000:phys: cell 0 is not a phandle reference
/tmp/live.dts: Warning (phys_property): /soc@0/ufshc@1d84000:phys: cell 0 is not a phandle reference
/tmp/live.dts: Warning (phys_property): /soc@0/usb@8c00000:phys: cell 0 is not a phandle reference
/tmp/live.dts: Warning (phys_property): /soc@0/pcie@1c00000:phys: cell 0 is not a phandle reference
/tmp/live.dts: Warning (phys_property): /soc@0/pcie@1c08000:phys: cell 0 is not a phandle reference
/tmp/live.dts: Warning (power_domains_property): /soc@0/rsc@18200000:power-domains: cell 0 is not a phandle reference
/tmp/live.dts: Warning (power_domains_property): /soc@0/tbu@151f1000:power-domains: cell 0 is not a phandle reference
/tmp/live.dts: Warning (power_domains_property): /soc@0/tbu@151e9000:power-domains: cell 0 is not a phandle reference
/tmp/live.dts: Warning (power_domains_property): /soc@0/usb@a600000:power-domains: cell 0 is not a phandle reference
/tmp/live.dts: Warning (power_domains_property): /soc@0/display-subsystem@ae00000:power-domains: cell 0 is not a phandle reference
/tmp/live.dts: Warning (power_domains_property): /soc@0/display-subsystem@ae00000/display-controller@ae01000:power-domains: cell 0 is not a phandle reference
/tmp/live.dts: Warning (power_domains_property): /soc@0/display-subsystem@ae00000/edp@aea0000:power-domains: cell 0 is not a phandle reference
/tmp/live.dts: Warning (power_domains_property): /soc@0/display-subsystem@ae00000/dsi@ae94000:power-domains: cell 0 is not a phandle reference
/tmp/live.dts: Warning (power_domains_property): /soc@0/display-subsystem@ae00000/displayport-controller@ae90000:power-domains: cell 0 is not a phandle reference
/tmp/live.dts: Warning (power_domains_property): /soc@0/ufshc@1d84000:power-domains: cell 0 is not a phandle reference
/tmp/live.dts: Warning (power_domains_property): /soc@0/remoteproc@3700000:power-domains: cell 0 is not a phandle reference
/tmp/live.dts: Warning (power_domains_property): /soc@0/remoteproc@3700000:power-domains: cell 2 is not a phandle reference
/tmp/live.dts: Warning (power_domains_property): /soc@0/geniqup@9c0000/i2c@998000:power-domains: cell 0 is not a phandle reference
/tmp/live.dts: Warning (power_domains_property): /soc@0/geniqup@9c0000/spi@980000:power-domains: cell 0 is not a phandle reference
/tmp/live.dts: Warning (power_domains_property): /soc@0/geniqup@9c0000/serial@998000:power-domains: cell 0 is not a phandle reference
/tmp/live.dts: Warning (power_domains_property): /soc@0/geniqup@9c0000/i2c@984000:power-domains: cell 0 is not a phandle reference
/tmp/live.dts: Warning (power_domains_property): /soc@0/geniqup@9c0000/spi@99c000:power-domains: cell 0 is not a phandle reference
/tmp/live.dts: Warning (power_domains_property): /soc@0/geniqup@9c0000/serial@984000:power-domains: cell 0 is not a phandle reference
/tmp/live.dts: Warning (power_domains_property): /soc@0/geniqup@9c0000/spi@990000:power-domains: cell 0 is not a phandle reference
/tmp/live.dts: Warning (power_domains_property): /soc@0/geniqup@9c0000/i2c@98c000:power-domains: cell 0 is not a phandle reference
/tmp/live.dts: Warning (power_domains_property): /soc@0/geniqup@9c0000/spi@988000:power-domains: cell 0 is not a phandle reference
/tmp/live.dts: Warning (power_domains_property): /soc@0/geniqup@9c0000/serial@98c000:power-domains: cell 0 is not a phandle reference
/tmp/live.dts: Warning (power_domains_property): /soc@0/geniqup@9c0000/i2c@994000:power-domains: cell 0 is not a phandle reference
/tmp/live.dts: Warning (power_domains_property): /soc@0/geniqup@9c0000/serial@994000:power-domains: cell 0 is not a phandle reference
/tmp/live.dts: Warning (power_domains_property): /soc@0/geniqup@9c0000/i2c@980000:power-domains: cell 0 is not a phandle reference
/tmp/live.dts: Warning (power_domains_property): /soc@0/geniqup@9c0000/serial@980000:power-domains: cell 0 is not a phandle reference
/tmp/live.dts: Warning (power_domains_property): /soc@0/geniqup@9c0000/i2c@99c000:power-domains: cell 0 is not a phandle reference
/tmp/live.dts: Warning (power_domains_property): /soc@0/geniqup@9c0000/spi@998000:power-domains: cell 0 is not a phandle reference
/tmp/live.dts: Warning (power_domains_property): /soc@0/geniqup@9c0000/serial@99c000:power-domains: cell 0 is not a phandle reference
/tmp/live.dts: Warning (power_domains_property): /soc@0/geniqup@9c0000/spi@984000:power-domains: cell 0 is not a phandle reference
/tmp/live.dts: Warning (power_domains_property): /soc@0/geniqup@9c0000/i2c@990000:power-domains: cell 0 is not a phandle reference
/tmp/live.dts: Warning (power_domains_property): /soc@0/geniqup@9c0000/i2c@988000:power-domains: cell 0 is not a phandle reference
/tmp/live.dts: Warning (power_domains_property): /soc@0/geniqup@9c0000/serial@990000:power-domains: cell 0 is not a phandle reference
/tmp/live.dts: Warning (power_domains_property): /soc@0/geniqup@9c0000/serial@988000:power-domains: cell 0 is not a phandle reference
/tmp/live.dts: Warning (power_domains_property): /soc@0/geniqup@9c0000/spi@98c000:power-domains: cell 0 is not a phandle reference
/tmp/live.dts: Warning (power_domains_property): /soc@0/geniqup@9c0000/spi@994000:power-domains: cell 0 is not a phandle reference
/tmp/live.dts: Warning (power_domains_property): /soc@0/phy@1d87000:power-domains: cell 0 is not a phandle reference
/tmp/live.dts: Warning (power_domains_property): /soc@0/clock-controller@100000:power-domains: cell 0 is not a phandle reference
/tmp/live.dts: Warning (power_domains_property): /soc@0/mmc@7c4000:power-domains: cell 0 is not a phandle reference
/tmp/live.dts: Warning (power_domains_property): /soc@0/audio@3987000:power-domains: cell 0 is not a phandle reference
/tmp/live.dts: Warning (power_domains_property): /soc@0/tbu@151e5000:power-domains: cell 0 is not a phandle reference
/tmp/live.dts: Warning (power_domains_property): /soc@0/clock-controller@3900000:power-domains: cell 0 is not a phandle reference
/tmp/live.dts: Warning (power_domains_property): /soc@0/usb@8c00000:power-domains: cell 0 is not a phandle reference
/tmp/live.dts: Warning (power_domains_property): /soc@0/pcie@1c00000:power-domains: cell 0 is not a phandle reference
/tmp/live.dts: Warning (power_domains_property): /soc@0/remoteproc@a300000:power-domains: cell 0 is not a phandle reference
/tmp/live.dts: Warning (power_domains_property): /soc@0/remoteproc@a300000:power-domains: cell 2 is not a phandle reference
/tmp/live.dts: Warning (power_domains_property): /soc@0/spi@88dc000:power-domains: cell 0 is not a phandle reference
/tmp/live.dts: Warning (power_domains_property): /soc@0/cci@ac4b000:power-domains: cell 0 is not a phandle reference
/tmp/live.dts: Warning (power_domains_property): /soc@0/iommu@3da0000:power-domains: cell 0 is not a phandle reference
/tmp/live.dts: Warning (power_domains_property): /soc@0/isp@acb3000:power-domains: cell 0 is not a phandle reference
/tmp/live.dts: Warning (power_domains_property): /soc@0/isp@acb3000:power-domains: cell 2 is not a phandle reference
/tmp/live.dts: Warning (power_domains_property): /soc@0/isp@acb3000:power-domains: cell 4 is not a phandle reference
/tmp/live.dts: Warning (power_domains_property): /soc@0/isp@acb3000:power-domains: cell 6 is not a phandle reference
/tmp/live.dts: Warning (power_domains_property): /soc@0/geniqup@ac0000/i2c@a90000:power-domains: cell 0 is not a phandle reference
/tmp/live.dts: Warning (power_domains_property): /soc@0/geniqup@ac0000/i2c@a88000:power-domains: cell 0 is not a phandle reference
/tmp/live.dts: Warning (power_domains_property): /soc@0/geniqup@ac0000/serial@a90000:power-domains: cell 0 is not a phandle reference
/tmp/live.dts: Warning (power_domains_property): /soc@0/geniqup@ac0000/serial@a88000:power-domains: cell 0 is not a phandle reference
/tmp/live.dts: Warning (power_domains_property): /soc@0/geniqup@ac0000/spi@a8c000:power-domains: cell 0 is not a phandle reference
/tmp/live.dts: Warning (power_domains_property): /soc@0/geniqup@ac0000/spi@a94000:power-domains: cell 0 is not a phandle reference
/tmp/live.dts: Warning (power_domains_property): /soc@0/geniqup@ac0000/i2c@a98000:power-domains: cell 0 is not a phandle reference
/tmp/live.dts: Warning (power_domains_property): /soc@0/geniqup@ac0000/spi@a80000:power-domains: cell 0 is not a phandle reference
/tmp/live.dts: Warning (power_domains_property): /soc@0/geniqup@ac0000/serial@a98000:power-domains: cell 0 is not a phandle reference
/tmp/live.dts: Warning (power_domains_property): /soc@0/geniqup@ac0000/i2c@a84000:power-domains: cell 0 is not a phandle reference
/tmp/live.dts: Warning (power_domains_property): /soc@0/geniqup@ac0000/spi@a9c000:power-domains: cell 0 is not a phandle reference
/tmp/live.dts: Warning (power_domains_property): /soc@0/geniqup@ac0000/serial@a84000:power-domains: cell 0 is not a phandle reference
/tmp/live.dts: Warning (power_domains_property): /soc@0/geniqup@ac0000/spi@a90000:power-domains: cell 0 is not a phandle reference
/tmp/live.dts: Warning (power_domains_property): /soc@0/geniqup@ac0000/i2c@a8c000:power-domains: cell 0 is not a phandle reference
/tmp/live.dts: Warning (power_domains_property): /soc@0/geniqup@ac0000/spi@a88000:power-domains: cell 0 is not a phandle reference
/tmp/live.dts: Warning (power_domains_property): /soc@0/geniqup@ac0000/serial@a8c000:power-domains: cell 0 is not a phandle reference
/tmp/live.dts: Warning (power_domains_property): /soc@0/geniqup@ac0000/i2c@a94000:power-domains: cell 0 is not a phandle reference
/tmp/live.dts: Warning (power_domains_property): /soc@0/geniqup@ac0000/serial@a94000:power-domains: cell 0 is not a phandle reference
/tmp/live.dts: Warning (power_domains_property): /soc@0/geniqup@ac0000/i2c@a80000:power-domains: cell 0 is not a phandle reference
/tmp/live.dts: Warning (power_domains_property): /soc@0/geniqup@ac0000/serial@a80000:power-domains: cell 0 is not a phandle reference
/tmp/live.dts: Warning (power_domains_property): /soc@0/geniqup@ac0000/i2c@a9c000:power-domains: cell 0 is not a phandle reference
/tmp/live.dts: Warning (power_domains_property): /soc@0/geniqup@ac0000/spi@a98000:power-domains: cell 0 is not a phandle reference
/tmp/live.dts: Warning (power_domains_property): /soc@0/geniqup@ac0000/serial@a9c000:power-domains: cell 0 is not a phandle reference
/tmp/live.dts: Warning (power_domains_property): /soc@0/geniqup@ac0000/spi@a84000:power-domains: cell 0 is not a phandle reference
/tmp/live.dts: Warning (power_domains_property): /soc@0/clock-controller@3d90000:power-domains: cell 0 is not a phandle reference
/tmp/live.dts: Warning (power_domains_property): /soc@0/clock-controller@3d90000:power-domains: cell 2 is not a phandle reference
/tmp/live.dts: Warning (power_domains_property): /soc@0/clock-controller@3d90000:power-domains: cell 4 is not a phandle reference
/tmp/live.dts: Warning (power_domains_property): /soc@0/tbu@151ed000:power-domains: cell 0 is not a phandle reference
/tmp/live.dts: Warning (power_domains_property): /soc@0/gmu@3d6a000:power-domains: cell 0 is not a phandle reference
/tmp/live.dts: Warning (power_domains_property): /soc@0/gmu@3d6a000:power-domains: cell 2 is not a phandle reference
/tmp/live.dts: Warning (power_domains_property): /soc@0/mmc@8804000:power-domains: cell 0 is not a phandle reference
/tmp/live.dts: Warning (power_domains_property): /soc@0/efuse@784000:power-domains: cell 0 is not a phandle reference
/tmp/live.dts: Warning (power_domains_property): /soc@0/video-codec@aa00000:power-domains: cell 0 is not a phandle reference
/tmp/live.dts: Warning (power_domains_property): /soc@0/video-codec@aa00000:power-domains: cell 2 is not a phandle reference
/tmp/live.dts: Warning (power_domains_property): /soc@0/video-codec@aa00000:power-domains: cell 4 is not a phandle reference
/tmp/live.dts: Warning (power_domains_property): /soc@0/pcie@1c08000:power-domains: cell 0 is not a phandle reference
/tmp/live.dts: Warning (power_domains_property): /soc@0/cci@ac4a000:power-domains: cell 0 is not a phandle reference
/tmp/live.dts: Warning (power_domains_property): /soc@0/tbu@151fd000:power-domains: cell 0 is not a phandle reference
/tmp/live.dts: Warning (power_domains_property): /psci/power-domain-cpu6:power-domains: cell 0 is not a phandle reference
/tmp/live.dts: Warning (power_domains_property): /psci/power-domain-cpu4:power-domains: cell 0 is not a phandle reference
/tmp/live.dts: Warning (power_domains_property): /psci/power-domain-cpu2:power-domains: cell 0 is not a phandle reference
/tmp/live.dts: Warning (power_domains_property): /psci/power-domain-cpu0:power-domains: cell 0 is not a phandle reference
/tmp/live.dts: Warning (power_domains_property): /psci/power-domain-cpu7:power-domains: cell 0 is not a phandle reference
/tmp/live.dts: Warning (power_domains_property): /psci/power-domain-cpu5:power-domains: cell 0 is not a phandle reference
/tmp/live.dts: Warning (power_domains_property): /psci/power-domain-cpu3:power-domains: cell 0 is not a phandle reference
/tmp/live.dts: Warning (power_domains_property): /psci/power-domain-cpu1:power-domains: cell 0 is not a phandle reference
/tmp/live.dts: Warning (power_domains_property): /cpus/cpu@300:power-domains: cell 0 is not a phandle reference
/tmp/live.dts: Warning (power_domains_property): /cpus/cpu@600:power-domains: cell 0 is not a phandle reference
/tmp/live.dts: Warning (power_domains_property): /cpus/cpu@200:power-domains: cell 0 is not a phandle reference
/tmp/live.dts: Warning (power_domains_property): /cpus/cpu@500:power-domains: cell 0 is not a phandle reference
/tmp/live.dts: Warning (power_domains_property): /cpus/cpu@0:power-domains: cell 0 is not a phandle reference
/tmp/live.dts: Warning (power_domains_property): /cpus/cpu@100:power-domains: cell 0 is not a phandle reference
/tmp/live.dts: Warning (power_domains_property): /cpus/cpu@400:power-domains: cell 0 is not a phandle reference
/tmp/live.dts: Warning (power_domains_property): /cpus/cpu@700:power-domains: cell 0 is not a phandle reference
/tmp/live.dts: Warning (resets_property): /soc@0/usb@a600000:resets: cell 0 is not a phandle reference
/tmp/live.dts: Warning (resets_property): /soc@0/soundwire@3210000:resets: cell 0 is not a phandle reference
/tmp/live.dts: Warning (resets_property): /soc@0/display-subsystem@ae00000:resets: cell 0 is not a phandle reference
/tmp/live.dts: Warning (resets_property): /soc@0/ufshc@1d84000:resets: cell 0 is not a phandle reference
/tmp/live.dts: Warning (resets_property): /soc@0/soundwire@3250000:resets: cell 0 is not a phandle reference
/tmp/live.dts: Warning (resets_property): /soc@0/phy@1d87000:resets: cell 0 is not a phandle reference
/tmp/live.dts: Warning (resets_property): /soc@0/phy@88e4000:resets: cell 0 is not a phandle reference
/tmp/live.dts: Warning (resets_property): /soc@0/mmc@7c4000:resets: cell 0 is not a phandle reference
/tmp/live.dts: Warning (resets_property): /soc@0/usb@8c00000:resets: cell 0 is not a phandle reference
/tmp/live.dts: Warning (resets_property): /soc@0/pcie@1c00000:resets: cell 0 is not a phandle reference
/tmp/live.dts: Warning (resets_property): /soc@0/phy@88e3000:resets: cell 0 is not a phandle reference
/tmp/live.dts: Warning (resets_property): /soc@0/mmc@8804000:resets: cell 0 is not a phandle reference
/tmp/live.dts: Warning (resets_property): /soc@0/phy@1c06000:resets: cell 0 is not a phandle reference
/tmp/live.dts: Warning (resets_property): /soc@0/soundwire@3230000:resets: cell 0 is not a phandle reference
/tmp/live.dts: Warning (resets_property): /soc@0/pcie@1c08000:resets: cell 0 is not a phandle reference
/tmp/live.dts: Warning (resets_property): /soc@0/phy@1c0e000:resets: cell 0 is not a phandle reference
/tmp/live.dts: Warning (resets_property): /soc@0/phy@88e8000:resets: cell 0 is not a phandle reference
/tmp/live.dts: Warning (resets_property): /soc@0/phy@88e8000:resets: cell 2 is not a phandle reference
/tmp/live.dts: Warning (sound_dai_property): /sound/wcd-playback-dai-link/platform:sound-dai: cell 0 is not a phandle reference
/tmp/live.dts: Warning (sound_dai_property): /sound/wcd-playback-dai-link/cpu:sound-dai: cell 0 is not a phandle reference
/tmp/live.dts: Warning (sound_dai_property): /sound/wcd-playback-dai-link/codec:sound-dai: cell 0 is not a phandle reference
/tmp/live.dts: Warning (sound_dai_property): /sound/wcd-playback-dai-link/codec:sound-dai: cell 2 is not a phandle reference
/tmp/live.dts: Warning (sound_dai_property): /sound/wcd-playback-dai-link/codec:sound-dai: cell 4 is not a phandle reference
/tmp/live.dts: Warning (sound_dai_property): /sound/dp0-dai-link/platform:sound-dai: cell 0 is not a phandle reference
/tmp/live.dts: Warning (sound_dai_property): /sound/dp0-dai-link/cpu:sound-dai: cell 0 is not a phandle reference
/tmp/live.dts: Warning (sound_dai_property): /sound/dp0-dai-link/codec:sound-dai: cell 0 is not a phandle reference
/tmp/live.dts: Warning (sound_dai_property): /sound/wcd-capture-dai-link/platform:sound-dai: cell 0 is not a phandle reference
/tmp/live.dts: Warning (sound_dai_property): /sound/wcd-capture-dai-link/cpu:sound-dai: cell 0 is not a phandle reference
/tmp/live.dts: Warning (sound_dai_property): /sound/wcd-capture-dai-link/codec:sound-dai: cell 0 is not a phandle reference
/tmp/live.dts: Warning (sound_dai_property): /sound/wcd-capture-dai-link/codec:sound-dai: cell 2 is not a phandle reference
/tmp/live.dts: Warning (sound_dai_property): /sound/wcd-capture-dai-link/codec:sound-dai: cell 4 is not a phandle reference
/tmp/live.dts: Warning (thermal_sensors_property): /thermal-zones/cpu6-thermal:thermal-sensors: cell 0 is not a phandle reference
/tmp/live.dts: Warning (thermal_sensors_property): /thermal-zones/gpuss1-thermal:thermal-sensors: cell 0 is not a phandle reference
/tmp/live.dts: Warning (thermal_sensors_property): /thermal-zones/nspss0-thermal:thermal-sensors: cell 0 is not a phandle reference
/tmp/live.dts: Warning (thermal_sensors_property): /thermal-zones/cpu11-thermal:thermal-sensors: cell 0 is not a phandle reference
/tmp/live.dts: Warning (thermal_sensors_property): /thermal-zones/mdmss2-thermal:thermal-sensors: cell 0 is not a phandle reference
/tmp/live.dts: Warning (thermal_sensors_property): /thermal-zones/quiet-thermal:thermal-sensors: cell 0 is not a phandle reference
/tmp/live.dts: Warning (thermal_sensors_property): /thermal-zones/cpu8-thermal:thermal-sensors: cell 0 is not a phandle reference
/tmp/live.dts: Warning (thermal_sensors_property): /thermal-zones/cpu1-thermal:thermal-sensors: cell 0 is not a phandle reference
/tmp/live.dts: Warning (thermal_sensors_property): /thermal-zones/cpuss0-thermal:thermal-sensors: cell 0 is not a phandle reference
/tmp/live.dts: Warning (thermal_sensors_property): /thermal-zones/pm8350c-thermal:thermal-sensors: cell 0 is not a phandle reference
/tmp/live.dts: Warning (thermal_sensors_property): /thermal-zones/msm-skin-thermal:thermal-sensors: cell 0 is not a phandle reference
/tmp/live.dts: Warning (thermal_sensors_property): /thermal-zones/cpu3-thermal:thermal-sensors: cell 0 is not a phandle reference
/tmp/live.dts: Warning (thermal_sensors_property): /thermal-zones/aoss1-thermal:thermal-sensors: cell 0 is not a phandle reference
/tmp/live.dts: Warning (thermal_sensors_property): /thermal-zones/ddr-thermal:thermal-sensors: cell 0 is not a phandle reference
/tmp/live.dts: Warning (thermal_sensors_property): /thermal-zones/cpu5-thermal:thermal-sensors: cell 0 is not a phandle reference
/tmp/live.dts: Warning (thermal_sensors_property): /thermal-zones/gpuss0-thermal:thermal-sensors: cell 0 is not a phandle reference
/tmp/live.dts: Warning (thermal_sensors_property): /thermal-zones/cpu10-thermal:thermal-sensors: cell 0 is not a phandle reference
/tmp/live.dts: Warning (thermal_sensors_property): /thermal-zones/mdmss1-thermal:thermal-sensors: cell 0 is not a phandle reference
/tmp/live.dts: Warning (thermal_sensors_property): /thermal-zones/cpu7-thermal:thermal-sensors: cell 0 is not a phandle reference
/tmp/live.dts: Warning (thermal_sensors_property): /thermal-zones/pm7325-thermal:thermal-sensors: cell 0 is not a phandle reference
/tmp/live.dts: Warning (thermal_sensors_property): /thermal-zones/cpu0-thermal:thermal-sensors: cell 0 is not a phandle reference
/tmp/live.dts: Warning (thermal_sensors_property): /thermal-zones/nspss1-thermal:thermal-sensors: cell 0 is not a phandle reference
/tmp/live.dts: Warning (thermal_sensors_property): /thermal-zones/mdmss3-thermal:thermal-sensors: cell 0 is not a phandle reference
/tmp/live.dts: Warning (thermal_sensors_property): /thermal-zones/xo-thermal:thermal-sensors: cell 0 is not a phandle reference
/tmp/live.dts: Warning (thermal_sensors_property): /thermal-zones/cpu9-thermal:thermal-sensors: cell 0 is not a phandle reference
/tmp/live.dts: Warning (thermal_sensors_property): /thermal-zones/cpu2-thermal:thermal-sensors: cell 0 is not a phandle reference
/tmp/live.dts: Warning (thermal_sensors_property): /thermal-zones/camera0-thermal:thermal-sensors: cell 0 is not a phandle reference
/tmp/live.dts: Warning (thermal_sensors_property): /thermal-zones/video-thermal:thermal-sensors: cell 0 is not a phandle reference
/tmp/live.dts: Warning (thermal_sensors_property): /thermal-zones/cpuss1-thermal:thermal-sensors: cell 0 is not a phandle reference
/tmp/live.dts: Warning (thermal_sensors_property): /thermal-zones/pm7250b-thermal:thermal-sensors: cell 0 is not a phandle reference
/tmp/live.dts: Warning (thermal_sensors_property): /thermal-zones/aoss0-thermal:thermal-sensors: cell 0 is not a phandle reference
/tmp/live.dts: Warning (thermal_sensors_property): /thermal-zones/cpu4-thermal:thermal-sensors: cell 0 is not a phandle reference
/tmp/live.dts: Warning (thermal_sensors_property): /thermal-zones/ufs-thermal:thermal-sensors: cell 0 is not a phandle reference
/tmp/live.dts: Warning (thermal_sensors_property): /thermal-zones/mdmss0-thermal:thermal-sensors: cell 0 is not a phandle reference
/tmp/live.dts: Warning (gpios_property): /soc@0/ufshc@1d84000:reset-gpios: cell 0 is not a phandle reference
/tmp/live.dts: Warning (gpios_property): /soc@0/ufshc@1d84000:cd-gpios: cell 0 is not a phandle reference
/tmp/live.dts: Warning (gpios_property): /soc@0/pcie@1c00000:perst-gpios: cell 0 is not a phandle reference
/tmp/live.dts: Warning (gpios_property): /soc@0/pcie@1c00000:wake-gpios: cell 0 is not a phandle reference
/tmp/live.dts: Warning (gpios_property): /soc@0/mmc@8804000:cd-gpios: cell 0 is not a phandle reference
/tmp/live.dts: Warning (gpios_property): /soc@0/pcie@1c08000:perst-gpios: cell 0 is not a phandle reference
/tmp/live.dts: Warning (gpios_property): /soc@0/pcie@1c08000:wake-gpios: cell 0 is not a phandle reference
/tmp/live.dts: Warning (gpios_property): /leds/user-led:gpios: cell 0 is not a phandle reference
/tmp/live.dts: Warning (gpios_property): /audio-codec:reset-gpios: cell 0 is not a phandle reference
/tmp/live.dts: Warning (graph_child_address): /soc@0/eud@88e0000/ports: graph node has single child node 'port@0', #address-cells/#size-cells are not necessary
radxa@radxa-dragon-q6a:~$  lsblk -o NAME,SIZE,TYPE,FSTYPE,MOUNTPOINT,LABEL
  cat /proc/partitions
NAME          SIZE TYPE FSTYPE MOUNTPOIN LABEL
mmcblk1     238.3G disk                  
|-mmcblk1p1    16M part vfat   /config   config
|-mmcblk1p2     1G part vfat   /boot/efi efi
`-mmcblk1p3 237.3G part ext4   /         rootfs
zram0         3.7G disk        [SWAP]    
major minor  #blocks  name

 179        0  249872384 mmcblk1
 179        1      16384 mmcblk1p1
 179        2    1048576 mmcblk1p2
 179        3  248791023 mmcblk1p3
 252        0    3885296 zram0
radxa@radxa-dragon-q6a:~$ findmnt -t vfat                                                     
  ls -la /boot/         2>/dev/null || echo "no /boot"
  ls -la /boot/efi/     2>/dev/null || echo "no /boot/efi"
  # wpisy bootloadera (systemd-boot lub grub)
  find /boot /boot/efi -name "*.conf" -o -name "*.cfg" -o -name "*.dtb" 2>/dev/null | head -40
TARGET SOURCE  FSTYPE OPTIONS
/boot/efi
       /dev/mmcblk1p2
               vfat   rw,relatime,fmask=0077,dmask=0077,codepage=437,iocharset=ascii,shortname=mixe
/config
       /dev/mmcblk1p1
               vfat   rw,relatime,fmask=0077,dmask=0077,codepage=437,iocharset=ascii,shortname=mixe
total 219440
drwxr-xr-x  6 root root     4096 May  4 15:47 .
drwxr-xr-x 23 root root     4096 Mar  6 15:52 ..
-rw-r--r--  1 root root 10235694 Feb 14 04:34 System.map-6.18.2-3-qcom
-rw-r--r--  1 root root 10215523 Mar 30 08:26 System.map-6.18.2-4-qcom
-rw-r--r--  1 root root   330712 Feb 14 04:34 config-6.18.2-3-qcom
-rw-r--r--  1 root root   331092 Mar 30 08:26 config-6.18.2-4-qcom
drwxr-xr-x  2 root root     4096 Apr  2 15:34 dtbo
drwxr-xr-x  2 root root     4096 Apr  2 15:33 dtbo_old
drwx------  5 root root     4096 Jan  1  1970 efi
drwxr-xr-x  2 root root     4096 May  4 15:47 extlinux
-rw-r--r--  1 root root       93 Feb 14 09:23 hw_intfc.conf
-rw-r--r--  1 root root 37180187 Mar 28 12:10 initrd.img-6.18.2-3-qcom
-rw-r--r--  1 root root 37849699 May  4 15:46 initrd.img-6.18.2-4-qcom
-rw-r--r--  1 root root      179 Feb 14 09:23 uEnv.txt
-rw-r--r--  1 root root 64293376 Feb 14 04:34 vmlinuz-6.18.2-3-qcom
-rw-r--r--  1 root root 64223744 Mar 30 08:26 vmlinuz-6.18.2-4-qcom
no /boot/efi
/boot/hw_intfc.conf
/boot/extlinux/extlinux.conf
radxa@radxa-dragon-q6a:~$  find /boot /boot/efi -name "*.conf" 2>/dev/null -exec sh -c 'echo "=== $1 ==="; cat "$1"' _ {} \;
=== /boot/hw_intfc.conf ===
# hw_intfc.conf has been retired.
# Please use `rsetup` command to confiure device overlays.
=== /boot/extlinux/extlinux.conf ===
## /boot/extlinux/extlinux.conf
##
## IMPORTANT WARNING
##
## The configuration of this file is generated automatically.
## Do not edit this file manually, use: u-boot-update

default l0
menu title U-Boot menu
prompt 1
timeout 10


label l0
        menu label Ubuntu 24.04.4 LTS 6.18.2-4-qcom
        linux /boot/vmlinuz-6.18.2-4-qcom
        initrd /boot/initrd.img-6.18.2-4-qcom


        append root=UUID=a03a5c05-3365-4811-a1dd-f1776983aa76 console=ttyMSM0,115200n8 quiet splash loglevel=4 rw earlycon consoleblank=0 console=tty1 coherent_pool=2M irqchip.gicv3_pseudo_nmi=0 cgroup_enable=cpuset cgroup_memory=1 cgroup_enable=memory swapaccount=1 kasan=off psi=1

label l0r
        menu label Ubuntu 24.04.4 LTS 6.18.2-4-qcom (rescue target)
        linux /boot/vmlinuz-6.18.2-4-qcom
        initrd /boot/initrd.img-6.18.2-4-qcom

        append root=UUID=a03a5c05-3365-4811-a1dd-f1776983aa76 console=ttyMSM0,115200n8 splash loglevel=4 rw earlycon consoleblank=0 console=tty1 coherent_pool=2M irqchip.gicv3_pseudo_nmi=0 cgroup_enable=cpuset cgroup_memory=1 cgroup_enable=memory swapaccount=1 kasan=off psi=1 single


label l1
        menu label Ubuntu 24.04.4 LTS 6.18.2-3-qcom
        linux /boot/vmlinuz-6.18.2-3-qcom
        initrd /boot/initrd.img-6.18.2-3-qcom


        append root=UUID=a03a5c05-3365-4811-a1dd-f1776983aa76 console=ttyMSM0,115200n8 quiet splash loglevel=4 rw earlycon consoleblank=0 console=tty1 coherent_pool=2M irqchip.gicv3_pseudo_nmi=0 cgroup_enable=cpuset cgroup_memory=1 cgroup_enable=memory swapaccount=1 kasan=off psi=1

label l1r
        menu label Ubuntu 24.04.4 LTS 6.18.2-3-qcom (rescue target)
        linux /boot/vmlinuz-6.18.2-3-qcom
        initrd /boot/initrd.img-6.18.2-3-qcom

        append root=UUID=a03a5c05-3365-4811-a1dd-f1776983aa76 console=ttyMSM0,115200n8 splash loglevel=4 rw earlycon consoleblank=0 console=tty1 coherent_pool=2M irqchip.gicv3_pseudo_nmi=0 cgroup_enable=cpuset cgroup_memory=1 cgroup_enable=memory swapaccount=1 kasan=off psi=1 single

radxa@radxa-dragon-q6a:~$ cat /sys/class/drm/card0/device/gpu_busy_percent 2>/dev/null || echo "no sysfs gpu busy"
  ls /dev/dri/
  dmesg | grep -iE "msm|drm|adreno|turnip|gpu|display|dpu|hdmi" | head -60
  Jeśli na Radxa OS jest vulkaninfo:
  vulkaninfo 2>&1 | head -40
no sysfs gpu busy
by-path  card1  renderD128
dmesg: read kernel buffer failed: Operation not permitted
bash: $'Je\305\233li': command not found
==========
VULKANINFO
==========

Vulkan Instance Version: 1.3.275


Instance Extensions: count = 24
===============================
        VK_EXT_acquire_drm_display             : extension revision 1
        VK_EXT_acquire_xlib_display            : extension revision 1
        VK_EXT_debug_report                    : extension revision 10
        VK_EXT_debug_utils                     : extension revision 2
        VK_EXT_direct_mode_display             : extension revision 1
        VK_EXT_display_surface_counter         : extension revision 1
        VK_EXT_headless_surface                : extension revision 1
        VK_EXT_surface_maintenance1            : extension revision 1
        VK_EXT_swapchain_colorspace            : extension revision 5
        VK_KHR_device_group_creation           : extension revision 1
        VK_KHR_display                         : extension revision 23
        VK_KHR_external_fence_capabilities     : extension revision 1
        VK_KHR_external_memory_capabilities    : extension revision 1
        VK_KHR_external_semaphore_capabilities : extension revision 1
        VK_KHR_get_display_properties2         : extension revision 1
        VK_KHR_get_physical_device_properties2 : extension revision 2
        VK_KHR_get_surface_capabilities2       : extension revision 1
        VK_KHR_portability_enumeration         : extension revision 1
        VK_KHR_surface                         : extension revision 25
        VK_KHR_surface_protected_capabilities  : extension revision 1
        VK_KHR_wayland_surface                 : extension revision 6
        VK_KHR_xcb_surface                     : extension revision 6
        VK_KHR_xlib_surface                    : extension revision 6
        VK_LUNARG_direct_driver_loading        : extension revision 1

Layers: count = 3
=================
VK_LAYER_INTEL_nullhw (INTEL NULL HW) Vulkan version 1.1.73, layer version 1:
        Layer Extensions: count = 0
        Devices: count = 2
                GPU id = 0 (Turnip Adreno (TM) 643)
radxa@radxa-dragon-q6a:~$ ls -la /proc/config.gz /boot/config-$(uname -r) 2>/dev/null       
  # jeśli jest — podaj (plik ~200-400 kB wypakowany)
  zcat /proc/config.gz 2>/dev/null | grep -E
  "CONFIG_(MSM|DRM|FB|ANDROID|BINDER|ASHMEM|TMPFS|SQUASHFS|EXT4|F2FS|DMA_FENCE|SYNC)" | sort
-rw-r--r-- 1 root root 331092 Mar 30 08:26 /boot/config-6.18.2-4-qcom
-r--r--r-- 1 root root  73299 May 22 19:43 /proc/config.gz
Usage: grep [OPTION]... PATTERNS [FILE]...
Try 'grep --help' for more information.
radxa@radxa-dragon-q6a:~$  dmesg | head -300EM|TMPFS|SQUASHFS|EXT4|F2FS|DMA_FENCE|SYNC): command no  (Pierwsze 300 linii — widzę tam UEFI handoff, wykrytą pamięć, PSCI, DTB który załadował.)
dmesg: read kernel buffer failed: Operation not permittedamięć, PSCI, DTB który załadował.)
radxa@radxa-dragon-q6a:~$  dmesg | head -300
  (Pierwsze 300 linii — widzę tam UEFI handoff, wykrytą pamięć, PSCI, DTB który załadował.)
dmesg: read kernel buffer failed: Operation not permittedamięć, PSCI, DTB który załadował.)
radxa@radxa-dragon-q6a:~$ sudo  dmesg | head -300
  (Pierwsze 300 linii — widzę tam UEFI handoff, wykrytą pamięć, PSCI, DTB który załadował.)
[sudo] password for radxa: zę tam UEFI handoff, wykrytą pamięć, PSCI, DTB który załadował.)
[    0.000000] Booting Linux on physical CPU 0x0000000000 [0x412fd050]
[    0.000000] Linux version 6.18.2-4-qcom (vscode@67214ccb4a2f) (aarch64-linux-gnu-gcc (Debian 12.2.0-14) 12.2.0, GNU ld (GNU Binutils for Debian) 2.40) #4 SMP PREEMPT_DYNAMIC Mon Mar 30 10:37:49 UTC 2026
[    0.000000] KASLR enabled
[    0.000000] Machine model: Radxa Dragon Q6A
[    0.000000] efi: EFI v2.7 by Qualcomm Technologies, Inc.
[    0.000000] efi: ACPI 2.0=0xffffd000 MEMATTR=0xfa3e5018 ESRT=0xfa306e98 SMBIOS=0xffed1000 TPMEventLog=0xfffc6018 INITRD=0xf0075c18 RNG=0xfffc6e98 MEMRESERVE=0xf0075c98 
[    0.000000] random: crng init done
[    0.000000] TPM Final Events table not present
[    0.000000] esrt: Reserving ESRT space from 0x00000000fa306e98 to 0x00000000fa306ef8.
[    0.000000] earlycon: qcom_geni0 at MMIO 0x0000000000994000 (options '115200n8')
[    0.000000] printk: legacy bootconsole [qcom_geni0] enabled
[    0.000000] OF: reserved mem: 0x0000000080000000..0x00000000805fffff (6144 KiB) nomap non-reusable hyp@80000000
[    0.000000] OF: reserved mem: 0x0000000080600000..0x00000000807fffff (2048 KiB) nomap non-reusable xbl@80600000
[    0.000000] OF: reserved mem: 0x0000000080800000..0x000000008085ffff (384 KiB) nomap non-reusable aop@80800000
[    0.000000] OF: reserved mem: 0x0000000080860000..0x000000008087ffff (128 KiB) nomap non-reusable aop-cmd-db@80860000
[    0.000000] OF: reserved mem: 0x0000000080884000..0x0000000080893fff (64 KiB) nomap non-reusable xbl-uefi-res@80880000
[    0.000000] OF: reserved mem: 0x00000000808ff000..0x00000000808fffff (4 KiB) nomap non-reusable sec-apps@808ff000
[    0.000000] OF: reserved mem: 0x0000000080900000..0x0000000080afffff (2048 KiB) nomap non-reusable smem@80900000
[    0.000000] OF: reserved mem: 0x0000000080b00000..0x0000000080bfffff (1024 KiB) nomap non-reusable cpucp@80b00000
[    0.000000] OF: reserved mem: 0x0000000081800000..0x00000000826fffff (15360 KiB) nomap non-reusable lpass-ml@81800000
[    0.000000] OF: reserved mem: 0x0000000082700000..0x000000008270ffff (64 KiB) nomap non-reusable cdsp-secure-heap@82700000
[    0.000000] OF: reserved mem: 0x000000008b800000..0x000000008dffffff (40960 KiB) nomap non-reusable adsp@8b800000
[    0.000000] OF: reserved mem: 0x000000008e000000..0x000000008fdfffff (30720 KiB) nomap non-reusable cdsp@8e000000
[    0.000000] OF: reserved mem: 0x000000008fe00000..0x00000000902fffff (5120 KiB) nomap non-reusable video@8fe00000
[    0.000000] OF: reserved mem: 0x0000000090300000..0x0000000090304fff (20 KiB) nomap non-reusable zap@90300000
[    0.000000] OF: reserved mem: 0x00000000c0000000..0x00000000c00fffff (1024 KiB) nomap non-reusable tz-stat@c0000000
[    0.000000] OF: reserved mem: 0x00000000c0100000..0x00000000c12fffff (18432 KiB) nomap non-reusable tags@c0100000
[    0.000000] OF: reserved mem: 0x00000000c1300000..0x00000000c17fffff (5120 KiB) nomap non-reusable qtee@c1300000
[    0.000000] OF: reserved mem: 0x00000000c1800000..0x00000000c39fffff (34816 KiB) nomap non-reusable trusted-apps@c1800000
[    0.000000] OF: reserved mem: 0x00000000c6500000..0x00000000c6cfffff (8192 KiB) nomap non-reusable adsp-rpc-remote-heap@c6500000
[    0.000000] NUMA: Faking a node at [mem 0x0000000080000000-0x000000027fffffff]
[    0.000000] NODE_DATA(0) allocated [mem 0x27eda9c00-0x27edad37f]
[    0.000000] Zone ranges:
[    0.000000]   DMA      [mem 0x0000000080000000-0x00000000ffffffff]
[    0.000000]   DMA32    empty
[    0.000000]   Normal   [mem 0x0000000100000000-0x000000027fffffff]
[    0.000000]   Device   empty
[    0.000000] Movable zone start for each node
[    0.000000] Early memory node ranges
[    0.000000]   node   0: [mem 0x0000000080000000-0x00000000807fffff]
[    0.000000]   node   0: [mem 0x0000000080884000-0x00000000808b3fff]
[    0.000000]   node   0: [mem 0x00000000808b4000-0x00000000808fefff]
[    0.000000]   node   0: [mem 0x00000000808ff000-0x00000000808fffff]
[    0.000000]   node   0: [mem 0x0000000080b00000-0x000000008270ffff]
[    0.000000]   node   0: [mem 0x0000000082710000-0x00000000842fffff]
[    0.000000]   node   0: [mem 0x0000000084800000-0x000000008b7fffff]
[    0.000000]   node   0: [mem 0x0000000090309000-0x000000009f5f6fff]
[    0.000000]   node   0: [mem 0x000000009f5f7000-0x000000009f5fffff]
[    0.000000]   node   0: [mem 0x000000009f600000-0x000000009fffffff]
[    0.000000]   node   0: [mem 0x00000000a0000000-0x00000000a0001fff]
[    0.000000]   node   0: [mem 0x00000000a0002000-0x00000000a07fffff]
[    0.000000]   node   0: [mem 0x00000000a0800000-0x00000000a0afffff]
[    0.000000]   node   0: [mem 0x00000000a0b00000-0x00000000bb5fffff]
[    0.000000]   node   0: [mem 0x00000000c3a00000-0x00000000c50fffff]
[    0.000000]   node   0: [mem 0x00000000c6000000-0x00000000c64fffff]
[    0.000000]   node   0: [mem 0x00000000c6d00000-0x00000000c90fffff]
[    0.000000]   node   0: [mem 0x00000000c9100000-0x00000000ed7fffff]
[    0.000000]   node   0: [mem 0x00000000ed800000-0x00000000ed9fffff]
[    0.000000]   node   0: [mem 0x00000000eda00000-0x00000000ffa75fff]
[    0.000000]   node   0: [mem 0x00000000ffa76000-0x00000000fff21fff]
[    0.000000]   node   0: [mem 0x00000000fff22000-0x000000027fffffff]
[    0.000000] Initmem setup node 0 [mem 0x0000000080000000-0x000000027fffffff]
[    0.000000] On node 0, zone DMA: 132 pages in unavailable ranges
[    0.000000] On node 0, zone DMA: 512 pages in unavailable ranges
[    0.000000] On node 0, zone DMA: 1280 pages in unavailable ranges
[    0.000000] On node 0, zone DMA: 19209 pages in unavailable ranges
[    0.000000] On node 0, zone DMA: 33792 pages in unavailable ranges
[    0.000000] On node 0, zone DMA: 3840 pages in unavailable ranges
[    0.000000] On node 0, zone DMA: 2048 pages in unavailable ranges
[    0.000000] cma: Reserved 32 MiB at 0x00000000fda00000
[    0.000000] psci: probing for conduit method from DT.
[    0.000000] psci: PSCIv1.1 detected in firmware.
[    0.000000] psci: Using standard PSCI v0.2 function IDs
[    0.000000] psci: MIGRATE_INFO_TYPE not supported.
[    0.000000] psci: SMC Calling Convention v1.1
[    0.000000] psci: OSI mode supported.
[    0.000000] psci: [Firmware Bug]: failed to set PC mode: -3
[    0.000000] percpu: Embedded 26 pages/cpu s66328 r8192 d31976 u106496
[    0.000000] pcpu-alloc: s66328 r8192 d31976 u106496 alloc=26*4096
[    0.000000] pcpu-alloc: [0] 0 [0] 1 [0] 2 [0] 3 [0] 4 [0] 5 [0] 6 [0] 7 
[    0.000000] Detected VIPT I-cache on CPU0
[    0.000000] CPU features: detected: GICv3 CPU interface
[    0.000000] CPU features: kernel page table isolation forced ON by KASLR
[    0.000000] CPU features: detected: Kernel page table isolation (KPTI)
[    0.000000] CPU features: detected: Qualcomm erratum 1009, or ARM erratum 1286807, 2441009
[    0.000000] CPU features: detected: ARM errata 1165522, 1319367, or 1530923
[    0.000000] alternatives: applying boot alternatives
[    0.000000] Kernel command line: root=UUID=a03a5c05-3365-4811-a1dd-f1776983aa76 console=ttyMSM0,115200n8 quiet splash loglevel=4 rw earlycon consoleblank=0 console=tty1 coherent_pool=2M irqchip.gicv3_pseudo_nmi=0 cgroup_enable=cpuset cgroup_memory=1 cgroup_enable=memory swapaccount=1 kasan=off psi=1
[    0.000000] Unknown kernel command line parameters "splash cgroup_enable=memory cgroup_memory=1", will be passed to user space.
[    0.000000] printk: log buffer data + meta data: 2097152 + 7340032 = 9437184 bytes
[    0.000000] Dentry cache hash table entries: 1048576 (order: 11, 8388608 bytes, linear)
[    0.000000] Inode-cache hash table entries: 524288 (order: 10, 4194304 bytes, linear)
[    0.000000] software IO TLB: area num 8.
[    0.000000] software IO TLB: mapped [mem 0x00000000f6306000-0x00000000fa306000] (64MB)
[    0.000000] Fallback order for Node 0: 0 
[    0.000000] Built 1 zonelists, mobility grouping on.  Total pages: 2036339
[    0.000000] Policy zone: Normal
[    0.000000] mem auto-init: stack:all(zero), heap alloc:on, heap free:off
[    0.000000] stackdepot: allocating hash table via alloc_large_system_hash
[    0.000000] stackdepot hash table entries: 524288 (order: 11, 8388608 bytes, linear)
[    0.000000] stackdepot: allocating space for 8192 stack pools via memblock
[    0.000000] SLUB: HWalign=64, Order=0-3, MinObjects=0, CPUs=8, Nodes=1
[    0.000000] Dynamic Preempt: voluntary
[    0.000000] rcu: Preemptible hierarchical RCU implementation.
[    0.000000] rcu:     RCU restricting CPUs from NR_CPUS=512 to nr_cpu_ids=8.
[    0.000000] rcu:     RCU priority boosting: priority 1 delay 500 ms.
[    0.000000]  Trampoline variant of Tasks RCU enabled.
[    0.000000]  Tracing variant of Tasks RCU enabled.
[    0.000000] rcu: RCU calculated value of scheduler-enlistment delay is 100 jiffies.
[    0.000000] rcu: Adjusting geometry for rcu_fanout_leaf=16, nr_cpu_ids=8
[    0.000000] RCU Tasks: Setting shift to 3 and lim to 1 rcu_task_cb_adjust=1 rcu_task_cpu_ids=8.
[    0.000000] RCU Tasks Trace: Setting shift to 3 and lim to 1 rcu_task_cb_adjust=1 rcu_task_cpu_ids=8.
[    0.000000] NR_IRQS: 64, nr_irqs: 64, preallocated irqs: 0
[    0.000000] GICv3: 928 SPIs implemented
[    0.000000] GICv3: 0 Extended SPIs implemented
[    0.000000] GICv3: MBI range [832:959]
[    0.000000] GICv3: Using MBI frame 0x0000000017a10000
[    0.000000] Root IRQ handler: gic_handle_irq
[    0.000000] GICv3: GICv3 features: 16 PPIs
[    0.000000] GICv3: GICD_CTLR.DS=0, SCR_EL3.FIQ=1
[    0.000000] GICv3: CPU0: found redistributor 0 region 0:0x0000000017a60000
[    0.000000] ITS: No ITS available, not enabling LPIs
[    0.000000] rcu: srcu_init: Setting srcu_struct sizes based on contention.
[    0.000000] arch_timer: cp15 timer running at 19.20MHz (virt).
[    0.000000] clocksource: arch_sys_counter: mask: 0xffffffffffffff max_cycles: 0x46d987e47, max_idle_ns: 440795202767 ns
[    0.000000] sched_clock: 56 bits at 19MHz, resolution 52ns, wraps every 4398046511078ns
[    0.000558] kfence: initialized - using 2097152 bytes for 255 objects at 0x(____ptrval____)-0x(____ptrval____)
[    0.000690] Console: colour dummy device 80x25
[    0.000701] printk: legacy console [tty1] enabled
[    0.000706] printk: legacy bootconsole [qcom_geni0] disabled
[    0.000788] Calibrating delay loop (skipped), value calculated using timer frequency.. 38.40 BogoMIPS (lpj=19200)
[    0.000798] pid_max: default: 32768 minimum: 301
[    0.000921] LSM: initializing lsm=capability,landlock,yama
[    0.001108] landlock: Up and running.
[    0.001111] Yama: becoming mindful.
[    0.001193] Mount-cache hash table entries: 16384 (order: 5, 131072 bytes, linear)
[    0.001210] Mountpoint-cache hash table entries: 16384 (order: 5, 131072 bytes, linear)
[    0.003325] rcu: Hierarchical SRCU implementation.
[    0.003330] rcu:     Max phase no-delay instances is 400.
[    0.003553] Timer migration: 1 hierarchy levels; 8 children per group; 1 crossnode level
[    0.009068] Remapping and enabling EFI services.
[    0.009391] smp: Bringing up secondary CPUs ...
[    0.010082] Detected VIPT I-cache on CPU1
[    0.010226] GICv3: CPU1: found redistributor 100 region 0:0x0000000017a80000
[    0.010263] CPU1: Booted secondary processor 0x0000000100 [0x412fd050]
[    0.010868] Detected VIPT I-cache on CPU2
[    0.010985] GICv3: CPU2: found redistributor 200 region 0:0x0000000017aa0000
[    0.011008] CPU2: Booted secondary processor 0x0000000200 [0x412fd050]
[    0.011560] Detected VIPT I-cache on CPU3
[    0.011673] GICv3: CPU3: found redistributor 300 region 0:0x0000000017ac0000
[    0.011694] CPU3: Booted secondary processor 0x0000000300 [0x412fd050]
[    0.012774] CPU features: detected: Spectre-v4
[    0.012778] CPU features: detected: Spectre-BHB
[    0.012780] CPU features: detected: SSBS not fully self-synchronizing
[    0.012781] Detected PIPT I-cache on CPU4
[    0.012820] GICv3: CPU4: found redistributor 400 region 0:0x0000000017ae0000
[    0.012833] CPU4: Booted secondary processor 0x0000000400 [0x411fd411]
[    0.013392] Detected PIPT I-cache on CPU5
[    0.013433] GICv3: CPU5: found redistributor 500 region 0:0x0000000017b00000
[    0.013446] CPU5: Booted secondary processor 0x0000000500 [0x411fd411]
[    0.014005] Detected PIPT I-cache on CPU6
[    0.014047] GICv3: CPU6: found redistributor 600 region 0:0x0000000017b20000
[    0.014059] CPU6: Booted secondary processor 0x0000000600 [0x411fd411]
[    0.014662] Detected PIPT I-cache on CPU7
[    0.014702] GICv3: CPU7: found redistributor 700 region 0:0x0000000017b40000
[    0.014713] CPU7: Booted secondary processor 0x0000000700 [0x411fd411]
[    0.014772] smp: Brought up 1 node, 8 CPUs
[    0.014789] SMP: Total of 8 processors activated.
[    0.014792] CPU: All CPU(s) started at EL1
[    0.014806] CPU features: detected: 32-bit EL0 Support
[    0.014810] CPU features: detected: Data cache clean to the PoU not required for I/D coherence
[    0.014814] CPU features: detected: Common not Private translations
[    0.014817] CPU features: detected: CRC32 instructions
[    0.014820] CPU features: detected: Data cache clean to Point of Persistence
[    0.014827] CPU features: detected: RCpc load-acquire (LDAPR)
[    0.014830] CPU features: detected: LSE atomic instructions
[    0.014834] CPU features: detected: Privileged Access Never
[    0.014837] CPU features: detected: PMUv3
[    0.014839] CPU features: detected: RAS Extension Support
[    0.014846] CPU features: detected: Speculative Store Bypassing Safe (SSBS)
[    0.014893] alternatives: applying system-wide alternatives
[    0.018704] CPU features: detected: Hardware dirty bit management on CPU4-7
[    0.019029] Memory: 7680648K/8145356K available (19776K kernel code, 12414K rwdata, 16268K rodata, 14080K init, 3096K bss, 425808K reserved, 32768K cma-reserved)
[    0.020779] devtmpfs: initialized
[    0.026419] clocksource: jiffies: mask: 0xffffffff max_cycles: 0xffffffff, max_idle_ns: 1911260446275000 ns
[    0.026437] posixtimers hash table entries: 4096 (order: 4, 65536 bytes, linear)
[    0.026452] futex hash table entries: 2048 (131072 bytes on 1 NUMA nodes, total 128 KiB, linear).
[    0.026585] 2G module region forced by RANDOMIZE_MODULE_REGION_FULL
[    0.026589] 0 pages in range for non-PLT usage
[    0.026590] 507808 pages in range for PLT usage
[    0.026820] pinctrl core: initialized pinctrl subsystem
[    0.027820] SMBIOS 3.3 present.
[    0.027826] DMI: Radxa Computer Co., Ltd. Radxa Dragon Q6A/Radxa Dragon Q6A, BIOS 6.0.260120.BOOT.MXF.1.0.1-00549-KODIAKWP-1 01/20/2026
[    0.027837] DMI: Memory slots populated: 1/1
[    0.029169] NET: Registered PF_NETLINK/PF_ROUTE protocol family
[    0.029716] DMA: preallocated 2048 KiB GFP_KERNEL pool for atomic allocations
[    0.030004] DMA: preallocated 2048 KiB GFP_KERNEL|GFP_DMA pool for atomic allocations
[    0.030262] DMA: preallocated 2048 KiB GFP_KERNEL|GFP_DMA32 pool for atomic allocations
[    0.030290] audit: initializing netlink subsys (disabled)
[    0.030398] audit: type=2000 audit(0.024:1): state=initialized audit_enabled=0 res=1
[    0.031010] thermal_sys: Registered thermal governor 'fair_share'
[    0.031013] thermal_sys: Registered thermal governor 'step_wise'
[    0.031015] thermal_sys: Registered thermal governor 'user_space'
[    0.031016] thermal_sys: Registered thermal governor 'power_allocator'
[    0.031041] cpuidle: using governor ladder
[    0.031055] cpuidle: using governor menu
[    0.031090] NET: Registered PF_QIPCRTR protocol family
[    0.031219] hw-breakpoint: found 6 breakpoint and 4 watchpoint registers.
[    0.031304] ASID allocator initialised with 32768 entries
[    0.032039] Serial: AMBA PL011 UART driver
[    0.033415] CPUidle PSCI: Initialized CPU PM domain topology using OSI mode
[    0.036595] /soc@0/stm@6002000: Fixed dependency cycle(s) with /soc@0/funnel@6041000
[    0.036602] /soc@0/funnel@6041000: Fixed dependency cycle(s) with /soc@0/stm@6002000
[    0.036611] /soc@0/funnel@6041000: Fixed dependency cycle(s) with /soc@0/funnel@6045000
[    0.036619] /soc@0/funnel@6042000: Fixed dependency cycle(s) with /soc@0/funnel@7810000
[    0.036625] /soc@0/funnel@6042000: Fixed dependency cycle(s) with /soc@0/funnel@6045000
[    0.036633] /soc@0/funnel@6045000: Fixed dependency cycle(s) with /soc@0/funnel@6042000
[    0.036636] /soc@0/funnel@6045000: Fixed dependency cycle(s) with /soc@0/funnel@6041000
[    0.036641] /soc@0/funnel@6045000: Fixed dependency cycle(s) with /soc@0/funnel@6b04000
[    0.036652] /soc@0/replicator@6046000: Fixed dependency cycle(s) with /soc@0/replicator@6b06000
[    0.036655] /soc@0/replicator@6046000: Fixed dependency cycle(s) with /soc@0/etr@6048000
[    0.036666] /soc@0/etr@6048000: Fixed dependency cycle(s) with /soc@0/replicator@6046000
[    0.036675] /soc@0/funnel@6b04000: Fixed dependency cycle(s) with /soc@0/funnel@6045000
[    0.036679] /soc@0/funnel@6b04000: Fixed dependency cycle(s) with /soc@0/etf@6b05000
[    0.036689] /soc@0/etf@6b05000: Fixed dependency cycle(s) with /soc@0/funnel@6b04000
[    0.036692] /soc@0/etf@6b05000: Fixed dependency cycle(s) with /soc@0/replicator@6b06000
[    0.036702] /soc@0/replicator@6b06000: Fixed dependency cycle(s) with /soc@0/etf@6b05000
[    0.036705] /soc@0/replicator@6b06000: Fixed dependency cycle(s) with /soc@0/replicator@6046000
[    0.036717] /soc@0/etm@7040000: Fixed dependency cycle(s) with /soc@0/funnel@7800000
[    0.036727] /soc@0/etm@7140000: Fixed dependency cycle(s) with /soc@0/funnel@7800000
[    0.036738] /soc@0/etm@7240000: Fixed dependency cycle(s) with /soc@0/funnel@7800000
[    0.036749] /soc@0/etm@7340000: Fixed dependency cycle(s) with /soc@0/funnel@7800000
[    0.036760] /soc@0/etm@7440000: Fixed dependency cycle(s) with /soc@0/funnel@7800000
[    0.036771] /soc@0/etm@7540000: Fixed dependency cycle(s) with /soc@0/funnel@7800000
[    0.036782] /soc@0/etm@7640000: Fixed dependency cycle(s) with /soc@0/funnel@7800000
[    0.036792] /soc@0/etm@7740000: Fixed dependency cycle(s) with /soc@0/funnel@7800000
[    0.036796] /soc@0/funnel@7800000: Fixed dependency cycle(s) with /soc@0/etm@7740000
[    0.036798] /soc@0/funnel@7800000: Fixed dependency cycle(s) with /soc@0/etm@7640000
[    0.036801] /soc@0/funnel@7800000: Fixed dependency cycle(s) with /soc@0/etm@7540000
[    0.036804] /soc@0/funnel@7800000: Fixed dependency cycle(s) with /soc@0/etm@7440000
[    0.036806] /soc@0/funnel@7800000: Fixed dependency cycle(s) with /soc@0/etm@7340000
[    0.036809] /soc@0/funnel@7800000: Fixed dependency cycle(s) with /soc@0/etm@7240000
[    0.036811] /soc@0/funnel@7800000: Fixed dependency cycle(s) with /soc@0/etm@7140000
[    0.036814] /soc@0/funnel@7800000: Fixed dependency cycle(s) with /soc@0/etm@7040000
[    0.036820] /soc@0/funnel@7800000: Fixed dependency cycle(s) with /soc@0/funnel@7810000
[    0.036829] /soc@0/funnel@7810000: Fixed dependency cycle(s) with /soc@0/funnel@7800000
[    0.036835] /soc@0/funnel@7810000: Fixed dependency cycle(s) with /soc@0/funnel@6042000
[    0.036860] /soc@0/phy@88e8000: Fixed dependency cycle(s) with /soc@0/display-subsystem@ae00000/displayport-controller@ae90000
[    0.036867] /soc@0/phy@88e8000: Fixed dependency cycle(s) with /soc@0/usb@a600000
[    0.036902] /soc@0/usb@a600000: Fixed dependency cycle(s) with /soc@0/phy@88e8000
[    0.036924] /soc@0/clock-controller@af00000: Fixed dependency cycle(s) with /soc@0/phy@88e8000
[    0.036937] /soc@0/display-subsystem@ae00000: Fixed dependency cycle(s) with /soc@0/clock-controller@af00000
[    0.036959] /soc@0/display-subsystem@ae00000/display-controller@ae01000: Fixed dependency cycle(s) with /soc@0/display-subsystem@ae00000/displayport-controller@ae90000
[    0.036971] /soc@0/display-subsystem@ae00000/display-controller@ae01000: Fixed dependency cycle(s) with /soc@0/display-subsystem@ae00000
[    0.036982] /soc@0/display-subsystem@ae00000/display-controller@ae01000: Fixed dependency cycle(s) with /soc@0/clock-controller@af00000
[    0.037002] /soc@0/display-subsystem@ae00000/displayport-controller@ae90000: Fixed dependency cycle(s) with /soc@0/display-subsystem@ae00000/display-controller@ae01000
[    0.037011] /soc@0/display-subsystem@ae00000/displayport-controller@ae90000: Fixed dependency cycle(s) with /soc@0/phy@88e8000
[    0.037024] /soc@0/display-subsystem@ae00000/displayport-controller@ae90000: Fixed dependency cycle(s) with /soc@0/clock-controller@af00000
[    0.037034] /soc@0/display-subsystem@ae00000/displayport-controller@ae90000: Fixed dependency cycle(s) with /soc@0/display-subsystem@ae00000
[    0.037087] /soc@0/interrupt-controller@17a00000: Fixed dependency cycle(s) with /soc@0/interrupt-controller@17a00000
[    0.040262] /soc@0/stm@6002000: Fixed dependency cycle(s) with /soc@0/funnel@6041000
[    0.040289] /soc@0/stm@6002000: Fixed dependency cycle(s) with /soc@0/funnel@6041000
[    0.040302] /soc@0/funnel@6041000: Fixed dependency cycle(s) with /soc@0/stm@6002000
[    0.040318] /soc@0/funnel@6041000: Fixed dependency cycle(s) with /soc@0/funnel@6045000
[    0.040343] /soc@0/funnel@6042000: Fixed dependency cycle(s) with /soc@0/funnel@7810000
[    0.040348] /soc@0/funnel@6042000: Fixed dependency cycle(s) with /soc@0/funnel@6045000
[    0.040367] /soc@0/funnel@6042000: Fixed dependency cycle(s) with /soc@0/funnel@6045000
[    0.040384] /soc@0/funnel@6041000: Fixed dependency cycle(s) with /soc@0/funnel@6045000
[    0.040398] /soc@0/funnel@6045000: Fixed dependency cycle(s) with /soc@0/funnel@6042000
[    0.040408] /soc@0/funnel@6045000: Fixed dependency cycle(s) with /soc@0/funnel@6041000
[    0.040420] /soc@0/funnel@6045000: Fixed dependency cycle(s) with /soc@0/funnel@6b04000
[    0.040442] /soc@0/replicator@6046000: Fixed dependency cycle(s) with /soc@0/replicator@6b06000
[    0.040445] /soc@0/replicator@6046000: Fixed dependency cycle(s) with /soc@0/etr@6048000
[    0.040462] /soc@0/replicator@6046000: Fixed dependency cycle(s) with /soc@0/etr@6048000
[    0.040477] /soc@0/etr@6048000: Fixed dependency cycle(s) with /soc@0/replicator@6046000
[    0.040504] /soc@0/funnel@6045000: Fixed dependency cycle(s) with /soc@0/funnel@6b04000
[    0.040518] /soc@0/funnel@6b04000: Fixed dependency cycle(s) with /soc@0/funnel@6045000
[    0.040530] /soc@0/funnel@6b04000: Fixed dependency cycle(s) with /soc@0/etf@6b05000
[    0.040549] /soc@0/funnel@6b04000: Fixed dependency cycle(s) with /soc@0/etf@6b05000
[    0.040565] /soc@0/etf@6b05000: Fixed dependency cycle(s) with /soc@0/funnel@6b04000
[    0.040575] /soc@0/etf@6b05000: Fixed dependency cycle(s) with /soc@0/replicator@6b06000
[    0.040592] /soc@0/etf@6b05000: Fixed dependency cycle(s) with /soc@0/replicator@6b06000
[    0.040609] /soc@0/replicator@6046000: Fixed dependency cycle(s) with /soc@0/replicator@6b06000
[    0.040625] /soc@0/replicator@6b06000: Fixed dependency cycle(s) with /soc@0/etf@6b05000
[    0.040636] /soc@0/replicator@6b06000: Fixed dependency cycle(s) with /soc@0/replicator@6046000
[    0.040666] /soc@0/etm@7040000: Fixed dependency cycle(s) with /soc@0/funnel@7800000
[    0.040687] /soc@0/etm@7140000: Fixed dependency cycle(s) with /soc@0/funnel@7800000
[    0.040709] /soc@0/etm@7240000: Fixed dependency cycle(s) with /soc@0/funnel@7800000
[    0.040730] /soc@0/etm@7340000: Fixed dependency cycle(s) with /soc@0/funnel@7800000
[    0.040751] /soc@0/etm@7440000: Fixed dependency cycle(s) with /soc@0/funnel@7800000
[    0.040772] /soc@0/etm@7540000: Fixed dependency cycle(s) with /soc@0/funnel@7800000
[    0.040793] /soc@0/etm@7640000: Fixed dependency cycle(s) with /soc@0/funnel@7800000
[    0.040813] /soc@0/etm@7740000: Fixed dependency cycle(s) with /soc@0/funnel@7800000
[    0.040837] /soc@0/etm@7740000: Fixed dependency cycle(s) with /soc@0/funnel@7800000
[    0.040853] /soc@0/etm@7640000: Fixed dependency cycle(s) with /soc@0/funnel@7800000
[    0.040868] /soc@0/etm@7540000: Fixed dependency cycle(s) with /soc@0/funnel@7800000
[    0.040887] /soc@0/etm@7440000: Fixed dependency cycle(s) with /soc@0/funnel@7800000
[    0.040904] /soc@0/etm@7340000: Fixed dependency cycle(s) with /soc@0/funnel@7800000
[    0.040919] /soc@0/etm@7240000: Fixed dependency cycle(s) with /soc@0/funnel@7800000
[    0.040934] /soc@0/etm@7140000: Fixed dependency cycle(s) with /soc@0/funnel@7800000
bash: Pierwsze: command not found
radxa@radxa-dragon-q6a:~$ 


