S - Format: Log Type - Time(microsec) - Message - Optional Info

S - Log Type: B - Since Boot(Power On Reset),  D - Delta,  S - Statistic

S - QC_IMAGE_VERSION_STRING=BOOT.MXF.1.0.1-00549-KODIAKWP-1

S - IMAGE_VARIANT_STRING=SocKodiakWP

S - OEM_IMAGE_VERSION_STRING=wa-lxc

S - Boot Interface: SPI

S - Secure Boot: Off

S - Boot Config @ 0x00786070 = 0x000000c9

S - JTAG ID @ 0x00786130 = 0x001980e1

S - OEM ID @ 0x00786138 = 0x00000000

S - Serial Number @ 0x00786134 = 0x8dbddd5e

S - OEM Config Row 0 @ 0x007841c0 = 0x0000000000000000

S - OEM Config Row 1 @ 0x007841c8 = 0x0000000000000000

S - Feature Config Row 0 @ 0x00784148 = 0x0000000000000000

S - Feature Config Row 1 @ 0x00784150 = 0x0000000000000000

S - Core 0 Frequency, 1516 MHz

S - PBL Patch Ver: 1

D -      6614 - pbl_apps_init_timestamp

D -      3434 - bootable_media_detect_timestamp

D -       811 - bl_elf_metadata_loading_timestamp

D -       707 - bl_hash_seg_auth_timestamp

D -     26495 - bl_elf_loadable_segment_loading_timestamp

D -      4615 - bl_elf_segs_hash_verify_timestamp

D -     17365 - bl_sec_hash_seg_auth_timestamp

D -       822 - bl_sec_segs_hash_verify_timestamp

D -        29 - pbl_populate_shared_data_and_exit_timestamp

S -     60892 - PBL, End

B -     68686 - SBL1, Start

B -    195017 - SBL1 BUILD @ 21:01:04 on Jan 20 2026

B -    199073 - usb: eud_serial_upd , 0x8dbddd5e

D -    202367 - sbl1_hw_init

D -     10675 - boot_media_init

D -         0 - smss_load_cancel

B -    220362 - SMSS -  Image Load, Start

D -      3020 - SMSS -  Image Loaded, Delta - (0 Bytes)

D -       885 - Auth Metadata

D -      5978 - sbl1_xblconfig_init

B -    234941 - XBL Config -  Image Load, Start

D -         0 - shrm_load_cancel

B -    242536 - SHRM -  Image Load, Start

D -       610 - Auth Metadata

D -      1251 - Segments hash check

D -     12200 - SHRM -  Image Loaded, Delta - (39616 Bytes)

D -         0 - boot_default_cdt_init

D -       366 - boot_cdt_init

B -    266783 - CDT -  Image Load, Start

B -    269528 - CDT Version:3,Platform ID:32,Major ID:1,Minor ID:0,Subtype:7

D -     16318 - sbl1_hw_platform_pre_ddr

D -         0 - devcfg init

B -    295179 - PMIC A:2.0 B:1.0 C:2.2 I:1.0

B -    296948 - PM: PM8 0x4

B -    299266 - PM: xVdd reset

B -    301797 - PM: PON by PWR key DEB

B -    557784 - PM: SET_VAL:Skip

B -    559309 - PM: PSI: b0x06_v0x3f

B -    563396 - PM: Device Init # SPMI Transn: 15424

D -    278374 - pm_device_init, Delta

B -    569069 - pm_driver_init, Start

B -    580262 - PM: Driver Init # SPMI Transn: 504

D -      7716 - pm_driver_init, Delta

B -    585142 - PM: damsink err_flag = 0x0

B -    588406 - PM: dam aicl err_flag = 0x0

B -    593164 - PM: Battery ID: 10044Ohm

B -    596366 - PM: debug board connected

B -    600118 - vsense_init, Start

D -         0 - vsense_init, Delta

D -    322050 - sbl1_hw_pre_ddr_init

D -         0 - boot_dload_handle_forced_dload_timeout

D -      2989 - sbl1_load_ddr_training_data

B -    618814 - Pre_DDR_clock_init, Start

D -       244 - Pre_DDR_clock_init, Delta

D -     12902 - sbl1_ddr_set_params

B -    630526 - sbl1_ddr_init, Start

B -    633912 - LP5 DDR detected

D -     15769 - sbl1_ddr_init, Delta

B -    649650 - DSF version = 262.0.47

B -    653005 - Manufacturer ID = 13, Device Type = 8

B -    656604 - Rank 0 size = 4096 MB, Rank 1 size = 4096 MB

D -     31232 - sbl1_ddr_init

D -         0 - boot_pre_ddi_entry

B -    669810 - do_ddr_training, Start

B -    710985 - DDR: Start of DDR Training Restore

B -    714615 - Current DDR Freq = 2096 MHz

B -    715652 - Max enabled DDR Freq = 2736 MHz

B -    719678 - DDR: End of DDR Training Restore

D -     51057 - do_ddr_training, Delta

D -     58865 - sbl1_do_ddr_training

D -       732 - boot_ddi_entry

B -    735507 - Pimem init cmd, entry

D -      9211 - Pimem init cmd, exit

B -    748012 - External heap init, Start

B -    751001 - External heap init, End

D -     23241 - sbl1_post_ddr_init

D -       122 - sbl1_hw_init_secondary

B -    761981 - DDR -  Image Load, Start

B -    765763 - usb: emmc_parti_unavail

B -    769301 - usb: sdc_parti_unavail

B -    772992 - usb: Serial - 8dbddd5e

B -    776591 - usb: fedl, vbus_low

D -     14549 - boot_fedl_check

B -    783453 - APDP -  Image Load, Start

D -      3203 - APDP -  Image Loaded, Delta - (64 Bytes)

D -         0 - boot_dload_dump_security_regions

D -         0 - ramdump_load_cancel

B -    799893 - RamDump -  Image Load, Start

D -      3324 - RamDump -  Image Loaded, Delta - (0 Bytes)

D -        31 - boot_update_abnormal_reset_status

D -         0 - boot_cache_set_memory_barrier

D -        30 - boot_smem_debug_init

D -       549 - boot_smem_init

D -        31 - boot_smem_alloc_for_minidump

D -        61 - boot_smem_store_pon_status

D -        30 - sbl1_hw_platform_smem

D -        92 - boot_ddr_share_data_to_aop

D -       488 - boot_clock_init_rpm

D -         0 - boot_vsense_copy_to_smem

D -        31 - boot_populate_ram_partition_table

D -         0 - boot_populate_ddr_details_shared_table

D -         0 - sbl1_tlmm_init

D -         0 - sbl1_efs_handle_cookies

B -    862662 - OEM_MISC -  Image Load, Start

D -       823 - Auth Metadata

D -       213 - Segments hash check

D -     10644 - OEM_MISC -  Image Loaded, Delta - (7512 Bytes)

B -    876631 - QTI_MISC -  Image Load, Start

D -      5703 - QTI_MISC -  Image Loaded, Delta - (0 Bytes)

B -    891850 - PM: PM Total Mem Allocated: 2340 

D -      5429 - sbl1_pm_aop_pre_init_wrapper

B -    896517 - AOP -  Image Load, Start

D -       732 - Auth Metadata

D -      1556 - Segments hash check

D -     18330 - AOP -  Image Loaded, Delta - (203304 Bytes)

B -    918172 - QSEE Dev Config -  Image Load, Start

D -       610 - Auth Metadata

D -       457 - Segments hash check

D -     13023 - QSEE Dev Config -  Image Loaded, Delta - (41144 Bytes)

B -    940223 - QSEE -  Image Load, Start

D -     17629 - Auth Metadata

D -     22082 - Segments hash check

D -    230214 - QSEE -  Image Loaded, Delta - (3734195 Bytes)

D -         0 - sbl1_hw_play_vibr

B -   1179374 - SEC -  Image Load, Start

D -      3355 - SEC -  Image Loaded, Delta - (64 Bytes)

B -   1186267 - CPUCPFW -  Image Load, Start

D -     17049 - Auth Metadata

D -     17629 - Segments hash check

D -     52765 - CPUCPFW -  Image Loaded, Delta - (171300 Bytes)

B -   1248060 - QHEE -  Image Load, Start

D -     17385 - Auth Metadata

D -      5185 - Segments hash check

D -     41266 - QHEE -  Image Loaded, Delta - (432112 Bytes)

B -   1292651 - APPSBL -  Image Load, Start

D -       793 - Auth Metadata

D -     15555 - Segments hash check

D -    170830 - APPSBL -  Image Loaded, Delta - (3620864 Bytes)

D -        30 - sbl1_save_appsbl_index

B -   1472692 - SBL1, End

D -   1407483 - SBL1, Delta

S - Flash Throughput, 23235 KB/s  (8411417 Bytes,  362858 us)

S - DDR Frequency, 1555 MHz

?S - Format: Log Type - Time(microsec) - Message - Optional Info

S - Log Type: B - Since Boot(Power On Reset),  D - Delta,  S - Statistic

S - QC_IMAGE_VERSION_STRING=BOOT.MXF.1.0.1-00549-KODIAKWP-1

S - IMAGE_VARIANT_STRING=SocKodiakWP

S - OEM_IMAGE_VERSION_STRING=wa-lxc

S - Boot Interface: SPI

S - Secure Boot: Off

S - Boot Config @ 0x00786070 = 0x000000c9

S - JTAG ID @ 0x00786130 = 0x001980e1

S - OEM ID @ 0x00786138 = 0x00000000

S - Serial Number @ 0x00786134 = 0x8dbddd5e

S - OEM Config Row 0 @ 0x007841c0 = 0x0000000000000000

S - OEM Config Row 1 @ 0x007841c8 = 0x0000000000000000

S - Feature Config Row 0 @ 0x00784148 = 0x0000000000000000

S - Feature Config Row 1 @ 0x00784150 = 0x0000000000000000

S - Core 0 Frequency, 1516 MHz

S - PBL Patch Ver: 1

D -      6613 - pbl_apps_init_timestamp

D -      3435 - bootable_media_detect_timestamp

D -       811 - bl_elf_metadata_loading_timestamp

D -       706 - bl_hash_seg_auth_timestamp

D -     26497 - bl_elf_loadable_segment_loading_timestamp

D -      4618 - bl_elf_segs_hash_verify_timestamp

D -     17366 - bl_sec_hash_seg_auth_timestamp

D -       820 - bl_sec_segs_hash_verify_timestamp

D -        29 - pbl_populate_shared_data_and_exit_timestamp

S -     60895 - PBL, End

B -     69692 - SBL1, Start

B -    197853 - SBL1 BUILD @ 21:01:04 on Jan 20 2026

B -    201971 - usb: eud_serial_upd , 0x8dbddd5e

D -    205295 - sbl1_hw_init

D -     10828 - boot_media_init

D -         0 - smss_load_cancel

B -    223565 - SMSS -  Image Load, Start

D -      3050 - SMSS -  Image Loaded, Delta - (0 Bytes)

D -       885 - Auth Metadata

D -      6039 - sbl1_xblconfig_init

B -    238327 - XBL Config -  Image Load, Start

D -         0 - shrm_load_cancel

B -    246013 - SHRM -  Image Load, Start

D -       610 - Auth Metadata

D -      1281 - Segments hash check

D -     12352 - SHRM -  Image Loaded, Delta - (39616 Bytes)

D -         0 - boot_default_cdt_init

D -       397 - boot_cdt_init

B -    270596 - CDT -  Image Load, Start

B -    273371 - CDT Version:3,Platform ID:32,Major ID:1,Minor ID:0,Subtype:7

D -     16562 - sbl1_hw_platform_pre_ddr

D -         0 - devcfg init

B -    299388 - PMIC A:2.0 B:1.0 C:2.2 I:1.0

B -    301157 - PM: Reset by PSHOLD

B -    303536 - PM: Reset Type: Hard Reset

B -    558729 - PM: SET_VAL:Skip

B -    560254 - PM: PSI: b0x06_v0x3f

B -    564341 - PM: Device Init # SPMI Transn: 15297

D -    275232 - pm_device_init, Delta

B -    570014 - pm_driver_init, Start

B -    581208 - PM: Driver Init # SPMI Transn: 504

D -      7717 - pm_driver_init, Delta

B -    586088 - PM: damsink err_flag = 0x0

B -    589382 - PM: dam aicl err_flag = 0x0

B -    594109 - PM: Battery ID: 10044Ohm

B -    597312 - PM: debug board connected

B -    601063 - vsense_init, Start

D -         0 - vsense_init, Delta

D -    318908 - sbl1_hw_pre_ddr_init

D -         0 - boot_dload_handle_forced_dload_timeout

D -      2989 - sbl1_load_ddr_training_data

B -    619760 - Pre_DDR_clock_init, Start

D -       213 - Pre_DDR_clock_init, Delta

D -     12901 - sbl1_ddr_set_params

B -    631472 - sbl1_ddr_init, Start

B -    634857 - LP5 DDR detected

D -     15768 - sbl1_ddr_init, Delta

B -    650595 - DSF version = 262.0.47

B -    653950 - Manufacturer ID = 13, Device Type = 8

B -    657549 - Rank 0 size = 4096 MB, Rank 1 size = 4096 MB

D -     31201 - sbl1_ddr_init

D -         0 - boot_pre_ddi_entry

B -    670756 - do_ddr_training, Start

B -    711931 - DDR: Start of DDR Training Restore

B -    715530 - Current DDR Freq = 2096 MHz

B -    716597 - Max enabled DDR Freq = 2736 MHz

B -    720623 - DDR: End of DDR Training Restore

D -     51057 - do_ddr_training, Delta

D -     58865 - sbl1_do_ddr_training

D -       732 - boot_ddi_entry

B -    736422 - Pimem init cmd, entry

D -      9211 - Pimem init cmd, exit

B -    748958 - External heap init, Start

B -    751947 - External heap init, End

D -     23241 - sbl1_post_ddr_init

D -        91 - sbl1_hw_init_secondary

B -    762896 - DDR -  Image Load, Start

B -    766678 - usb: emmc_parti_unavail

B -    770247 - usb: sdc_parti_unavail

B -    773907 - usb: Serial - 8dbddd5e

B -    777536 - usb: fedl, vbus_low

D -     14548 - boot_fedl_check

B -    784368 - APDP -  Image Load, Start

D -      3233 - APDP -  Image Loaded, Delta - (64 Bytes)

D -         0 - boot_dload_dump_security_regions

D -         0 - ramdump_load_cancel

B -    800838 - RamDump -  Image Load, Start

D -      3294 - RamDump -  Image Loaded, Delta - (0 Bytes)

D -        30 - boot_update_abnormal_reset_status

D -         0 - boot_cache_set_memory_barrier

D -         0 - boot_smem_debug_init

D -       549 - boot_smem_init

D -         0 - boot_smem_alloc_for_minidump

D -        91 - boot_smem_store_pon_status

D -        31 - sbl1_hw_platform_smem

D -        61 - boot_ddr_share_data_to_aop

D -       518 - boot_clock_init_rpm

D -         0 - boot_vsense_copy_to_smem

D -        30 - boot_populate_ram_partition_table

D -        31 - boot_populate_ddr_details_shared_table

D -         0 - sbl1_tlmm_init

D -         0 - sbl1_efs_handle_cookies

B -    863607 - OEM_MISC -  Image Load, Start

D -       793 - Auth Metadata

D -       275 - Segments hash check

D -     10675 - OEM_MISC -  Image Loaded, Delta - (7512 Bytes)

B -    877546 - QTI_MISC -  Image Load, Start

D -      5703 - QTI_MISC -  Image Loaded, Delta - (0 Bytes)

B -    892796 - PM: PM Total Mem Allocated: 2340 

D -      5460 - sbl1_pm_aop_pre_init_wrapper

B -    897462 - AOP -  Image Load, Start

D -       702 - Auth Metadata

D -      1586 - Segments hash check

D -     18331 - AOP -  Image Loaded, Delta - (203304 Bytes)

B -    919117 - QSEE Dev Config -  Image Load, Start

D -       640 - Auth Metadata

D -       488 - Segments hash check

D -     13054 - QSEE Dev Config -  Image Loaded, Delta - (41144 Bytes)

B -    941199 - QSEE -  Image Load, Start

D -     17751 - Auth Metadata

D -     22173 - Segments hash check

D -    230428 - QSEE -  Image Loaded, Delta - (3734195 Bytes)

D -         0 - sbl1_hw_play_vibr

B -   1180563 - SEC -  Image Load, Start

D -      3355 - SEC -  Image Loaded, Delta - (64 Bytes)

B -   1187456 - CPUCPFW -  Image Load, Start

D -     17080 - Auth Metadata

D -     17598 - Segments hash check

D -     52796 - CPUCPFW -  Image Loaded, Delta - (171300 Bytes)

B -   1249280 - QHEE -  Image Load, Start

D -     17355 - Auth Metadata

D -      5154 - Segments hash check

D -     41236 - QHEE -  Image Loaded, Delta - (432112 Bytes)

B -   1293840 - APPSBL -  Image Load, Start

D -       824 - Auth Metadata

D -     15555 - Segments hash check

D -    170800 - APPSBL -  Image Loaded, Delta - (3620864 Bytes)

D -         0 - sbl1_save_appsbl_index

B -   1473851 - SBL1, End

D -   1407667 - SBL1, Delta

S - Flash Throughput, 23171 KB/s  (8411417 Bytes,  363043 us)

S - DDR Frequency, 1555 MHz





UEFI Start     [ 1685]

 - 0x09F001000 [ 1687] Sec.efi

ASLR        : OFF [WARNING]

DEP         : ON (RTB)

Timer Delta : +2 mS

RAM Entry 0 : Base 0x0080000000  Size 0x003B600000

RAM Entry 1 : Base 0x0180000000  Size 0x0100000000

RAM Entry 2 : Base 0x00C0000000  Size 0x00C0000000

Total Available RAM : 8118 MB (0x01FB600000)

Total Installed RAM : 8192 MB (0x0200000000)

Init 7 aux cores of 7

Init CPU core 1

Init CPU core 2

Init CPU core 3

Init CPU core 4

Init CPU core 5

Init CPU core 6

Init CPU core 7

  > Scheduler up on Core 1

Continue booting UEFI on Core 0

  > Scheduler up on Core 2

  > Scheduler up on Core 3

UEFI Ver    : 6.0.260120.BOOT.MXF.1.0.1-00549-KODIAKWP-1

Build Info  : 64b Jan 20 2026 21:01:25

Boot Device : NVME

PROD Mode   : TRUE

Retail      : TRUE

  > Scheduler up on Core 5

  > Scheduler up on Core 4

  > Scheduler up on Core 6

  > Scheduler up on Core 7

tz_armv8_smc_call failed, TzStatus = 0xFFFFFFFE,  SmcId = 0x32000403  

QseeResponse->result = 0xFFFFFF0F

Status = 0x7

Scm command failed to get RPMB provisioning State, Status: 0x00000007

TpmType returned from TZ (LoadApps.c)= 0x6654504D. 

tz_armv8_smc_call failed, TzStatus = 0xFFFFFFFE,  SmcId = 0x32000109  

QseeResponse->result = 0xFFFFFFFF

Status = 0x7

ActivateTzEmbeddedSecureImage Failed

tz_armv8_smc_call failed, TzStatus = 0xFFFFFFFE,  SmcId = 0x32000109  

QseeResponse->result = 0xFFFFFFFF

Status = 0x7

ActivateTzEmbeddedSecureImage Failed

Card Detection FAILED! Handle 0, Slot 0

eMMC module not found

HW Wdog Setting from PCD : Disabled

UFS GPIO7 value is 1

Skipping UFS initialization

PM0: 47, PM1: 63, PM2: 49, PM8: 46, 

Module cannot re-initialize DAL module environment

QcomChargerDxe:: QcomChargerInitialize Unsupported platform or PMIC. 

UsbConfigInit: Device isSku1Variant: 0

UsbConfigInit: SchgPmicInfo.PmicIndex =  (0x8)

UsbStartController: Starting Core 0 in mode: 1

SSUsbSetPhyMode: MuxValue:3, CCOutStatus:1

SSUsbSetPhyMode: CoreNum:0, MuxValue:3, CCOutStatus:1

UsbStartController: Starting Core 1 in mode: 1

UsbEnumeratePort: new device connected at port 0, HubIfc =0xFA9D8C18 

DisplayDxe: External Panel Mode#0 1024x600 59Hz selected.

Device booted from NVME/SPI_NORUsbEnumNewDevRootHub: HIGH on port 0

 UsbEnumNewDevRootHub: vid = 0x1A40 pid = 0x0101, Addr = 1

TpmCmdMaxSize  4096  TpmRspMaxSize  4096  

TpmManufacturerID  0x4D4F4351  

TpmHashAlgoBitmap  0x7  TpmActivePcrBanks 0x2 

ActivePcrBanks     0x2 

IndexArray 0x1  0xFF  0xFF 



UpdateMemoryArrayInfoTable: DDR Details: Manufacturer ID: 19, Device Type: 8, Num Channels: 2

UsbEnumeratePort: new device connected at port 1, HubIfc =0xFA9BEC98 

tz_armv8_smc_call failed, TzStatus = 0xFFFFFFFE,  SmcId = 0x32000401  

QseeResponse->result = 0xFFFFFF03

Status = 0x7

RpmbAutoProvisionMain: RPMB is already provisioned.

PCIE Port 0 Configuration Found! 

PCIE Port 1 Configuration Found! 

PCIe enum (0x3) start : 3657

Training start : 3686

UsbEnumNewDevHub: FULL on port 1

UsbSelectConfig: failed to connect driver Not Found, ignored

Wait for link up start : 3741

PCIe Link up on port 0

UsbEnumeratePort: new device connected at port 3, HubIfc =0xFA9BEC98 

UsbEnumNewDevHub: HIGH on port 3

UsbSelectConfig: failed to connect driver Not Found, ignored

Link up Failed..!! PCIe1, PARF_LTSSM: 0x0 

Training complete : 3991

Port 0 : x1, Gen 1

PCIe Links ready : 3992

PCIe Links setup in 335 ms

[EC] [FmpDeviceInit 1209] EC device is not initialized, Platform is 6490_IOT_industrial_kit or Dragon_Q6A

[EC] [FmpDeviceGetImageTypeIdGuidPtr 226] EC device is not active, returning Unsupported

[EC] [FmpDeviceGetVersion 563] EC device is not active, returning Unsupported

[EC] [FmpDeviceGetVersion 563] EC device is not active, returning Unsupported

[EC] [FmpDeviceGetLowestSupportedVersion 352] EC device is not yet initialized!

[KB] [I2CKeyboardEntryPoint 1882] - Unsupported platform type  32

 Could not find the Reset Data region .

[=3h[2J[0m[35m[40m ConnectConsoles Delta : 50827 micro sec

WaitParallelThreads InIt [ 4079] 

UEFI Ver           : 6.0.260120.BOOT.MXF.1.0.1-00549-KODIAKWP-1

Platform           : IOT

SKUVersion         : 32

Subtype            : 7

Boot Device        : NVME

Chip Name          : QCS6490

Chip Ver           : 1.0

Chip Num           : 0x8DBDDD5E

Chip ECID          : 0x042F8DBDDD5E

-----------------------------

 PlatformBdsPostConsoleInit Delta : 2387 micro sec

Continuing with BDS initialization

[QcomBds] No default boot app specified

 PlatformSecurityInit Delta : 382 micro sec

Block IO handles of partition /'C12A7328-F81F-11D2-BA4B-00A0C93EC93B/' not found

Failed to get block size of EFI partition. Status: Not Found

InitStoragePointersForCapsuleRawFile returned - Not Found!

InitCapsuleStoragePointers returned - Not Found.

DoCapsuleUpdate Delta : 1711 micro sec

ACPI: Loaded 1 tables

AML: AmlUpdateSjtg FEATURE_ID buffer is 0

AML: AmlUpdateSjtg JTAG_ID buffer is 1671393

Attempting to start: Firmware provisioning

: DppProtocol->GetDPP returned Not Found

 HandleMorPpi delta: 151

Platform Init End : 4248

-----------------------------

 PlatBdsSocPostProc Delta : 166193 micro sec

WARNING: TPM2 Event log has HashAlg unsupported by PCR bank (0x4)

WARNING: TPM2 Event log has HashAlg unsupported by PCR bank (0xC)

Get Smbios ---, Status = (0x800000000000000E)

GetEmmcHandle failed, Status = 0x0

 PlatBdsPostFwConfigSec Delta : 10431 micro sec

 Entered MeasurePeImg...

/local/mnt/workspace/CRMBuilds/BOOT.MXF.1.0.1-00549-KODIAKWP-1_20250921_095415/b/boot_images/boot/QcomPkg/Drivers/TrEEDxe/TrEEDxe.c..HashLogExtendEvent:480 Failed! input = 0x2  

/local/mnt/workspace/CRMBuilds/BOOT.MXF.1.0.1-00549-KODIAKWP-1_20250921_095415/b/boot_images/boot/QcomPkg/Drivers/MeasureBootDxe/MeasureBootDxe.c..HashExtendLogTreeEvent: 319 Failed! input = 0x1  

/local/mnt/workspace/CRMBuilds/BOOT.MXF.1.0.1-00549-KODIAKWP-1_20250921_095415/b/boot_images/boot/QcomPkg/Drivers/MeasureBootDxe/MeasureBootDxe.c..MeasurePeImgAll: 1290 Failed! input = 0x1  

/local/mnt/workspace/CRMBuilds/BOOT.MXF.1.0.1-00549-KODIAKWP-1_20250921_095415/b/boot_images/boot/QcomPkg/Drivers/MeasureBootDxe/MeasureBootDxe.c..MeasureBootVariables:782 Failed! input = 0xE  

/local/mnt/workspace/CRMBuilds/BOOT.MXF.1.0.1-00549-KODIAKWP-1_20250921_095415/b/boot_images/boot/QcomPkg/Drivers/MeasureBootDxe/MeasureBootDxe.c..MeasurePeImgAll: 1293 Failed! input = 0x1  

Press F2 to enter Setup, F5 to enter UEFI Shell, F12 to enter Boot menu

Auto boot in 5 seconds

Auto boot in 4 seconds

Auto boot in 3 seconds

Auto boot in 2 seconds

Auto boot in 1 seconds

UEFI Total : 7991 ms

POST Time      [ 9676] OS Loader

[QcomBds] Could not find bootable handle

UEFI Total : 8385 ms

POST Time      [10070] OS Loader

[QcomBds] Could not find bootable handle

[QcomBds] Boot Device Order:

[QcomBds]   [0]: USB

[QcomBds]   [1]: SD

[QcomBds]   [2]: NVMe

[QcomBds]   [3]: eMMC

[QcomBds]   [4]: UFS

[QcomBds] Trying device 0: USB

[QcomBds] Trying device 1: SD

UEFI Total : 10878 ms

POST Time      [12563] OS Loader

 Entered MeasurePeImg...

/local/mnt/workspace/CRMBuilds/BOOT.MXF.1.0.1-00549-KODIAKWP-1_20250921_095415/b/boot_images/boot/QcomPkg/Drivers/TrEEDxe/TrEEDxe.c..HashLogExtendEvent:480 Failed! input = 0x2  

/local/mnt/workspace/CRMBuilds/BOOT.MXF.1.0.1-00549-KODIAKWP-1_20250921_095415/b/boot_images/boot/QcomPkg/Drivers/MeasureBootDxe/MeasureBootDxe.c..HashExtendLogTreeEvent: 319 Failed! input = 0x1  

/local/mnt/workspace/CRMBuilds/BOOT.MXF.1.0.1-00549-KODIAKWP-1_20250921_095415/b/boot_images/boot/QcomPkg/Drivers/MeasureBootDxe/MeasureBootDxe.c..MeasurePeImgAll: 1290 Failed! input = 0x1  

[0m[37m[40m[INFO] efi_main: embloader (Embedded Bootloader) version 0.4.r1.9f8e74b

[DEBUG] efi_main: function efi_main at 0xf0383678

[WARNING] find_embloader_folder: embloader folder not found

[DEBUG] efi_main: Final configuration:

[DEBUG] config: {}

[INFO] efi_main: parsing smbios

[WARNING] efi_main: no matched device found in config

[INFO] sdboot_boot_load_menu: loading systemd-boot menu

[INFO] sdboot_check_fs: Found systemd-boot folder in VenHw(D1531D41-3F80-4091-8D0A-541F59236D66)/HD(

1,GPT,BBECDE34-28D7-4858-8B73-F51B5DF6A847,0x800,0x80000)

[INFO] sdboot_boot_load_file: loading sdboot boot config from file /loader/loader.conf

[INFO] sdboot_boot_load_file: loading sdboot boot config from file android.conf

[DEBUG] sdboot_boot_load_file: created sdboot loader android

[DEBUG] sdboot_boot_load_root: use timeout value 5 from sdboot config

[DEBUG] sdboot_boot_load_root: found default entry android.conf in sdboot config

[DEBUG] sdboot_boot_load_root: use default entry android.conf from sdboot config

[INFO] sdboot_boot_load_menu: loaded systemd-boot menu from current device

[Warn]	(0.000, +0)	 lv_uefi_simple_pointer_indev_add_handle: [lv_uefi] The SIMPLE_POINTER inter

face is not valid. lv_uefi_indev_pointer.c:124



Embedded Boot Loader GUI Menu Serial Alternative

[INFO] embloader_gui_menu_start: lvgl gui menu started

[WARNING] load_xml_from: failed to read XML file menu-main.xml for menu-main: Invalid Parameter

[WARNING] filter_supports: disabled for Qualcomm UEFI

[WARNING] embloader_tui_menu_start: this platform have bad console, skip TUI menu



========================================

= Embedded Bootloader menu

========================================

  1. Android 13 ??? Dragon Q6A

  2. Reboot Into Firmware Interface

========================================

Menu timeout: 5 seconds

Default option: (1) Android 13 ??? Dragon Q6A

Select an option (1-2) or press Enter to boot default: 

Timeout

Booting default option (1) Android 13 ??? Dragon Q6A



[INFO] embloader_loader_boot: booting Android 13 ??? Dragon Q6A (android) ...

[INFO] embloader_loader_boot_sdboot: booting sdboot loader Android 13 ??? Dragon Q6A ...

[INFO] linux_load_kernel: loading kernel /Android/Image

[INFO] linux_load_kernel: loaded kernel /Android/Image size 61.25MiB (64223744 bytes)

[INFO] linux_load_kernel: kernel /Android/Image at 0xf6374000 with 15680 pages

[INFO] linux_load_initramfs: loading initramfs /Android/ramdisk.img

[INFO] linux_load_initramfs: loaded initramfs /Android/ramdisk.img size 14.43MiB (15129374 bytes)

[INFO] linux_load_initramfs: loaded 1 initramfs size 14.43MiB (15129374 bytes)

[INFO] linux_load_initramfs: initramfs collections (1) at 0xef0b5000 with 3694 pages

[INFO] linux_load_bootargs: loaded bootargs console=tty0 console=ttyMSM0,115200n8 earlycon=qcom_geni

,0x00994000 fbcon=nodefer video=efifb:keep video=DP-1:1024x600@60e keep_bootcon ignore_loglevel logl

evel=8 initcall_debug modprobe.blacklist=msm panic=10 coherent_pool=2M firmware_class.path=/vendor/f

irmware irqchip.gicv3_pseudo_nmi=0 psi=1 selinux=1 androidboot.force_normal_boot=1 androidboot.slot_

suffix=_a androidboot.hardware=dragon_q6a androidboot.selinux=permissive androidboot.boot_devices=so

c@0/8804000.mmc lsm=landlock,lockdown,yama,integrity,selinux,bpf printk.devkmsg=on

[DEBUG] linux_try_load_dtb: try load dtb /Android/qcs6490-radxa-dragon-q6a.dtb

[INFO] linux_try_load_dtb: read dtb /Android/qcs6490-radxa-dragon-q6a.dtb size 180.70KiB (184388 byt

es)

[INFO] linux_try_load_dtb: load dtb /Android/qcs6490-radxa-dragon-q6a.dtb successfully

[INFO] linux_try_load_dtb: dtb model: Radxa Dragon Q6A

[INFO] linux_try_load_dtb: dtb compatible: radxa,dragon-q6a

[DEBUG] linux_data_load: linux boot data prepared

[DEBUG] efi_dtfixup: applying efi dtfixup protocol

[INFO] efi_dtfixup: efi dtfixup applied successfully

[INFO] embloader_start_efi: load efi image at 0xf6374000...

 Entered MeasurePeImg...

/local/mnt/workspace/CRMBuilds/BOOT.MXF.1.0.1-00549-KODIAKWP-1_20250921_095415/b/boot_images/boot/QcomPkg/Drivers/TrEEDxe/TrEEDxe.c..HashLogExtendEvent:480 Failed! input = 0x2  

/local/mnt/workspace/CRMBuilds/BOOT.MXF.1.0.1-00549-KODIAKWP-1_20250921_095415/b/boot_images/boot/QcomPkg/Drivers/MeasureBootDxe/MeasureBootDxe.c..HashExtendLogTreeEvent: 319 Failed! input = 0x1  

/local/mnt/workspace/CRMBuilds/BOOT.MXF.1.0.1-00549-KODIAKWP-1_20250921_095415/b/boot_images/boot/QcomPkg/Drivers/MeasureBootDxe/MeasureBootDxe.c..MeasurePeImgAll: 1290 Failed! input = 0x1  

DetectLinuxKernelVersion Delta : 42514 micro sec

[INFO] embloader_start_efi: use cmdline console=tty0 console=ttyMSM0,115200n8 earlycon=qcom_geni,0x0

0994000 fbcon=nodefer video=efifb:keep video=DP-1:1024x600@60e keep_bootcon ignore_loglevel loglevel

=8 initcall_debug modprobe.blacklist=msm panic=10 coherent_pool=2M firmware_class.path=/vendor/firmw

are irqchip.gicv3_pseudo_nmi=0 psi=1 selinux=1 androidboot.force_normal_boot=1 androidboot.slot_suff

ix=_a androidboot.hardware=dragon_q6a androidboot.selinux=permissive androidboot.boot_devices=soc@0/

8804000.mmc lsm=landlock,lockdown,yama,integrity,selinux,bpf printk.devkmsg=on

[INFO] embloader_start_efi: start efi image...

Start EBS        [23058] 

Start EBS        [23062] 

ScmArmV8ExitBootServicesHandler, Status = 0x0. 

Exit EBS        [23809] UEFI End

[    0.000000] printk: debug: ignoring loglevel setting.

[    0.000000] efi: EFI v2.7 by Qualcomm Technologies, Inc.

[    0.000000] efi: ACPI 2.0=0xffffd000 MEMATTR=0xfa462018 ESRT=0xfa236e98 SMBIOS=0xffed1000 TPMEventLog=0xfffc6018 INITRD=0xf0075f98 RNG=0xfffc6e98 MEMRESERVE=0xf0075d18 

[    0.000000] random: crng init done

[    0.000000] TPM Final Events table not present

[    0.000000] esrt: Reserving ESRT space from 0x00000000fa236e98 to 0x00000000fa236ef8.

[    0.000000] OF: reserved mem: 0x0000000080000000..0x00000000805fffff (6144 KiB) nomap non-reusable hyp@80000000

[    0.000000] OF: reserved mem: 0x0000000080600000..0x00000000807fffff (2048 KiB) nomap non-reusable xbl@80600000

[    0.000000] OF: reserved mem: 0x0000000080800000..0x000000008085ffff (384 KiB) nomap non-reusable aop@80800000

[    0.000000] OF: reserved mem: 0x0000000080860000..0x000000008087ffff (128 KiB) nomap non-reusable aop-cmd-db@80860000

[    0.000000] OF: reserved mem: 0x0000000080884000..0x0000000080893fff (64 KiB) nomap non-reusable xbl-uefi-res@80880000

[    0.000000] OF: reserved mem: 0x00000000808ff000..0x00000000808fffff (4 KiB) nomap non-reusable sec-apps@808ff000

[    0.000000] OF: reserved mem: 0x0000000080900000..0x0000000080afffff (2048 KiB) nomap non-reusable smem@80900000

[    0.000000] OF: reserved mem: 0x0000000080b00000..0x0000000080bfffff (1024 KiB) nomap non-reusable cpucp@80b00000

[    0.000000] OF: reserved mem: 0x0000000081800000..0x00000000826fffff (15360 KiB) nomap non-reusable lpass-ml@81800000

[    0.000000] OF: reserved mem: 0x0000000082700000..0x000000008270ffff (64 KiB) nomap non-reusable cdsp-secure-heap@82700000

[    0.000000] OF: reserved mem: 0x000000008b800000..0x000000008dffffff (40960 KiB) nomap non-reusable adsp@8b800000

[    0.000000] OF: reserved mem: 0x000000008e000000..0x000000008fdfffff (30720 KiB) nomap non-reusable cdsp@8e000000

[    0.000000] OF: reserved mem: 0x000000008fe00000..0x00000000902fffff (5120 KiB) nomap non-reusable video@8fe00000

[    0.000000] OF: reserved mem: 0x0000000090300000..0x0000000090304fff (20 KiB) nomap non-reusable zap@90300000

[    0.000000] OF: reserved mem: 0x00000000c0000000..0x00000000c00fffff (1024 KiB) nomap non-reusable tz-stat@c0000000

[    0.000000] OF: reserved mem: 0x00000000c0100000..0x00000000c12fffff (18432 KiB) nomap non-reusable tags@c0100000

[    0.000000] OF: reserved mem: 0x00000000c1300000..0x00000000c17fffff (5120 KiB) nomap non-reusable qtee@c1300000

[    0.000000] OF: reserved mem: 0x00000000c1800000..0x00000000c39fffff (34816 KiB) nomap non-reusable trusted-apps@c1800000

[    0.000000] OF: reserved mem: 0x00000000c6500000..0x00000000c6cfffff (8192 KiB) nomap non-reusable adsp-rpc-remote-heap@c6500000

[    0.000000] NUMA: Faking a node at [mem 0x0000000080000000-0x000000027fffffff]

[    0.000000] NODE_DATA(0) allocated [mem 0x27eda9c00-0x27edad37f]

[    0.000000] Zone ranges:

[    0.000000]   DMA      [mem 0x0000000080000000-0x00000000ffffffff]

[    0.000000]   DMA32    empty

[    0.000000]   Normal   [mem 0x0000000100000000-0x000000027fffffff]

[    0.000000]   Device   empty

[    0.000000] Movable zone start for each node

[    0.000000] Early memory node ranges

[    0.000000]   node   0: [mem 0x0000000080000000-0x00000000807fffff]

[    0.000000]   node   0: [mem 0x0000000080884000-0x00000000808b3fff]

[    0.000000]   node   0: [mem 0x00000000808b4000-0x00000000808fefff]

[    0.000000]   node   0: [mem 0x00000000808ff000-0x00000000808fffff]

[    0.000000]   node   0: [mem 0x0000000080b00000-0x000000008270ffff]

[    0.000000]   node   0: [mem 0x0000000082710000-0x00000000842fffff]

[    0.000000]   node   0: [mem 0x0000000084800000-0x000000008b7fffff]

[    0.000000]   node   0: [mem 0x0000000090309000-0x000000009f5f6fff]

[    0.000000]   node   0: [mem 0x000000009f5f7000-0x000000009f5fffff]

[    0.000000]   node   0: [mem 0x000000009f600000-0x000000009fffffff]

[    0.000000]   node   0: [mem 0x00000000a0000000-0x00000000a0001fff]

[    0.000000]   node   0: [mem 0x00000000a0002000-0x00000000a07fffff]

[    0.000000]   node   0: [mem 0x00000000a0800000-0x00000000a0afffff]

[    0.000000]   node   0: [mem 0x00000000a0b00000-0x00000000bb5fffff]

[    0.000000]   node   0: [mem 0x00000000c3a00000-0x00000000c50fffff]

[    0.000000]   node   0: [mem 0x00000000c6000000-0x00000000c64fffff]

[    0.000000]   node   0: [mem 0x00000000c6d00000-0x00000000c90fffff]

[    0.000000]   node   0: [mem 0x00000000c9100000-0x00000000eedfffff]

[    0.000000]   node   0: [mem 0x00000000eee00000-0x00000000eeffffff]

[    0.000000]   node   0: [mem 0x00000000ef000000-0x00000000ffa75fff]

[    0.000000]   node   0: [mem 0x00000000ffa76000-0x00000000fff21fff]

[    0.000000]   node   0: [mem 0x00000000fff22000-0x000000027fffffff]

[    0.000000] Initmem setup node 0 [mem 0x0000000080000000-0x000000027fffffff]

[    0.000000] On node 0, zone DMA: 132 pages in unavailable ranges

[    0.000000] On node 0, zone DMA: 512 pages in unavailable ranges

[    0.000000] On node 0, zone DMA: 1280 pages in unavailable ranges

[    0.000000] On node 0, zone DMA: 19209 pages in unavailable ranges

[    0.000000] On node 0, zone DMA: 33792 pages in unavailable ranges

[    0.000000] On node 0, zone DMA: 3840 pages in unavailable ranges

[    0.000000] On node 0, zone DMA: 2048 pages in unavailable ranges

[    0.000000] cma: Reserved 32 MiB at 0x00000000fda00000

[    0.000000] psci: probing for conduit method from DT.

[    0.000000] psci: PSCIv1.1 detected in firmware.

[    0.000000] psci: Using standard PSCI v0.2 function IDs

[    0.000000] psci: MIGRATE_INFO_TYPE not supported.

[    0.000000] psci: SMC Calling Convention v1.1

[    0.000000] psci: OSI mode supported.

[    0.000000] psci: [Firmware Bug]: failed to set PC mode: -3

[    0.000000] percpu: Embedded 26 pages/cpu s66328 r8192 d31976 u106496

[    0.000000] pcpu-alloc: s66328 r8192 d31976 u106496 alloc=26*4096

[    0.000000] pcpu-alloc: [0] 0 [0] 1 [0] 2 [0] 3 [0] 4 [0] 5 [0] 6 [0] 7 

[    0.000000] Detected VIPT I-cache on CPU0

[    0.000000] CPU features: detected: GICv3 CPU interface

[    0.000000] CPU features: kernel page table isolation forced ON by KASLR

[    0.000000] CPU features: detected: Kernel page table isolation (KPTI)

[    0.000000] CPU features: detected: Qualcomm erratum 1009, or ARM erratum 1286807, 2441009

[    0.000000] CPU features: detected: ARM errata 1165522, 1319367, or 1530923

[    0.000000] alternatives: applying boot alternatives

[    0.000000] Kernel command line: console=tty0 console=ttyMSM0,115200n8 earlycon=qcom_geni,0x00994000 fbcon=nodefer video=efifb:keep video=DP-1:1024x600@60e keep_bootcon ignore_loglevel loglevel=8 initcall_debug modprobe.blacklist=msm panic=10 coherent_pool=2M firmware_class.path=/vendor/firmware irqchip.gicv3_pseudo_nmi=0 psi=1 selinux=1 androidboot.force_normal_boot=1 androidboot.slot_suffix=_a androidboot.hardware=dragon_q6a androidboot.selinux=permissive androidboot.boot_devices=soc@0/8804000.mmc lsm=landlock,lockdown,yama,integrity,selinux,bpf printk.devkmsg=on

[    0.000000] printk: log buffer data + meta data: 2097152 + 7340032 = 9437184 bytes

[    0.000000] Dentry cache hash table entries: 1048576 (order: 11, 8388608 bytes, linear)

[    0.000000] Inode-cache hash table entries: 524288 (order: 10, 4194304 bytes, linear)

[    0.000000] software IO TLB: area num 8.

[    0.000000] software IO TLB: mapped [mem 0x00000000f6236000-0x00000000fa236000] (64MB)

[    0.000000] Fallback order for Node 0: 0 

[    0.000000] Built 1 zonelists, mobility grouping on.  Total pages: 2036339

[    0.000000] Policy zone: Normal

[    0.000000] mem auto-init: stack:all(zero), heap alloc:on, heap free:off

[    0.000000] stackdepot: allocating hash table via alloc_large_system_hash

[    0.000000] stackdepot hash table entries: 524288 (order: 11, 8388608 bytes, linear)

[    0.000000] stackdepot: allocating space for 8192 stack pools via memblock

[    0.000000] SLUB: HWalign=64, Order=0-3, MinObjects=0, CPUs=8, Nodes=1

[    0.000000] Dynamic Preempt: voluntary

[    0.000000] rcu: Preemptible hierarchical RCU implementation.

[    0.000000] rcu: 	RCU restricting CPUs from NR_CPUS=512 to nr_cpu_ids=8.

[    0.000000] rcu: 	RCU priority boosting: priority 1 delay 500 ms.

[    0.000000] 	Trampoline variant of Tasks RCU enabled.

[    0.000000] 	Tracing variant of Tasks RCU enabled.

[    0.000000] rcu: RCU calculated value of scheduler-enlistment delay is 100 jiffies.

[    0.000000] rcu: Adjusting geometry for rcu_fanout_leaf=16, nr_cpu_ids=8

[    0.000000] RCU Tasks: Setting shift to 3 and lim to 1 rcu_task_cb_adjust=1 rcu_task_cpu_ids=8.

[    0.000000] RCU Tasks Trace: Setting shift to 3 and lim to 1 rcu_task_cb_adjust=1 rcu_task_cpu_ids=8.

[    0.000000] NR_IRQS: 64, nr_irqs: 64, preallocated irqs: 0

[    0.000000] GICv3: 928 SPIs implemented

[    0.000000] GICv3: 0 Extended SPIs implemented

[    0.000000] GICv3: MBI range [832:959]

[    0.000000] GICv3: Using MBI frame 0x0000000017a10000

[    0.000000] Root IRQ handler: gic_handle_irq

[    0.000000] GICv3: GICv3 features: 16 PPIs

[    0.000000] GICv3: GICD_CTLR.DS=0, SCR_EL3.FIQ=1

[    0.000000] GICv3: CPU0: found redistributor 0 region 0:0x0000000017a60000

[    0.000000] ITS: No ITS available, not enabling LPIs

[    0.000000] rcu: srcu_init: Setting srcu_struct sizes based on contention.

[    0.000000] arch_timer: cp15 timer running at 19.20MHz (virt).

[    0.000000] clocksource: arch_sys_counter: mask: 0xffffffffffffff max_cycles: 0x46d987e47, max_idle_ns: 440795202767 ns

[    0.000000] sched_clock: 56 bits at 19MHz, resolution 52ns, wraps every 4398046511078ns

[    0.008769] kfence: initialized - using 2097152 bytes for 255 objects at 0x(____ptrval____)-0x(____ptrval____)

[    0.019192] Console: colour dummy device 80x25

[    0.023767] printk: legacy console [tty0] enabled

[    0.029313] Calibrating delay loop (skipped), value calculated using timer frequency.. 38.40 BogoMIPS (lpj=19200)

[    0.039860] pid_max: default: 32768 minimum: 301

[    0.044735] LSM: initializing lsm=capability,landlock,yama,selinux

[    0.051215] landlock: Up and running.

[    0.054998] Yama: becoming mindful.

[    0.058606] SELinux:  Initializing.

[    0.062680] Mount-cache hash table entries: 16384 (order: 5, 131072 bytes, linear)

[    0.070480] Mountpoint-cache hash table entries: 16384 (order: 5, 131072 bytes, linear)

[    0.080764] entering initcall level: early

[    0.084996] calling  cpu_suspend_init+0x0/0x5c @ 1

[    0.089944] initcall cpu_suspend_init+0x0/0x5c returned 0 after 0 usecs

[    0.096746] calling  prevent_bootmem_remove_init+0x0/0x64 @ 1

[    0.102671] initcall prevent_bootmem_remove_init+0x0/0x64 returned 0 after 0 usecs

[    0.110455] calling  asids_init+0x0/0xc0 @ 1

[    0.114869] initcall asids_init+0x0/0xc0 returned 0 after 0 usecs

[    0.121145] calling  xen_guest_init+0x0/0x404 @ 1

[    0.126000] initcall xen_guest_init+0x0/0x404 returned 0 after 0 usecs

[    0.132717] calling  spawn_ksoftirqd+0x0/0x74 @ 1

[    0.137621] initcall spawn_ksoftirqd+0x0/0x74 returned 0 after 0 usecs

[    0.144343] calling  init_signal_sysctls+0x0/0x64 @ 1

[    0.149567] initcall init_signal_sysctls+0x0/0x64 returned 0 after 0 usecs

[    0.156641] calling  init_umh_sysctls+0x0/0x3c @ 1

[    0.161582] initcall init_umh_sysctls+0x0/0x3c returned 0 after 0 usecs

[    0.168383] calling  kthreads_init+0x0/0x3c @ 1

[    0.173059] initcall kthreads_init+0x0/0x3c returned 0 after 0 usecs

[    0.179592] calling  migration_init+0x0/0x28 @ 1

[    0.184350] initcall migration_init+0x0/0x28 returned 0 after 0 usecs

[    0.190979] calling  printk_set_kthreads_ready+0x0/0x58 @ 1

[    0.196716] initcall printk_set_kthreads_ready+0x0/0x58 returned 0 after 0 usecs

[    0.204330] calling  srcu_bootup_announce+0x0/0x94 @ 1

[    0.209625] rcu: Hierarchical SRCU implementation.

[    0.214559] rcu: 	Max phase no-delay instances is 400.

[    0.219851] initcall srcu_bootup_announce+0x0/0x94 returned 0 after 2000 usecs

[    0.227279] calling  rcu_spawn_gp_kthread+0x0/0x28c @ 1

[    0.232871] initcall rcu_spawn_gp_kthread+0x0/0x28c returned 0 after 0 usecs

[    0.240126] calling  check_cpu_stall_init+0x0/0x34 @ 1

[    0.245422] initcall check_cpu_stall_init+0x0/0x34 returned 0 after 0 usecs

[    0.252582] calling  rcu_sysrq_init+0x0/0x40 @ 1

[    0.257337] initcall rcu_sysrq_init+0x0/0x40 returned 0 after 0 usecs

[    0.263968] calling  tmigr_init+0x0/0x19c @ 1

[    0.268474] Timer migration: 1 hierarchy levels; 8 children per group; 1 crossnode level

[    0.276805] initcall tmigr_init+0x0/0x19c returned 0 after 1000 usecs

[    0.283438] calling  insert_crashkernel_resources+0x0/0x8c @ 1

[    0.289447] initcall insert_crashkernel_resources+0x0/0x8c returned 0 after 0 usecs

[    0.297318] calling  cpu_stop_init+0x0/0xd8 @ 1

[    0.302043] initcall cpu_stop_init+0x0/0xd8 returned 0 after 0 usecs

[    0.308582] calling  init_kprobes+0x0/0x17c @ 1

[    0.313527] initcall init_kprobes+0x0/0x17c returned 0 after 0 usecs

[    0.320065] calling  irq_work_init_threads+0x0/0x8 @ 1

[    0.325360] initcall irq_work_init_threads+0x0/0x8 returned 0 after 0 usecs

[    0.332517] calling  jump_label_init_module+0x0/0x28 @ 1

[    0.337985] initcall jump_label_init_module+0x0/0x28 returned 0 after 0 usecs

[    0.345325] calling  init_zero_pfn+0x0/0x28 @ 1

[    0.349995] initcall init_zero_pfn+0x0/0x28 returned 0 after 0 usecs

[    0.356531] calling  init_fs_inode_sysctls+0x0/0x40 @ 1

[    0.361915] initcall init_fs_inode_sysctls+0x0/0x40 returned 0 after 0 usecs

[    0.369161] calling  init_fs_locks_sysctls+0x0/0x3c @ 1

[    0.374543] initcall init_fs_locks_sysctls+0x0/0x3c returned 0 after 0 usecs

[    0.381801] calling  init_fs_sysctls+0x0/0x3c @ 1

[    0.386646] initcall init_fs_sysctls+0x0/0x3c returned 0 after 0 usecs

[    0.393362] calling  init_security_keys_sysctls+0x0/0x3c @ 1

[    0.399189] initcall init_security_keys_sysctls+0x0/0x3c returned 0 after 0 usecs

[    0.406889] calling  dynamic_debug_init+0x0/0x2d8 @ 1

[    0.412499] initcall dynamic_debug_init+0x0/0x2d8 returned 0 after 0 usecs

[    0.419580] calling  its_fsl_mc_msi_init+0x0/0xb4 @ 1

[    0.425084] initcall its_fsl_mc_msi_init+0x0/0xb4 returned 0 after 0 usecs

[    0.432162] calling  cci_init+0x0/0x30 @ 1

[    0.436740] initcall cci_init+0x0/0x30 returned -19 after 0 usecs

[    0.443020] calling  brcmstb_soc_device_early_init+0x0/0xa8 @ 1

[    0.450039] initcall brcmstb_soc_device_early_init+0x0/0xa8 returned 0 after 0 usecs

[    0.458014] calling  brcmstb_biuctrl_init+0x0/0x4c8 @ 1

[    0.463534] initcall brcmstb_biuctrl_init+0x0/0x4c8 returned 0 after 0 usecs

[    0.470784] calling  renesas_soc_init+0x0/0x398 @ 1

[    0.475819] initcall renesas_soc_init+0x0/0x398 returned -19 after 0 usecs

[    0.482892] calling  tegra_init_fuse+0x0/0x20c @ 1

[    0.488839] initcall tegra_init_fuse+0x0/0x20c returned 0 after 1000 usecs

[    0.495914] calling  tegra_flowctrl_init+0x0/0x100 @ 1

[    0.501215] initcall tegra_flowctrl_init+0x0/0x100 returned 0 after 0 usecs

[    0.508374] calling  tegra_pmc_early_init+0x0/0x2a8 @ 1

[    0.514672] initcall tegra_pmc_early_init+0x0/0x2a8 returned 0 after 0 usecs

[    0.521935] calling  tegra186_ari_init+0x0/0x7c @ 1

[    0.526960] initcall tegra186_ari_init+0x0/0x7c returned 0 after 0 usecs

[    0.533860] calling  rcar_sysc_pd_init+0x0/0x434 @ 1

[    0.540082] initcall rcar_sysc_pd_init+0x0/0x434 returned -19 after 1000 usecs

[    0.547514] calling  unpopulated_init+0x0/0x70 @ 1

[    0.552454] initcall unpopulated_init+0x0/0x70 returned -19 after 0 usecs

[    0.559442] calling  efi_memreserve_root_init+0x0/0x54 @ 1

[    0.565098] initcall efi_memreserve_root_init+0x0/0x54 returned 0 after 0 usecs

[    0.572612] calling  arm_enable_runtime_services+0x0/0x2e0 @ 1

[    0.578624] Remapping and enabling EFI services.

[    0.583461] initcall arm_enable_runtime_services+0x0/0x2e0 returned 0 after 1000 usecs

[    0.591605] calling  efi_earlycon_remap_fb+0x0/0x7c @ 1

[    0.596985] initcall efi_earlycon_remap_fb+0x0/0x7c returned 0 after 0 usecs

[    0.604242] calling  dummy_timer_register+0x0/0x3c @ 1

[    0.609542] initcall dummy_timer_register+0x0/0x3c returned 0 after 0 usecs

[    0.616935] smp: Bringing up secondary CPUs ...

[    0.622296] Detected VIPT I-cache on CPU1

[    0.622439] GICv3: CPU1: found redistributor 100 region 0:0x0000000017a80000

[    0.622477] CPU1: Booted secondary processor 0x0000000100 [0x412fd050]

[    0.623117] Detected VIPT I-cache on CPU2

[    0.623235] GICv3: CPU2: found redistributor 200 region 0:0x0000000017aa0000

[    0.623260] CPU2: Booted secondary processor 0x0000000200 [0x412fd050]

[    0.623820] Detected VIPT I-cache on CPU3

[    0.623936] GICv3: CPU3: found redistributor 300 region 0:0x0000000017ac0000

[    0.623959] CPU3: Booted secondary processor 0x0000000300 [0x412fd050]

[    0.625045] CPU features: detected: Spectre-v4

[    0.625049] CPU features: detected: Spectre-BHB

[    0.625051] CPU features: detected: SSBS not fully self-synchronizing

[    0.625052] Detected PIPT I-cache on CPU4

[    0.625093] GICv3: CPU4: found redistributor 400 region 0:0x0000000017ae0000

[    0.625105] CPU4: Booted secondary processor 0x0000000400 [0x411fd411]

[    0.625664] Detected PIPT I-cache on CPU5

[    0.625705] GICv3: CPU5: found redistributor 500 region 0:0x0000000017b00000

[    0.625718] CPU5: Booted secondary processor 0x0000000500 [0x411fd411]

[    0.626286] Detected PIPT I-cache on CPU6

[    0.626329] GICv3: CPU6: found redistributor 600 region 0:0x0000000017b20000

[    0.626341] CPU6: Booted secondary processor 0x0000000600 [0x411fd411]

[    0.626976] Detected PIPT I-cache on CPU7

[    0.627014] GICv3: CPU7: found redistributor 700 region 0:0x0000000017b40000

[    0.627026] CPU7: Booted secondary processor 0x0000000700 [0x411fd411]

[    0.627085] smp: Brought up 1 node, 8 CPUs

[    0.773747] SMP: Total of 8 processors activated.

[    0.778594] CPU: All CPU(s) started at EL1

[    0.782826] CPU features: detected: 32-bit EL0 Support

[    0.788118] CPU features: detected: Data cache clean to the PoU not required for I/D coherence

[    0.796964] CPU features: detected: Common not Private translations

[    0.803408] CPU features: detected: CRC32 instructions

[    0.808697] CPU features: detected: Data cache clean to Point of Persistence

[    0.815952] CPU features: detected: RCpc load-acquire (LDAPR)

[    0.821869] CPU features: detected: LSE atomic instructions

[    0.827599] CPU features: detected: Privileged Access Never

[    0.833329] CPU features: detected: PMUv3

[    0.837454] CPU features: detected: RAS Extension Support

[    0.843016] CPU features: detected: Speculative Store Bypassing Safe (SSBS)

[    0.850233] alternatives: applying system-wide alternatives

[    0.859770] CPU features: detected: Hardware dirty bit management on CPU4-7

[    0.867274] Memory: 7702836K/8145356K available (19776K kernel code, 12414K rwdata, 16268K rodata, 14080K init, 3096K bss, 403620K reserved, 32768K cma-reserved)

[    0.883875] devtmpfs: initialized

[    0.892084] entering initcall level: pure

[    0.896234] calling  bpf_jit_charge_init+0x0/0x4c @ 1

[    0.901436] initcall bpf_jit_charge_init+0x0/0x4c returned 0 after 0 usecs

[    0.908494] calling  ipc_ns_init+0x0/0x68 @ 1

[    0.912992] initcall ipc_ns_init+0x0/0x68 returned 0 after 0 usecs

[    0.919339] calling  init_mmap_min_addr+0x0/0x5c @ 1

[    0.924458] initcall init_mmap_min_addr+0x0/0x5c returned 0 after 0 usecs

[    0.931433] calling  pci_realloc_setup_params+0x0/0x68 @ 1

[    0.937069] initcall pci_realloc_setup_params+0x0/0x68 returned 0 after 0 usecs

[    0.944575] calling  tegra194_cbb_init+0x0/0x28 @ 1

[    0.949593] initcall tegra194_cbb_init+0x0/0x28 returned 0 after 0 usecs

[    0.956478] calling  tegra234_cbb_init+0x0/0x28 @ 1

[    0.961488] initcall tegra234_cbb_init+0x0/0x28 returned 0 after 0 usecs

[    0.968372] calling  inet_frag_wq_init+0x0/0x54 @ 1

[    0.973510] initcall inet_frag_wq_init+0x0/0x54 returned 0 after 0 usecs

[    0.980472] entering initcall level: core

[    0.984601] calling  fpsimd_init+0x0/0xec @ 1

[    0.989085] initcall fpsimd_init+0x0/0xec returned 0 after 0 usecs

[    0.995429] calling  tagged_addr_init+0x0/0x3c @ 1

[    1.000358] initcall tagged_addr_init+0x0/0x3c returned 0 after 0 usecs

[    1.007145] calling  init_amu_fie+0x0/0x28 @ 1

[    1.011718] initcall init_amu_fie+0x0/0x28 returned 0 after 0 usecs

[    1.018149] calling  init_watchdog_freq_notifier+0x0/0x28 @ 1

[    1.024059] initcall init_watchdog_freq_notifier+0x0/0x28 returned 0 after 0 usecs

[    1.031826] calling  arm64_efi_rt_init+0x0/0xb8 @ 1

[    1.036845] initcall arm64_efi_rt_init+0x0/0xb8 returned 0 after 0 usecs

[    1.043730] calling  armv8_deprecated_init+0x0/0x1d0 @ 1

[    1.049207] initcall armv8_deprecated_init+0x0/0x1d0 returned 0 after 0 usecs

[    1.056535] calling  map_entry_trampoline+0x0/0x160 @ 1

[    1.061907] initcall map_entry_trampoline+0x0/0x160 returned 0 after 0 usecs

[    1.069148] calling  alloc_frozen_cpus+0x0/0x3c @ 1

[    1.074158] initcall alloc_frozen_cpus+0x0/0x3c returned 0 after 0 usecs

[    1.081040] calling  cpu_hotplug_pm_sync_init+0x0/0x2c @ 1

[    1.086675] initcall cpu_hotplug_pm_sync_init+0x0/0x2c returned 0 after 0 usecs

[    1.094183] calling  wq_sysfs_init+0x0/0x34 @ 1

[    1.098853] initcall wq_sysfs_init+0x0/0x34 returned 0 after 0 usecs

[    1.105386] calling  ksysfs_init+0x0/0xd0 @ 1

[    1.109874] initcall ksysfs_init+0x0/0xd0 returned 0 after 0 usecs

[    1.116218] calling  schedutil_gov_init+0x0/0x24 @ 1

[    1.121315] initcall schedutil_gov_init+0x0/0x24 returned 0 after 0 usecs

[    1.128284] calling  pm_init+0x0/0x90 @ 1

[    1.132430] initcall pm_init+0x0/0x90 returned 0 after 0 usecs

[    1.138422] calling  pm_disk_init+0x0/0x2c @ 1

[    1.142993] initcall pm_disk_init+0x0/0x2c returned 0 after 0 usecs

[    1.149425] calling  swsusp_header_init+0x0/0x40 @ 1

[    1.154522] initcall swsusp_header_init+0x0/0x40 returned 0 after 0 usecs

[    1.161491] calling  rcu_set_runtime_mode+0x0/0x2c @ 1

[    1.166773] initcall rcu_set_runtime_mode+0x0/0x2c returned 0 after 0 usecs

[    1.173916] calling  rcu_init_tasks_generic+0x0/0xe0 @ 1

[    1.179493] initcall rcu_init_tasks_generic+0x0/0xe0 returned 0 after 0 usecs

[    1.186822] calling  init_jiffies_clocksource+0x0/0x2c @ 1

[    1.192457] clocksource: jiffies: mask: 0xffffffff max_cycles: 0xffffffff, max_idle_ns: 1911260446275000 ns

[    1.202454] initcall init_jiffies_clocksource+0x0/0x2c returned 0 after 10000 usecs

[    1.210321] calling  posixtimer_init+0x0/0x12c @ 1

[    1.215258] posixtimers hash table entries: 4096 (order: 4, 65536 bytes, linear)

[    1.222855] initcall posixtimer_init+0x0/0x12c returned 0 after 7000 usecs

[    1.229914] calling  futex_init+0x0/0x1e0 @ 1

[    1.234406] futex hash table entries: 2048 (131072 bytes on 1 NUMA nodes, total 128 KiB, linear).

[    1.243511] initcall futex_init+0x0/0x1e0 returned 0 after 9000 usecs

[    1.250127] calling  cgroup_wq_init+0x0/0x8c @ 1

[    1.254878] initcall cgroup_wq_init+0x0/0x8c returned 0 after 0 usecs

[    1.261494] calling  cgroup1_wq_init+0x0/0x40 @ 1

[    1.266335] initcall cgroup1_wq_init+0x0/0x40 returned 0 after 0 usecs

[    1.273038] calling  cpu_pm_init+0x0/0x28 @ 1

[    1.277523] initcall cpu_pm_init+0x0/0x28 returned 0 after 0 usecs

[    1.283869] calling  bpf_offload_init+0x0/0x2c @ 1

[    1.288795] initcall bpf_offload_init+0x0/0x2c returned 0 after 0 usecs

[    1.295591] calling  cgroup_bpf_wq_init+0x0/0x48 @ 1

[    1.300701] initcall cgroup_bpf_wq_init+0x0/0x48 returned 0 after 0 usecs

[    1.307672] calling  init_events_core_sysctls+0x0/0x3c @ 1

[    1.313311] initcall init_events_core_sysctls+0x0/0x3c returned 0 after 0 usecs

[    1.320821] calling  init_callchain_sysctls+0x0/0x3c @ 1

[    1.326286] initcall init_callchain_sysctls+0x0/0x3c returned 0 after 0 usecs

[    1.333612] calling  memory_failure_init+0x0/0xd8 @ 1

[    1.338812] initcall memory_failure_init+0x0/0xd8 returned 0 after 0 usecs

[    1.345869] calling  cma_init_reserved_areas+0x0/0x330 @ 1

[    1.351598] initcall cma_init_reserved_areas+0x0/0x330 returned 0 after 0 usecs

[    1.359113] calling  balloon_init+0x0/0x28 @ 1

[    1.363685] initcall balloon_init+0x0/0x28 returned 0 after 0 usecs

[    1.370116] calling  execmem_late_init+0x0/0x1a8 @ 1

[    1.375223] 2G module region forced by RANDOMIZE_MODULE_REGION_FULL

[    1.381653] 0 pages in range for non-PLT usage

[    1.381655] 507808 pages in range for PLT usage

[    1.386223] initcall execmem_late_init+0x0/0x1a8 returned 0 after 11000 usecs

[    1.398202] calling  fsnotify_init+0x0/0x9c @ 1

[    1.402866] initcall fsnotify_init+0x0/0x9c returned 0 after 0 usecs

[    1.409398] calling  filelock_init+0x0/0x160 @ 1

[    1.414154] initcall filelock_init+0x0/0x160 returned 0 after 0 usecs

[    1.420772] calling  init_script_binfmt+0x0/0x2c @ 1

[    1.425880] initcall init_script_binfmt+0x0/0x2c returned 0 after 0 usecs

[    1.432848] calling  init_elf_binfmt+0x0/0x2c @ 1

[    1.437687] initcall init_elf_binfmt+0x0/0x2c returned 0 after 0 usecs

[    1.444387] calling  init_compat_elf_binfmt+0x0/0x2c @ 1

[    1.449851] initcall init_compat_elf_binfmt+0x0/0x2c returned 0 after 0 usecs

[    1.457178] calling  configfs_init+0x0/0xf8 @ 1

[    1.461839] initcall configfs_init+0x0/0xf8 returned 0 after 0 usecs

[    1.468370] calling  debugfs_init+0x0/0x128 @ 1

[    1.473031] initcall debugfs_init+0x0/0x128 returned 0 after 0 usecs

[    1.479562] calling  securityfs_init+0x0/0xc4 @ 1

[    1.484569] initcall securityfs_init+0x0/0xc4 returned 0 after 0 usecs

[    1.491274] calling  cci_platform_init+0x0/0x28 @ 1

[    1.496292] initcall cci_platform_init+0x0/0x28 returned 0 after 0 usecs

[    1.503175] calling  pinctrl_init+0x0/0xdc @ 1

[    1.507745] pinctrl core: initialized pinctrl subsystem

[    1.513138] initcall pinctrl_init+0x0/0xdc returned 0 after 6000 usecs

[    1.519843] calling  rzg2l_pinctrl_init+0x0/0x28 @ 1

[    1.524955] initcall rzg2l_pinctrl_init+0x0/0x28 returned 0 after 0 usecs

[    1.531926] calling  rzt2h_pinctrl_init+0x0/0x28 @ 1

[    1.537024] initcall rzt2h_pinctrl_init+0x0/0x28 returned 0 after 0 usecs

[    1.543994] calling  rzv2m_pinctrl_init+0x0/0x28 @ 1

[    1.549105] initcall rzv2m_pinctrl_init+0x0/0x28 returned 0 after 0 usecs

[    1.556077] calling  gpiolib_dev_init+0x0/0x1d4 @ 1

[    1.561094] initcall gpiolib_dev_init+0x0/0x1d4 returned 0 after 0 usecs

[    1.567979] calling  s500_clk_init+0x0/0x28 @ 1

[    1.572640] initcall s500_clk_init+0x0/0x28 returned 0 after 0 usecs

[    1.579170] calling  s700_clk_init+0x0/0x28 @ 1

[    1.583826] initcall s700_clk_init+0x0/0x28 returned 0 after 0 usecs

[    1.590356] calling  s900_clk_init+0x0/0x28 @ 1

[    1.595012] initcall s900_clk_init+0x0/0x28 returned 0 after 0 usecs

[    1.601542] calling  hi3516cv300_crg_init+0x0/0x28 @ 1

[    1.606829] initcall hi3516cv300_crg_init+0x0/0x28 returned 0 after 0 usecs

[    1.613982] calling  hi3519_clk_init+0x0/0x28 @ 1

[    1.618824] initcall hi3519_clk_init+0x0/0x28 returned 0 after 0 usecs

[    1.625526] calling  hi3559av100_crg_init+0x0/0x28 @ 1

[    1.630808] initcall hi3559av100_crg_init+0x0/0x28 returned 0 after 0 usecs

[    1.637951] calling  hi3660_clk_init+0x0/0x28 @ 1

[    1.642792] initcall hi3660_clk_init+0x0/0x28 returned 0 after 0 usecs

[    1.649492] calling  hi3670_clk_init+0x0/0x28 @ 1

[    1.654333] initcall hi3670_clk_init+0x0/0x28 returned 0 after 0 usecs

[    1.661033] calling  hi3798cv200_crg_init+0x0/0x28 @ 1

[    1.666315] initcall hi3798cv200_crg_init+0x0/0x28 returned 0 after 0 usecs

[    1.673459] calling  gcc_ipq5018_init+0x0/0x28 @ 1

[    1.678384] initcall gcc_ipq5018_init+0x0/0x28 returned 0 after 0 usecs

[    1.685182] calling  gcc_ipq5332_init+0x0/0x28 @ 1

[    1.690109] initcall gcc_ipq5332_init+0x0/0x28 returned 0 after 0 usecs

[    1.696906] calling  gcc_ipq5424_init+0x0/0x28 @ 1

[    1.701832] initcall gcc_ipq5424_init+0x0/0x28 returned 0 after 0 usecs

[    1.708618] calling  gcc_ipq6018_init+0x0/0x28 @ 1

[    1.713545] initcall gcc_ipq6018_init+0x0/0x28 returned 0 after 0 usecs

[    1.720330] calling  gcc_ipq8074_init+0x0/0x28 @ 1

[    1.725257] initcall gcc_ipq8074_init+0x0/0x28 returned 0 after 0 usecs

[    1.732054] calling  gcc_ipq9574_init+0x0/0x28 @ 1

[    1.736979] initcall gcc_ipq9574_init+0x0/0x28 returned 0 after 0 usecs

[    1.743766] calling  gcc_msm8916_init+0x0/0x28 @ 1

[    1.748691] initcall gcc_msm8916_init+0x0/0x28 returned 0 after 0 usecs

[    1.755478] calling  gcc_msm8994_init+0x0/0x28 @ 1

[    1.760404] initcall gcc_msm8994_init+0x0/0x28 returned 0 after 0 usecs

[    1.767201] calling  gcc_msm8996_init+0x0/0x28 @ 1

[    1.772128] initcall gcc_msm8996_init+0x0/0x28 returned 0 after 0 usecs

[    1.778925] calling  gcc_msm8998_init+0x0/0x28 @ 1

[    1.783850] initcall gcc_msm8998_init+0x0/0x28 returned 0 after 0 usecs

[    1.790639] calling  clk_rpmh_init+0x0/0x28 @ 1

[    1.795298] initcall clk_rpmh_init+0x0/0x28 returned 0 after 0 usecs

[    1.801829] calling  rpm_smd_clk_init+0x0/0x28 @ 1

[    1.806755] initcall rpm_smd_clk_init+0x0/0x28 returned 0 after 0 usecs

[    1.813552] calling  gcc_qcs404_init+0x0/0x28 @ 1

[    1.818395] initcall gcc_qcs404_init+0x0/0x28 returned 0 after 0 usecs

[    1.825096] calling  gcc_sa8775p_init+0x0/0x28 @ 1

[    1.830021] initcall gcc_sa8775p_init+0x0/0x28 returned 0 after 0 usecs

[    1.836818] calling  gcc_sc7180_init+0x0/0x28 @ 1

[    1.841659] initcall gcc_sc7180_init+0x0/0x28 returned 0 after 0 usecs

[    1.848359] calling  gcc_sc8180x_init+0x0/0x28 @ 1

[    1.853284] initcall gcc_sc8180x_init+0x0/0x28 returned 0 after 0 usecs

[    1.860071] calling  gcc_sdm845_init+0x0/0x28 @ 1

[    1.864911] initcall gcc_sdm845_init+0x0/0x28 returned 0 after 0 usecs

[    1.871612] calling  artpec8_cmu_init+0x0/0x28 @ 1

[    1.876538] initcall artpec8_cmu_init+0x0/0x28 returned 0 after 0 usecs

[    1.883336] calling  exynos5433_cmu_init+0x0/0x28 @ 1

[    1.888536] initcall exynos5433_cmu_init+0x0/0x28 returned 0 after 0 usecs

[    1.895592] calling  exynos2200_cmu_init+0x0/0x28 @ 1

[    1.900789] initcall exynos2200_cmu_init+0x0/0x28 returned 0 after 0 usecs

[    1.907847] calling  exynos7870_cmu_init+0x0/0x28 @ 1

[    1.913044] initcall exynos7870_cmu_init+0x0/0x28 returned 0 after 0 usecs

[    1.920102] calling  exynos7885_cmu_init+0x0/0x28 @ 1

[    1.925302] initcall exynos7885_cmu_init+0x0/0x28 returned 0 after 0 usecs

[    1.932359] calling  exynos850_cmu_init+0x0/0x28 @ 1

[    1.937468] initcall exynos850_cmu_init+0x0/0x28 returned 0 after 0 usecs

[    1.944439] calling  exynos8895_cmu_init+0x0/0x28 @ 1

[    1.949636] initcall exynos8895_cmu_init+0x0/0x28 returned 0 after 0 usecs

[    1.956693] calling  exynos990_cmu_init+0x0/0x28 @ 1

[    1.961803] initcall exynos990_cmu_init+0x0/0x28 returned 0 after 0 usecs

[    1.968772] calling  exynosautov9_cmu_init+0x0/0x28 @ 1

[    1.974141] initcall exynosautov9_cmu_init+0x0/0x28 returned 0 after 0 usecs

[    1.981381] calling  exynosautov920_cmu_init+0x0/0x28 @ 1

[    1.986932] initcall exynosautov920_cmu_init+0x0/0x28 returned 0 after 0 usecs

[    1.994344] calling  gs101_cmu_init+0x0/0x28 @ 1

[    1.999087] initcall gs101_cmu_init+0x0/0x28 returned 0 after 0 usecs

[    2.005704] calling  fsd_cmu_init+0x0/0x28 @ 1

[    2.010277] initcall fsd_cmu_init+0x0/0x28 returned 0 after 0 usecs

[    2.016709] calling  s10_clk_init+0x0/0x28 @ 1

[    2.021282] initcall s10_clk_init+0x0/0x28 returned 0 after 0 usecs

[    2.027715] calling  agilex_clk_init+0x0/0x28 @ 1

[    2.032557] initcall agilex_clk_init+0x0/0x28 returned 0 after 0 usecs

[    2.039260] calling  stm32mp21_clocks_init+0x0/0x28 @ 1

[    2.044628] initcall stm32mp21_clocks_init+0x0/0x28 returned 0 after 0 usecs

[    2.051871] calling  stm32mp25_clocks_init+0x0/0x28 @ 1

[    2.057242] initcall stm32mp25_clocks_init+0x0/0x28 returned 0 after 0 usecs

[    2.064483] calling  fsl_guts_init+0x0/0x34c @ 1

[    2.069765] initcall fsl_guts_init+0x0/0x34c returned 0 after 1000 usecs

[    2.076652] calling  cmd_db_device_init+0x0/0x28 @ 1

[    2.081766] initcall cmd_db_device_init+0x0/0x28 returned 0 after 0 usecs

[    2.088737] calling  rpmh_driver_init+0x0/0x28 @ 1

[    2.093663] initcall rpmh_driver_init+0x0/0x28 returned 0 after 0 usecs

[    2.100460] calling  rpmpd_init+0x0/0x28 @ 1

[    2.104847] initcall rpmpd_init+0x0/0x28 returned 0 after 0 usecs

[    2.111107] calling  rpmhpd_init+0x0/0x28 @ 1

[    2.115591] initcall rpmhpd_init+0x0/0x28 returned 0 after 0 usecs

[    2.121936] calling  exynos4_pm_init_power_domain+0x0/0x28 @ 1

[    2.127931] initcall exynos4_pm_init_power_domain+0x0/0x28 returned 0 after 0 usecs

[    2.135796] calling  genpd_bus_init+0x0/0xe8 @ 1

[    2.140555] initcall genpd_bus_init+0x0/0xe8 returned 0 after 1000 usecs

[    2.147440] calling  virtio_init+0x0/0x34 @ 1

[    2.151927] initcall virtio_init+0x0/0x34 returned 0 after 0 usecs

[    2.158272] calling  regulator_init+0x0/0x138 @ 1

[    2.163168] probe of reg-dummy returned 0 after 0 usecs

[    2.168537] initcall regulator_init+0x0/0x138 returned 0 after 5000 usecs

[    2.175507] calling  iommu_init+0x0/0x44 @ 1

[    2.179894] initcall iommu_init+0x0/0x44 returned 0 after 0 usecs

[    2.186153] calling  component_debug_init+0x0/0x38 @ 1

[    2.191436] initcall component_debug_init+0x0/0x38 returned 0 after 0 usecs

[    2.198590] calling  soc_bus_register+0x0/0x54 @ 1

[    2.203517] initcall soc_bus_register+0x0/0x54 returned 0 after 0 usecs

[    2.210303] calling  register_cpufreq_notifier+0x0/0xd0 @ 1

[    2.216024] initcall register_cpufreq_notifier+0x0/0xd0 returned 0 after 0 usecs

[    2.223620] calling  altr_sysmgr_init+0x0/0x28 @ 1

[    2.228548] initcall altr_sysmgr_init+0x0/0x28 returned 0 after 0 usecs

[    2.235346] calling  opp_debug_init+0x0/0x38 @ 1

[    2.240092] initcall opp_debug_init+0x0/0x38 returned 0 after 0 usecs

[    2.246708] calling  cpufreq_core_init+0x0/0x118 @ 1

[    2.251818] initcall cpufreq_core_init+0x0/0x118 returned 0 after 0 usecs

[    2.258789] calling  cpufreq_gov_performance_init+0x0/0x24 @ 1

[    2.264780] initcall cpufreq_gov_performance_init+0x0/0x24 returned 0 after 0 usecs

[    2.272646] calling  CPU_FREQ_GOV_ONDEMAND_init+0x0/0x28 @ 1

[    2.278454] initcall CPU_FREQ_GOV_ONDEMAND_init+0x0/0x28 returned 0 after 0 usecs

[    2.286137] calling  cpufreq_dt_platdev_init+0x0/0x130 @ 1

[    2.291781] initcall cpufreq_dt_platdev_init+0x0/0x130 returned -19 after 0 usecs

[    2.299465] calling  cpuidle_init+0x0/0x30 @ 1

[    2.304038] initcall cpuidle_init+0x0/0x30 returned 0 after 0 usecs

[    2.310473] calling  psci_idle_init_domains+0x0/0x28 @ 1

[    2.315940] initcall psci_idle_init_domains+0x0/0x28 returned 0 after 0 usecs

[    2.323268] calling  capsule_reboot_register+0x0/0x2c @ 1

[    2.328818] initcall capsule_reboot_register+0x0/0x2c returned 0 after 0 usecs

[    2.336228] calling  arm_dmi_init+0x0/0x20 @ 1

[    2.340821] SMBIOS 3.3 present.

[    2.344056] DMI: Radxa Computer Co., Ltd. Radxa Dragon Q6A/Radxa Dragon Q6A, BIOS 6.0.260120.BOOT.MXF.1.0.1-00549-KODIAKWP-1 01/20/2026

[    2.356548] DMI: Memory slots populated: 1/1

[    2.360932] initcall arm_dmi_init+0x0/0x20 returned 0 after 20000 usecs

[    2.367718] calling  arch_timer_evtstrm_register+0x0/0x68 @ 1

[    2.373730] initcall arch_timer_evtstrm_register+0x0/0x68 returned 0 after 0 usecs

[    2.381501] calling  hi3660_mbox_init+0x0/0x28 @ 1

[    2.386432] initcall hi3660_mbox_init+0x0/0x28 returned 0 after 0 usecs

[    2.393219] calling  hi6220_mbox_init+0x0/0x28 @ 1

[    2.398146] initcall hi6220_mbox_init+0x0/0x28 returned 0 after 0 usecs

[    2.404931] calling  tegra_hsp_init+0x0/0x28 @ 1

[    2.409676] initcall tegra_hsp_init+0x0/0x28 returned 0 after 0 usecs

[    2.416291] calling  qnoc_driver_init+0x0/0x28 @ 1

[    2.421217] initcall qnoc_driver_init+0x0/0x28 returned 0 after 0 usecs

[    2.428004] calling  qnoc_driver_init+0x0/0x28 @ 1

[    2.432929] initcall qnoc_driver_init+0x0/0x28 returned 0 after 0 usecs

[    2.439715] calling  qnoc_driver_init+0x0/0x28 @ 1

[    2.444643] initcall qnoc_driver_init+0x0/0x28 returned 0 after 0 usecs

[    2.451429] calling  qnoc_driver_init+0x0/0x28 @ 1

[    2.456356] initcall qnoc_driver_init+0x0/0x28 returned 0 after 0 usecs

[    2.463142] calling  qnoc_driver_init+0x0/0x28 @ 1

[    2.468067] initcall qnoc_driver_init+0x0/0x28 returned 0 after 0 usecs

[    2.474854] calling  qnoc_driver_init+0x0/0x28 @ 1

[    2.479781] initcall qnoc_driver_init+0x0/0x28 returned 0 after 0 usecs

[    2.486579] calling  qnoc_driver_init+0x0/0x28 @ 1

[    2.491506] initcall qnoc_driver_init+0x0/0x28 returned 0 after 0 usecs

[    2.498303] calling  qnoc_driver_init+0x0/0x28 @ 1

[    2.503229] initcall qnoc_driver_init+0x0/0x28 returned 0 after 0 usecs

[    2.510015] calling  qnoc_driver_init+0x0/0x28 @ 1

[    2.514941] initcall qnoc_driver_init+0x0/0x28 returned 0 after 0 usecs

[    2.521739] calling  qnoc_driver_init+0x0/0x28 @ 1

[    2.526666] initcall qnoc_driver_init+0x0/0x28 returned 0 after 0 usecs

[    2.533464] calling  qnoc_driver_init+0x0/0x28 @ 1

[    2.538390] initcall qnoc_driver_init+0x0/0x28 returned 0 after 0 usecs

[    2.545176] calling  qnoc_driver_init+0x0/0x28 @ 1

[    2.550104] initcall qnoc_driver_init+0x0/0x28 returned 0 after 0 usecs

[    2.556890] calling  qnoc_driver_init+0x0/0x28 @ 1

[    2.561818] initcall qnoc_driver_init+0x0/0x28 returned 0 after 0 usecs

[    2.568618] calling  sock_init+0x0/0x108 @ 1

[    2.574120] initcall sock_init+0x0/0x108 returned 0 after 1000 usecs

[    2.580672] calling  net_inuse_init+0x0/0x38 @ 1

[    2.585419] initcall net_inuse_init+0x0/0x38 returned 0 after 0 usecs

[    2.592035] calling  sock_struct_check+0x0/0x8 @ 1

[    2.596959] initcall sock_struct_check+0x0/0x8 returned 0 after 0 usecs

[    2.603757] calling  init_default_flow_dissectors+0x0/0x64 @ 1

[    2.609750] initcall init_default_flow_dissectors+0x0/0x64 returned 0 after 0 usecs

[    2.617615] calling  netlink_proto_init+0x0/0x194 @ 1

[    2.622836] NET: Registered PF_NETLINK/PF_ROUTE protocol family

[    2.628938] initcall netlink_proto_init+0x0/0x194 returned 0 after 7000 usecs

[    2.636267] calling  genl_init+0x0/0x70 @ 1

[    2.640575] initcall genl_init+0x0/0x70 returned 0 after 0 usecs

[    2.646749] calling  __gnttab_init+0x0/0x40 @ 1

[    2.651407] initcall __gnttab_init+0x0/0x40 returned -19 after 0 usecs

[    2.658206] entering initcall level: postcore

[    2.662689] calling  debug_monitors_init+0x0/0x3c @ 1

[    2.667969] initcall debug_monitors_init+0x0/0x3c returned 0 after 0 usecs

[    2.675030] calling  init_overflow_sysctl+0x0/0x3c @ 1

[    2.680321] initcall init_overflow_sysctl+0x0/0x3c returned 0 after 0 usecs

[    2.687475] calling  pi_init+0x0/0x7c @ 1

[    2.691607] initcall pi_init+0x0/0x7c returned 0 after 0 usecs

[    2.697597] calling  irq_sysfs_init+0x0/0x124 @ 1

[    2.702491] initcall irq_sysfs_init+0x0/0x124 returned 0 after 0 usecs

[    2.709195] calling  dma_atomic_pool_init+0x0/0x158 @ 1

[    2.714874] DMA: preallocated 2048 KiB GFP_KERNEL pool for atomic allocations

[    2.722463] DMA: preallocated 2048 KiB GFP_KERNEL|GFP_DMA pool for atomic allocations

[    2.730759] DMA: preallocated 2048 KiB GFP_KERNEL|GFP_DMA32 pool for atomic allocations

[    2.739003] initcall dma_atomic_pool_init+0x0/0x158 returned 0 after 24000 usecs

[    2.746606] calling  audit_init+0x0/0x188 @ 1

[    2.751094] audit: initializing netlink subsys (disabled)

[    2.756775] initcall audit_init+0x0/0x188 returned 0 after 6000 usecs

[    2.756779] audit: type=2000 audit(2.019:1): state=initialized audit_enabled=0 res=1

[    2.763392] calling  bdi_class_init+0x0/0x50 @ 1

[    2.763409] initcall bdi_class_init+0x0/0x50 returned 0 after 0 usecs

[    2.782696] calling  mm_sysfs_init+0x0/0x40 @ 1

[    2.787353] initcall mm_sysfs_init+0x0/0x40 returned 0 after 0 usecs

[    2.793873] calling  init_per_zone_wmark_min+0x0/0x38 @ 1

[    2.799431] initcall init_per_zone_wmark_min+0x0/0x38 returned 0 after 0 usecs

[    2.806843] calling  irqc_init+0x0/0x28 @ 1

[    2.811161] initcall irqc_init+0x0/0x28 returned 0 after 0 usecs

[    2.817336] calling  fsl_mc_bus_driver_init+0x0/0xf0 @ 1

[    2.822823] initcall fsl_mc_bus_driver_init+0x0/0xf0 returned 0 after 0 usecs

[    2.830154] calling  sh_pfc_init+0x0/0x28 @ 1

[    2.834641] initcall sh_pfc_init+0x0/0x28 returned 0 after 0 usecs

[    2.840988] calling  samsung_pinctrl_drv_register+0x0/0x2c @ 1

[    2.846983] initcall samsung_pinctrl_drv_register+0x0/0x2c returned 0 after 0 usecs

[    2.854847] calling  acpi_gpio_setup_params+0x0/0x100 @ 1

[    2.860401] initcall acpi_gpio_setup_params+0x0/0x100 returned 0 after 0 usecs

[    2.867812] calling  davinci_gpio_drv_reg+0x0/0x28 @ 1

[    2.873098] initcall davinci_gpio_drv_reg+0x0/0x28 returned 0 after 0 usecs

[    2.880243] calling  pcibus_class_init+0x0/0x28 @ 1

[    2.885255] initcall pcibus_class_init+0x0/0x28 returned 0 after 0 usecs

[    2.892140] calling  pci_driver_init+0x0/0x3c @ 1

[    2.896985] initcall pci_driver_init+0x0/0x3c returned 0 after 0 usecs

[    2.903685] calling  backlight_class_init+0x0/0x84 @ 1

[    2.908968] initcall backlight_class_init+0x0/0x84 returned 0 after 0 usecs

[    2.916121] calling  amba_init+0x0/0x24 @ 1

[    2.920426] initcall amba_init+0x0/0x24 returned 0 after 0 usecs

[    2.926603] calling  ma35d1_clocks_init+0x0/0x28 @ 1

[    2.931713] initcall ma35d1_clocks_init+0x0/0x28 returned 0 after 0 usecs

[    2.938682] calling  qcom_apcs_msm8996_clk_init+0x0/0x28 @ 1

[    2.944494] initcall qcom_apcs_msm8996_clk_init+0x0/0x28 returned 0 after 0 usecs

[    2.952176] calling  qcom_msm8996_cbf_init+0x0/0x28 @ 1

[    2.957545] initcall qcom_msm8996_cbf_init+0x0/0x28 returned 0 after 0 usecs

[    2.964785] calling  mtk_infracfg_init+0x0/0x4c @ 1

[    2.969935] initcall mtk_infracfg_init+0x0/0x4c returned 0 after 1000 usecs

[    2.977081] calling  exynos_pmu_init+0x0/0x28 @ 1

[    2.981927] initcall exynos_pmu_init+0x0/0x28 returned 0 after 0 usecs

[    2.988629] calling  owl_sps_init+0x0/0x28 @ 1

[    2.993203] initcall owl_sps_init+0x0/0x28 returned 0 after 0 usecs

[    2.999635] calling  rcar_sysc_pd_init_provider+0x0/0x50 @ 1

[    3.005443] initcall rcar_sysc_pd_init_provider+0x0/0x50 returned -19 after 0 usecs

[    3.013309] calling  rcar_gen4_sysc_pd_init+0x0/0x3b4 @ 1

[    3.019006] initcall rcar_gen4_sysc_pd_init+0x0/0x3b4 returned -19 after 0 usecs

[    3.026605] calling  xenbus_init+0x0/0x3d4 @ 1

[    3.031176] initcall xenbus_init+0x0/0x3d4 returned -19 after 0 usecs

[    3.037790] calling  hi6220_reset_init+0x0/0x28 @ 1

[    3.042807] initcall hi6220_reset_init+0x0/0x28 returned 0 after 0 usecs

[    3.049692] calling  tty_class_init+0x0/0x28 @ 1

[    3.054435] initcall tty_class_init+0x0/0x28 returned 0 after 0 usecs

[    3.061051] calling  vtconsole_class_init+0x0/0x100 @ 1

[    3.066440] initcall vtconsole_class_init+0x0/0x100 returned 0 after 0 usecs

[    3.073683] calling  serdev_init+0x0/0x38 @ 1

[    3.078171] initcall serdev_init+0x0/0x38 returned 0 after 0 usecs

[    3.084517] calling  iommu_dev_init+0x0/0x24 @ 1

[    3.089260] initcall iommu_dev_init+0x0/0x24 returned 0 after 0 usecs

[    3.095875] calling  host1x_context_device_bus_init+0x0/0x60 @ 1

[    3.102053] initcall host1x_context_device_bus_init+0x0/0x60 returned 0 after 0 usecs

[    3.110090] calling  mipi_dsi_bus_init+0x0/0x28 @ 1

[    3.115103] initcall mipi_dsi_bus_init+0x0/0x28 returned 0 after 0 usecs

[    3.121988] calling  devlink_class_init+0x0/0x70 @ 1

[    3.127086] initcall devlink_class_init+0x0/0x70 returned 0 after 0 usecs

[    3.134055] calling  software_node_init+0x0/0x44 @ 1

[    3.139164] initcall software_node_init+0x0/0x44 returned 0 after 0 usecs

[    3.146135] calling  wakeup_sources_debugfs_init+0x0/0x40 @ 1

[    3.152044] initcall wakeup_sources_debugfs_init+0x0/0x40 returned 0 after 0 usecs

[    3.159814] calling  wakeup_sources_sysfs_init+0x0/0x34 @ 1

[    3.165545] initcall wakeup_sources_sysfs_init+0x0/0x34 returned 0 after 0 usecs

[    3.173140] calling  regmap_initcall+0x0/0x20 @ 1

[    3.177983] initcall regmap_initcall+0x0/0x20 returned 0 after 0 usecs

[    3.184684] calling  sram_init+0x0/0x28 @ 1

[    3.188986] initcall sram_init+0x0/0x28 returned 0 after 0 usecs

[    3.195161] calling  spi_init+0x0/0xfc @ 1

[    3.199382] initcall spi_init+0x0/0xfc returned 0 after 0 usecs

[    3.205458] calling  spmi_init+0x0/0x38 @ 1

[    3.209762] initcall spmi_init+0x0/0x38 returned 0 after 0 usecs

[    3.215937] calling  i2c_init+0x0/0x11c @ 1

[    3.220249] initcall i2c_init+0x0/0x11c returned 0 after 0 usecs

[    3.226413] calling  thermal_init+0x0/0x1b4 @ 1

[    3.231086] thermal_sys: Registered thermal governor 'fair_share'

[    3.231088] thermal_sys: Registered thermal governor 'step_wise'

[    3.237346] thermal_sys: Registered thermal governor 'user_space'

[    3.243520] thermal_sys: Registered thermal governor 'power_allocator'

[    3.249781] initcall thermal_init+0x0/0x1b4 returned 0 after 19000 usecs

[    3.263365] calling  qcom_cpufreq_hw_init+0x0/0x28 @ 1

[    3.268651] initcall qcom_cpufreq_hw_init+0x0/0x28 returned 0 after 0 usecs

[    3.275795] calling  init_ladder+0x0/0x50 @ 1

[    3.280299] cpuidle: using governor ladder

[    3.284513] initcall init_ladder+0x0/0x50 returned 0 after 4000 usecs

[    3.291129] calling  init_menu+0x0/0x24 @ 1

[    3.295443] cpuidle: using governor menu

[    3.299473] initcall init_menu+0x0/0x24 returned 0 after 4000 usecs

[    3.305905] calling  teo_governor_init+0x0/0x24 @ 1

[    3.310916] initcall teo_governor_init+0x0/0x24 returned 0 after 0 usecs

[    3.317800] calling  pcc_init+0x0/0xc8 @ 1

[    3.322014] initcall pcc_init+0x0/0xc8 returned -19 after 0 usecs

[    3.328273] calling  qcom_apcs_ipc_init+0x0/0x28 @ 1

[    3.333384] initcall qcom_apcs_ipc_init+0x0/0x28 returned 0 after 0 usecs

[    3.340353] calling  qcom_hwspinlock_init+0x0/0x28 @ 1

[    3.345638] initcall qcom_hwspinlock_init+0x0/0x28 returned 0 after 0 usecs

[    3.352780] calling  rpmsg_init+0x0/0xb4 @ 1

[    3.357169] initcall rpmsg_init+0x0/0xb4 returned 0 after 0 usecs

[    3.363430] calling  rpmsg_ns_init+0x0/0x68 @ 1

[    3.368090] initcall rpmsg_ns_init+0x0/0x68 returned 0 after 0 usecs

[    3.374622] calling  qrtr_proto_init+0x0/0x84 @ 1

[    3.379477] NET: Registered PF_QIPCRTR protocol family

[    3.384789] initcall qrtr_proto_init+0x0/0x84 returned 0 after 5000 usecs

[    3.391763] calling  kobject_uevent_init+0x0/0x24 @ 1

[    3.396962] initcall kobject_uevent_init+0x0/0x24 returned 0 after 0 usecs

[    3.404105] entering initcall level: arch

[    3.408235] calling  reserve_memblock_reserved_regions+0x0/0x188 @ 1

[    3.414775] initcall reserve_memblock_reserved_regions+0x0/0x188 returned 0 after 0 usecs

[    3.423168] calling  aarch32_alloc_vdso_pages+0x0/0xf0 @ 1

[    3.428804] initcall aarch32_alloc_vdso_pages+0x0/0xf0 returned 0 after 0 usecs

[    3.436313] calling  vdso_init+0x0/0x100 @ 1

[    3.440696] initcall vdso_init+0x0/0x100 returned 0 after 0 usecs

[    3.446956] calling  arm64_create_dummy_rsi_dev+0x0/0x48 @ 1

[    3.452776] initcall arm64_create_dummy_rsi_dev+0x0/0x48 returned 0 after 0 usecs

[    3.460460] calling  arch_hw_breakpoint_init+0x0/0xd4 @ 1

[    3.466009] hw-breakpoint: found 6 breakpoint and 4 watchpoint registers.

[    3.473120] initcall arch_hw_breakpoint_init+0x0/0xd4 returned 0 after 7000 usecs

[    3.480808] calling  adjust_protection_map+0x0/0x30 @ 1

[    3.486175] initcall adjust_protection_map+0x0/0x30 returned 0 after 0 usecs

[    3.493418] calling  asids_update_limit+0x0/0xb4 @ 1

[    3.498528] ASID allocator initialised with 32768 entries

[    3.504076] initcall asids_update_limit+0x0/0xb4 returned 0 after 5000 usecs

[    3.511317] calling  hugetlbpage_init+0x0/0x3c @ 1

[    3.516242] initcall hugetlbpage_init+0x0/0x3c returned 0 after 0 usecs

[    3.523029] calling  p2m_init+0x0/0x10 @ 1

[    3.527246] initcall p2m_init+0x0/0x10 returned 0 after 0 usecs

[    3.533321] calling  xen_mm_init+0x0/0x190 @ 1

[    3.537892] initcall xen_mm_init+0x0/0x190 returned 0 after 0 usecs

[    3.544326] calling  kcmp_cookies_init+0x0/0x58 @ 1

[    3.549336] initcall kcmp_cookies_init+0x0/0x58 returned 0 after 0 usecs

[    3.556220] calling  s700_pinctrl_init+0x0/0x28 @ 1

[    3.561241] initcall s700_pinctrl_init+0x0/0x28 returned 0 after 0 usecs

[    3.568127] calling  s900_pinctrl_init+0x0/0x28 @ 1

[    3.573139] initcall s900_pinctrl_init+0x0/0x28 returned 0 after 0 usecs

[    3.580024] calling  ns2_pinmux_init+0x0/0x28 @ 1

[    3.584868] initcall ns2_pinmux_init+0x0/0x28 returned 0 after 0 usecs

[    3.591570] calling  imx8mm_pinctrl_init+0x0/0x28 @ 1

[    3.596770] initcall imx8mm_pinctrl_init+0x0/0x28 returned 0 after 0 usecs

[    3.603827] calling  imx8mn_pinctrl_init+0x0/0x28 @ 1

[    3.609025] initcall imx8mn_pinctrl_init+0x0/0x28 returned 0 after 0 usecs

[    3.616082] calling  imx8mp_pinctrl_init+0x0/0x28 @ 1

[    3.621280] initcall imx8mp_pinctrl_init+0x0/0x28 returned 0 after 0 usecs

[    3.628338] calling  imx8mq_pinctrl_init+0x0/0x28 @ 1

[    3.633535] initcall imx8mq_pinctrl_init+0x0/0x28 returned 0 after 0 usecs

[    3.640592] calling  imx8qm_pinctrl_init+0x0/0x28 @ 1

[    3.645791] initcall imx8qm_pinctrl_init+0x0/0x28 returned 0 after 0 usecs

[    3.652847] calling  imx8qxp_pinctrl_init+0x0/0x28 @ 1

[    3.658130] initcall imx8qxp_pinctrl_init+0x0/0x28 returned 0 after 0 usecs

[    3.665273] calling  imx8dxl_pinctrl_init+0x0/0x28 @ 1

[    3.670555] initcall imx8dxl_pinctrl_init+0x0/0x28 returned 0 after 0 usecs

[    3.677698] calling  imx8ulp_pinctrl_init+0x0/0x28 @ 1

[    3.682981] initcall imx8ulp_pinctrl_init+0x0/0x28 returned 0 after 0 usecs

[    3.690124] calling  imx91_pinctrl_init+0x0/0x28 @ 1

[    3.695223] initcall imx91_pinctrl_init+0x0/0x28 returned 0 after 0 usecs

[    3.702192] calling  imx93_pinctrl_init+0x0/0x28 @ 1

[    3.707301] initcall imx93_pinctrl_init+0x0/0x28 returned 0 after 0 usecs

[    3.714271] calling  mtk_pinctrl_init+0x0/0x28 @ 1

[    3.719200] initcall mtk_pinctrl_init+0x0/0x28 returned 0 after 0 usecs

[    3.725987] calling  mt6765_pinctrl_init+0x0/0x28 @ 1

[    3.731186] initcall mt6765_pinctrl_init+0x0/0x28 returned 0 after 0 usecs

[    3.738245] calling  mt6779_pinctrl_init+0x0/0x28 @ 1

[    3.743445] initcall mt6779_pinctrl_init+0x0/0x28 returned 0 after 0 usecs

[    3.750502] calling  mtk_pinctrl_init+0x0/0x28 @ 1

[    3.755429] initcall mtk_pinctrl_init+0x0/0x28 returned 0 after 0 usecs

[    3.762228] calling  mt6797_pinctrl_init+0x0/0x28 @ 1

[    3.767425] initcall mt6797_pinctrl_init+0x0/0x28 returned 0 after 0 usecs

[    3.774481] calling  mt6893_pinctrl_init+0x0/0x28 @ 1

[    3.779680] initcall mt6893_pinctrl_init+0x0/0x28 returned 0 after 0 usecs

[    3.786738] calling  mt7622_pinctrl_init+0x0/0x28 @ 1

[    3.791936] initcall mt7622_pinctrl_init+0x0/0x28 returned 0 after 0 usecs

[    3.798994] calling  mt7981_pinctrl_init+0x0/0x28 @ 1

[    3.804194] initcall mt7981_pinctrl_init+0x0/0x28 returned 0 after 0 usecs

[    3.811252] calling  mt7986a_pinctrl_init+0x0/0x28 @ 1

[    3.816535] initcall mt7986a_pinctrl_init+0x0/0x28 returned 0 after 0 usecs

[    3.823678] calling  mt7986b_pinctrl_init+0x0/0x2c @ 1

[    3.828961] initcall mt7986b_pinctrl_init+0x0/0x2c returned 0 after 0 usecs

[    3.836104] calling  mt7988_pinctrl_init+0x0/0x28 @ 1

[    3.841303] initcall mt7988_pinctrl_init+0x0/0x28 returned 0 after 0 usecs

[    3.848362] calling  mtk_pinctrl_init+0x0/0x28 @ 1

[    3.853289] initcall mtk_pinctrl_init+0x0/0x28 returned 0 after 0 usecs

[    3.860076] calling  mtk_pinctrl_init+0x0/0x28 @ 1

[    3.865003] initcall mtk_pinctrl_init+0x0/0x28 returned 0 after 0 usecs

[    3.871789] calling  mt8183_pinctrl_init+0x0/0x28 @ 1

[    3.876991] initcall mt8183_pinctrl_init+0x0/0x28 returned 0 after 0 usecs

[    3.884048] calling  mt8186_pinctrl_init+0x0/0x28 @ 1

[    3.889246] initcall mt8186_pinctrl_init+0x0/0x28 returned 0 after 0 usecs

[    3.896305] calling  mt8188_pinctrl_init+0x0/0x28 @ 1

[    3.901506] initcall mt8188_pinctrl_init+0x0/0x28 returned 0 after 0 usecs

[    3.908564] calling  mt8189_pinctrl_init+0x0/0x28 @ 1

[    3.913763] initcall mt8189_pinctrl_init+0x0/0x28 returned 0 after 0 usecs

[    3.920820] calling  mt8192_pinctrl_init+0x0/0x28 @ 1

[    3.926018] initcall mt8192_pinctrl_init+0x0/0x28 returned 0 after 0 usecs

[    3.933075] calling  mt8195_pinctrl_init+0x0/0x28 @ 1

[    3.938274] initcall mt8195_pinctrl_init+0x0/0x28 returned 0 after 0 usecs

[    3.945332] calling  mt8196_pinctrl_init+0x0/0x28 @ 1

[    3.950531] initcall mt8196_pinctrl_init+0x0/0x28 returned 0 after 0 usecs

[    3.957588] calling  mtk_pinctrl_init+0x0/0x28 @ 1

[    3.962517] initcall mtk_pinctrl_init+0x0/0x28 returned 0 after 0 usecs

[    3.969315] calling  mtk_pinctrl_init+0x0/0x28 @ 1

[    3.974243] initcall mtk_pinctrl_init+0x0/0x28 returned 0 after 0 usecs

[    3.981030] calling  ipq5018_pinctrl_init+0x0/0x28 @ 1

[    3.986315] initcall ipq5018_pinctrl_init+0x0/0x28 returned 0 after 0 usecs

[    3.993460] calling  ipq5332_pinctrl_init+0x0/0x28 @ 1

[    3.998746] initcall ipq5332_pinctrl_init+0x0/0x28 returned 0 after 0 usecs

[    4.005901] calling  ipq5424_pinctrl_init+0x0/0x28 @ 1

[    4.011188] initcall ipq5424_pinctrl_init+0x0/0x28 returned 0 after 0 usecs

[    4.018331] calling  ipq8074_pinctrl_init+0x0/0x28 @ 1

[    4.023615] initcall ipq8074_pinctrl_init+0x0/0x28 returned 0 after 0 usecs

[    4.030758] calling  ipq6018_pinctrl_init+0x0/0x28 @ 1

[    4.036042] initcall ipq6018_pinctrl_init+0x0/0x28 returned 0 after 0 usecs

[    4.043185] calling  ipq9574_pinctrl_init+0x0/0x28 @ 1

[    4.048469] initcall ipq9574_pinctrl_init+0x0/0x28 returned 0 after 0 usecs

[    4.055612] calling  msm8916_pinctrl_init+0x0/0x28 @ 1

[    4.060896] initcall msm8916_pinctrl_init+0x0/0x28 returned 0 after 0 usecs

[    4.068050] calling  msm8953_pinctrl_init+0x0/0x28 @ 1

[    4.073335] initcall msm8953_pinctrl_init+0x0/0x28 returned 0 after 0 usecs

[    4.080479] calling  msm8976_pinctrl_init+0x0/0x28 @ 1

[    4.085764] initcall msm8976_pinctrl_init+0x0/0x28 returned 0 after 0 usecs

[    4.092907] calling  msm8994_pinctrl_init+0x0/0x28 @ 1

[    4.098192] initcall msm8994_pinctrl_init+0x0/0x28 returned 0 after 0 usecs

[    4.105346] calling  msm8996_pinctrl_init+0x0/0x28 @ 1

[    4.110632] initcall msm8996_pinctrl_init+0x0/0x28 returned 0 after 0 usecs

[    4.117787] calling  msm8998_pinctrl_init+0x0/0x28 @ 1

[    4.123071] initcall msm8998_pinctrl_init+0x0/0x28 returned 0 after 0 usecs

[    4.130226] calling  qcm2290_pinctrl_init+0x0/0x28 @ 1

[    4.135510] initcall qcm2290_pinctrl_init+0x0/0x28 returned 0 after 0 usecs

[    4.142665] calling  qcs404_pinctrl_init+0x0/0x28 @ 1

[    4.147864] initcall qcs404_pinctrl_init+0x0/0x28 returned 0 after 0 usecs

[    4.154922] calling  qcs615_tlmm_init+0x0/0x28 @ 1

[    4.159850] initcall qcs615_tlmm_init+0x0/0x28 returned 0 after 0 usecs

[    4.166649] calling  qcs8300_pinctrl_init+0x0/0x28 @ 1

[    4.171934] initcall qcs8300_pinctrl_init+0x0/0x28 returned 0 after 0 usecs

[    4.179079] calling  qdf2xxx_pinctrl_init+0x0/0x28 @ 1

[    4.184363] initcall qdf2xxx_pinctrl_init+0x0/0x28 returned 0 after 0 usecs

[    4.191518] calling  qdu1000_tlmm_init+0x0/0x28 @ 1

[    4.196532] initcall qdu1000_tlmm_init+0x0/0x28 returned 0 after 0 usecs

[    4.203415] calling  sa8775p_pinctrl_init+0x0/0x28 @ 1

[    4.208700] initcall sa8775p_pinctrl_init+0x0/0x28 returned 0 after 0 usecs

[    4.215844] calling  sc7180_pinctrl_init+0x0/0x28 @ 1

[    4.221043] initcall sc7180_pinctrl_init+0x0/0x28 returned 0 after 0 usecs

[    4.228102] calling  sc7280_pinctrl_init+0x0/0x28 @ 1

[    4.233300] initcall sc7280_pinctrl_init+0x0/0x28 returned 0 after 0 usecs

[    4.240358] calling  sc8180x_pinctrl_init+0x0/0x28 @ 1

[    4.245643] initcall sc8180x_pinctrl_init+0x0/0x28 returned 0 after 0 usecs

[    4.252786] calling  sc8280xp_pinctrl_init+0x0/0x28 @ 1

[    4.258158] initcall sc8280xp_pinctrl_init+0x0/0x28 returned 0 after 0 usecs

[    4.265401] calling  sdm660_pinctrl_init+0x0/0x28 @ 1

[    4.270600] initcall sdm660_pinctrl_init+0x0/0x28 returned 0 after 0 usecs

[    4.277659] calling  sdm670_pinctrl_init+0x0/0x28 @ 1

[    4.282857] initcall sdm670_pinctrl_init+0x0/0x28 returned 0 after 0 usecs

[    4.289915] calling  sdm845_pinctrl_init+0x0/0x28 @ 1

[    4.295115] initcall sdm845_pinctrl_init+0x0/0x28 returned 0 after 0 usecs

[    4.302174] calling  sdx75_pinctrl_init+0x0/0x28 @ 1

[    4.307285] initcall sdx75_pinctrl_init+0x0/0x28 returned 0 after 0 usecs

[    4.314256] calling  sm4450_tlmm_init+0x0/0x28 @ 1

[    4.319184] initcall sm4450_tlmm_init+0x0/0x28 returned 0 after 0 usecs

[    4.325982] calling  sm6115_tlmm_init+0x0/0x28 @ 1

[    4.330911] initcall sm6115_tlmm_init+0x0/0x28 returned 0 after 0 usecs

[    4.337699] calling  sm6125_tlmm_init+0x0/0x28 @ 1

[    4.342626] initcall sm6125_tlmm_init+0x0/0x28 returned 0 after 0 usecs

[    4.349425] calling  sm6350_tlmm_init+0x0/0x28 @ 1

[    4.354353] initcall sm6350_tlmm_init+0x0/0x28 returned 0 after 0 usecs

[    4.361141] calling  sm6375_tlmm_init+0x0/0x28 @ 1

[    4.366068] initcall sm6375_tlmm_init+0x0/0x28 returned 0 after 0 usecs

[    4.372867] calling  sm8150_pinctrl_init+0x0/0x28 @ 1

[    4.378066] initcall sm8150_pinctrl_init+0x0/0x28 returned 0 after 0 usecs

[    4.385123] calling  sm8250_pinctrl_init+0x0/0x28 @ 1

[    4.390322] initcall sm8250_pinctrl_init+0x0/0x28 returned 0 after 0 usecs

[    4.397381] calling  sm8350_tlmm_init+0x0/0x28 @ 1

[    4.402308] initcall sm8350_tlmm_init+0x0/0x28 returned 0 after 0 usecs

[    4.409106] calling  sm8450_tlmm_init+0x0/0x28 @ 1

[    4.414034] initcall sm8450_tlmm_init+0x0/0x28 returned 0 after 0 usecs

[    4.420833] calling  sm8550_tlmm_init+0x0/0x28 @ 1

[    4.425763] initcall sm8550_tlmm_init+0x0/0x28 returned 0 after 0 usecs

[    4.432552] calling  sm8650_tlmm_init+0x0/0x28 @ 1

[    4.437480] initcall sm8650_tlmm_init+0x0/0x28 returned 0 after 0 usecs

[    4.444267] calling  sm8750_tlmm_init+0x0/0x28 @ 1

[    4.449195] initcall sm8750_tlmm_init+0x0/0x28 returned 0 after 0 usecs

[    4.455994] calling  x1e80100_pinctrl_init+0x0/0x28 @ 1

[    4.461366] initcall x1e80100_pinctrl_init+0x0/0x28 returned 0 after 0 usecs

[    4.468607] calling  rtd1619b_pinctrl_init+0x0/0x28 @ 1

[    4.473977] initcall rtd1619b_pinctrl_init+0x0/0x28 returned 0 after 0 usecs

[    4.481220] calling  rtd1319d_pinctrl_init+0x0/0x28 @ 1

[    4.486597] initcall rtd1319d_pinctrl_init+0x0/0x28 returned 0 after 0 usecs

[    4.493840] calling  rtd1315e_pinctrl_init+0x0/0x28 @ 1

[    4.499212] initcall rtd1315e_pinctrl_init+0x0/0x28 returned 0 after 1000 usecs

[    4.506721] calling  tegra124_pinctrl_init+0x0/0x28 @ 1

[    4.512093] initcall tegra124_pinctrl_init+0x0/0x28 returned 0 after 0 usecs

[    4.519336] calling  tegra210_pinctrl_init+0x0/0x28 @ 1

[    4.524706] initcall tegra210_pinctrl_init+0x0/0x28 returned 0 after 0 usecs

[    4.531948] calling  tegra186_pinctrl_init+0x0/0x28 @ 1

[    4.537320] initcall tegra186_pinctrl_init+0x0/0x28 returned 0 after 1000 usecs

[    4.544831] calling  tegra194_pinctrl_init+0x0/0x28 @ 1

[    4.550201] initcall tegra194_pinctrl_init+0x0/0x28 returned 0 after 0 usecs

[    4.557442] calling  tegra234_pinctrl_init+0x0/0x28 @ 1

[    4.562813] initcall tegra234_pinctrl_init+0x0/0x28 returned 0 after 0 usecs

[    4.570054] calling  tmpv7700_pinctrl_init+0x0/0x28 @ 1

[    4.575423] initcall tmpv7700_pinctrl_init+0x0/0x28 returned 0 after 1000 usecs

[    4.582934] calling  mpc8xxx_init+0x0/0x28 @ 1

[    4.587509] initcall mpc8xxx_init+0x0/0x28 returned 0 after 0 usecs

[    4.593941] calling  acpi_pci_init+0x0/0x78 @ 1

[    4.598597] initcall acpi_pci_init+0x0/0x78 returned 0 after 0 usecs

[    4.605126] calling  clk_en7523_init+0x0/0x28 @ 1

[    4.609968] initcall clk_en7523_init+0x0/0x28 returned 0 after 0 usecs

[    4.616671] calling  clk_mt6765_init+0x0/0x28 @ 1

[    4.621513] initcall clk_mt6765_init+0x0/0x28 returned 0 after 0 usecs

[    4.628216] calling  clk_mt6779_init+0x0/0x44 @ 1

[    4.633064] initcall clk_mt6779_init+0x0/0x44 returned 0 after 0 usecs

[    4.639765] calling  clk_mt6797_init+0x0/0x28 @ 1

[    4.644607] initcall clk_mt6797_init+0x0/0x28 returned 0 after 0 usecs

[    4.651308] calling  samsung_pll_disable_early_timeout+0x0/0x10 @ 1

[    4.657741] initcall samsung_pll_disable_early_timeout+0x0/0x10 returned 0 after 0 usecs

[    4.666049] calling  tegra_clocks_apply_init_table+0x0/0x34 @ 1

[    4.672126] initcall tegra_clocks_apply_init_table+0x0/0x34 returned 0 after 0 usecs

[    4.680079] calling  dma_channel_table_init+0x0/0x194 @ 1

[    4.685631] initcall dma_channel_table_init+0x0/0x194 returned 0 after 0 usecs

[    4.693041] calling  dma_bus_init+0x0/0x170 @ 1

[    4.697725] initcall dma_bus_init+0x0/0x170 returned 0 after 0 usecs

[    4.704258] calling  brcmstb_soc_device_init+0x0/0x13c @ 1

[    4.710136] initcall brcmstb_soc_device_init+0x0/0x13c returned 0 after 0 usecs

[    4.717647] calling  mediatek_regulator_coupler_init+0x0/0xc8 @ 1

[    4.723910] initcall mediatek_regulator_coupler_init+0x0/0xc8 returned 0 after 0 usecs

[    4.732032] calling  rpm_proc_init+0x0/0x28 @ 1

[    4.736697] initcall rpm_proc_init+0x0/0x28 returned 0 after 0 usecs

[    4.743227] calling  qcom_smd_rpm_init+0x0/0x2c @ 1

[    4.748240] initcall qcom_smd_rpm_init+0x0/0x2c returned 0 after 0 usecs

[    4.755123] calling  qcom_smem_init+0x0/0x28 @ 1

[    4.759867] initcall qcom_smem_init+0x0/0x28 returned 0 after 0 usecs

[    4.766484] calling  sunxi_mbus_init+0x0/0x48 @ 1

[    4.771323] initcall sunxi_mbus_init+0x0/0x48 returned 0 after 0 usecs

[    4.778026] calling  register_xen_platform_notifier+0x0/0x58 @ 1

[    4.784202] initcall register_xen_platform_notifier+0x0/0x58 returned 0 after 0 usecs

[    4.792238] calling  register_xen_amba_notifier+0x0/0x5c @ 1

[    4.798045] initcall register_xen_amba_notifier+0x0/0x5c returned 0 after 0 usecs

[    4.805727] calling  register_xen_pci_notifier+0x0/0x50 @ 1

[    4.811447] initcall register_xen_pci_notifier+0x0/0x50 returned 0 after 0 usecs

[    4.819042] calling  hi3660_reset_init+0x0/0x28 @ 1

[    4.824056] initcall hi3660_reset_init+0x0/0x28 returned 0 after 0 usecs

[    4.830942] calling  zynqmp_reset_init+0x0/0x28 @ 1

[    4.835955] initcall zynqmp_reset_init+0x0/0x28 returned 0 after 0 usecs

[    4.842840] calling  serial_base_init+0x0/0x94 @ 1

[    4.847778] initcall serial_base_init+0x0/0x94 returned 0 after 0 usecs

[    4.854579] calling  pl011_init+0x0/0x78 @ 1

[    4.858963] Serial: AMBA PL011 UART driver

[    4.863188] initcall pl011_init+0x0/0x78 returned 0 after 4000 usecs

[    4.869721] calling  mvebu_uart_init+0x0/0x9c @ 1

[    4.874571] initcall mvebu_uart_init+0x0/0x9c returned 0 after 0 usecs

[    4.881274] calling  cdns_uart_init+0x0/0x28 @ 1

[    4.886018] initcall cdns_uart_init+0x0/0x28 returned 0 after 0 usecs

[    4.892633] calling  iommu_dma_init+0x0/0x38 @ 1

[    4.897384] initcall iommu_dma_init+0x0/0x38 returned 0 after 0 usecs

[    4.903998] calling  sdei_init+0x0/0x28 @ 1

[    4.908301] initcall sdei_init+0x0/0x28 returned 0 after 0 usecs

[    4.914476] calling  dmi_id_init+0x0/0x350 @ 1

[    4.919077] initcall dmi_id_init+0x0/0x350 returned 0 after 0 usecs

[    4.925510] calling  qcom_ipcc_init+0x0/0x28 @ 1

[    4.930257] initcall qcom_ipcc_init+0x0/0x28 returned 0 after 0 usecs

[    4.936872] calling  cix_mailbox_init+0x0/0x28 @ 1

[    4.941799] initcall cix_mailbox_init+0x0/0x28 returned 0 after 0 usecs

[    4.948586] calling  qcom_smd_init+0x0/0x28 @ 1

[    4.953247] initcall qcom_smd_init+0x0/0x28 returned 0 after 0 usecs

[    4.959777] calling  tegra_mc_init+0x0/0x28 @ 1

[    4.964439] initcall tegra_mc_init+0x0/0x28 returned 0 after 0 usecs

[    4.970970] calling  iproc_gpio_init+0x0/0x28 @ 1

[    4.975813] initcall iproc_gpio_init+0x0/0x28 returned 0 after 0 usecs

[    4.982515] calling  of_platform_default_populate_init+0x0/0x108 @ 1

[    4.989167] probe of 80860000.aop-cmd-db returned 0 after 0 usecs

[    4.995574] probe of smem returned -517 after 0 usecs

[    5.001482] probe of power-domain-cpu0 returned -517 after 0 usecs

[    5.007848] probe of power-domain-cpu1 returned -517 after 0 usecs

[    5.014207] probe of power-domain-cpu2 returned -517 after 0 usecs

[    5.020563] probe of power-domain-cpu3 returned -517 after 0 usecs

[    5.026921] probe of power-domain-cpu4 returned -517 after 0 usecs

[    5.033277] probe of power-domain-cpu5 returned -517 after 0 usecs

[    5.039637] probe of power-domain-cpu6 returned -517 after 0 usecs

[    5.045997] probe of power-domain-cpu7 returned -517 after 0 usecs

[    5.052440] probe of power-domain-cluster returned 0 after 0 usecs

[    5.058896] CPUidle PSCI: Initialized CPU PM domain topology using OSI mode

[    5.066056] probe of psci returned 0 after 65000 usecs

[    5.074204] /soc@0/stm@6002000: Fixed dependency cycle(s) with /soc@0/funnel@6041000

[    5.082171] /soc@0/funnel@6041000: Fixed dependency cycle(s) with /soc@0/stm@6002000

[    5.090131] /soc@0/funnel@6041000: Fixed dependency cycle(s) with /soc@0/funnel@6045000

[    5.098357] /soc@0/funnel@6042000: Fixed dependency cycle(s) with /soc@0/funnel@7810000

[    5.106579] /soc@0/funnel@6042000: Fixed dependency cycle(s) with /soc@0/funnel@6045000

[    5.114804] /soc@0/funnel@6045000: Fixed dependency cycle(s) with /soc@0/funnel@6042000

[    5.123023] /soc@0/funnel@6045000: Fixed dependency cycle(s) with /soc@0/funnel@6041000

[    5.131245] /soc@0/funnel@6045000: Fixed dependency cycle(s) with /soc@0/funnel@6b04000

[    5.139472] /soc@0/replicator@6046000: Fixed dependency cycle(s) with /soc@0/replicator@6b06000

[    5.148406] /soc@0/replicator@6046000: Fixed dependency cycle(s) with /soc@0/etr@6048000

[    5.156721] /soc@0/etr@6048000: Fixed dependency cycle(s) with /soc@0/replicator@6046000

[    5.165036] /soc@0/funnel@6b04000: Fixed dependency cycle(s) with /soc@0/funnel@6045000

[    5.173256] /soc@0/funnel@6b04000: Fixed dependency cycle(s) with /soc@0/etf@6b05000

[    5.181214] /soc@0/etf@6b05000: Fixed dependency cycle(s) with /soc@0/funnel@6b04000

[    5.189166] /soc@0/etf@6b05000: Fixed dependency cycle(s) with /soc@0/replicator@6b06000

[    5.197481] /soc@0/replicator@6b06000: Fixed dependency cycle(s) with /soc@0/etf@6b05000

[    5.205789] /soc@0/replicator@6b06000: Fixed dependency cycle(s) with /soc@0/replicator@6046000

[    5.214729] /soc@0/etm@7040000: Fixed dependency cycle(s) with /soc@0/funnel@7800000

[    5.222688] /soc@0/etm@7140000: Fixed dependency cycle(s) with /soc@0/funnel@7800000

[    5.230647] /soc@0/etm@7240000: Fixed dependency cycle(s) with /soc@0/funnel@7800000

[    5.238606] /soc@0/etm@7340000: Fixed dependency cycle(s) with /soc@0/funnel@7800000

[    5.246566] /soc@0/etm@7440000: Fixed dependency cycle(s) with /soc@0/funnel@7800000

[    5.254525] /soc@0/etm@7540000: Fixed dependency cycle(s) with /soc@0/funnel@7800000

[    5.262484] /soc@0/etm@7640000: Fixed dependency cycle(s) with /soc@0/funnel@7800000

[    5.270443] /soc@0/etm@7740000: Fixed dependency cycle(s) with /soc@0/funnel@7800000

[    5.278394] /soc@0/funnel@7800000: Fixed dependency cycle(s) with /soc@0/etm@7740000

[    5.286347] /soc@0/funnel@7800000: Fixed dependency cycle(s) with /soc@0/etm@7640000

[    5.294299] /soc@0/funnel@7800000: Fixed dependency cycle(s) with /soc@0/etm@7540000

[    5.302253] /soc@0/funnel@7800000: Fixed dependency cycle(s) with /soc@0/etm@7440000

[    5.310203] /soc@0/funnel@7800000: Fixed dependency cycle(s) with /soc@0/etm@7340000

[    5.318155] /soc@0/funnel@7800000: Fixed dependency cycle(s) with /soc@0/etm@7240000

[    5.326106] /soc@0/funnel@7800000: Fixed dependency cycle(s) with /soc@0/etm@7140000

[    5.334057] /soc@0/funnel@7800000: Fixed dependency cycle(s) with /soc@0/etm@7040000

[    5.342011] /soc@0/funnel@7800000: Fixed dependency cycle(s) with /soc@0/funnel@7810000

[    5.350237] /soc@0/funnel@7810000: Fixed dependency cycle(s) with /soc@0/funnel@7800000

[    5.358458] /soc@0/funnel@7810000: Fixed dependency cycle(s) with /soc@0/funnel@6042000

[    5.366698] /soc@0/phy@88e8000: Fixed dependency cycle(s) with /soc@0/display-subsystem@ae00000/displayport-controller@ae90000

[    5.378390] /soc@0/phy@88e8000: Fixed dependency cycle(s) with /soc@0/usb@a600000

[    5.386102] /soc@0/usb@a600000: Fixed dependency cycle(s) with /soc@0/phy@88e8000

[    5.393802] /soc@0/clock-controller@af00000: Fixed dependency cycle(s) with /soc@0/phy@88e8000

[    5.402657] /soc@0/display-subsystem@ae00000: Fixed dependency cycle(s) with /soc@0/clock-controller@af00000

[    5.412756] /soc@0/display-subsystem@ae00000/display-controller@ae01000: Fixed dependency cycle(s) with /soc@0/display-subsystem@ae00000/displayport-controller@ae90000

[    5.428106] /soc@0/display-subsystem@ae00000/display-controller@ae01000: Fixed dependency cycle(s) with /soc@0/display-subsystem@ae00000

[    5.440685] /soc@0/display-subsystem@ae00000/display-controller@ae01000: Fixed dependency cycle(s) with /soc@0/clock-controller@af00000

[    5.453190] /soc@0/display-subsystem@ae00000/displayport-controller@ae90000: Fixed dependency cycle(s) with /soc@0/display-subsystem@ae00000/display-controller@ae01000

[    5.468534] /soc@0/display-subsystem@ae00000/displayport-controller@ae90000: Fixed dependency cycle(s) with /soc@0/phy@88e8000

[    5.480230] /soc@0/display-subsystem@ae00000/displayport-controller@ae90000: Fixed dependency cycle(s) with /soc@0/clock-controller@af00000

[    5.493077] /soc@0/display-subsystem@ae00000/displayport-controller@ae90000: Fixed dependency cycle(s) with /soc@0/display-subsystem@ae00000

[    5.506050] /soc@0/interrupt-controller@17a00000: Fixed dependency cycle(s) with /soc@0/interrupt-controller@17a00000

[    5.517310] probe of 408000.mailbox returned 0 after 0 usecs

[    5.524638] probe of 1f40000.hwlock returned 0 after 0 usecs

[    5.531511] /soc@0/stm@6002000: Fixed dependency cycle(s) with /soc@0/funnel@6041000

[    5.539497] /soc@0/stm@6002000: Fixed dependency cycle(s) with /soc@0/funnel@6041000

[    5.547462] /soc@0/funnel@6041000: Fixed dependency cycle(s) with /soc@0/stm@6002000

[    5.555427] /soc@0/funnel@6041000: Fixed dependency cycle(s) with /soc@0/funnel@6045000

[    5.563674] /soc@0/funnel@6042000: Fixed dependency cycle(s) with /soc@0/funnel@7810000

[    5.571898] /soc@0/funnel@6042000: Fixed dependency cycle(s) with /soc@0/funnel@6045000

[    5.580141] /soc@0/funnel@6042000: Fixed dependency cycle(s) with /soc@0/funnel@6045000

[    5.588375] /soc@0/funnel@6041000: Fixed dependency cycle(s) with /soc@0/funnel@6045000

[    5.596607] /soc@0/funnel@6045000: Fixed dependency cycle(s) with /soc@0/funnel@6042000

[    5.604834] /soc@0/funnel@6045000: Fixed dependency cycle(s) with /soc@0/funnel@6041000

[    5.613063] /soc@0/funnel@6045000: Fixed dependency cycle(s) with /soc@0/funnel@6b04000

[    5.621304] /soc@0/replicator@6046000: Fixed dependency cycle(s) with /soc@0/replicator@6b06000

[    5.630239] /soc@0/replicator@6046000: Fixed dependency cycle(s) with /soc@0/etr@6048000

[    5.638561] /soc@0/replicator@6046000: Fixed dependency cycle(s) with /soc@0/etr@6048000

[    5.646885] /soc@0/etr@6048000: Fixed dependency cycle(s) with /soc@0/replicator@6046000

[    5.655218] /soc@0/funnel@6045000: Fixed dependency cycle(s) with /soc@0/funnel@6b04000

[    5.663451] /soc@0/funnel@6b04000: Fixed dependency cycle(s) with /soc@0/funnel@6045000

[    5.671681] /soc@0/funnel@6b04000: Fixed dependency cycle(s) with /soc@0/etf@6b05000

[    5.679651] /soc@0/funnel@6b04000: Fixed dependency cycle(s) with /soc@0/etf@6b05000

[    5.687618] /soc@0/etf@6b05000: Fixed dependency cycle(s) with /soc@0/funnel@6b04000

[    5.695581] /soc@0/etf@6b05000: Fixed dependency cycle(s) with /soc@0/replicator@6b06000

[    5.703906] /soc@0/etf@6b05000: Fixed dependency cycle(s) with /soc@0/replicator@6b06000

