S - Format: Log Type - Time(microsec) - Message - Optional Info

S - Log Type: B - Since Boot(Power On Reset),  D - Delta,  S - Statistic

S - QC_IMAGE_VERSION_STRING=BOOT.MXF.1.0.1-00549-KODIAKWP-1

S - IMAGE_VARIANT_STRING=SocKodiakWP

S - OEM_IMAGE_VERSION_STRING=wa-lxc

S - Boot Interface: SPI

S - Secure Boot: Off

S - Boot Config @ 0x00786070 = 0x000000c9

S - JTAG ID @ 0x00786130 = 0x001980e1

S - OEM ID @ 0x00786138 = 0x00000000

S - Serial Number @ 0x00786134 = 0x8dbddd5e

S - OEM Config Row 0 @ 0x007841c0 = 0x0000000000000000

S - OEM Config Row 1 @ 0x007841c8 = 0x0000000000000000

S - Feature Config Row 0 @ 0x00784148 = 0x0000000000000000

S - Feature Config Row 1 @ 0x00784150 = 0x0000000000000000

S - Core 0 Frequency, 1516 MHz

S - PBL Patch Ver: 1

D -      6613 - pbl_apps_init_timestamp

D -      3434 - bootable_media_detect_timestamp

D -       811 - bl_elf_metadata_loading_timestamp

D -       703 - bl_hash_seg_auth_timestamp

D -     26495 - bl_elf_loadable_segment_loading_timestamp

D -      4620 - bl_elf_segs_hash_verify_timestamp

D -     17365 - bl_sec_hash_seg_auth_timestamp

D -       822 - bl_sec_segs_hash_verify_timestamp

D -        30 - pbl_populate_shared_data_and_exit_timestamp

S -     60893 - PBL, End

B -     68411 - SBL1, Start

B -    194132 - SBL1 BUILD @ 21:01:04 on Jan 20 2026

B -    198189 - usb: eud_serial_upd , 0x8dbddd5e

D -    201452 - sbl1_hw_init

D -     10644 - boot_media_init

D -         0 - smss_load_cancel

B -    219386 - SMSS -  Image Load, Start

D -      2989 - SMSS -  Image Loaded, Delta - (0 Bytes)

D -       884 - Auth Metadata

D -      5917 - sbl1_xblconfig_init

B -    233874 - XBL Config -  Image Load, Start

D -         0 - shrm_load_cancel

B -    241407 - SHRM -  Image Load, Start

D -       549 - Auth Metadata

D -      1251 - Segments hash check

D -     12139 - SHRM -  Image Loaded, Delta - (39616 Bytes)

D -         0 - boot_default_cdt_init

D -       366 - boot_cdt_init

B -    265563 - CDT -  Image Load, Start

B -    268278 - CDT Version:3,Platform ID:32,Major ID:1,Minor ID:0,Subtype:7

D -     16226 - sbl1_hw_platform_pre_ddr

D -         0 - devcfg init

B -    293776 - PMIC A:2.0 B:1.0 C:2.2 I:1.0

B -    295514 - PM: PM8 0x4

B -    297832 - PM: xVdd reset

B -    300364 - PM: PON by PWR key DEB

B -    556350 - PM: SET_VAL:Skip

B -    557875 - PM: PSI: b0x06_v0x3f

B -    561962 - PM: Device Init # SPMI Transn: 15424

D -    278282 - pm_device_init, Delta

B -    567635 - pm_driver_init, Start

B -    578829 - PM: Driver Init # SPMI Transn: 504

D -      7717 - pm_driver_init, Delta

B -    583709 - PM: damsink err_flag = 0x0

B -    586972 - PM: dam aicl err_flag = 0x0

B -    591730 - PM: Battery ID: 10049Ohm

B -    594933 - PM: debug board connected

B -    598684 - vsense_init, Start

D -         0 - vsense_init, Delta

D -    321958 - sbl1_hw_pre_ddr_init

D -         0 - boot_dload_handle_forced_dload_timeout

D -      2989 - sbl1_load_ddr_training_data

B -    617381 - Pre_DDR_clock_init, Start

D -       244 - Pre_DDR_clock_init, Delta

D -     12901 - sbl1_ddr_set_params

B -    629093 - sbl1_ddr_init, Start

B -    632478 - LP5 DDR detected

D -     15768 - sbl1_ddr_init, Delta

B -    648216 - DSF version = 262.0.47

B -    651571 - Manufacturer ID = 13, Device Type = 8

B -    655170 - Rank 0 size = 4096 MB, Rank 1 size = 4096 MB

D -     31201 - sbl1_ddr_init

D -         0 - boot_pre_ddi_entry

B -    668377 - do_ddr_training, Start

B -    709552 - DDR: Start of DDR Training Restore

B -    713151 - Current DDR Freq = 2096 MHz

B -    714218 - Max enabled DDR Freq = 2736 MHz

B -    718244 - DDR: End of DDR Training Restore

D -     51057 - do_ddr_training, Delta

D -     58865 - sbl1_do_ddr_training

D -       732 - boot_ddi_entry

B -    734043 - Pimem init cmd, entry

D -      9211 - Pimem init cmd, exit

B -    746579 - External heap init, Start

B -    749568 - External heap init, End

D -     23241 - sbl1_post_ddr_init

D -        91 - sbl1_hw_init_secondary

B -    760548 - DDR -  Image Load, Start

B -    764299 - usb: emmc_parti_unavail

B -    767868 - usb: sdc_parti_unavail

B -    771528 - usb: Serial - 8dbddd5e

B -    775157 - usb: fedl, vbus_low

D -     14548 - boot_fedl_check

B -    781989 - APDP -  Image Load, Start

D -      3233 - APDP -  Image Loaded, Delta - (64 Bytes)

D -         0 - boot_dload_dump_security_regions

D -        30 - ramdump_load_cancel

B -    798459 - RamDump -  Image Load, Start

D -      3294 - RamDump -  Image Loaded, Delta - (0 Bytes)

D -        30 - boot_update_abnormal_reset_status

D -         0 - boot_cache_set_memory_barrier

D -         0 - boot_smem_debug_init

D -       580 - boot_smem_init

D -        30 - boot_smem_alloc_for_minidump

D -        91 - boot_smem_store_pon_status

D -        31 - sbl1_hw_platform_smem

D -        91 - boot_ddr_share_data_to_aop

D -       488 - boot_clock_init_rpm

D -         0 - boot_vsense_copy_to_smem

D -        30 - boot_populate_ram_partition_table

D -        31 - boot_populate_ddr_details_shared_table

D -         0 - sbl1_tlmm_init

D -         0 - sbl1_efs_handle_cookies

B -    861228 - OEM_MISC -  Image Load, Start

D -       763 - Auth Metadata

D -       244 - Segments hash check

D -     10645 - OEM_MISC -  Image Loaded, Delta - (7512 Bytes)

B -    875167 - QTI_MISC -  Image Load, Start

D -      5703 - QTI_MISC -  Image Loaded, Delta - (0 Bytes)

B -    890417 - PM: PM Total Mem Allocated: 2340 

D -      5460 - sbl1_pm_aop_pre_init_wrapper

B -    895083 - AOP -  Image Load, Start

D -       702 - Auth Metadata

D -      1616 - Segments hash check

D -     18392 - AOP -  Image Loaded, Delta - (203304 Bytes)

B -    916799 - QSEE Dev Config -  Image Load, Start

D -       640 - Auth Metadata

D -       519 - Segments hash check

D -     13024 - QSEE Dev Config -  Image Loaded, Delta - (41144 Bytes)

B -    938851 - QSEE -  Image Load, Start

D -     17751 - Auth Metadata

D -     22113 - Segments hash check

D -    230366 - QSEE -  Image Loaded, Delta - (3734195 Bytes)

D -        31 - sbl1_hw_play_vibr

B -   1178154 - SEC -  Image Load, Start

D -      3324 - SEC -  Image Loaded, Delta - (64 Bytes)

B -   1185047 - CPUCPFW -  Image Load, Start

D -     17111 - Auth Metadata

D -     17721 - Segments hash check

D -     52887 - CPUCPFW -  Image Loaded, Delta - (171300 Bytes)

B -   1246962 - QHEE -  Image Load, Start

D -     17355 - Auth Metadata

D -      5185 - Segments hash check

D -     41236 - QHEE -  Image Loaded, Delta - (432112 Bytes)

B -   1291522 - APPSBL -  Image Load, Start

D -       793 - Auth Metadata

D -     15586 - Segments hash check

D -    170861 - APPSBL -  Image Loaded, Delta - (3620864 Bytes)

D -         0 - sbl1_save_appsbl_index

B -   1471594 - SBL1, End

D -   1406660 - SBL1, Delta

S - Flash Throughput, 23235 KB/s  (8411417 Bytes,  362707 us)

S - DDR Frequency, 1555 MHz

?S - Format: Log Type - Time(microsec) - Message - Optional Info

S - Log Type: B - Since Boot(Power On Reset),  D - Delta,  S - Statistic

S - QC_IMAGE_VERSION_STRING=BOOT.MXF.1.0.1-00549-KODIAKWP-1

S - IMAGE_VARIANT_STRING=SocKodiakWP

S - OEM_IMAGE_VERSION_STRING=wa-lxc

S - Boot Interface: SPI

S - Secure Boot: Off

S - Boot Config @ 0x00786070 = 0x000000c9

S - JTAG ID @ 0x00786130 = 0x001980e1

S - OEM ID @ 0x00786138 = 0x00000000

S - Serial Number @ 0x00786134 = 0x8dbddd5e

S - OEM Config Row 0 @ 0x007841c0 = 0x0000000000000000

S - OEM Config Row 1 @ 0x007841c8 = 0x0000000000000000

S - Feature Config Row 0 @ 0x00784148 = 0x0000000000000000

S - Feature Config Row 1 @ 0x00784150 = 0x0000000000000000

S - Core 0 Frequency, 1516 MHz

S - PBL Patch Ver: 1

D -      6620 - pbl_apps_init_timestamp

D -      3435 - bootable_media_detect_timestamp

D -       810 - bl_elf_metadata_loading_timestamp

D -       707 - bl_hash_seg_auth_timestamp

D -     26496 - bl_elf_loadable_segment_loading_timestamp

D -      4619 - bl_elf_segs_hash_verify_timestamp

D -     17368 - bl_sec_hash_seg_auth_timestamp

D -       821 - bl_sec_segs_hash_verify_timestamp

D -        30 - pbl_populate_shared_data_and_exit_timestamp

S -     60906 - PBL, End

B -     69723 - SBL1, Start

B -    197853 - SBL1 BUILD @ 21:01:04 on Jan 20 2026

B -    201971 - usb: eud_serial_upd , 0x8dbddd5e

D -    205295 - sbl1_hw_init

D -     10858 - boot_media_init

D -         0 - smss_load_cancel

B -    223565 - SMSS -  Image Load, Start

D -      3050 - SMSS -  Image Loaded, Delta - (0 Bytes)

D -       946 - Auth Metadata

D -      6039 - sbl1_xblconfig_init

B -    238327 - XBL Config -  Image Load, Start

D -        30 - shrm_load_cancel

B -    246013 - SHRM -  Image Load, Start

D -       549 - Auth Metadata

D -      1281 - Segments hash check

D -     12322 - SHRM -  Image Loaded, Delta - (39616 Bytes)

D -         0 - boot_default_cdt_init

D -       397 - boot_cdt_init

B -    270596 - CDT -  Image Load, Start

B -    273371 - CDT Version:3,Platform ID:32,Major ID:1,Minor ID:0,Subtype:7

D -     16562 - sbl1_hw_platform_pre_ddr

D -        30 - devcfg init

B -    299388 - PMIC A:2.0 B:1.0 C:2.2 I:1.0

B -    301157 - PM: Reset by PSHOLD

B -    303505 - PM: Reset Type: Hard Reset

B -    558668 - PM: SET_VAL:Skip

B -    560224 - PM: PSI: b0x06_v0x3f

B -    564311 - PM: Device Init # SPMI Transn: 15297

D -    275201 - pm_device_init, Delta

B -    569953 - pm_driver_init, Start

B -    581147 - PM: Driver Init # SPMI Transn: 504

D -      7716 - pm_driver_init, Delta

B -    586057 - PM: damsink err_flag = 0x0

B -    589321 - PM: dam aicl err_flag = 0x0

B -    594079 - PM: Battery ID: 10049Ohm

B -    597281 - PM: debug board connected

B -    601033 - vsense_init, Start

D -         0 - vsense_init, Delta

D -    318908 - sbl1_hw_pre_ddr_init

D -         0 - boot_dload_handle_forced_dload_timeout

D -      2959 - sbl1_load_ddr_training_data

B -    619699 - Pre_DDR_clock_init, Start

D -       213 - Pre_DDR_clock_init, Delta

D -     12902 - sbl1_ddr_set_params

B -    631411 - sbl1_ddr_init, Start

B -    634827 - LP5 DDR detected

D -     15769 - sbl1_ddr_init, Delta

B -    650565 - DSF version = 262.0.47

B -    653920 - Manufacturer ID = 13, Device Type = 8

B -    657519 - Rank 0 size = 4096 MB, Rank 1 size = 4096 MB

D -     31232 - sbl1_ddr_init

D -         0 - boot_pre_ddi_entry

B -    670725 - do_ddr_training, Start

B -    711900 - DDR: Start of DDR Training Restore

B -    715530 - Current DDR Freq = 2096 MHz

B -    716567 - Max enabled DDR Freq = 2736 MHz

B -    720593 - DDR: End of DDR Training Restore

D -     51057 - do_ddr_training, Delta

D -     58865 - sbl1_do_ddr_training

D -       732 - boot_ddi_entry

B -    736392 - Pimem init cmd, entry

D -      9211 - Pimem init cmd, exit

B -    748927 - External heap init, Start

B -    751916 - External heap init, End

D -     23241 - sbl1_post_ddr_init

D -        92 - sbl1_hw_init_secondary

B -    762896 - DDR -  Image Load, Start

B -    766648 - usb: emmc_parti_unavail

B -    770216 - usb: sdc_parti_unavail

B -    773876 - usb: Serial - 8dbddd5e

B -    777506 - usb: fedl, vbus_low

D -     14549 - boot_fedl_check

B -    784338 - APDP -  Image Load, Start

D -      3233 - APDP -  Image Loaded, Delta - (64 Bytes)

D -         0 - boot_dload_dump_security_regions

D -        31 - ramdump_load_cancel

B -    800808 - RamDump -  Image Load, Start

D -      3294 - RamDump -  Image Loaded, Delta - (0 Bytes)

D -        31 - boot_update_abnormal_reset_status

D -         0 - boot_cache_set_memory_barrier

D -         0 - boot_smem_debug_init

D -       549 - boot_smem_init

D -        31 - boot_smem_alloc_for_minidump

D -        92 - boot_smem_store_pon_status

D -        30 - sbl1_hw_platform_smem

D -        61 - boot_ddr_share_data_to_aop

D -       488 - boot_clock_init_rpm

D -         0 - boot_vsense_copy_to_smem

D -        31 - boot_populate_ram_partition_table

D -        30 - boot_populate_ddr_details_shared_table

D -         0 - sbl1_tlmm_init

D -         0 - sbl1_efs_handle_cookies

B -    863546 - OEM_MISC -  Image Load, Start

D -       793 - Auth Metadata

D -       244 - Segments hash check

D -     10675 - OEM_MISC -  Image Loaded, Delta - (7512 Bytes)

B -    877515 - QTI_MISC -  Image Load, Start

D -      5704 - QTI_MISC -  Image Loaded, Delta - (0 Bytes)

B -    892765 - PM: PM Total Mem Allocated: 2340 

D -      5459 - sbl1_pm_aop_pre_init_wrapper

B -    897432 - AOP -  Image Load, Start

D -       732 - Auth Metadata

D -      1617 - Segments hash check

D -     18391 - AOP -  Image Loaded, Delta - (203304 Bytes)

B -    919148 - QSEE Dev Config -  Image Load, Start

D -       580 - Auth Metadata

D -       457 - Segments hash check

D -     13023 - QSEE Dev Config -  Image Loaded, Delta - (41144 Bytes)

B -    941199 - QSEE -  Image Load, Start

D -     17690 - Auth Metadata

D -     22082 - Segments hash check

D -    230275 - QSEE -  Image Loaded, Delta - (3734195 Bytes)

D -         0 - sbl1_hw_play_vibr

B -   1180441 - SEC -  Image Load, Start

D -      3355 - SEC -  Image Loaded, Delta - (64 Bytes)

B -   1187304 - CPUCPFW -  Image Load, Start

D -     17110 - Auth Metadata

D -     17690 - Segments hash check

D -     52887 - CPUCPFW -  Image Loaded, Delta - (171300 Bytes)

B -   1249219 - QHEE -  Image Load, Start

D -     17233 - Auth Metadata

D -      5185 - Segments hash check

D -     41144 - QHEE -  Image Loaded, Delta - (432112 Bytes)

B -   1293657 - APPSBL -  Image Load, Start

D -       762 - Auth Metadata

D -     15524 - Segments hash check

D -    170831 - APPSBL -  Image Loaded, Delta - (3620864 Bytes)

D -         0 - sbl1_save_appsbl_index

B -   1473699 - SBL1, End

D -   1407483 - SBL1, Delta

S - Flash Throughput, 23235 KB/s  (8411417 Bytes,  362920 us)

S - DDR Frequency, 1555 MHz





UEFI Start     [ 1685]

 - 0x09F001000 [ 1687] Sec.efi

ASLR        : OFF [WARNING]

DEP         : ON (RTB)

Timer Delta : +2 mS

RAM Entry 0 : Base 0x0080000000  Size 0x003B600000

RAM Entry 1 : Base 0x0180000000  Size 0x0100000000

RAM Entry 2 : Base 0x00C0000000  Size 0x00C0000000

Total Available RAM : 8118 MB (0x01FB600000)

Total Installed RAM : 8192 MB (0x0200000000)

Init 7 aux cores of 7

Init CPU core 1

Init CPU core 2

Init CPU core 3

Init CPU core 4

Init CPU core 5

Init CPU core 6

Init CPU core 7

  > Scheduler up on Core 1

Continue booting UEFI on Core 0

  > Scheduler up on Core 2

  > Scheduler up on Core 3

UEFI Ver    : 6.0.260120.BOOT.MXF.1.0.1-00549-KODIAKWP-1

Build Info  : 64b Jan 20 2026 21:01:25

Boot Device : NVME

PROD Mode   : TRUE

Retail      : TRUE

  > Scheduler up on Core 7

  > Scheduler up on Core 6

  > Scheduler up on Core 5

  > Scheduler up on Core 4

tz_armv8_smc_call failed, TzStatus = 0xFFFFFFFE,  SmcId = 0x32000403  

QseeResponse->result = 0xFFFFFF0F

Status = 0x7

Scm command failed to get RPMB provisioning State, Status: 0x00000007

TpmType returned from TZ (LoadApps.c)= 0x6654504D. 

tz_armv8_smc_call failed, TzStatus = 0xFFFFFFFE,  SmcId = 0x32000109  

QseeResponse->result = 0xFFFFFFFF

Status = 0x7

ActivateTzEmbeddedSecureImage Failed

tz_armv8_smc_call failed, TzStatus = 0xFFFFFFFE,  SmcId = 0x32000109  

QseeResponse->result = 0xFFFFFFFF

Status = 0x7

ActivateTzEmbeddedSecureImage Failed

Card Detection FAILED! Handle 0, Slot 0

eMMC module not found

HW Wdog Setting from PCD : Disabled

UFS GPIO7 value is 1

Skipping UFS initialization

PM0: 47, PM1: 63, PM2: 49, PM8: 46, 

Module cannot re-initialize DAL module environment

QcomChargerDxe:: QcomChargerInitialize Unsupported platform or PMIC. 

UsbConfigInit: Device isSku1Variant: 0

UsbConfigInit: SchgPmicInfo.PmicIndex =  (0x8)

UsbStartController: Starting Core 0 in mode: 1

SSUsbSetPhyMode: MuxValue:3, CCOutStatus:1

SSUsbSetPhyMode: CoreNum:0, MuxValue:3, CCOutStatus:1

UsbStartController: Starting Core 1 in mode: 1

UsbEnumeratePort: new device connected at port 0, HubIfc =0xFA9D8C18 

DisplayDxe: External Panel Mode#0 1024x600 59Hz selected.

Device booted from NVME/SPI_NORUsbEnumNewDevRootHub: HIGH on port 0

 UsbEnumNewDevRootHub: vid = 0x1A40 pid = 0x0101, Addr = 1

TpmCmdMaxSize  4096  TpmRspMaxSize  4096  

TpmManufacturerID  0x4D4F4351  

TpmHashAlgoBitmap  0x7  TpmActivePcrBanks 0x2 

ActivePcrBanks     0x2 

IndexArray 0x1  0xFF  0xFF 



UpdateMemoryArrayInfoTable: DDR Details: Manufacturer ID: 19, Device Type: 8, Num Channels: 2

tz_armv8_smc_call failed, TzStatus = 0xFFFFFFFE,  SmcId = 0x32000401  

QseeResponse->result = 0xFFFFFF03

Status = 0x7

UsbEnumeratePort: new device connected at port 1, HubIfc =0xFA9BEC98 

RpmbAutoProvisionMain: RPMB is already provisioned.

PCIE Port 0 Configuration Found! 

PCIE Port 1 Configuration Found! 

PCIe enum (0x3) start : 3641

Training start : 3671

Wait for link up start : 3691

PCIe Link up on port 0

UsbEnumNewDevHub: FULL on port 1

UsbSelectConfig: failed to connect driver Not Found, ignored

UsbEnumeratePort: new device connected at port 3, HubIfc =0xFA9BEC98 

Link up Failed..!! PCIe1, PARF_LTSSM: 0x0 

Training complete : 3942

Port 0 : x1, Gen 1

PCIe Links ready : 3943

PCIe Links setup in 302 ms

[EC] [FmpDeviceInit 1209] EC device is not initialized, Platform is 6490_IOT_industrial_kit or Dragon_Q6A

[EC] [FmpDeviceGetImageTypeIdGuidPtr 226] EC device is not active, returning Unsupported

[EC] [FmpDeviceGetVersion 563] EC device is not active, returning Unsupported

[EC] [FmpDeviceGetVersion 563] EC device is not active, returning Unsupported

[EC] [FmpDeviceGetLowestSupportedVersion 352] EC device is not yet initialized!

[KB] [I2CKeyboardEntryPoint 1882] - Unsupported platform type  32

 Could not find the Reset Data region .

UsbEnumNewDevHub: HIGH on port 3

UsbSelectConfig: failed to connect driver Not Found, ignored

[=3h[2J[0m[35m[40m ConnectConsoles Delta : 52884 micro sec

WaitParallelThreads InIt [ 4032] 

UEFI Ver           : 6.0.260120.BOOT.MXF.1.0.1-00549-KODIAKWP-1

Platform           : IOT

SKUVersion         : 32

Subtype            : 7

Boot Device        : NVME

Chip Name          : QCS6490

Chip Ver           : 1.0

Chip Num           : 0x8DBDDD5E

Chip ECID          : 0x042F8DBDDD5E

-----------------------------

 PlatformBdsPostConsoleInit Delta : 2246 micro sec

Continuing with BDS initialization

[QcomBds] No default boot app specified

 PlatformSecurityInit Delta : 387 micro sec

Block IO handles of partition /'C12A7328-F81F-11D2-BA4B-00A0C93EC93B/' not found

Failed to get block size of EFI partition. Status: Not Found

InitStoragePointersForCapsuleRawFile returned - Not Found!

InitCapsuleStoragePointers returned - Not Found.

DoCapsuleUpdate Delta : 1787 micro sec

ACPI: Loaded 1 tables

AML: AmlUpdateSjtg FEATURE_ID buffer is 0

AML: AmlUpdateSjtg JTAG_ID buffer is 1671393

Attempting to start: Firmware provisioning

: DppProtocol->GetDPP returned Not Found

 HandleMorPpi delta: 1

Platform Init End : 4051

-----------------------------

 PlatBdsSocPostProc Delta : 14511 micro sec

WARNING: TPM2 Event log has HashAlg unsupported by PCR bank (0x4)

WARNING: TPM2 Event log has HashAlg unsupported by PCR bank (0xC)

Get Smbios ---, Status = (0x800000000000000E)

GetEmmcHandle failed, Status = 0x0

 PlatBdsPostFwConfigSec Delta : 10492 micro sec

 Entered MeasurePeImg...

/local/mnt/workspace/CRMBuilds/BOOT.MXF.1.0.1-00549-KODIAKWP-1_20250921_095415/b/boot_images/boot/QcomPkg/Drivers/TrEEDxe/TrEEDxe.c..HashLogExtendEvent:480 Failed! input = 0x2  

/local/mnt/workspace/CRMBuilds/BOOT.MXF.1.0.1-00549-KODIAKWP-1_20250921_095415/b/boot_images/boot/QcomPkg/Drivers/MeasureBootDxe/MeasureBootDxe.c..HashExtendLogTreeEvent: 319 Failed! input = 0x1  

/local/mnt/workspace/CRMBuilds/BOOT.MXF.1.0.1-00549-KODIAKWP-1_20250921_095415/b/boot_images/boot/QcomPkg/Drivers/MeasureBootDxe/MeasureBootDxe.c..MeasurePeImgAll: 1290 Failed! input = 0x1  

/local/mnt/workspace/CRMBuilds/BOOT.MXF.1.0.1-00549-KODIAKWP-1_20250921_095415/b/boot_images/boot/QcomPkg/Drivers/MeasureBootDxe/MeasureBootDxe.c..MeasureBootVariables:782 Failed! input = 0xE  

/local/mnt/workspace/CRMBuilds/BOOT.MXF.1.0.1-00549-KODIAKWP-1_20250921_095415/b/boot_images/boot/QcomPkg/Drivers/MeasureBootDxe/MeasureBootDxe.c..MeasurePeImgAll: 1293 Failed! input = 0x1  

Press F2 to enter Setup, F5 to enter UEFI Shell, F12 to enter Boot menu

Auto boot in 5 seconds

Auto boot in 4 seconds

Auto boot in 3 seconds

Auto boot in 2 seconds

Auto boot in 1 seconds

UEFI Total : 7801 ms

POST Time      [ 9486] OS Loader

[QcomBds] Could not find bootable handle

UEFI Total : 8193 ms

POST Time      [ 9878] OS Loader

[QcomBds] Could not find bootable handle

[QcomBds] Boot Device Order:

[QcomBds]   [0]: USB

[QcomBds]   [1]: SD

[QcomBds]   [2]: NVMe

[QcomBds]   [3]: eMMC

[QcomBds]   [4]: UFS

[QcomBds] Trying device 0: USB

[QcomBds] Trying device 1: SD

UEFI Total : 10690 ms

POST Time      [12375] OS Loader

 Entered MeasurePeImg...

/local/mnt/workspace/CRMBuilds/BOOT.MXF.1.0.1-00549-KODIAKWP-1_20250921_095415/b/boot_images/boot/QcomPkg/Drivers/TrEEDxe/TrEEDxe.c..HashLogExtendEvent:480 Failed! input = 0x2  

/local/mnt/workspace/CRMBuilds/BOOT.MXF.1.0.1-00549-KODIAKWP-1_20250921_095415/b/boot_images/boot/QcomPkg/Drivers/MeasureBootDxe/MeasureBootDxe.c..HashExtendLogTreeEvent: 319 Failed! input = 0x1  

/local/mnt/workspace/CRMBuilds/BOOT.MXF.1.0.1-00549-KODIAKWP-1_20250921_095415/b/boot_images/boot/QcomPkg/Drivers/MeasureBootDxe/MeasureBootDxe.c..MeasurePeImgAll: 1290 Failed! input = 0x1  

[0m[37m[40m[INFO] efi_main: embloader (Embedded Bootloader) version 0.4.r1.9f8e74b

[DEBUG] efi_main: function efi_main at 0xf0383678

[WARNING] find_embloader_folder: embloader folder not found

[DEBUG] efi_main: Final configuration:

[DEBUG] config: {}

[INFO] efi_main: parsing smbios

[WARNING] efi_main: no matched device found in config

[INFO] sdboot_boot_load_menu: loading systemd-boot menu

[INFO] sdboot_check_fs: Found systemd-boot folder in VenHw(D1531D41-3F80-4091-8D0A-541F59236D66)/HD(

1,GPT,BBECDE34-28D7-4858-8B73-F51B5DF6A847,0x800,0x80000)

[INFO] sdboot_boot_load_file: loading sdboot boot config from file /loader/loader.conf

[INFO] sdboot_boot_load_file: loading sdboot boot config from file android.conf

[DEBUG] sdboot_boot_load_file: created sdboot loader android

[DEBUG] sdboot_boot_load_root: use timeout value 5 from sdboot config

[DEBUG] sdboot_boot_load_root: found default entry android.conf in sdboot config

[DEBUG] sdboot_boot_load_root: use default entry android.conf from sdboot config

[INFO] sdboot_boot_load_menu: loaded systemd-boot menu from current device

[Warn]	(0.000, +0)	 lv_uefi_simple_pointer_indev_add_handle: [lv_uefi] The SIMPLE_POINTER inter

face is not valid. lv_uefi_indev_pointer.c:124



Embedded Boot Loader GUI Menu Serial Alternative

[INFO] embloader_gui_menu_start: lvgl gui menu started

[WARNING] load_xml_from: failed to read XML file menu-main.xml for menu-main: Invalid Parameter

[WARNING] filter_supports: disabled for Qualcomm UEFI

[WARNING] embloader_tui_menu_start: this platform have bad console, skip TUI menu



========================================

= Embedded Bootloader menu

========================================

  1. Android 13 ??? Dragon Q6A

  2. Reboot Into Firmware Interface

========================================

Menu timeout: 5 seconds

Default option: (1) Android 13 ??? Dragon Q6A

Select an option (1-2) or press Enter to boot default: 

Timeout

Booting default option (1) Android 13 ??? Dragon Q6A



[INFO] embloader_loader_boot: booting Android 13 ??? Dragon Q6A (android) ...

[INFO] embloader_loader_boot_sdboot: booting sdboot loader Android 13 ??? Dragon Q6A ...

[INFO] linux_load_kernel: loading kernel /Android/Image

[INFO] linux_load_kernel: loaded kernel /Android/Image size 61.25MiB (64223744 bytes)

[INFO] linux_load_kernel: kernel /Android/Image at 0xf6374000 with 15680 pages

[INFO] linux_load_initramfs: loading initramfs /Android/ramdisk.img

[INFO] linux_load_initramfs: loaded initramfs /Android/ramdisk.img size 14.43MiB (15129374 bytes)

[INFO] linux_load_initramfs: loaded 1 initramfs size 14.43MiB (15129374 bytes)

[INFO] linux_load_initramfs: initramfs collections (1) at 0xef0b5000 with 3694 pages

[INFO] linux_load_bootargs: loaded bootargs console=tty0 console=ttyMSM0,115200n8 earlycon=qcom_geni

,0x00994000 fbcon=nodefer video=efifb:keep keep_bootcon ignore_loglevel loglevel=8 initcall_debug mo

dprobe.blacklist=msm panic=10 coherent_pool=2M firmware_class.path=/vendor/firmware irqchip.gicv3_ps

eudo_nmi=0 psi=1 selinux=1 androidboot.force_normal_boot=1 androidboot.slot_suffix=_a androidboot.ha

rdware=dragon_q6a androidboot.selinux=permissive androidboot.boot_devices=soc@0/8804000.mmc lsm=land

lock,lockdown,yama,integrity,selinux,bpf printk.devkmsg=on

[DEBUG] linux_try_load_dtb: try load dtb /Android/qcs6490-radxa-dragon-q6a.dtb

[INFO] linux_try_load_dtb: read dtb /Android/qcs6490-radxa-dragon-q6a.dtb size 180.70KiB (184388 byt

es)

[INFO] linux_try_load_dtb: load dtb /Android/qcs6490-radxa-dragon-q6a.dtb successfully

[INFO] linux_try_load_dtb: dtb model: Radxa Dragon Q6A

[INFO] linux_try_load_dtb: dtb compatible: radxa,dragon-q6a

[DEBUG] linux_data_load: linux boot data prepared

[DEBUG] efi_dtfixup: applying efi dtfixup protocol

[INFO] efi_dtfixup: efi dtfixup applied successfully

[INFO] embloader_start_efi: load efi image at 0xf6374000...

 Entered MeasurePeImg...

/local/mnt/workspace/CRMBuilds/BOOT.MXF.1.0.1-00549-KODIAKWP-1_20250921_095415/b/boot_images/boot/QcomPkg/Drivers/TrEEDxe/TrEEDxe.c..HashLogExtendEvent:480 Failed! input = 0x2  

/local/mnt/workspace/CRMBuilds/BOOT.MXF.1.0.1-00549-KODIAKWP-1_20250921_095415/b/boot_images/boot/QcomPkg/Drivers/MeasureBootDxe/MeasureBootDxe.c..HashExtendLogTreeEvent: 319 Failed! input = 0x1  

/local/mnt/workspace/CRMBuilds/BOOT.MXF.1.0.1-00549-KODIAKWP-1_20250921_095415/b/boot_images/boot/QcomPkg/Drivers/MeasureBootDxe/MeasureBootDxe.c..MeasurePeImgAll: 1290 Failed! input = 0x1  

DetectLinuxKernelVersion Delta : 42510 micro sec

[INFO] embloader_start_efi: use cmdline console=tty0 console=ttyMSM0,115200n8 earlycon=qcom_geni,0x0

0994000 fbcon=nodefer video=efifb:keep keep_bootcon ignore_loglevel loglevel=8 initcall_debug modpro

be.blacklist=msm panic=10 coherent_pool=2M firmware_class.path=/vendor/firmware irqchip.gicv3_pseudo

_nmi=0 psi=1 selinux=1 androidboot.force_normal_boot=1 androidboot.slot_suffix=_a androidboot.hardwa

re=dragon_q6a androidboot.selinux=permissive androidboot.boot_devices=soc@0/8804000.mmc lsm=landlock

,lockdown,yama,integrity,selinux,bpf printk.devkmsg=on

[INFO] embloader_start_efi: start efi image...

Start EBS        [22851] 

Start EBS        [22855] 

ScmArmV8ExitBootServicesHandler, Status = 0x0. 

Exit EBS        [23753] UEFI End

[    0.000000] printk: debug: ignoring loglevel setting.

[    0.000000] efi: EFI v2.7 by Qualcomm Technologies, Inc.

[    0.000000] efi: ACPI 2.0=0xffffd000 MEMATTR=0xfa3eb018 ESRT=0xfa30ee98 SMBIOS=0xffed1000 TPMEventLog=0xfffc6018 INITRD=0xf0075f98 RNG=0xfffc6e98 MEMRESERVE=0xf0075d18 

[    0.000000] random: crng init done

[    0.000000] TPM Final Events table not present

[    0.000000] esrt: Reserving ESRT space from 0x00000000fa30ee98 to 0x00000000fa30eef8.

[    0.000000] OF: reserved mem: 0x0000000080000000..0x00000000805fffff (6144 KiB) nomap non-reusable hyp@80000000

[    0.000000] OF: reserved mem: 0x0000000080600000..0x00000000807fffff (2048 KiB) nomap non-reusable xbl@80600000

[    0.000000] OF: reserved mem: 0x0000000080800000..0x000000008085ffff (384 KiB) nomap non-reusable aop@80800000

[    0.000000] OF: reserved mem: 0x0000000080860000..0x000000008087ffff (128 KiB) nomap non-reusable aop-cmd-db@80860000

[    0.000000] OF: reserved mem: 0x0000000080884000..0x0000000080893fff (64 KiB) nomap non-reusable xbl-uefi-res@80880000

[    0.000000] OF: reserved mem: 0x00000000808ff000..0x00000000808fffff (4 KiB) nomap non-reusable sec-apps@808ff000

[    0.000000] OF: reserved mem: 0x0000000080900000..0x0000000080afffff (2048 KiB) nomap non-reusable smem@80900000

[    0.000000] OF: reserved mem: 0x0000000080b00000..0x0000000080bfffff (1024 KiB) nomap non-reusable cpucp@80b00000

[    0.000000] OF: reserved mem: 0x0000000081800000..0x00000000826fffff (15360 KiB) nomap non-reusable lpass-ml@81800000

[    0.000000] OF: reserved mem: 0x0000000082700000..0x000000008270ffff (64 KiB) nomap non-reusable cdsp-secure-heap@82700000

[    0.000000] OF: reserved mem: 0x000000008b800000..0x000000008dffffff (40960 KiB) nomap non-reusable adsp@8b800000

[    0.000000] OF: reserved mem: 0x000000008e000000..0x000000008fdfffff (30720 KiB) nomap non-reusable cdsp@8e000000

[    0.000000] OF: reserved mem: 0x000000008fe00000..0x00000000902fffff (5120 KiB) nomap non-reusable video@8fe00000

[    0.000000] OF: reserved mem: 0x0000000090300000..0x0000000090304fff (20 KiB) nomap non-reusable zap@90300000

[    0.000000] OF: reserved mem: 0x00000000c0000000..0x00000000c00fffff (1024 KiB) nomap non-reusable tz-stat@c0000000

[    0.000000] OF: reserved mem: 0x00000000c0100000..0x00000000c12fffff (18432 KiB) nomap non-reusable tags@c0100000

[    0.000000] OF: reserved mem: 0x00000000c1300000..0x00000000c17fffff (5120 KiB) nomap non-reusable qtee@c1300000

[    0.000000] OF: reserved mem: 0x00000000c1800000..0x00000000c39fffff (34816 KiB) nomap non-reusable trusted-apps@c1800000

[    0.000000] OF: reserved mem: 0x00000000c6500000..0x00000000c6cfffff (8192 KiB) nomap non-reusable adsp-rpc-remote-heap@c6500000

[    0.000000] NUMA: Faking a node at [mem 0x0000000080000000-0x000000027fffffff]

[    0.000000] NODE_DATA(0) allocated [mem 0x27eda9c00-0x27edad37f]

[    0.000000] Zone ranges:

[    0.000000]   DMA      [mem 0x0000000080000000-0x00000000ffffffff]

[    0.000000]   DMA32    empty

[    0.000000]   Normal   [mem 0x0000000100000000-0x000000027fffffff]

[    0.000000]   Device   empty

[    0.000000] Movable zone start for each node

[    0.000000] Early memory node ranges

[    0.000000]   node   0: [mem 0x0000000080000000-0x00000000807fffff]

[    0.000000]   node   0: [mem 0x0000000080884000-0x00000000808b3fff]

[    0.000000]   node   0: [mem 0x00000000808b4000-0x00000000808fefff]

[    0.000000]   node   0: [mem 0x00000000808ff000-0x00000000808fffff]

[    0.000000]   node   0: [mem 0x0000000080b00000-0x000000008270ffff]

[    0.000000]   node   0: [mem 0x0000000082710000-0x00000000842fffff]

[    0.000000]   node   0: [mem 0x0000000084800000-0x000000008b7fffff]

[    0.000000]   node   0: [mem 0x0000000090309000-0x000000009f5f6fff]

[    0.000000]   node   0: [mem 0x000000009f5f7000-0x000000009f5fffff]

[    0.000000]   node   0: [mem 0x000000009f600000-0x000000009fffffff]

[    0.000000]   node   0: [mem 0x00000000a0000000-0x00000000a0001fff]

[    0.000000]   node   0: [mem 0x00000000a0002000-0x00000000a07fffff]

[    0.000000]   node   0: [mem 0x00000000a0800000-0x00000000a0afffff]

[    0.000000]   node   0: [mem 0x00000000a0b00000-0x00000000bb5fffff]

[    0.000000]   node   0: [mem 0x00000000c3a00000-0x00000000c50fffff]

[    0.000000]   node   0: [mem 0x00000000c6000000-0x00000000c64fffff]

[    0.000000]   node   0: [mem 0x00000000c6d00000-0x00000000c90fffff]

[    0.000000]   node   0: [mem 0x00000000c9100000-0x00000000eedfffff]

[    0.000000]   node   0: [mem 0x00000000eee00000-0x00000000eeffffff]

[    0.000000]   node   0: [mem 0x00000000ef000000-0x00000000ffa75fff]

[    0.000000]   node   0: [mem 0x00000000ffa76000-0x00000000fff21fff]

[    0.000000]   node   0: [mem 0x00000000fff22000-0x000000027fffffff]

[    0.000000] Initmem setup node 0 [mem 0x0000000080000000-0x000000027fffffff]

[    0.000000] On node 0, zone DMA: 132 pages in unavailable ranges

[    0.000000] On node 0, zone DMA: 512 pages in unavailable ranges

[    0.000000] On node 0, zone DMA: 1280 pages in unavailable ranges

[    0.000000] On node 0, zone DMA: 19209 pages in unavailable ranges

[    0.000000] On node 0, zone DMA: 33792 pages in unavailable ranges

[    0.000000] On node 0, zone DMA: 3840 pages in unavailable ranges

[    0.000000] On node 0, zone DMA: 2048 pages in unavailable ranges

[    0.000000] cma: Reserved 32 MiB at 0x00000000fda00000

[    0.000000] psci: probing for conduit method from DT.

[    0.000000] psci: PSCIv1.1 detected in firmware.

[    0.000000] psci: Using standard PSCI v0.2 function IDs

[    0.000000] psci: MIGRATE_INFO_TYPE not supported.

[    0.000000] psci: SMC Calling Convention v1.1

[    0.000000] psci: OSI mode supported.

[    0.000000] psci: [Firmware Bug]: failed to set PC mode: -3

[    0.000000] percpu: Embedded 26 pages/cpu s66328 r8192 d31976 u106496

[    0.000000] pcpu-alloc: s66328 r8192 d31976 u106496 alloc=26*4096

[    0.000000] pcpu-alloc: [0] 0 [0] 1 [0] 2 [0] 3 [0] 4 [0] 5 [0] 6 [0] 7 

[    0.000000] Detected VIPT I-cache on CPU0

[    0.000000] CPU features: detected: GICv3 CPU interface

[    0.000000] CPU features: kernel page table isolation forced ON by KASLR

[    0.000000] CPU features: detected: Kernel page table isolation (KPTI)

[    0.000000] CPU features: detected: Qualcomm erratum 1009, or ARM erratum 1286807, 2441009

[    0.000000] CPU features: detected: ARM errata 1165522, 1319367, or 1530923

[    0.000000] alternatives: applying boot alternatives

[    0.000000] Kernel command line: console=tty0 console=ttyMSM0,115200n8 earlycon=qcom_geni,0x00994000 fbcon=nodefer video=efifb:keep keep_bootcon ignore_loglevel loglevel=8 initcall_debug modprobe.blacklist=msm panic=10 coherent_pool=2M firmware_class.path=/vendor/firmware irqchip.gicv3_pseudo_nmi=0 psi=1 selinux=1 androidboot.force_normal_boot=1 androidboot.slot_suffix=_a androidboot.hardware=dragon_q6a androidboot.selinux=permissive androidboot.boot_devices=soc@0/8804000.mmc lsm=landlock,lockdown,yama,integrity,selinux,bpf printk.devkmsg=on

[    0.000000] printk: log buffer data + meta data: 2097152 + 7340032 = 9437184 bytes

[    0.000000] Dentry cache hash table entries: 1048576 (order: 11, 8388608 bytes, linear)

[    0.000000] Inode-cache hash table entries: 524288 (order: 10, 4194304 bytes, linear)

[    0.000000] software IO TLB: area num 8.

[    0.000000] software IO TLB: mapped [mem 0x00000000f630e000-0x00000000fa30e000] (64MB)

[    0.000000] Fallback order for Node 0: 0 

[    0.000000] Built 1 zonelists, mobility grouping on.  Total pages: 2036339

[    0.000000] Policy zone: Normal

[    0.000000] mem auto-init: stack:all(zero), heap alloc:on, heap free:off

[    0.000000] stackdepot: allocating hash table via alloc_large_system_hash

[    0.000000] stackdepot hash table entries: 524288 (order: 11, 8388608 bytes, linear)

[    0.000000] stackdepot: allocating space for 8192 stack pools via memblock

[    0.000000] SLUB: HWalign=64, Order=0-3, MinObjects=0, CPUs=8, Nodes=1

[    0.000000] Dynamic Preempt: voluntary

[    0.000000] rcu: Preemptible hierarchical RCU implementation.

[    0.000000] rcu: 	RCU restricting CPUs from NR_CPUS=512 to nr_cpu_ids=8.

[    0.000000] rcu: 	RCU priority boosting: priority 1 delay 500 ms.

[    0.000000] 	Trampoline variant of Tasks RCU enabled.

[    0.000000] 	Tracing variant of Tasks RCU enabled.

[    0.000000] rcu: RCU calculated value of scheduler-enlistment delay is 100 jiffies.

[    0.000000] rcu: Adjusting geometry for rcu_fanout_leaf=16, nr_cpu_ids=8

[    0.000000] RCU Tasks: Setting shift to 3 and lim to 1 rcu_task_cb_adjust=1 rcu_task_cpu_ids=8.

[    0.000000] RCU Tasks Trace: Setting shift to 3 and lim to 1 rcu_task_cb_adjust=1 rcu_task_cpu_ids=8.

[    0.000000] NR_IRQS: 64, nr_irqs: 64, preallocated irqs: 0

[    0.000000] GICv3: 928 SPIs implemented

[    0.000000] GICv3: 0 Extended SPIs implemented

[    0.000000] GICv3: MBI range [832:959]

[    0.000000] GICv3: Using MBI frame 0x0000000017a10000

[    0.000000] Root IRQ handler: gic_handle_irq

[    0.000000] GICv3: GICv3 features: 16 PPIs

[    0.000000] GICv3: GICD_CTLR.DS=0, SCR_EL3.FIQ=1

[    0.000000] GICv3: CPU0: found redistributor 0 region 0:0x0000000017a60000

[    0.000000] ITS: No ITS available, not enabling LPIs

[    0.000000] rcu: srcu_init: Setting srcu_struct sizes based on contention.

[    0.000000] arch_timer: cp15 timer running at 19.20MHz (virt).

[    0.000000] clocksource: arch_sys_counter: mask: 0xffffffffffffff max_cycles: 0x46d987e47, max_idle_ns: 440795202767 ns

[    0.000000] sched_clock: 56 bits at 19MHz, resolution 52ns, wraps every 4398046511078ns

[    0.008765] kfence: initialized - using 2097152 bytes for 255 objects at 0x(____ptrval____)-0x(____ptrval____)

[    0.019186] Console: colour dummy device 80x25

[    0.023761] printk: legacy console [tty0] enabled

[    0.029303] Calibrating delay loop (skipped), value calculated using timer frequency.. 38.40 BogoMIPS (lpj=19200)

[    0.039849] pid_max: default: 32768 minimum: 301

[    0.044723] LSM: initializing lsm=capability,landlock,yama,selinux

[    0.051201] landlock: Up and running.

[    0.054984] Yama: becoming mindful.

[    0.058592] SELinux:  Initializing.

[    0.062661] Mount-cache hash table entries: 16384 (order: 5, 131072 bytes, linear)

[    0.070459] Mountpoint-cache hash table entries: 16384 (order: 5, 131072 bytes, linear)

[    0.080734] entering initcall level: early

[    0.084963] calling  cpu_suspend_init+0x0/0x5c @ 1

[    0.089910] initcall cpu_suspend_init+0x0/0x5c returned 0 after 0 usecs

[    0.096713] calling  prevent_bootmem_remove_init+0x0/0x64 @ 1

[    0.102636] initcall prevent_bootmem_remove_init+0x0/0x64 returned 0 after 0 usecs

[    0.110421] calling  asids_init+0x0/0xc0 @ 1

[    0.114830] initcall asids_init+0x0/0xc0 returned 0 after 0 usecs

[    0.121105] calling  xen_guest_init+0x0/0x404 @ 1

[    0.125960] initcall xen_guest_init+0x0/0x404 returned 0 after 0 usecs

[    0.132677] calling  spawn_ksoftirqd+0x0/0x74 @ 1

[    0.137586] initcall spawn_ksoftirqd+0x0/0x74 returned 0 after 0 usecs

[    0.144309] calling  init_signal_sysctls+0x0/0x64 @ 1

[    0.149533] initcall init_signal_sysctls+0x0/0x64 returned 0 after 0 usecs

[    0.156606] calling  init_umh_sysctls+0x0/0x3c @ 1

[    0.161548] initcall init_umh_sysctls+0x0/0x3c returned 0 after 0 usecs

[    0.168348] calling  kthreads_init+0x0/0x3c @ 1

[    0.173024] initcall kthreads_init+0x0/0x3c returned 0 after 0 usecs

[    0.179558] calling  migration_init+0x0/0x28 @ 1

[    0.184315] initcall migration_init+0x0/0x28 returned 0 after 0 usecs

[    0.190945] calling  printk_set_kthreads_ready+0x0/0x58 @ 1

[    0.196682] initcall printk_set_kthreads_ready+0x0/0x58 returned 0 after 0 usecs

[    0.204295] calling  srcu_bootup_announce+0x0/0x94 @ 1

[    0.209589] rcu: Hierarchical SRCU implementation.

[    0.214523] rcu: 	Max phase no-delay instances is 400.

[    0.219814] initcall srcu_bootup_announce+0x0/0x94 returned 0 after 2000 usecs

[    0.227242] calling  rcu_spawn_gp_kthread+0x0/0x28c @ 1

[    0.232835] initcall rcu_spawn_gp_kthread+0x0/0x28c returned 0 after 0 usecs

[    0.240102] calling  check_cpu_stall_init+0x0/0x34 @ 1

[    0.245400] initcall check_cpu_stall_init+0x0/0x34 returned 0 after 0 usecs

[    0.252559] calling  rcu_sysrq_init+0x0/0x40 @ 1

[    0.257314] initcall rcu_sysrq_init+0x0/0x40 returned 0 after 0 usecs

[    0.263947] calling  tmigr_init+0x0/0x19c @ 1

[    0.268450] Timer migration: 1 hierarchy levels; 8 children per group; 1 crossnode level

[    0.276779] initcall tmigr_init+0x0/0x19c returned 0 after 1000 usecs

[    0.283412] calling  insert_crashkernel_resources+0x0/0x8c @ 1

[    0.289419] initcall insert_crashkernel_resources+0x0/0x8c returned 0 after 0 usecs

[    0.297290] calling  cpu_stop_init+0x0/0xd8 @ 1

[    0.302014] initcall cpu_stop_init+0x0/0xd8 returned 0 after 0 usecs

[    0.308564] calling  init_kprobes+0x0/0x17c @ 1

[    0.313506] initcall init_kprobes+0x0/0x17c returned 0 after 0 usecs

[    0.320043] calling  irq_work_init_threads+0x0/0x8 @ 1

[    0.325337] initcall irq_work_init_threads+0x0/0x8 returned 0 after 0 usecs

[    0.332496] calling  jump_label_init_module+0x0/0x28 @ 1

[    0.337962] initcall jump_label_init_module+0x0/0x28 returned 0 after 0 usecs

[    0.345304] calling  init_zero_pfn+0x0/0x28 @ 1

[    0.349974] initcall init_zero_pfn+0x0/0x28 returned 0 after 0 usecs

[    0.356509] calling  init_fs_inode_sysctls+0x0/0x40 @ 1

[    0.361895] initcall init_fs_inode_sysctls+0x0/0x40 returned 0 after 0 usecs

[    0.369151] calling  init_fs_locks_sysctls+0x0/0x3c @ 1

[    0.374534] initcall init_fs_locks_sysctls+0x0/0x3c returned 0 after 0 usecs

[    0.381780] calling  init_fs_sysctls+0x0/0x3c @ 1

[    0.386634] initcall init_fs_sysctls+0x0/0x3c returned 0 after 0 usecs

[    0.393350] calling  init_security_keys_sysctls+0x0/0x3c @ 1

[    0.399178] initcall init_security_keys_sysctls+0x0/0x3c returned 0 after 0 usecs

[    0.406876] calling  dynamic_debug_init+0x0/0x2d8 @ 1

[    0.412479] initcall dynamic_debug_init+0x0/0x2d8 returned 0 after 0 usecs

[    0.419558] calling  its_fsl_mc_msi_init+0x0/0xb4 @ 1

[    0.425061] initcall its_fsl_mc_msi_init+0x0/0xb4 returned 0 after 0 usecs

[    0.432141] calling  cci_init+0x0/0x30 @ 1

[    0.436723] initcall cci_init+0x0/0x30 returned -19 after 0 usecs

[    0.443004] calling  brcmstb_soc_device_early_init+0x0/0xa8 @ 1

[    0.450024] initcall brcmstb_soc_device_early_init+0x0/0xa8 returned 0 after 0 usecs

[    0.457999] calling  brcmstb_biuctrl_init+0x0/0x4c8 @ 1

[    0.463519] initcall brcmstb_biuctrl_init+0x0/0x4c8 returned 0 after 0 usecs

[    0.470779] calling  renesas_soc_init+0x0/0x398 @ 1

[    0.475814] initcall renesas_soc_init+0x0/0x398 returned -19 after 0 usecs

[    0.482889] calling  tegra_init_fuse+0x0/0x20c @ 1

[    0.488837] initcall tegra_init_fuse+0x0/0x20c returned 0 after 1000 usecs

[    0.495915] calling  tegra_flowctrl_init+0x0/0x100 @ 1

[    0.501215] initcall tegra_flowctrl_init+0x0/0x100 returned 0 after 0 usecs

[    0.508372] calling  tegra_pmc_early_init+0x0/0x2a8 @ 1

[    0.514678] initcall tegra_pmc_early_init+0x0/0x2a8 returned 0 after 0 usecs

[    0.521940] calling  tegra186_ari_init+0x0/0x7c @ 1

[    0.526966] initcall tegra186_ari_init+0x0/0x7c returned 0 after 0 usecs

[    0.533867] calling  rcar_sysc_pd_init+0x0/0x434 @ 1

[    0.540105] initcall rcar_sysc_pd_init+0x0/0x434 returned -19 after 1000 usecs

[    0.547537] calling  unpopulated_init+0x0/0x70 @ 1

[    0.552476] initcall unpopulated_init+0x0/0x70 returned -19 after 0 usecs

[    0.559462] calling  efi_memreserve_root_init+0x0/0x54 @ 1

[    0.565119] initcall efi_memreserve_root_init+0x0/0x54 returned 0 after 0 usecs

[    0.572633] calling  arm_enable_runtime_services+0x0/0x2e0 @ 1

[    0.578645] Remapping and enabling EFI services.

[    0.583483] initcall arm_enable_runtime_services+0x0/0x2e0 returned 0 after 1000 usecs

[    0.591624] calling  efi_earlycon_remap_fb+0x0/0x7c @ 1

[    0.597005] initcall efi_earlycon_remap_fb+0x0/0x7c returned 0 after 0 usecs

[    0.604261] calling  dummy_timer_register+0x0/0x3c @ 1

[    0.609560] initcall dummy_timer_register+0x0/0x3c returned 0 after 0 usecs

[    0.616954] smp: Bringing up secondary CPUs ...

[    0.622311] Detected VIPT I-cache on CPU1

[    0.622450] GICv3: CPU1: found redistributor 100 region 0:0x0000000017a80000

[    0.622488] CPU1: Booted secondary processor 0x0000000100 [0x412fd050]

[    0.623198] Detected VIPT I-cache on CPU2

[    0.623331] GICv3: CPU2: found redistributor 200 region 0:0x0000000017aa0000

[    0.623361] CPU2: Booted secondary processor 0x0000000200 [0x412fd050]

[    0.623982] Detected VIPT I-cache on CPU3

[    0.624107] GICv3: CPU3: found redistributor 300 region 0:0x0000000017ac0000

[    0.624132] CPU3: Booted secondary processor 0x0000000300 [0x412fd050]

[    0.625229] CPU features: detected: Spectre-v4

[    0.625233] CPU features: detected: Spectre-BHB

[    0.625235] CPU features: detected: SSBS not fully self-synchronizing

[    0.625237] Detected PIPT I-cache on CPU4

[    0.625278] GICv3: CPU4: found redistributor 400 region 0:0x0000000017ae0000

[    0.625290] CPU4: Booted secondary processor 0x0000000400 [0x411fd411]

[    0.625857] Detected PIPT I-cache on CPU5

[    0.625900] GICv3: CPU5: found redistributor 500 region 0:0x0000000017b00000

[    0.625913] CPU5: Booted secondary processor 0x0000000500 [0x411fd411]

[    0.626474] Detected PIPT I-cache on CPU6

[    0.626518] GICv3: CPU6: found redistributor 600 region 0:0x0000000017b20000

[    0.626530] CPU6: Booted secondary processor 0x0000000600 [0x411fd411]

[    0.627161] Detected PIPT I-cache on CPU7

[    0.627199] GICv3: CPU7: found redistributor 700 region 0:0x0000000017b40000

[    0.627210] CPU7: Booted secondary processor 0x0000000700 [0x411fd411]

[    0.627268] smp: Brought up 1 node, 8 CPUs

[    0.773922] SMP: Total of 8 processors activated.

[    0.778771] CPU: All CPU(s) started at EL1

[    0.783005] CPU features: detected: 32-bit EL0 Support

[    0.788297] CPU features: detected: Data cache clean to the PoU not required for I/D coherence

[    0.797144] CPU features: detected: Common not Private translations

[    0.803586] CPU features: detected: CRC32 instructions

[    0.808874] CPU features: detected: Data cache clean to Point of Persistence

[    0.816130] CPU features: detected: RCpc load-acquire (LDAPR)

[    0.822045] CPU features: detected: LSE atomic instructions

[    0.827774] CPU features: detected: Privileged Access Never

[    0.833504] CPU features: detected: PMUv3

[    0.837628] CPU features: detected: RAS Extension Support

[    0.843191] CPU features: detected: Speculative Store Bypassing Safe (SSBS)

[    0.850409] alternatives: applying system-wide alternatives

[    0.859947] CPU features: detected: Hardware dirty bit management on CPU4-7

[    0.867450] Memory: 7702836K/8145356K available (19776K kernel code, 12414K rwdata, 16268K rodata, 14080K init, 3096K bss, 403620K reserved, 32768K cma-reserved)

[    0.884053] devtmpfs: initialized

[    0.892301] entering initcall level: pure

[    0.896439] calling  bpf_jit_charge_init+0x0/0x4c @ 1

[    0.901640] initcall bpf_jit_charge_init+0x0/0x4c returned 0 after 0 usecs

[    0.908696] calling  ipc_ns_init+0x0/0x68 @ 1

[    0.913197] initcall ipc_ns_init+0x0/0x68 returned 0 after 0 usecs

[    0.919545] calling  init_mmap_min_addr+0x0/0x5c @ 1

[    0.924663] initcall init_mmap_min_addr+0x0/0x5c returned 0 after 0 usecs

[    0.931639] calling  pci_realloc_setup_params+0x0/0x68 @ 1

[    0.937275] initcall pci_realloc_setup_params+0x0/0x68 returned 0 after 0 usecs

[    0.944783] calling  tegra194_cbb_init+0x0/0x28 @ 1

[    0.949801] initcall tegra194_cbb_init+0x0/0x28 returned 0 after 0 usecs

[    0.956685] calling  tegra234_cbb_init+0x0/0x28 @ 1

[    0.961695] initcall tegra234_cbb_init+0x0/0x28 returned 0 after 0 usecs

[    0.968581] calling  inet_frag_wq_init+0x0/0x54 @ 1

[    0.973718] initcall inet_frag_wq_init+0x0/0x54 returned 0 after 0 usecs

[    0.980674] entering initcall level: core

[    0.984801] calling  fpsimd_init+0x0/0xec @ 1

[    0.989286] initcall fpsimd_init+0x0/0xec returned 0 after 0 usecs

[    0.995629] calling  tagged_addr_init+0x0/0x3c @ 1

[    1.000561] initcall tagged_addr_init+0x0/0x3c returned 0 after 0 usecs

[    1.007358] calling  init_amu_fie+0x0/0x28 @ 1

[    1.011930] initcall init_amu_fie+0x0/0x28 returned 0 after 0 usecs

[    1.018362] calling  init_watchdog_freq_notifier+0x0/0x28 @ 1

[    1.024268] initcall init_watchdog_freq_notifier+0x0/0x28 returned 0 after 0 usecs

[    1.032038] calling  arm64_efi_rt_init+0x0/0xb8 @ 1

[    1.037057] initcall arm64_efi_rt_init+0x0/0xb8 returned 0 after 0 usecs

[    1.043941] calling  armv8_deprecated_init+0x0/0x1d0 @ 1

[    1.049408] initcall armv8_deprecated_init+0x0/0x1d0 returned 0 after 0 usecs

[    1.056733] calling  map_entry_trampoline+0x0/0x160 @ 1

[    1.062105] initcall map_entry_trampoline+0x0/0x160 returned 0 after 0 usecs

[    1.069348] calling  alloc_frozen_cpus+0x0/0x3c @ 1

[    1.074357] initcall alloc_frozen_cpus+0x0/0x3c returned 0 after 0 usecs

[    1.081241] calling  cpu_hotplug_pm_sync_init+0x0/0x2c @ 1

[    1.086874] initcall cpu_hotplug_pm_sync_init+0x0/0x2c returned 0 after 0 usecs

[    1.094381] calling  wq_sysfs_init+0x0/0x34 @ 1

[    1.099052] initcall wq_sysfs_init+0x0/0x34 returned 0 after 0 usecs

[    1.105582] calling  ksysfs_init+0x0/0xd0 @ 1

[    1.110070] initcall ksysfs_init+0x0/0xd0 returned 0 after 0 usecs

[    1.116415] calling  schedutil_gov_init+0x0/0x24 @ 1

[    1.121522] initcall schedutil_gov_init+0x0/0x24 returned 0 after 0 usecs

[    1.128491] calling  pm_init+0x0/0x90 @ 1

[    1.132626] initcall pm_init+0x0/0x90 returned 0 after 0 usecs

[    1.138617] calling  pm_disk_init+0x0/0x2c @ 1

[    1.143189] initcall pm_disk_init+0x0/0x2c returned 0 after 0 usecs

[    1.149622] calling  swsusp_header_init+0x0/0x40 @ 1

[    1.154729] initcall swsusp_header_init+0x0/0x40 returned 0 after 0 usecs

[    1.161698] calling  rcu_set_runtime_mode+0x0/0x2c @ 1

[    1.166981] initcall rcu_set_runtime_mode+0x0/0x2c returned 0 after 0 usecs

[    1.174123] calling  rcu_init_tasks_generic+0x0/0xe0 @ 1

[    1.179699] initcall rcu_init_tasks_generic+0x0/0xe0 returned 0 after 0 usecs

[    1.187026] calling  init_jiffies_clocksource+0x0/0x2c @ 1

[    1.192662] clocksource: jiffies: mask: 0xffffffff max_cycles: 0xffffffff, max_idle_ns: 1911260446275000 ns

[    1.202659] initcall init_jiffies_clocksource+0x0/0x2c returned 0 after 10000 usecs

[    1.210524] calling  posixtimer_init+0x0/0x12c @ 1

[    1.215461] posixtimers hash table entries: 4096 (order: 4, 65536 bytes, linear)

[    1.223058] initcall posixtimer_init+0x0/0x12c returned 0 after 7000 usecs

[    1.230116] calling  futex_init+0x0/0x1e0 @ 1

[    1.234609] futex hash table entries: 2048 (131072 bytes on 1 NUMA nodes, total 128 KiB, linear).

[    1.243711] initcall futex_init+0x0/0x1e0 returned 0 after 9000 usecs

[    1.250328] calling  cgroup_wq_init+0x0/0x8c @ 1

[    1.255078] initcall cgroup_wq_init+0x0/0x8c returned 0 after 0 usecs

[    1.261694] calling  cgroup1_wq_init+0x0/0x40 @ 1

[    1.266535] initcall cgroup1_wq_init+0x0/0x40 returned 0 after 0 usecs

[    1.273236] calling  cpu_pm_init+0x0/0x28 @ 1

[    1.277721] initcall cpu_pm_init+0x0/0x28 returned 0 after 0 usecs

[    1.284067] calling  bpf_offload_init+0x0/0x2c @ 1

[    1.288991] initcall bpf_offload_init+0x0/0x2c returned 0 after 0 usecs

[    1.295788] calling  cgroup_bpf_wq_init+0x0/0x48 @ 1

[    1.300899] initcall cgroup_bpf_wq_init+0x0/0x48 returned 0 after 0 usecs

[    1.307868] calling  init_events_core_sysctls+0x0/0x3c @ 1

[    1.313508] initcall init_events_core_sysctls+0x0/0x3c returned 0 after 0 usecs

[    1.321018] calling  init_callchain_sysctls+0x0/0x3c @ 1

[    1.326484] initcall init_callchain_sysctls+0x0/0x3c returned 0 after 0 usecs

[    1.333810] calling  memory_failure_init+0x0/0xd8 @ 1

[    1.339008] initcall memory_failure_init+0x0/0xd8 returned 0 after 0 usecs

[    1.346064] calling  cma_init_reserved_areas+0x0/0x330 @ 1

[    1.351795] initcall cma_init_reserved_areas+0x0/0x330 returned 0 after 0 usecs

[    1.359309] calling  balloon_init+0x0/0x28 @ 1

[    1.363879] initcall balloon_init+0x0/0x28 returned 0 after 0 usecs

[    1.370311] calling  execmem_late_init+0x0/0x1a8 @ 1

[    1.375418] 2G module region forced by RANDOMIZE_MODULE_REGION_FULL

[    1.381849] 0 pages in range for non-PLT usage

[    1.381850] 507808 pages in range for PLT usage

[    1.386419] initcall execmem_late_init+0x0/0x1a8 returned 0 after 11000 usecs

[    1.398399] calling  fsnotify_init+0x0/0x9c @ 1

[    1.403063] initcall fsnotify_init+0x0/0x9c returned 0 after 0 usecs

[    1.409594] calling  filelock_init+0x0/0x160 @ 1

[    1.414351] initcall filelock_init+0x0/0x160 returned 0 after 0 usecs

[    1.420967] calling  init_script_binfmt+0x0/0x2c @ 1

[    1.426074] initcall init_script_binfmt+0x0/0x2c returned 0 after 0 usecs

[    1.433044] calling  init_elf_binfmt+0x0/0x2c @ 1

[    1.437882] initcall init_elf_binfmt+0x0/0x2c returned 0 after 0 usecs

[    1.444582] calling  init_compat_elf_binfmt+0x0/0x2c @ 1

[    1.450035] initcall init_compat_elf_binfmt+0x0/0x2c returned 0 after 0 usecs

[    1.457360] calling  configfs_init+0x0/0xf8 @ 1

[    1.462020] initcall configfs_init+0x0/0xf8 returned 0 after 0 usecs

[    1.468541] calling  debugfs_init+0x0/0x128 @ 1

[    1.473200] initcall debugfs_init+0x0/0x128 returned 0 after 0 usecs

[    1.479730] calling  securityfs_init+0x0/0xc4 @ 1

[    1.484736] initcall securityfs_init+0x0/0xc4 returned 0 after 0 usecs

[    1.491440] calling  cci_platform_init+0x0/0x28 @ 1

[    1.496457] initcall cci_platform_init+0x0/0x28 returned 0 after 0 usecs

[    1.503341] calling  pinctrl_init+0x0/0xdc @ 1

[    1.507910] pinctrl core: initialized pinctrl subsystem

[    1.513301] initcall pinctrl_init+0x0/0xdc returned 0 after 6000 usecs

[    1.520004] calling  rzg2l_pinctrl_init+0x0/0x28 @ 1

[    1.525115] initcall rzg2l_pinctrl_init+0x0/0x28 returned 0 after 0 usecs

[    1.532088] calling  rzt2h_pinctrl_init+0x0/0x28 @ 1

[    1.537197] initcall rzt2h_pinctrl_init+0x0/0x28 returned 0 after 0 usecs

[    1.544166] calling  rzv2m_pinctrl_init+0x0/0x28 @ 1

[    1.549267] initcall rzv2m_pinctrl_init+0x0/0x28 returned 0 after 0 usecs

[    1.556237] calling  gpiolib_dev_init+0x0/0x1d4 @ 1

[    1.561252] initcall gpiolib_dev_init+0x0/0x1d4 returned 0 after 0 usecs

[    1.568140] calling  s500_clk_init+0x0/0x28 @ 1

[    1.572799] initcall s500_clk_init+0x0/0x28 returned 0 after 0 usecs

[    1.579328] calling  s700_clk_init+0x0/0x28 @ 1

[    1.583986] initcall s700_clk_init+0x0/0x28 returned 0 after 0 usecs

[    1.590516] calling  s900_clk_init+0x0/0x28 @ 1

[    1.595172] initcall s900_clk_init+0x0/0x28 returned 0 after 0 usecs

[    1.601702] calling  hi3516cv300_crg_init+0x0/0x28 @ 1

[    1.606986] initcall hi3516cv300_crg_init+0x0/0x28 returned 0 after 0 usecs

[    1.614141] calling  hi3519_clk_init+0x0/0x28 @ 1

[    1.618983] initcall hi3519_clk_init+0x0/0x28 returned 0 after 0 usecs

[    1.625684] calling  hi3559av100_crg_init+0x0/0x28 @ 1

[    1.630967] initcall hi3559av100_crg_init+0x0/0x28 returned 0 after 0 usecs

[    1.638109] calling  hi3660_clk_init+0x0/0x28 @ 1

[    1.642949] initcall hi3660_clk_init+0x0/0x28 returned 0 after 0 usecs

[    1.649651] calling  hi3670_clk_init+0x0/0x28 @ 1

[    1.654492] initcall hi3670_clk_init+0x0/0x28 returned 0 after 0 usecs

[    1.661192] calling  hi3798cv200_crg_init+0x0/0x28 @ 1

[    1.666475] initcall hi3798cv200_crg_init+0x0/0x28 returned 0 after 0 usecs

[    1.673629] calling  gcc_ipq5018_init+0x0/0x28 @ 1

[    1.678554] initcall gcc_ipq5018_init+0x0/0x28 returned 0 after 0 usecs

[    1.685340] calling  gcc_ipq5332_init+0x0/0x28 @ 1

[    1.690265] initcall gcc_ipq5332_init+0x0/0x28 returned 0 after 0 usecs

[    1.697063] calling  gcc_ipq5424_init+0x0/0x28 @ 1

[    1.701991] initcall gcc_ipq5424_init+0x0/0x28 returned 0 after 0 usecs

[    1.708788] calling  gcc_ipq6018_init+0x0/0x28 @ 1

[    1.713716] initcall gcc_ipq6018_init+0x0/0x28 returned 0 after 0 usecs

[    1.720502] calling  gcc_ipq8074_init+0x0/0x28 @ 1

[    1.725428] initcall gcc_ipq8074_init+0x0/0x28 returned 0 after 0 usecs

[    1.732214] calling  gcc_ipq9574_init+0x0/0x28 @ 1

[    1.737139] initcall gcc_ipq9574_init+0x0/0x28 returned 0 after 0 usecs

[    1.743936] calling  gcc_msm8916_init+0x0/0x28 @ 1

[    1.748862] initcall gcc_msm8916_init+0x0/0x28 returned 0 after 0 usecs

[    1.755659] calling  gcc_msm8994_init+0x0/0x28 @ 1

[    1.760585] initcall gcc_msm8994_init+0x0/0x28 returned 0 after 0 usecs

[    1.767372] calling  gcc_msm8996_init+0x0/0x28 @ 1

[    1.772297] initcall gcc_msm8996_init+0x0/0x28 returned 0 after 0 usecs

[    1.779095] calling  gcc_msm8998_init+0x0/0x28 @ 1

[    1.784022] initcall gcc_msm8998_init+0x0/0x28 returned 0 after 0 usecs

[    1.790821] calling  clk_rpmh_init+0x0/0x28 @ 1

[    1.795480] initcall clk_rpmh_init+0x0/0x28 returned 0 after 0 usecs

[    1.802011] calling  rpm_smd_clk_init+0x0/0x28 @ 1

[    1.806937] initcall rpm_smd_clk_init+0x0/0x28 returned 0 after 0 usecs

[    1.813735] calling  gcc_qcs404_init+0x0/0x28 @ 1

[    1.818578] initcall gcc_qcs404_init+0x0/0x28 returned 0 after 0 usecs

[    1.825278] calling  gcc_sa8775p_init+0x0/0x28 @ 1

[    1.830203] initcall gcc_sa8775p_init+0x0/0x28 returned 0 after 0 usecs

[    1.836989] calling  gcc_sc7180_init+0x0/0x28 @ 1

[    1.841830] initcall gcc_sc7180_init+0x0/0x28 returned 0 after 0 usecs

[    1.848530] calling  gcc_sc8180x_init+0x0/0x28 @ 1

[    1.853457] initcall gcc_sc8180x_init+0x0/0x28 returned 0 after 0 usecs

[    1.860255] calling  gcc_sdm845_init+0x0/0x28 @ 1

[    1.865095] initcall gcc_sdm845_init+0x0/0x28 returned 0 after 0 usecs

[    1.871796] calling  artpec8_cmu_init+0x0/0x28 @ 1

[    1.876722] initcall artpec8_cmu_init+0x0/0x28 returned 0 after 0 usecs

[    1.883509] calling  exynos5433_cmu_init+0x0/0x28 @ 1

[    1.888706] initcall exynos5433_cmu_init+0x0/0x28 returned 0 after 0 usecs

[    1.895763] calling  exynos2200_cmu_init+0x0/0x28 @ 1

[    1.900961] initcall exynos2200_cmu_init+0x0/0x28 returned 0 after 0 usecs

[    1.908018] calling  exynos7870_cmu_init+0x0/0x28 @ 1

[    1.913215] initcall exynos7870_cmu_init+0x0/0x28 returned 0 after 0 usecs

[    1.920274] calling  exynos7885_cmu_init+0x0/0x28 @ 1

[    1.925473] initcall exynos7885_cmu_init+0x0/0x28 returned 0 after 0 usecs

[    1.932531] calling  exynos850_cmu_init+0x0/0x28 @ 1

[    1.937639] initcall exynos850_cmu_init+0x0/0x28 returned 0 after 0 usecs

[    1.944608] calling  exynos8895_cmu_init+0x0/0x28 @ 1

[    1.949806] initcall exynos8895_cmu_init+0x0/0x28 returned 0 after 0 usecs

[    1.956863] calling  exynos990_cmu_init+0x0/0x28 @ 1

[    1.961973] initcall exynos990_cmu_init+0x0/0x28 returned 0 after 0 usecs

[    1.968944] calling  exynosautov9_cmu_init+0x0/0x28 @ 1

[    1.974311] initcall exynosautov9_cmu_init+0x0/0x28 returned 0 after 0 usecs

[    1.981552] calling  exynosautov920_cmu_init+0x0/0x28 @ 1

[    1.987104] initcall exynosautov920_cmu_init+0x0/0x28 returned 0 after 0 usecs

[    1.994516] calling  gs101_cmu_init+0x0/0x28 @ 1

[    1.999260] initcall gs101_cmu_init+0x0/0x28 returned 0 after 0 usecs

[    2.005876] calling  fsd_cmu_init+0x0/0x28 @ 1

[    2.010448] initcall fsd_cmu_init+0x0/0x28 returned 0 after 0 usecs

[    2.016881] calling  s10_clk_init+0x0/0x28 @ 1

[    2.021454] initcall s10_clk_init+0x0/0x28 returned 0 after 0 usecs

[    2.027886] calling  agilex_clk_init+0x0/0x28 @ 1

[    2.032729] initcall agilex_clk_init+0x0/0x28 returned 0 after 0 usecs

[    2.039430] calling  stm32mp21_clocks_init+0x0/0x28 @ 1

[    2.044799] initcall stm32mp21_clocks_init+0x0/0x28 returned 0 after 0 usecs

[    2.052042] calling  stm32mp25_clocks_init+0x0/0x28 @ 1

[    2.057412] initcall stm32mp25_clocks_init+0x0/0x28 returned 0 after 0 usecs

[    2.064652] calling  fsl_guts_init+0x0/0x34c @ 1

[    2.069932] initcall fsl_guts_init+0x0/0x34c returned 0 after 1000 usecs

[    2.076818] calling  cmd_db_device_init+0x0/0x28 @ 1

[    2.081930] initcall cmd_db_device_init+0x0/0x28 returned 0 after 0 usecs

[    2.088900] calling  rpmh_driver_init+0x0/0x28 @ 1

[    2.093825] initcall rpmh_driver_init+0x0/0x28 returned 0 after 0 usecs

[    2.100612] calling  rpmpd_init+0x0/0x28 @ 1

[    2.104999] initcall rpmpd_init+0x0/0x28 returned 0 after 0 usecs

[    2.111258] calling  rpmhpd_init+0x0/0x28 @ 1

[    2.115743] initcall rpmhpd_init+0x0/0x28 returned 0 after 0 usecs

[    2.122086] calling  exynos4_pm_init_power_domain+0x0/0x28 @ 1

[    2.128080] initcall exynos4_pm_init_power_domain+0x0/0x28 returned 0 after 0 usecs

[    2.135946] calling  genpd_bus_init+0x0/0xe8 @ 1

[    2.140702] initcall genpd_bus_init+0x0/0xe8 returned 0 after 0 usecs

[    2.147319] calling  virtio_init+0x0/0x34 @ 1

[    2.151808] initcall virtio_init+0x0/0x34 returned 0 after 0 usecs

[    2.158150] calling  regulator_init+0x0/0x138 @ 1

[    2.163046] probe of reg-dummy returned 0 after 0 usecs

[    2.168417] initcall regulator_init+0x0/0x138 returned 0 after 5000 usecs

[    2.175386] calling  iommu_init+0x0/0x44 @ 1

[    2.179772] initcall iommu_init+0x0/0x44 returned 0 after 0 usecs

[    2.186032] calling  component_debug_init+0x0/0x38 @ 1

[    2.191314] initcall component_debug_init+0x0/0x38 returned 0 after 0 usecs

[    2.198468] calling  soc_bus_register+0x0/0x54 @ 1

[    2.203398] initcall soc_bus_register+0x0/0x54 returned 0 after 0 usecs

[    2.210185] calling  register_cpufreq_notifier+0x0/0xd0 @ 1

[    2.215905] initcall register_cpufreq_notifier+0x0/0xd0 returned 0 after 0 usecs

[    2.223500] calling  altr_sysmgr_init+0x0/0x28 @ 1

[    2.228428] initcall altr_sysmgr_init+0x0/0x28 returned 0 after 0 usecs

[    2.235215] calling  opp_debug_init+0x0/0x38 @ 1

[    2.239961] initcall opp_debug_init+0x0/0x38 returned 0 after 0 usecs

[    2.246576] calling  cpufreq_core_init+0x0/0x118 @ 1

[    2.251675] initcall cpufreq_core_init+0x0/0x118 returned 0 after 0 usecs

[    2.258645] calling  cpufreq_gov_performance_init+0x0/0x24 @ 1

[    2.264637] initcall cpufreq_gov_performance_init+0x0/0x24 returned 0 after 0 usecs

[    2.272503] calling  CPU_FREQ_GOV_ONDEMAND_init+0x0/0x28 @ 1

[    2.278323] initcall CPU_FREQ_GOV_ONDEMAND_init+0x0/0x28 returned 0 after 0 usecs

[    2.286006] calling  cpufreq_dt_platdev_init+0x0/0x130 @ 1

[    2.291650] initcall cpufreq_dt_platdev_init+0x0/0x130 returned -19 after 0 usecs

[    2.299333] calling  cpuidle_init+0x0/0x30 @ 1

[    2.303907] initcall cpuidle_init+0x0/0x30 returned 0 after 0 usecs

[    2.310341] calling  psci_idle_init_domains+0x0/0x28 @ 1

[    2.315798] initcall psci_idle_init_domains+0x0/0x28 returned 0 after 0 usecs

[    2.323125] calling  capsule_reboot_register+0x0/0x2c @ 1

[    2.328675] initcall capsule_reboot_register+0x0/0x2c returned 0 after 0 usecs

[    2.336086] calling  arm_dmi_init+0x0/0x20 @ 1

[    2.340676] SMBIOS 3.3 present.

[    2.343911] DMI: Radxa Computer Co., Ltd. Radxa Dragon Q6A/Radxa Dragon Q6A, BIOS 6.0.260120.BOOT.MXF.1.0.1-00549-KODIAKWP-1 01/20/2026

[    2.356401] DMI: Memory slots populated: 1/1

[    2.360785] initcall arm_dmi_init+0x0/0x20 returned 0 after 20000 usecs

[    2.367572] calling  arch_timer_evtstrm_register+0x0/0x68 @ 1

[    2.373578] initcall arch_timer_evtstrm_register+0x0/0x68 returned 0 after 0 usecs

[    2.381348] calling  hi3660_mbox_init+0x0/0x28 @ 1

[    2.386280] initcall hi3660_mbox_init+0x0/0x28 returned 0 after 0 usecs

[    2.393079] calling  hi6220_mbox_init+0x0/0x28 @ 1

[    2.398005] initcall hi6220_mbox_init+0x0/0x28 returned 0 after 0 usecs

[    2.404802] calling  tegra_hsp_init+0x0/0x28 @ 1

[    2.409545] initcall tegra_hsp_init+0x0/0x28 returned 0 after 0 usecs

[    2.416160] calling  qnoc_driver_init+0x0/0x28 @ 1

[    2.421088] initcall qnoc_driver_init+0x0/0x28 returned 0 after 0 usecs

[    2.427886] calling  qnoc_driver_init+0x0/0x28 @ 1

[    2.432812] initcall qnoc_driver_init+0x0/0x28 returned 0 after 0 usecs

[    2.439599] calling  qnoc_driver_init+0x0/0x28 @ 1

[    2.444527] initcall qnoc_driver_init+0x0/0x28 returned 0 after 0 usecs

[    2.451314] calling  qnoc_driver_init+0x0/0x28 @ 1

[    2.456240] initcall qnoc_driver_init+0x0/0x28 returned 0 after 0 usecs

[    2.463038] calling  qnoc_driver_init+0x0/0x28 @ 1

[    2.467965] initcall qnoc_driver_init+0x0/0x28 returned 0 after 0 usecs

[    2.474762] calling  qnoc_driver_init+0x0/0x28 @ 1

[    2.479689] initcall qnoc_driver_init+0x0/0x28 returned 0 after 0 usecs

[    2.486477] calling  qnoc_driver_init+0x0/0x28 @ 1

[    2.491403] initcall qnoc_driver_init+0x0/0x28 returned 0 after 0 usecs

[    2.498200] calling  qnoc_driver_init+0x0/0x28 @ 1

[    2.503127] initcall qnoc_driver_init+0x0/0x28 returned 0 after 0 usecs

[    2.509925] calling  qnoc_driver_init+0x0/0x28 @ 1

[    2.514851] initcall qnoc_driver_init+0x0/0x28 returned 0 after 0 usecs

[    2.521638] calling  qnoc_driver_init+0x0/0x28 @ 1

[    2.526564] initcall qnoc_driver_init+0x0/0x28 returned 0 after 0 usecs

[    2.533351] calling  qnoc_driver_init+0x0/0x28 @ 1

[    2.538278] initcall qnoc_driver_init+0x0/0x28 returned 0 after 0 usecs

[    2.545075] calling  qnoc_driver_init+0x0/0x28 @ 1

[    2.550003] initcall qnoc_driver_init+0x0/0x28 returned 0 after 0 usecs

[    2.556802] calling  qnoc_driver_init+0x0/0x28 @ 1

[    2.561728] initcall qnoc_driver_init+0x0/0x28 returned 0 after 0 usecs

[    2.568518] calling  sock_init+0x0/0x108 @ 1

[    2.574010] initcall sock_init+0x0/0x108 returned 0 after 2000 usecs

[    2.580563] calling  net_inuse_init+0x0/0x38 @ 1

[    2.585313] initcall net_inuse_init+0x0/0x38 returned 0 after 0 usecs

[    2.591927] calling  sock_struct_check+0x0/0x8 @ 1

[    2.596850] initcall sock_struct_check+0x0/0x8 returned 0 after 0 usecs

[    2.603637] calling  init_default_flow_dissectors+0x0/0x64 @ 1

[    2.609628] initcall init_default_flow_dissectors+0x0/0x64 returned 0 after 0 usecs

[    2.617493] calling  netlink_proto_init+0x0/0x194 @ 1

[    2.622710] NET: Registered PF_NETLINK/PF_ROUTE protocol family

[    2.628812] initcall netlink_proto_init+0x0/0x194 returned 0 after 6000 usecs

[    2.636143] calling  genl_init+0x0/0x70 @ 1

[    2.640449] initcall genl_init+0x0/0x70 returned 0 after 0 usecs

[    2.646623] calling  __gnttab_init+0x0/0x40 @ 1

[    2.651281] initcall __gnttab_init+0x0/0x40 returned -19 after 0 usecs

[    2.658070] entering initcall level: postcore

[    2.662552] calling  debug_monitors_init+0x0/0x3c @ 1

[    2.667833] initcall debug_monitors_init+0x0/0x3c returned 0 after 0 usecs

[    2.674895] calling  init_overflow_sysctl+0x0/0x3c @ 1

[    2.680185] initcall init_overflow_sysctl+0x0/0x3c returned 0 after 0 usecs

[    2.687327] calling  pi_init+0x0/0x7c @ 1

[    2.691470] initcall pi_init+0x0/0x7c returned 0 after 0 usecs

[    2.697461] calling  irq_sysfs_init+0x0/0x124 @ 1

[    2.702359] initcall irq_sysfs_init+0x0/0x124 returned 0 after 1000 usecs

[    2.709329] calling  dma_atomic_pool_init+0x0/0x158 @ 1

[    2.715006] DMA: preallocated 2048 KiB GFP_KERNEL pool for atomic allocations

[    2.722601] DMA: preallocated 2048 KiB GFP_KERNEL|GFP_DMA pool for atomic allocations

[    2.730895] DMA: preallocated 2048 KiB GFP_KERNEL|GFP_DMA32 pool for atomic allocations

[    2.739140] initcall dma_atomic_pool_init+0x0/0x158 returned 0 after 24000 usecs

[    2.746741] calling  audit_init+0x0/0x188 @ 1

[    2.751229] audit: initializing netlink subsys (disabled)

[    2.756916] initcall audit_init+0x0/0x188 returned 0 after 6000 usecs

[    2.756919] audit: type=2000 audit(2.019:1): state=initialized audit_enabled=0 res=1

[    2.763532] calling  bdi_class_init+0x0/0x50 @ 1

[    2.763551] initcall bdi_class_init+0x0/0x50 returned 0 after 0 usecs

[    2.782837] calling  mm_sysfs_init+0x0/0x40 @ 1

[    2.787495] initcall mm_sysfs_init+0x0/0x40 returned 0 after 0 usecs

[    2.794024] calling  init_per_zone_wmark_min+0x0/0x38 @ 1

[    2.799583] initcall init_per_zone_wmark_min+0x0/0x38 returned 0 after 0 usecs

[    2.806996] calling  irqc_init+0x0/0x28 @ 1

[    2.811318] initcall irqc_init+0x0/0x28 returned 0 after 0 usecs

[    2.817494] calling  fsl_mc_bus_driver_init+0x0/0xf0 @ 1

[    2.822981] initcall fsl_mc_bus_driver_init+0x0/0xf0 returned 0 after 0 usecs

[    2.830311] calling  sh_pfc_init+0x0/0x28 @ 1

[    2.834799] initcall sh_pfc_init+0x0/0x28 returned 0 after 0 usecs

[    2.841143] calling  samsung_pinctrl_drv_register+0x0/0x2c @ 1

[    2.847137] initcall samsung_pinctrl_drv_register+0x0/0x2c returned 0 after 0 usecs

[    2.855004] calling  acpi_gpio_setup_params+0x0/0x100 @ 1

[    2.860555] initcall acpi_gpio_setup_params+0x0/0x100 returned 0 after 0 usecs

[    2.867968] calling  davinci_gpio_drv_reg+0x0/0x28 @ 1

[    2.873255] initcall davinci_gpio_drv_reg+0x0/0x28 returned 0 after 0 usecs

[    2.880409] calling  pcibus_class_init+0x0/0x28 @ 1

[    2.885423] initcall pcibus_class_init+0x0/0x28 returned 0 after 0 usecs

[    2.892306] calling  pci_driver_init+0x0/0x3c @ 1

[    2.897152] initcall pci_driver_init+0x0/0x3c returned 0 after 0 usecs

[    2.903853] calling  backlight_class_init+0x0/0x84 @ 1

[    2.909133] initcall backlight_class_init+0x0/0x84 returned 0 after 0 usecs

[    2.916287] calling  amba_init+0x0/0x24 @ 1

[    2.920592] initcall amba_init+0x0/0x24 returned 0 after 0 usecs

[    2.926766] calling  ma35d1_clocks_init+0x0/0x28 @ 1

[    2.931878] initcall ma35d1_clocks_init+0x0/0x28 returned 0 after 0 usecs

[    2.938848] calling  qcom_apcs_msm8996_clk_init+0x0/0x28 @ 1

[    2.944659] initcall qcom_apcs_msm8996_clk_init+0x0/0x28 returned 0 after 0 usecs

[    2.952342] calling  qcom_msm8996_cbf_init+0x0/0x28 @ 1

[    2.957710] initcall qcom_msm8996_cbf_init+0x0/0x28 returned 0 after 0 usecs

[    2.964949] calling  mtk_infracfg_init+0x0/0x4c @ 1

[    2.970105] initcall mtk_infracfg_init+0x0/0x4c returned 0 after 1000 usecs

[    2.977261] calling  exynos_pmu_init+0x0/0x28 @ 1

[    2.982108] initcall exynos_pmu_init+0x0/0x28 returned 0 after 0 usecs

[    2.988810] calling  owl_sps_init+0x0/0x28 @ 1

[    2.993382] initcall owl_sps_init+0x0/0x28 returned 0 after 0 usecs

[    2.999814] calling  rcar_sysc_pd_init_provider+0x0/0x50 @ 1

[    3.005624] initcall rcar_sysc_pd_init_provider+0x0/0x50 returned -19 after 0 usecs

[    3.013489] calling  rcar_gen4_sysc_pd_init+0x0/0x3b4 @ 1

[    3.019196] initcall rcar_gen4_sysc_pd_init+0x0/0x3b4 returned -19 after 0 usecs

[    3.026794] calling  xenbus_init+0x0/0x3d4 @ 1

[    3.031365] initcall xenbus_init+0x0/0x3d4 returned -19 after 0 usecs

[    3.037982] calling  hi6220_reset_init+0x0/0x28 @ 1

[    3.042998] initcall hi6220_reset_init+0x0/0x28 returned 0 after 0 usecs

[    3.049883] calling  tty_class_init+0x0/0x28 @ 1

[    3.054627] initcall tty_class_init+0x0/0x28 returned 0 after 0 usecs

[    3.061243] calling  vtconsole_class_init+0x0/0x100 @ 1

[    3.066633] initcall vtconsole_class_init+0x0/0x100 returned 0 after 0 usecs

[    3.073876] calling  serdev_init+0x0/0x38 @ 1

[    3.078364] initcall serdev_init+0x0/0x38 returned 0 after 0 usecs

[    3.084709] calling  iommu_dev_init+0x0/0x24 @ 1

[    3.089454] initcall iommu_dev_init+0x0/0x24 returned 0 after 0 usecs

[    3.096069] calling  host1x_context_device_bus_init+0x0/0x60 @ 1

[    3.102248] initcall host1x_context_device_bus_init+0x0/0x60 returned 0 after 0 usecs

[    3.110283] calling  mipi_dsi_bus_init+0x0/0x28 @ 1

[    3.115296] initcall mipi_dsi_bus_init+0x0/0x28 returned 0 after 0 usecs

[    3.122181] calling  devlink_class_init+0x0/0x70 @ 1

[    3.127290] initcall devlink_class_init+0x0/0x70 returned 0 after 0 usecs

[    3.134259] calling  software_node_init+0x0/0x44 @ 1

[    3.139357] initcall software_node_init+0x0/0x44 returned 0 after 0 usecs

[    3.146326] calling  wakeup_sources_debugfs_init+0x0/0x40 @ 1

[    3.152237] initcall wakeup_sources_debugfs_init+0x0/0x40 returned 0 after 0 usecs

[    3.160004] calling  wakeup_sources_sysfs_init+0x0/0x34 @ 1

[    3.165725] initcall wakeup_sources_sysfs_init+0x0/0x34 returned 0 after 0 usecs

[    3.173321] calling  regmap_initcall+0x0/0x20 @ 1

[    3.178163] initcall regmap_initcall+0x0/0x20 returned 0 after 0 usecs

[    3.184864] calling  sram_init+0x0/0x28 @ 1

[    3.189168] initcall sram_init+0x0/0x28 returned 0 after 0 usecs

[    3.195342] calling  spi_init+0x0/0xfc @ 1

[    3.199563] initcall spi_init+0x0/0xfc returned 0 after 0 usecs

[    3.205641] calling  spmi_init+0x0/0x38 @ 1

[    3.209944] initcall spmi_init+0x0/0x38 returned 0 after 0 usecs

[    3.216119] calling  i2c_init+0x0/0x11c @ 1

[    3.220431] initcall i2c_init+0x0/0x11c returned 0 after 0 usecs

[    3.226606] calling  thermal_init+0x0/0x1b4 @ 1

[    3.231278] thermal_sys: Registered thermal governor 'fair_share'

[    3.231279] thermal_sys: Registered thermal governor 'step_wise'

[    3.237539] thermal_sys: Registered thermal governor 'user_space'

[    3.243711] thermal_sys: Registered thermal governor 'power_allocator'

[    3.249972] initcall thermal_init+0x0/0x1b4 returned 0 after 19000 usecs

[    3.263556] calling  qcom_cpufreq_hw_init+0x0/0x28 @ 1

[    3.268842] initcall qcom_cpufreq_hw_init+0x0/0x28 returned 0 after 0 usecs

[    3.275985] calling  init_ladder+0x0/0x50 @ 1

[    3.280489] cpuidle: using governor ladder

[    3.284703] initcall init_ladder+0x0/0x50 returned 0 after 4000 usecs

[    3.291320] calling  init_menu+0x0/0x24 @ 1

[    3.295634] cpuidle: using governor menu

[    3.299664] initcall init_menu+0x0/0x24 returned 0 after 4000 usecs

[    3.306098] calling  teo_governor_init+0x0/0x24 @ 1

[    3.311108] initcall teo_governor_init+0x0/0x24 returned 0 after 0 usecs

[    3.317992] calling  pcc_init+0x0/0xc8 @ 1

[    3.322206] initcall pcc_init+0x0/0xc8 returned -19 after 0 usecs

[    3.328464] calling  qcom_apcs_ipc_init+0x0/0x28 @ 1

[    3.333577] initcall qcom_apcs_ipc_init+0x0/0x28 returned 0 after 0 usecs

[    3.340548] calling  qcom_hwspinlock_init+0x0/0x28 @ 1

[    3.345832] initcall qcom_hwspinlock_init+0x0/0x28 returned 0 after 0 usecs

[    3.352975] calling  rpmsg_init+0x0/0xb4 @ 1

[    3.357365] initcall rpmsg_init+0x0/0xb4 returned 0 after 0 usecs

[    3.363624] calling  rpmsg_ns_init+0x0/0x68 @ 1

[    3.368285] initcall rpmsg_ns_init+0x0/0x68 returned 0 after 0 usecs

[    3.374817] calling  qrtr_proto_init+0x0/0x84 @ 1

[    3.379672] NET: Registered PF_QIPCRTR protocol family

[    3.384985] initcall qrtr_proto_init+0x0/0x84 returned 0 after 5000 usecs

[    3.391959] calling  kobject_uevent_init+0x0/0x24 @ 1

[    3.397158] initcall kobject_uevent_init+0x0/0x24 returned 0 after 0 usecs

[    3.404295] entering initcall level: arch

[    3.408424] calling  reserve_memblock_reserved_regions+0x0/0x188 @ 1

[    3.414964] initcall reserve_memblock_reserved_regions+0x0/0x188 returned 0 after 0 usecs

[    3.423358] calling  aarch32_alloc_vdso_pages+0x0/0xf0 @ 1

[    3.428993] initcall aarch32_alloc_vdso_pages+0x0/0xf0 returned 0 after 0 usecs

[    3.436503] calling  vdso_init+0x0/0x100 @ 1

[    3.440887] initcall vdso_init+0x0/0x100 returned 0 after 0 usecs

[    3.447146] calling  arm64_create_dummy_rsi_dev+0x0/0x48 @ 1

[    3.452956] initcall arm64_create_dummy_rsi_dev+0x0/0x48 returned 0 after 0 usecs

[    3.460638] calling  arch_hw_breakpoint_init+0x0/0xd4 @ 1

[    3.466187] hw-breakpoint: found 6 breakpoint and 4 watchpoint registers.

[    3.473305] initcall arch_hw_breakpoint_init+0x0/0xd4 returned 0 after 7000 usecs

[    3.480992] calling  adjust_protection_map+0x0/0x30 @ 1

[    3.486360] initcall adjust_protection_map+0x0/0x30 returned 0 after 0 usecs

[    3.493600] calling  asids_update_limit+0x0/0xb4 @ 1

[    3.498709] ASID allocator initialised with 32768 entries

[    3.504257] initcall asids_update_limit+0x0/0xb4 returned 0 after 5000 usecs

[    3.511497] calling  hugetlbpage_init+0x0/0x3c @ 1

[    3.516422] initcall hugetlbpage_init+0x0/0x3c returned 0 after 0 usecs

[    3.523209] calling  p2m_init+0x0/0x10 @ 1

[    3.527424] initcall p2m_init+0x0/0x10 returned 0 after 0 usecs

[    3.533498] calling  xen_mm_init+0x0/0x190 @ 1

[    3.538070] initcall xen_mm_init+0x0/0x190 returned 0 after 0 usecs

[    3.544502] calling  kcmp_cookies_init+0x0/0x58 @ 1

[    3.549512] initcall kcmp_cookies_init+0x0/0x58 returned 0 after 0 usecs

[    3.556397] calling  s700_pinctrl_init+0x0/0x28 @ 1

[    3.561417] initcall s700_pinctrl_init+0x0/0x28 returned 0 after 0 usecs

[    3.568302] calling  s900_pinctrl_init+0x0/0x28 @ 1

[    3.573316] initcall s900_pinctrl_init+0x0/0x28 returned 0 after 0 usecs

[    3.580200] calling  ns2_pinmux_init+0x0/0x28 @ 1

[    3.585044] initcall ns2_pinmux_init+0x0/0x28 returned 0 after 0 usecs

[    3.591746] calling  imx8mm_pinctrl_init+0x0/0x28 @ 1

[    3.596946] initcall imx8mm_pinctrl_init+0x0/0x28 returned 0 after 0 usecs

[    3.604005] calling  imx8mn_pinctrl_init+0x0/0x28 @ 1

[    3.609202] initcall imx8mn_pinctrl_init+0x0/0x28 returned 0 after 0 usecs

[    3.616259] calling  imx8mp_pinctrl_init+0x0/0x28 @ 1

[    3.621458] initcall imx8mp_pinctrl_init+0x0/0x28 returned 0 after 0 usecs

[    3.628516] calling  imx8mq_pinctrl_init+0x0/0x28 @ 1

[    3.633713] initcall imx8mq_pinctrl_init+0x0/0x28 returned 0 after 0 usecs

[    3.640771] calling  imx8qm_pinctrl_init+0x0/0x28 @ 1

[    3.645968] initcall imx8qm_pinctrl_init+0x0/0x28 returned 0 after 0 usecs

[    3.653027] calling  imx8qxp_pinctrl_init+0x0/0x28 @ 1

[    3.658310] initcall imx8qxp_pinctrl_init+0x0/0x28 returned 0 after 0 usecs

[    3.665464] calling  imx8dxl_pinctrl_init+0x0/0x28 @ 1

[    3.670747] initcall imx8dxl_pinctrl_init+0x0/0x28 returned 0 after 0 usecs

[    3.677890] calling  imx8ulp_pinctrl_init+0x0/0x28 @ 1

[    3.683172] initcall imx8ulp_pinctrl_init+0x0/0x28 returned 0 after 0 usecs

[    3.690315] calling  imx91_pinctrl_init+0x0/0x28 @ 1

[    3.695425] initcall imx91_pinctrl_init+0x0/0x28 returned 0 after 0 usecs

[    3.702394] calling  imx93_pinctrl_init+0x0/0x28 @ 1

[    3.707493] initcall imx93_pinctrl_init+0x0/0x28 returned 0 after 0 usecs

[    3.714463] calling  mtk_pinctrl_init+0x0/0x28 @ 1

[    3.719391] initcall mtk_pinctrl_init+0x0/0x28 returned 0 after 0 usecs

[    3.726178] calling  mt6765_pinctrl_init+0x0/0x28 @ 1

[    3.731377] initcall mt6765_pinctrl_init+0x0/0x28 returned 0 after 0 usecs

[    3.738439] calling  mt6779_pinctrl_init+0x0/0x28 @ 1

[    3.743638] initcall mt6779_pinctrl_init+0x0/0x28 returned 0 after 0 usecs

[    3.750694] calling  mtk_pinctrl_init+0x0/0x28 @ 1

[    3.755622] initcall mtk_pinctrl_init+0x0/0x28 returned 0 after 0 usecs

[    3.762420] calling  mt6797_pinctrl_init+0x0/0x28 @ 1

[    3.767618] initcall mt6797_pinctrl_init+0x0/0x28 returned 0 after 0 usecs

[    3.774676] calling  mt6893_pinctrl_init+0x0/0x28 @ 1

[    3.779875] initcall mt6893_pinctrl_init+0x0/0x28 returned 0 after 0 usecs

[    3.786933] calling  mt7622_pinctrl_init+0x0/0x28 @ 1

[    3.792131] initcall mt7622_pinctrl_init+0x0/0x28 returned 0 after 0 usecs

[    3.799188] calling  mt7981_pinctrl_init+0x0/0x28 @ 1

[    3.804390] initcall mt7981_pinctrl_init+0x0/0x28 returned 0 after 0 usecs

[    3.811448] calling  mt7986a_pinctrl_init+0x0/0x28 @ 1

[    3.816731] initcall mt7986a_pinctrl_init+0x0/0x28 returned 0 after 0 usecs

[    3.823874] calling  mt7986b_pinctrl_init+0x0/0x2c @ 1

[    3.829157] initcall mt7986b_pinctrl_init+0x0/0x2c returned 0 after 0 usecs

[    3.836312] calling  mt7988_pinctrl_init+0x0/0x28 @ 1

[    3.841511] initcall mt7988_pinctrl_init+0x0/0x28 returned 0 after 0 usecs

[    3.848570] calling  mtk_pinctrl_init+0x0/0x28 @ 1

[    3.853497] initcall mtk_pinctrl_init+0x0/0x28 returned 0 after 0 usecs

[    3.860284] calling  mtk_pinctrl_init+0x0/0x28 @ 1

[    3.865211] initcall mtk_pinctrl_init+0x0/0x28 returned 0 after 0 usecs

[    3.871998] calling  mt8183_pinctrl_init+0x0/0x28 @ 1

[    3.877198] initcall mt8183_pinctrl_init+0x0/0x28 returned 0 after 0 usecs

[    3.884256] calling  mt8186_pinctrl_init+0x0/0x28 @ 1

[    3.889455] initcall mt8186_pinctrl_init+0x0/0x28 returned 0 after 0 usecs

[    3.896513] calling  mt8188_pinctrl_init+0x0/0x28 @ 1

[    3.901714] initcall mt8188_pinctrl_init+0x0/0x28 returned 0 after 0 usecs

[    3.908772] calling  mt8189_pinctrl_init+0x0/0x28 @ 1

[    3.913970] initcall mt8189_pinctrl_init+0x0/0x28 returned 0 after 0 usecs

[    3.921029] calling  mt8192_pinctrl_init+0x0/0x28 @ 1

[    3.926227] initcall mt8192_pinctrl_init+0x0/0x28 returned 0 after 0 usecs

[    3.933285] calling  mt8195_pinctrl_init+0x0/0x28 @ 1

[    3.938483] initcall mt8195_pinctrl_init+0x0/0x28 returned 0 after 0 usecs

[    3.945541] calling  mt8196_pinctrl_init+0x0/0x28 @ 1

[    3.950739] initcall mt8196_pinctrl_init+0x0/0x28 returned 0 after 0 usecs

[    3.957798] calling  mtk_pinctrl_init+0x0/0x28 @ 1

[    3.962725] initcall mtk_pinctrl_init+0x0/0x28 returned 0 after 0 usecs

[    3.969523] calling  mtk_pinctrl_init+0x0/0x28 @ 1

[    3.974452] initcall mtk_pinctrl_init+0x0/0x28 returned 0 after 0 usecs

[    3.981239] calling  ipq5018_pinctrl_init+0x0/0x28 @ 1

[    3.986524] initcall ipq5018_pinctrl_init+0x0/0x28 returned 0 after 0 usecs

[    3.993667] calling  ipq5332_pinctrl_init+0x0/0x28 @ 1

[    3.998954] initcall ipq5332_pinctrl_init+0x0/0x28 returned 0 after 0 usecs

[    4.006098] calling  ipq5424_pinctrl_init+0x0/0x28 @ 1

[    4.011384] initcall ipq5424_pinctrl_init+0x0/0x28 returned 0 after 0 usecs

[    4.018527] calling  ipq8074_pinctrl_init+0x0/0x28 @ 1

[    4.023812] initcall ipq8074_pinctrl_init+0x0/0x28 returned 0 after 0 usecs

[    4.030967] calling  ipq6018_pinctrl_init+0x0/0x28 @ 1

[    4.036249] initcall ipq6018_pinctrl_init+0x0/0x28 returned 0 after 0 usecs

[    4.043394] calling  ipq9574_pinctrl_init+0x0/0x28 @ 1

[    4.048677] initcall ipq9574_pinctrl_init+0x0/0x28 returned 0 after 0 usecs

[    4.055820] calling  msm8916_pinctrl_init+0x0/0x28 @ 1

[    4.061104] initcall msm8916_pinctrl_init+0x0/0x28 returned 0 after 0 usecs

[    4.068258] calling  msm8953_pinctrl_init+0x0/0x28 @ 1

[    4.073543] initcall msm8953_pinctrl_init+0x0/0x28 returned 0 after 0 usecs

[    4.080698] calling  msm8976_pinctrl_init+0x0/0x28 @ 1

[    4.085983] initcall msm8976_pinctrl_init+0x0/0x28 returned 0 after 0 usecs

[    4.093127] calling  msm8994_pinctrl_init+0x0/0x28 @ 1

[    4.098411] initcall msm8994_pinctrl_init+0x0/0x28 returned 0 after 0 usecs

[    4.105555] calling  msm8996_pinctrl_init+0x0/0x28 @ 1

[    4.110840] initcall msm8996_pinctrl_init+0x0/0x28 returned 0 after 0 usecs

[    4.117983] calling  msm8998_pinctrl_init+0x0/0x28 @ 1

[    4.123268] initcall msm8998_pinctrl_init+0x0/0x28 returned 0 after 0 usecs

[    4.130422] calling  qcm2290_pinctrl_init+0x0/0x28 @ 1

[    4.135706] initcall qcm2290_pinctrl_init+0x0/0x28 returned 0 after 0 usecs

[    4.142851] calling  qcs404_pinctrl_init+0x0/0x28 @ 1

[    4.148049] initcall qcs404_pinctrl_init+0x0/0x28 returned 0 after 0 usecs

[    4.155108] calling  qcs615_tlmm_init+0x0/0x28 @ 1

[    4.160035] initcall qcs615_tlmm_init+0x0/0x28 returned 0 after 0 usecs

[    4.166834] calling  qcs8300_pinctrl_init+0x0/0x28 @ 1

[    4.172121] initcall qcs8300_pinctrl_init+0x0/0x28 returned 0 after 0 usecs

[    4.179276] calling  qdf2xxx_pinctrl_init+0x0/0x28 @ 1

[    4.184561] initcall qdf2xxx_pinctrl_init+0x0/0x28 returned 0 after 0 usecs

[    4.191704] calling  qdu1000_tlmm_init+0x0/0x28 @ 1

[    4.196716] initcall qdu1000_tlmm_init+0x0/0x28 returned 0 after 0 usecs

[    4.203601] calling  sa8775p_pinctrl_init+0x0/0x28 @ 1

[    4.208885] initcall sa8775p_pinctrl_init+0x0/0x28 returned 0 after 0 usecs

[    4.216028] calling  sc7180_pinctrl_init+0x0/0x28 @ 1

[    4.221230] initcall sc7180_pinctrl_init+0x0/0x28 returned 0 after 0 usecs

[    4.228288] calling  sc7280_pinctrl_init+0x0/0x28 @ 1

[    4.233486] initcall sc7280_pinctrl_init+0x0/0x28 returned 0 after 0 usecs

[    4.240545] calling  sc8180x_pinctrl_init+0x0/0x28 @ 1

[    4.245829] initcall sc8180x_pinctrl_init+0x0/0x28 returned 0 after 0 usecs

[    4.252984] calling  sc8280xp_pinctrl_init+0x0/0x28 @ 1

[    4.258356] initcall sc8280xp_pinctrl_init+0x0/0x28 returned 0 after 0 usecs

[    4.265597] calling  sdm660_pinctrl_init+0x0/0x28 @ 1

[    4.270798] initcall sdm660_pinctrl_init+0x0/0x28 returned 0 after 0 usecs

[    4.277856] calling  sdm670_pinctrl_init+0x0/0x28 @ 1

[    4.283055] initcall sdm670_pinctrl_init+0x0/0x28 returned 0 after 0 usecs

[    4.290115] calling  sdm845_pinctrl_init+0x0/0x28 @ 1

[    4.295313] initcall sdm845_pinctrl_init+0x0/0x28 returned 0 after 0 usecs

[    4.302372] calling  sdx75_pinctrl_init+0x0/0x28 @ 1

[    4.307472] initcall sdx75_pinctrl_init+0x0/0x28 returned 0 after 0 usecs

[    4.314441] calling  sm4450_tlmm_init+0x0/0x28 @ 1

[    4.319370] initcall sm4450_tlmm_init+0x0/0x28 returned 0 after 0 usecs

[    4.326157] calling  sm6115_tlmm_init+0x0/0x28 @ 1

[    4.331084] initcall sm6115_tlmm_init+0x0/0x28 returned 0 after 0 usecs

[    4.337872] calling  sm6125_tlmm_init+0x0/0x28 @ 1

[    4.342799] initcall sm6125_tlmm_init+0x0/0x28 returned 0 after 0 usecs

[    4.349598] calling  sm6350_tlmm_init+0x0/0x28 @ 1

[    4.354528] initcall sm6350_tlmm_init+0x0/0x28 returned 0 after 0 usecs

[    4.361327] calling  sm6375_tlmm_init+0x0/0x28 @ 1

[    4.366254] initcall sm6375_tlmm_init+0x0/0x28 returned 0 after 0 usecs

[    4.373041] calling  sm8150_pinctrl_init+0x0/0x28 @ 1

[    4.378240] initcall sm8150_pinctrl_init+0x0/0x28 returned 0 after 0 usecs

[    4.385298] calling  sm8250_pinctrl_init+0x0/0x28 @ 1

[    4.390498] initcall sm8250_pinctrl_init+0x0/0x28 returned 0 after 0 usecs

[    4.397555] calling  sm8350_tlmm_init+0x0/0x28 @ 1

[    4.402482] initcall sm8350_tlmm_init+0x0/0x28 returned 0 after 0 usecs

[    4.409270] calling  sm8450_tlmm_init+0x0/0x28 @ 1

[    4.414197] initcall sm8450_tlmm_init+0x0/0x28 returned 0 after 0 usecs

[    4.420984] calling  sm8550_tlmm_init+0x0/0x28 @ 1

[    4.425915] initcall sm8550_tlmm_init+0x0/0x28 returned 0 after 0 usecs

[    4.432713] calling  sm8650_tlmm_init+0x0/0x28 @ 1

[    4.437640] initcall sm8650_tlmm_init+0x0/0x28 returned 0 after 0 usecs

[    4.444428] calling  sm8750_tlmm_init+0x0/0x28 @ 1

[    4.449357] initcall sm8750_tlmm_init+0x0/0x28 returned 0 after 0 usecs

[    4.456145] calling  x1e80100_pinctrl_init+0x0/0x28 @ 1

[    4.461516] initcall x1e80100_pinctrl_init+0x0/0x28 returned 0 after 0 usecs

[    4.468758] calling  rtd1619b_pinctrl_init+0x0/0x28 @ 1

[    4.474128] initcall rtd1619b_pinctrl_init+0x0/0x28 returned 0 after 0 usecs

[    4.481369] calling  rtd1319d_pinctrl_init+0x0/0x28 @ 1

[    4.486745] initcall rtd1319d_pinctrl_init+0x0/0x28 returned 0 after 0 usecs

[    4.493990] calling  rtd1315e_pinctrl_init+0x0/0x28 @ 1

[    4.499360] initcall rtd1315e_pinctrl_init+0x0/0x28 returned 0 after 0 usecs

[    4.506603] calling  tegra124_pinctrl_init+0x0/0x28 @ 1

[    4.511972] initcall tegra124_pinctrl_init+0x0/0x28 returned 0 after 0 usecs

[    4.519216] calling  tegra210_pinctrl_init+0x0/0x28 @ 1

[    4.524587] initcall tegra210_pinctrl_init+0x0/0x28 returned 0 after 0 usecs

[    4.531827] calling  tegra186_pinctrl_init+0x0/0x28 @ 1

[    4.537200] initcall tegra186_pinctrl_init+0x0/0x28 returned 0 after 0 usecs

[    4.544442] calling  tegra194_pinctrl_init+0x0/0x28 @ 1

[    4.549811] initcall tegra194_pinctrl_init+0x0/0x28 returned 0 after 0 usecs

[    4.557054] calling  tegra234_pinctrl_init+0x0/0x28 @ 1

[    4.562424] initcall tegra234_pinctrl_init+0x0/0x28 returned 0 after 0 usecs

[    4.569664] calling  tmpv7700_pinctrl_init+0x0/0x28 @ 1

[    4.575036] initcall tmpv7700_pinctrl_init+0x0/0x28 returned 0 after 0 usecs

[    4.582277] calling  mpc8xxx_init+0x0/0x28 @ 1

[    4.586852] initcall mpc8xxx_init+0x0/0x28 returned 0 after 0 usecs

[    4.593286] calling  acpi_pci_init+0x0/0x78 @ 1

[    4.597940] initcall acpi_pci_init+0x0/0x78 returned 0 after 0 usecs

[    4.604469] calling  clk_en7523_init+0x0/0x28 @ 1

[    4.609313] initcall clk_en7523_init+0x0/0x28 returned 0 after 0 usecs

[    4.616013] calling  clk_mt6765_init+0x0/0x28 @ 1

[    4.620856] initcall clk_mt6765_init+0x0/0x28 returned 0 after 0 usecs

[    4.627559] calling  clk_mt6779_init+0x0/0x44 @ 1

[    4.632408] initcall clk_mt6779_init+0x0/0x44 returned 0 after 0 usecs

[    4.639110] calling  clk_mt6797_init+0x0/0x28 @ 1

[    4.643953] initcall clk_mt6797_init+0x0/0x28 returned 0 after 0 usecs

[    4.650654] calling  samsung_pll_disable_early_timeout+0x0/0x10 @ 1

[    4.657089] initcall samsung_pll_disable_early_timeout+0x0/0x10 returned 0 after 0 usecs

[    4.665397] calling  tegra_clocks_apply_init_table+0x0/0x34 @ 1

[    4.671473] initcall tegra_clocks_apply_init_table+0x0/0x34 returned 0 after 0 usecs

[    4.679426] calling  dma_channel_table_init+0x0/0x194 @ 1

[    4.684980] initcall dma_channel_table_init+0x0/0x194 returned 0 after 0 usecs

[    4.692391] calling  dma_bus_init+0x0/0x170 @ 1

[    4.697073] initcall dma_bus_init+0x0/0x170 returned 0 after 0 usecs

[    4.703606] calling  brcmstb_soc_device_init+0x0/0x13c @ 1

[    4.709490] initcall brcmstb_soc_device_init+0x0/0x13c returned 0 after 0 usecs

[    4.717000] calling  mediatek_regulator_coupler_init+0x0/0xc8 @ 1

[    4.723264] initcall mediatek_regulator_coupler_init+0x0/0xc8 returned 0 after 0 usecs

[    4.731386] calling  rpm_proc_init+0x0/0x28 @ 1

[    4.736051] initcall rpm_proc_init+0x0/0x28 returned 0 after 0 usecs

[    4.742571] calling  qcom_smd_rpm_init+0x0/0x2c @ 1

[    4.747583] initcall qcom_smd_rpm_init+0x0/0x2c returned 0 after 0 usecs

[    4.754468] calling  qcom_smem_init+0x0/0x28 @ 1

[    4.759213] initcall qcom_smem_init+0x0/0x28 returned 0 after 0 usecs

[    4.765827] calling  sunxi_mbus_init+0x0/0x48 @ 1

[    4.770667] initcall sunxi_mbus_init+0x0/0x48 returned 0 after 0 usecs

[    4.777371] calling  register_xen_platform_notifier+0x0/0x58 @ 1

[    4.783544] initcall register_xen_platform_notifier+0x0/0x58 returned 0 after 0 usecs

[    4.791582] calling  register_xen_amba_notifier+0x0/0x5c @ 1

[    4.797390] initcall register_xen_amba_notifier+0x0/0x5c returned 0 after 0 usecs

[    4.805072] calling  register_xen_pci_notifier+0x0/0x50 @ 1

[    4.810791] initcall register_xen_pci_notifier+0x0/0x50 returned 0 after 0 usecs

[    4.818386] calling  hi3660_reset_init+0x0/0x28 @ 1

[    4.823400] initcall hi3660_reset_init+0x0/0x28 returned 0 after 0 usecs

[    4.830285] calling  zynqmp_reset_init+0x0/0x28 @ 1

[    4.835299] initcall zynqmp_reset_init+0x0/0x28 returned 0 after 0 usecs

[    4.842185] calling  serial_base_init+0x0/0x94 @ 1

[    4.847121] initcall serial_base_init+0x0/0x94 returned 0 after 0 usecs

[    4.853922] calling  pl011_init+0x0/0x78 @ 1

[    4.858309] Serial: AMBA PL011 UART driver

[    4.862533] initcall pl011_init+0x0/0x78 returned 0 after 5000 usecs

[    4.869066] calling  mvebu_uart_init+0x0/0x9c @ 1

[    4.873919] initcall mvebu_uart_init+0x0/0x9c returned 0 after 0 usecs

[    4.880620] calling  cdns_uart_init+0x0/0x28 @ 1

[    4.885365] initcall cdns_uart_init+0x0/0x28 returned 0 after 0 usecs

[    4.891982] calling  iommu_dma_init+0x0/0x38 @ 1

[    4.896731] initcall iommu_dma_init+0x0/0x38 returned 0 after 0 usecs

[    4.903346] calling  sdei_init+0x0/0x28 @ 1

[    4.907650] initcall sdei_init+0x0/0x28 returned 0 after 0 usecs

[    4.913823] calling  dmi_id_init+0x0/0x350 @ 1

[    4.918424] initcall dmi_id_init+0x0/0x350 returned 0 after 0 usecs

[    4.924860] calling  qcom_ipcc_init+0x0/0x28 @ 1

[    4.929604] initcall qcom_ipcc_init+0x0/0x28 returned 0 after 0 usecs

[    4.936220] calling  cix_mailbox_init+0x0/0x28 @ 1

[    4.941148] initcall cix_mailbox_init+0x0/0x28 returned 0 after 0 usecs

[    4.947946] calling  qcom_smd_init+0x0/0x28 @ 1

[    4.952608] initcall qcom_smd_init+0x0/0x28 returned 0 after 0 usecs

[    4.959139] calling  tegra_mc_init+0x0/0x28 @ 1

[    4.963801] initcall tegra_mc_init+0x0/0x28 returned 0 after 0 usecs

[    4.970332] calling  iproc_gpio_init+0x0/0x28 @ 1

[    4.975176] initcall iproc_gpio_init+0x0/0x28 returned 0 after 0 usecs

[    4.981877] calling  of_platform_default_populate_init+0x0/0x108 @ 1

[    4.988530] probe of 80860000.aop-cmd-db returned 0 after 0 usecs

[    4.994938] probe of smem returned -517 after 0 usecs

[    5.000847] probe of power-domain-cpu0 returned -517 after 1000 usecs

[    5.007485] probe of power-domain-cpu1 returned -517 after 0 usecs

[    5.013843] probe of power-domain-cpu2 returned -517 after 0 usecs

[    5.020200] probe of power-domain-cpu3 returned -517 after 0 usecs

[    5.026559] probe of power-domain-cpu4 returned -517 after 0 usecs

[    5.032914] probe of power-domain-cpu5 returned -517 after 0 usecs

[    5.039274] probe of power-domain-cpu6 returned -517 after 0 usecs

[    5.045635] probe of power-domain-cpu7 returned -517 after 0 usecs

[    5.052076] probe of power-domain-cluster returned 0 after 0 usecs

[    5.058530] CPUidle PSCI: Initialized CPU PM domain topology using OSI mode

[    5.065709] probe of psci returned 0 after 65000 usecs

[    5.073878] /soc@0/stm@6002000: Fixed dependency cycle(s) with /soc@0/funnel@6041000

[    5.081846] /soc@0/funnel@6041000: Fixed dependency cycle(s) with /soc@0/stm@6002000

[    5.089807] /soc@0/funnel@6041000: Fixed dependency cycle(s) with /soc@0/funnel@6045000

[    5.098032] /soc@0/funnel@6042000: Fixed dependency cycle(s) with /soc@0/funnel@7810000

[    5.106254] /soc@0/funnel@6042000: Fixed dependency cycle(s) with /soc@0/funnel@6045000

[    5.114479] /soc@0/funnel@6045000: Fixed dependency cycle(s) with /soc@0/funnel@6042000

[    5.122698] /soc@0/funnel@6045000: Fixed dependency cycle(s) with /soc@0/funnel@6041000

[    5.130919] /soc@0/funnel@6045000: Fixed dependency cycle(s) with /soc@0/funnel@6b04000

[    5.139145] /soc@0/replicator@6046000: Fixed dependency cycle(s) with /soc@0/replicator@6b06000

[    5.148078] /soc@0/replicator@6046000: Fixed dependency cycle(s) with /soc@0/etr@6048000

[    5.156393] /soc@0/etr@6048000: Fixed dependency cycle(s) with /soc@0/replicator@6046000

[    5.164708] /soc@0/funnel@6b04000: Fixed dependency cycle(s) with /soc@0/funnel@6045000

[    5.172928] /soc@0/funnel@6b04000: Fixed dependency cycle(s) with /soc@0/etf@6b05000

[    5.180887] /soc@0/etf@6b05000: Fixed dependency cycle(s) with /soc@0/funnel@6b04000

[    5.188839] /soc@0/etf@6b05000: Fixed dependency cycle(s) with /soc@0/replicator@6b06000

[    5.197155] /soc@0/replicator@6b06000: Fixed dependency cycle(s) with /soc@0/etf@6b05000

[    5.205462] /soc@0/replicator@6b06000: Fixed dependency cycle(s) with /soc@0/replicator@6046000

[    5.214403] /soc@0/etm@7040000: Fixed dependency cycle(s) with /soc@0/funnel@7800000

[    5.222362] /soc@0/etm@7140000: Fixed dependency cycle(s) with /soc@0/funnel@7800000

[    5.230321] /soc@0/etm@7240000: Fixed dependency cycle(s) with /soc@0/funnel@7800000

[    5.238280] /soc@0/etm@7340000: Fixed dependency cycle(s) with /soc@0/funnel@7800000

[    5.246239] /soc@0/etm@7440000: Fixed dependency cycle(s) with /soc@0/funnel@7800000

[    5.254198] /soc@0/etm@7540000: Fixed dependency cycle(s) with /soc@0/funnel@7800000

[    5.262156] /soc@0/etm@7640000: Fixed dependency cycle(s) with /soc@0/funnel@7800000

[    5.270115] /soc@0/etm@7740000: Fixed dependency cycle(s) with /soc@0/funnel@7800000

[    5.278068] /soc@0/funnel@7800000: Fixed dependency cycle(s) with /soc@0/etm@7740000

[    5.286019] /soc@0/funnel@7800000: Fixed dependency cycle(s) with /soc@0/etm@7640000

[    5.293970] /soc@0/funnel@7800000: Fixed dependency cycle(s) with /soc@0/etm@7540000

[    5.301923] /soc@0/funnel@7800000: Fixed dependency cycle(s) with /soc@0/etm@7440000

[    5.309876] /soc@0/funnel@7800000: Fixed dependency cycle(s) with /soc@0/etm@7340000

[    5.317827] /soc@0/funnel@7800000: Fixed dependency cycle(s) with /soc@0/etm@7240000

[    5.325779] /soc@0/funnel@7800000: Fixed dependency cycle(s) with /soc@0/etm@7140000

[    5.333729] /soc@0/funnel@7800000: Fixed dependency cycle(s) with /soc@0/etm@7040000

[    5.341685] /soc@0/funnel@7800000: Fixed dependency cycle(s) with /soc@0/funnel@7810000

[    5.349909] /soc@0/funnel@7810000: Fixed dependency cycle(s) with /soc@0/funnel@7800000

[    5.358133] /soc@0/funnel@7810000: Fixed dependency cycle(s) with /soc@0/funnel@6042000

[    5.366371] /soc@0/phy@88e8000: Fixed dependency cycle(s) with /soc@0/display-subsystem@ae00000/displayport-controller@ae90000

[    5.378065] /soc@0/phy@88e8000: Fixed dependency cycle(s) with /soc@0/usb@a600000

[    5.385776] /soc@0/usb@a600000: Fixed dependency cycle(s) with /soc@0/phy@88e8000

[    5.393479] /soc@0/clock-controller@af00000: Fixed dependency cycle(s) with /soc@0/phy@88e8000

[    5.402332] /soc@0/display-subsystem@ae00000: Fixed dependency cycle(s) with /soc@0/clock-controller@af00000

[    5.412432] /soc@0/display-subsystem@ae00000/display-controller@ae01000: Fixed dependency cycle(s) with /soc@0/display-subsystem@ae00000/displayport-controller@ae90000

[    5.427782] /soc@0/display-subsystem@ae00000/display-controller@ae01000: Fixed dependency cycle(s) with /soc@0/display-subsystem@ae00000

[    5.440372] /soc@0/display-subsystem@ae00000/display-controller@ae01000: Fixed dependency cycle(s) with /soc@0/clock-controller@af00000

[    5.452877] /soc@0/display-subsystem@ae00000/displayport-controller@ae90000: Fixed dependency cycle(s) with /soc@0/display-subsystem@ae00000/display-controller@ae01000

[    5.468232] /soc@0/display-subsystem@ae00000/displayport-controller@ae90000: Fixed dependency cycle(s) with /soc@0/phy@88e8000

[    5.479927] /soc@0/display-subsystem@ae00000/displayport-controller@ae90000: Fixed dependency cycle(s) with /soc@0/clock-controller@af00000

[    5.492776] /soc@0/display-subsystem@ae00000/displayport-controller@ae90000: Fixed dependency cycle(s) with /soc@0/display-subsystem@ae00000

[    5.505760] /soc@0/interrupt-controller@17a00000: Fixed dependency cycle(s) with /soc@0/interrupt-controller@17a00000

[    5.517018] probe of 408000.mailbox returned 0 after 0 usecs

[    5.524359] probe of 1f40000.hwlock returned 0 after 1000 usecs

[    5.531515] /soc@0/stm@6002000: Fixed dependency cycle(s) with /soc@0/funnel@6041000

[    5.539500] /soc@0/stm@6002000: Fixed dependency cycle(s) with /soc@0/funnel@6041000

[    5.547466] /soc@0/funnel@6041000: Fixed dependency cycle(s) with /soc@0/stm@6002000

[    5.555432] /soc@0/funnel@6041000: Fixed dependency cycle(s) with /soc@0/funnel@6045000

[    5.563680] /soc@0/funnel@6042000: Fixed dependency cycle(s) with /soc@0/funnel@7810000

[    5.571905] /soc@0/funnel@6042000: Fixed dependency cycle(s) with /soc@0/funnel@6045000

[    5.580146] /soc@0/funnel@6042000: Fixed dependency cycle(s) with /soc@0/funnel@6045000

[    5.588380] /soc@0/funnel@6041000: Fixed dependency cycle(s) with /soc@0/funnel@6045000

[    5.596613] /soc@0/funnel@6045000: Fixed dependency cycle(s) with /soc@0/funnel@6042000

[    5.604839] /soc@0/funnel@6045000: Fixed dependency cycle(s) with /soc@0/funnel@6041000

[    5.613069] /soc@0/funnel@6045000: Fixed dependency cycle(s) with /soc@0/funnel@6b04000

[    5.621309] /soc@0/replicator@6046000: Fixed dependency cycle(s) with /soc@0/replicator@6b06000

[    5.630245] /soc@0/replicator@6046000: Fixed dependency cycle(s) with /soc@0/etr@6048000

[    5.638566] /soc@0/replicator@6046000: Fixed dependency cycle(s) with /soc@0/etr@6048000

[    5.646892] /soc@0/etr@6048000: Fixed dependency cycle(s) with /soc@0/replicator@6046000

[    5.655226] /soc@0/funnel@6045000: Fixed dependency cycle(s) with /soc@0/funnel@6b04000

[    5.663460] /soc@0/funnel@6b04000: Fixed dependency cycle(s) with /soc@0/funnel@6045000

[    5.671689] /soc@0/funnel@6b04000: Fixed dependency cycle(s) with /soc@0/etf@6b05000

[    5.679660] /soc@0/funnel@6b04000: Fixed dependency cycle(s) with /soc@0/etf@6b05000

[    5.687627] /soc@0/etf@6b05000: Fixed dependency cycle(s) with /soc@0/funnel@6b04000

[    5.695591] /soc@0/etf@6b05000: Fixed dependency cycle(s) with /soc@0/replicator@6b06000

[    5.703915] /soc@0/etf@6b05000: Fixed dependency cycle(s) with /soc@0/replicator@6b06000

[    5.712240] /soc@0/replicator@6046000: Fixed dependency cycle(s) with /soc@0/replicator@6b06000

