S - Format: Log Type - Time(microsec) - Message - Optional Info

S - Log Type: B - Since Boot(Power On Reset),  D - Delta,  S - Statistic

S - QC_IMAGE_VERSION_STRING=BOOT.MXF.1.0.1-00549-KODIAKWP-1

S - IMAGE_VARIANT_STRING=SocKodiakWP

S - OEM_IMAGE_VERSION_STRING=wa-lxc

S - Boot Interface: SPI

S - Secure Boot: Off

S - Boot Config @ 0x00786070 = 0x000000c9

S - JTAG ID @ 0x00786130 = 0x001980e1

S - OEM ID @ 0x00786138 = 0x00000000

S - Serial Number @ 0x00786134 = 0x8dbddd5e

S - OEM Config Row 0 @ 0x007841c0 = 0x0000000000000000

S - OEM Config Row 1 @ 0x007841c8 = 0x0000000000000000

S - Feature Config Row 0 @ 0x00784148 = 0x0000000000000000

S - Feature Config Row 1 @ 0x00784150 = 0x0000000000000000

S - Core 0 Frequency, 1516 MHz

S - PBL Patch Ver: 1

D -      6613 - pbl_apps_init_timestamp

D -      3433 - bootable_media_detect_timestamp

D -       811 - bl_elf_metadata_loading_timestamp

D -       703 - bl_hash_seg_auth_timestamp

D -     26497 - bl_elf_loadable_segment_loading_timestamp

D -      4621 - bl_elf_segs_hash_verify_timestamp

D -     17364 - bl_sec_hash_seg_auth_timestamp

D -       822 - bl_sec_segs_hash_verify_timestamp

D -        29 - pbl_populate_shared_data_and_exit_timestamp

S -     60893 - PBL, End

B -     68533 - SBL1, Start

B -    194407 - SBL1 BUILD @ 21:01:04 on Jan 20 2026

B -    198463 - usb: eud_serial_upd , 0x8dbddd5e

D -    201727 - sbl1_hw_init

D -     10644 - boot_media_init

D -         0 - smss_load_cancel

B -    219661 - SMSS -  Image Load, Start

D -      2989 - SMSS -  Image Loaded, Delta - (0 Bytes)

D -       915 - Auth Metadata

D -      5917 - sbl1_xblconfig_init

B -    234179 - XBL Config -  Image Load, Start

D -         0 - shrm_load_cancel

B -    241743 - SHRM -  Image Load, Start

D -       549 - Auth Metadata

D -      1220 - Segments hash check

D -     12108 - SHRM -  Image Loaded, Delta - (39616 Bytes)

D -         0 - boot_default_cdt_init

D -       366 - boot_cdt_init

B -    265838 - CDT -  Image Load, Start

B -    268583 - CDT Version:3,Platform ID:32,Major ID:1,Minor ID:0,Subtype:7

D -     16256 - sbl1_hw_platform_pre_ddr

D -         0 - devcfg init

B -    294142 - PMIC A:2.0 B:1.0 C:2.2 I:1.0

B -    295911 - PM: PM8 0x4

B -    298229 - PM: xVdd reset

B -    300760 - PM: PON by PWR key DEB

B -    556716 - PM: SET_VAL:Skip

B -    558241 - PM: PSI: b0x06_v0x3f

B -    562328 - PM: Device Init # SPMI Transn: 15424

D -    278312 - pm_device_init, Delta

B -    568001 - pm_driver_init, S???????X[
????err_flag = 0x0

B -    592096 - PM: Battery ID: 10049Ohm

B -    595299 - PM: debug board connected

B -    599050 - vsense_init, Start

D -         0 - vsense_init, Delta

D -    321988 - sbl1_hw_pre_ddr_init

D -         0 - boot_dload_handle_forced_dload_timeout

D -      2989 - sbl1_load_ddr_training_data

B -    617747 - Pre_DDR_clock_init, Start

D -       244 - Pre_DDR_clock_init, Delta

D -     12901 - sbl1_ddr_set_params

B -    629459 - sbl1_ddr_init, Start

B -    632844 - LP5 DDR detected

D -     15768 - sbl1_ddr_init, Delta

B -    648582 - DSF version = 262.0.47

B -    651937 - Manufacturer ID = 13, Device Type = 8

B -    655536 - Rank 0 size = 4096 MB, Rank 1 size = 4096 MB

D -     31201 - sbl1_ddr_init

D -         0 - boot_pre_ddi_entry

???????????????B -    709918 - DDR: Start of DDR Training Restore

B -    713547 - Current DDR Freq = 2096 MHz

B -    714584 - Max enabled DDR Freq = 2736 MHz

B -    718610 - DDR: End of DDR Training Restore

D -     51057 - do_ddr_training, Delta

D -     58865 - sbl1_do_ddr_training

D -       732 - boot_ddi_entry

B -    734440 - Pimem init cmd, entry

D -      9180 - Pimem init cmd, exit

B -    746945 - External heap init, Start

B -    749934 - External heap init, End

D -     23272 - sbl1_post_ddr_init

D -       122 - sbl1_hw_init_secondary

B -    760914 - DDR -  Image Load, Start

B -    76??o???????Load, Start

D -      3202 - APDP -  Image Loaded, Delta - (64 Bytes)

D -         0 - boot_dload_dump_security_regions

D -         0 - ramdump_load_cancel

B -    798825 - RamDump -  Image Load, Start

D -      3325 - RamDump -  Image Loaded, Delta - (0 Bytes)

D -         0 - boot_update_abnormal_reset_status

D -         0 - boot_cache_set_memory_barrier

D -        31 - boot_smem_debug_init

D -       580 - boot_smem_init

D -         0 - boot_smem_alloc_for_minidump

D -        61 - boot_smem_store_pon_status

D -        30 - sbl1_hw_platform_smem

D -        91 - boot_ddr_share_data_to_aop

D -       488 - boot_clock_init_rpm

D -         0 - boot_vsense_copy_to_smem

D -        30 - boot_populate_ram_partition_table

D -         0 - boot_populate_ddr_details_shared_table

D -         0 ???>?????oaded, Delta - (7512 Bytes)

B -    875563 - QTI_MISC -  Image Load, Start

D -      5704 - QTI_MISC -  Image Loaded, Delta - (0 Bytes)

B -    890783 - PM: PM Total Mem Allocated: 2340 

D -      5429 - sbl1_pm_aop_pre_init_wrapper

B -    895480 - AOP -  Image Load, Start

D -       732 - Auth Metadata

D -      1616 - Segments hash check

D -     18361 - AOP -  Image Loaded, Delta - (203304 Bytes)

B -    917135 - QSEE Dev Config -  Image Load, Start

D -       641 - Auth Metadata

D -       488 - Segments hash check

D -     13054 - QSEE Dev Config -  Image Loaded, Delta - (41144 Bytes)

B -    939217 - QSEE -  Image Load, Start

D -     22204 - Segments hash check

D -    230397 - QSEE -  Image Loaded, Delta - (3734195 Bytes)

D -        30 - sbl1_hw_play_vibr

B -   1178550 - SEC -  Image Load, Start

D -      3355 - SEC -  Image Loaded, Delta - (64 Bytes)

B -   1185443 - CPUCPFW -  Image Load, Start

D -  ????????????D -     17629 - Segments hash check

D -     52796 - CPUCPFW -  Image Loaded, Delta - (171300 Bytes)

B -   1247267 - QHEE -  Image Load, Start

D -     17355 - Auth Metadata

D -      5155 - Segments hash check

D -     41205 - ??????o????d

D -   1406752 - SBL1, Delta

S - Flash Throughput, 23235 KB/s  (8411417 Bytes,  362709 us)

S - DDR Frequency, 1555 MHz

?S - Format: Log Type - Time(microsec) - Message - Optional Info

S - Log Type: B - Since Boot(Power On Reset),  D - Delta,  S - Statistic

S - QC_IMAGE_VERSION_STRING=BOOT.MXF.1.0.1-00549-KODIAKWP-1

S - IMAGE_VARIANT_STRING=SocKodiakWP

S - OEM_IMAGE_VERSION_STRING=wa-lxc

S - Boot Interface: SPI

S - Secure Boot: Off

S - Boot Config @ 0x00786070 = 0x000000c9

S - JTAG ID @ 0x00786130 = 0x001980e1

S - OEM ID @ 0x00786138 = 0x00000000

S - Serial Number @ 0x00786134 = 0x8dbddd5e

S - OEM Config Row 0 @ 0x007841c0 = 0x0000000000000000

S - OEM Config Row 1 @ 0x007841c8 = 0x0000000000000000

S - Feature Config Row 0 @ 0x00784148 = 0x0000000000000000

S - Feature Config Row 1 @ 0x00784150 = 0x0000000000000000

S - Core 0 Frequency, 1516 MHz

S - PBL Patch Ver: 1

D -      6613 - pbl_apps_init_timestamp

D -      3434 - bootable_media_detect_timestamp

D -       811 - bl_elf_metadata_loading_timestamp

D -       707 - bl_hash_seg_auth_timestamp

D -     26497 - bl_elf_loadable_segment_loading_timestamp

D -      4618 - bl_elf_segs_hash_verify_timestamp

D -     17364 - bl_sec_hash_seg_auth_timestamp

D -       821 - bl_sec_segs_hash_verify_timestamp

D -        30 - pbl_populate_shared_data_and_exit_timestamp

S -     60895 - PBL, End

B -     69692 - SBL1, Start

B -    197823 - SBL1 BUILD @ 21:01:04 on Jan 20 2026

B -    201940 - usb: eud_serial_upd , 0x8dbddd5e

D -    205295 - sbl1_hw_init

D -     10828 - boot_media_init

D -         0 - smss_load_cancel

B -    223565 - SMSS -  Image Load, Start

D -      3019 - SMSS -  Image Loaded, Delta - (0 Bytes)

D -       885 - Auth Metadata

D -      6039 - sbl1_xblconfig_init

B -    238296 - XBL Config -  Image Load, Start

D -         0 - shrm_load_cancel

B -    246013 - SHRM -  Image Load, Start

D -       580 - Auth Metadata

D -      1250 - Segments hash check

D -     12291 - SHRM -  Image Loaded, Delta - (39616 Bytes)

D -         0 - boot_default_cdt_init

D -       396 - boot_cdt_init

B -    270565 - CDT -  Image Load, Start

B -    273341 - CDT Version:3,Platform ID:32,Major ID:1,Minor ID:0,Subtype:7

D -     16561 - sbl1_hw_platform_pre_ddr

D -         0 - devcfg init

B -    299357 - PMIC A:2.0 B:1.0 C:2.2 I:1.0

B -    301126 - PM: Reset by PSHOLD

B -    303475 - PM: Reset Type: Hard Reset

B -    558668 - PM: SET_VAL:Skip

B -    560193 - PM: PSI: b0x06_v0x3f

B -    564280 - PM: Device Init # SPMI Transn: 15297

D -    275201 - pm_device_init, Delta

B -    569953 - pm_driver_init, Start

B -    581147 - PM: Driver Init # SPMI Transn: 504

D -      7717 - pm_driver_init, Delta

B -    586027 - PM: damsink err_flag = 0x0

B -    589321 - PM: dam aicl err_flag = 0x0

B -    594048 - PM: Battery ID: 10042Ohm

B -    597251 - PM: debug board connected

B -    601002 - vsense_init, Start

D -         0 - vsense_init, Delta

D -    318908 - sbl1_hw_pre_ddr_init

D -         0 - boot_dload_handle_forced_dload_timeout

D -      2989 - sbl1_load_ddr_training_data

B -    619699 - Pre_DDR_clock_init, Start

D -       213 - Pre_DDR_clock_init, Delta

D -     12901 - sbl1_ddr_set_params

B -    631411 - sbl1_ddr_init, Start

B -    634796 - LP5 DDR detected

D -     15768 - sbl1_ddr_init, Delta

B -    650534 - DSF version = 262.0.47

B -    653889 - Manufacturer ID = 13, Device Type = 8

B -    657488 - Rank 0 size = 4096 MB, Rank 1 size = 4096 MB

D -     31201 - sbl1_ddr_init

D -         0 - boot_pre_ddi_entry

B -    670695 - do_ddr_training, St?????B -    711870 - DDR: Start of DDR Training Restore

B -    715499 - Current DDR Freq = 2096 MHz

B -    716536 - Max enabled DDR Freq = 2736 MHz

B -    720562 - DDR: End of DDR Training Restore

D -     51057 - do_ddr_training, Delta

D -     58865 - sbl1_do_ddr_training

D -       732 - boot_ddi_entry

B -    736392 - Pimem init cmd, entry

D -      9180 - Pimem init cmd, exit

B -    748897 - External heap init, Start

B -    751886 - External heap init, End

D -     23210 - sbl1_post_ddr_init

D -       122 - sbl1_hw_init_secondary

B -    762866 - DDR -  Image Load, Start

B -    766617 - usb: emmc_parti_unavail

B -    770186 - usb: sdc_parti_unavail

B -    773876 - usb: Serial - 8dbddd5e

B -    777475 - usb: fedl, vbus_low

D -     14548 - boot_fedl_check

B -    784338 - APDP -  Image Load, Start

D -      3202 - APDP -  Image Loaded, Delta - (64 Bytes)

D -         0 - boot_dload_dump_security_regions

D -         0 - ramdump_load_cancel

B -    800777 - RamDump -  Image Load, Start

D -      3294 - RamDump -  Image Loaded, Delta - (0 Bytes)

D -        30 - boot_update_abnormal_reset_status

D -         0 - boot_cache_set_memory_barrier

D -         0 - boot_smem_debug_init

D -       580 - boot_smem_init

D -        30 - boot_smem_alloc_for_minidump

D -        91 - boot_smem_store_pon_status

D -        31 - sbl1_hw_platform_smem

D -        91 - boot_ddr_share_data_to_aop

D -       488 - boot_clock_init_rpm

D -        31 - boot_vsense_copy_to_smem

D -        30 - boot_populate_ram_partition_table

D -        31 - boot_populate_ddr_details_shared_table

D -         0 - sbl1_tlmm_init

D -         0 - sbl1_efs_handle_cookies

B -    863546 - OEM_MISC -  Image Load, Start

D -       793 - Auth Metadata

D -       244 - Segments hash check

D -     10645 - OEM_MISC -  Image Loaded, Delta - (7512 Bytes)

B -    877515 - QTI_MISC -  Image Load, Start

D -      5734 - QTI_MISC -  Image Loaded, Delta - (0 Bytes)

B -    892735 - PM: PM Total Mem Allocated: 2340 

D -      5460 - sbl1_pm_aop_pre_init_wrapper

B -    897401 - AOP -  Image Load, Start

D -       763 - Auth Metadata

?	?????5
D -       671 - Auth Metadata

D -       488 - Segments hash check

D -     13024 - QSEE Dev Config -  Image Loaded, Delta - (41144 Bytes)

B -    941169 - QSEE -  Image Load, Start

D -     17660 - Auth Metadata

D -     22174 - Segments hash check

D -    230336 - QSEE -  Image Loaded, Delta - (3734195 Bytes)

D -         0 - sbl1_hw_play_vibr

B -   1180441 - SEC -  Image Load, Start

D -      3355 - SEC -  Image Loaded, Delta - (64 Bytes)

B -   1187334 - CPUCPFW -  Image Load, Start

D -     17050 - Auth Metadata

D -     17629 - Segments hash check

D -     52765 - CPUCPFW -  Image Loaded, Delta - (171300 Bytes)

B -   1249127 - QHEE -  Image Load, Start

D -     17354 - Auth Metadata

D -      5185 - Segments hash check

D -     41236 - QHEE -  Image Loaded, Delta - (432112 Bytes)

B -   1293688 - APPSBL -  Image Load, Start

D -       763 - Auth Metadata

D -     15494 - Segments hash check

D -    170769 - APPSBL -  Image Loaded, Delta - (3620864 Bytes)

D -         0 - sbl1_save_appsbl_index

B -   1473668 - SBL1, End

D -   1407484 - SBL1, Delta

S - Flash Throughput, 23235 KB/s  (8411417 Bytes,  362950 us)

S - DDR Frequency, 1555 MHz

 - 0x09F001000 [ 1687] Sec.efi

ASLR        : OFF [WARNING]

DEP         : ON (RTB)

Timer Delta : +2 mS

RAM Entry 0 : Base 0x0080000000  Size 0x003B600000

RAM Entry 1 : Base 0x0180000000  Size 0x0100000000

RAM Entry 2 : Base 0x00C0000000  Size 0x00C0000000

Total Available RAM : 8118 MB (0x01FB600000)

Total Installed RAM : 8192 MB (0x0200000000)

Init 7 aux cores of 7

Init CPU core 1

Init CPU core 2

Init CPU core 3

Init CPU core 4

Init CPU core 5

Init CPU core 6

Init CPU core 7

  > Scheduler up on Core 1

Continue booting UEFI on Core 0

  > Scheduler up on?K??3

UEFI Ver    : 6.0.260120.BOOT.MXF.1.0.1-00549-KODIAKWP-1

Build Info  : 64b Jan 20 2026 21:01:25

Boot Device : NVME

PROD Mode   : TRUE

Retail      : TRUE

  > Scheduler up on Core 7

  > Scheduler up on Core 6

  > Scheduler up on Core 5

  > Scheduler up on Core 4

tz_armv8_smc_call failed, TzStatus = 0xFFFFFFFE,  SmcId = 0x32000403  

QseeResponse->result = 0xFFFFFF0F

Status = 0x7

Scm command failed to get RPMB provisioning State, Status: 0x00000007

TpmType returned from TZ (LoadApps.c)= 0x6654504D. 

tz_armv8_smc_call failed, TzStatus = 0xFFFFFFFE,  SmcId = 0x32000109  

QseeResponse->result = 0xFFFFFFFF

Status = 0x7

ActivateTzEmbeddedSecureImage Failed

tz_armv8_smc_call failed, TzStatus = 0xFFFFFFFE,  SmcId = 0x32000109  

QseeResponse->result = 0xFFFFFFFF

Status = 0x7

ActivateTzEmbeddedSecureImage Failed

Card Detection FAILED! Handle 0, Slot 0

eMMC module not found

 Valid primary but incorrect AlternateLBA.

 Restore backup partition table by the primary

 Restore backup partition table success

HW Wdog Setting from PCD : Disabled

UFS GPIO7 value is 1

Skipping UFS initialization

PM0: 47, PM1: 63, PM2: 49, PM8: 46, 

Module cannot re-initialize DAL module environment

QcomChargerDxe:: QcomChargerInitialize Unsupported platform or PMIC. 

UsbConfigInit: D?????er: Starting Core 0 in mode: 1

SSUsbSetPhyMode: MuxValue:3, CCOutStatus:1

SSUsbSetPhyMode: CoreNum:0, MuxValue:3, CCOutStatus:1

UsbStartController: Starting Core 1 in mode: 1

DP_Host_Open: DP_Host_QueryPanelInfo failed, eStatus = 1 

DPDrv3: DPDriver_Open: DP_Host_Open failed, uDeviceIndex =0, eStYXW???EDID, eDisplayId = 3

MDPLib: External monitor not detected!

Device booted from NVME/SPI_NORTpmCmdMaxSize  4096  TpmRspMaxSize  4096  

TpmManufacturerID  0x4D4F4351  

TpmHashAlgoBitmap  0x7  TpmActivePcrBanks 0x2 

ActivePcrBanks     0x2 

IndexArray 0x1  0xFF  0xFF 



UpdateMemoryArrayInfoTable: DDR Details: Manufacturer ID: 19, Device Type: 8, Num Channels: 2

tz_armv8_smc_call failed, TzStatus = 0xFFFFFFFE,  SmcId = 0x32000401  

QseeResponse->result = 0xFFFFFF03

Status = 0x7

RpmbAutoProvisionMain: RPMB is already provisioned.

PCIE Port 0 Configuration Found! 

PCIE Port 1 Configuration Found! 

PCIe enum (0x3) start : 3379

Training start : 3408

Wait for link up start : 3428

Link up Failed..!! PCIe1, PARF_LTSSM: 0x0 

Training complete : 3678

PCIe Links ready : 3679

PCIe Links setup in 300 ms

[EC] [FmpDeviceInit 1209] EC device is not initialized, Platform is 6490_IOT_industrial_kit or Dragon_Q6A

[EC] [FmpDeviceGetImageTypeIdGuidPtr 226] EC device is not active, returning Unsupported

[EC] [FmpDeviceGetVersion 563] EC device is not active, returning Unsupported

[EC] [FmpDeviceGetVersion 563] EC device is not active, returning Unsupported

[EC] [FmpDeviceGetLowestSupportedVersion 352] EC device is not yet initialized!

[KB] [I2CKeyboardEntryPoint 1882] - Unsupported platform type  32

 Could not find the Reset Data region .

[=3h[2J[0m[35m[40m ConnectConsoles Delta : 6878 micro sec

WaitParallelThreads InIt [ 3720] 

UEF????????????DBDDD5E

Chip ECID          : 0x042F8DBDDD5E

-----------------------------

 PlatformBdsPostConsoleInit Delta : 2300 micro sec

Continuing with BDS initialization

[QcomBds] No default boot app specified

 PlatformSecurityInit Delta : 382 micro sec

Block IO handles of partition /'C12A7328-F81F-11D2-BA4B-00A0C93EC93B/' not found

Failed to get block size of EFI partition. Status: Not Found

InitStoragePointersForCapsuleRawFile returned - Not Found!

InitCapsuleStoragePointers returned - Not Found.

DoCapsuleUpdate Delta : 1492 micro sec

ACPI: Loaded 1 tables

Display_Utils_RenderSplashScreen: BGRT was not loaded correctly, table cannot be updated!

AML: AmlUpdateSjtg FEATURE_ID buffer is 0

AML: AmlUpdateSjtg JTAG_ID buffer is 1671393

Attempting to start: Firmware provisioning

: DppProtocol->GetDPP returned Not Found

 HandleMorPpi delta: 1

Platform Init End : 3739

-----------------------------

 PlatBdsSocPostProc Delta : 14369 micro sec

WARNING: TPM2 Event log has HashAlg unsupported by PCR bank (0x4)

WARNING: TPM2 Event log has HashAlg unsupported by PCR bank (0xC)

Get Smbios ---, Status = (0x800000000000000E)

GetEmmcHandle failed, Status = 0x0

 PlatBdsPostFwConfigSec Delta : 10433 micro sec

 Entered MeasurePeImg...

/local/mnt/workspace/CRMBuilds/BOOT.MXF.1.0.1-00549-KODIAKWP-1_20250921_095415/b/boot_images/boot/QcomPkg/Drivers/TrEEDxe/TrEEDxe.c..HashLogExtendEvent:480 Failed! input = 0x2  

/local/mnt/workspace/CRMBuilds/BOOT.MXF.1.0.1-00549-KODIAKWP-1_20250921_095415/b/boot_images/boot/QcomPkg/Drivers/MeasureBootDxe/MeasureBootDxe.c..HashExtendLogTreeEvent: 319 Failed! input = 0x1  

/local/mnt/workspace/CRMBuilds/BOOT.MXF.1.0.1-00549-KODIAKWP-1_20250921_095415/b/boot_images/boot/QcomPkg/Drivers/MeasureBootDxe/MeasureBootDxe.c..MeasurePeImgAll: 1290 Failed! input = 0x1  

/local/mnt/workspace/CRMBuilds/BOOT.MXF.1.0.1-00549-KODIAKWP-1_20250921_095415/b/boot_images/boot/QcomPkg/Drivers/MeasureBootDxe/MeasureBootDxe.c..MeasureBootVariables:782 Failed! input = 0xE ?????????c..MeasurePeImgAll: 1293 Failed! input = 0x1  

FindTextOutUseGraphics: GraphicsOutput has zero resolution for 0xFA9C9998

FindTextOutUseGraphics: no Graphics SimpleTextOut protocol found

DisplayUtils: Invalid inputs of horizontal / vertical resolution.

UsbEnumeratePort: new device connected at port 0, HubIfc =0xFA9D8C18 

Press F2 to enter Setup, F5 to enter UEFI Shell, F12 to enter Boot menu

Auto boot in 5 seconds

S - Format: Log Type - Time(microsec) - Message - Optional Info

S - Log Type: B - Since Boot(Power On Reset),  D - Delta,  S - Statistic

S - QC_IMAGE_VERSION_STRING=BOOT.MXF.1.0.1-00549-KODIAKWP-1

S - IMAGE_VARIANT_STRING=SocKodiakWP

S - OEM_IMAGE_VERSION_STRING=wa-lxc

S - Boot Interface: SPI

S - Secure Boot: Off

S - Boot Config @ 0x00786070 = 0x000000c9

S - JTAG ID @ 0x00786130 = 0x001980e1

S - OEM ID @ 0x00786138 = 0x00000000

S - Serial Number @ 0x00786134 = 0x8dbddd5e

S - OEM Config Row 0 @ 0x007841c0 = 0x0000000000000000

S - OEM Config Row 1 @ 0x007841c8 = 0x0000000000000000

S - Feature Config Row 0 @ 0x00784148 = 0x0000000000000000

S - Feature Config Row 1 @ 0x00784150 = 0x0000000000000000

S - Core 0 Frequency, 1516 MHz

S - PBL Patch Ver: 1

D -      6613 - pbl_apps_init_timestamp

D -      3433 - bootable_media_detect_timestamp

D -       812 - bl_elf_metadata_loading_timestamp

D -       706 - bl_hash_seg_auth_timestamp

D -     26499 - bl_elf_loadable_segment_loading_timestamp

D -      4620 - bl_elf_segs_hash_verify_timestamp

D -     17361 - bl_sec_hash_seg_auth_timestamp

D -       824 - bl_sec_segs_hash_verify_timestamp

D -        30 - pbl_populate_shared_data_and_exit_timestamp

S -     60898 - PBL, End

B -     68686 - SBL1, Start

B -    194864 - SBL1 BUILD @ 21:01:04 on Jan 20 2026

B -    198921 - usb: eud_serial_upd , 0x8dbddd5e

D -    202215 - sbl1_hw_init

D -     10706 - boot_media_init

D -         0 - smss_load_cancel

B -    220210 - SMSS -  Image Load, Start

D -      2989 - SMSS -  Image Loaded, Delta - (0 Bytes)

D -       946 - Auth Metadata

D -      5947 - sbl1_xblconfig_init

B -    234728 - XBL Config -  Image Load, Start

D -         0 - shrm_load_cancel

B -    242292 - SHRM -  Image Load, Start

D -       549 - Auth Metadata

D -      1250 - Segments hash check

D -     12108 - SHRM -  Image Loaded, Delta - (39616 Bytes)

D -        30 - boot_default_cdt_init

D -       396 - boot_cdt_init

B -    266478 - CDT -  Image Load, Start

B -    269223 - CDT Version:3,Platform ID:32,Major ID:1,Minor ID:0,Subtype:7

D -     16318 - sbl1_hw_platform_pre_ddr

D -        30 - devcfg init

B -    294874 - PMIC A:2.0 B:1.0 C:2.2 I:1.0

B -    296612 - PM: PM8 0x4

B -    298961 - PM: xVdd reset

B -    301492 - PM: PON by PWR key DEB

B -    557509 - PM: SET_VAL:Skip

B -    559034 - PM: PSI: b0x06_v0x3f

B -    563121 - PM: Device Init # SPMI Transn: 15424

D -    278434 - pm_device_init, Delta

B -    568794 - pm_driver_init, Start

B -    579988 - PM: Driver Init # SPMI Transn: 504

D -      7717 - pm_driver_init, Delta

B -    584868 - PM: damsink err_flag = 0x0

B -    588131 - PM: dam aicl err_flag = 0x0

B -    592889 - PM: Battery ID: 10036Ohm

B -    596092 - PM: debug board connected

B -    599843 - vsense_init, Start

D -         0 - vsense_init, Delta

D -    322110 - sbl1_hw_pre_ddr_init

D -         0 - boot_dload_handle_forced_dload_timeout

D -      2989 - sbl1_load_ddr_training_data

B -    618540 - Pre_DDR_clock_init, Start

D -       244 - Pre_DDR_clock_init, Delta

D -     12901 - sbl1_ddr_set_params

B -    630252 - sbl1_ddr_init, Start

B -    633637 - LP5 DDR detected

D -     15768 - sbl1_ddr_init, Delta

B -    649375 - DSF version = 262.0.47

B -    652730 - Manufacturer ID = 13, Device Type = 8

B -    656329 - Rank 0 size = 4096 MB, Rank 1 size = 4096 MB

D -     31232 - sbl1_ddr_init

D -         0 - boot_pre_ddi_entry

B -    669536 - do_ddr_training, Start

B -    710711 - DDR: Start of DDR Training Restore

B -    714310 - Current DDR Freq = 2096 MHz

B -    715377 - Max enabled DDR Freq = 2736 MHz

B -    719403 - DDR: End of DDR Training Restore

D -     51057 - do_ddr_training, Delta

D -     58834 - sbl1_do_ddr_training

D -       732 - boot_ddi_entry

B -    735202 - Pimem init cmd, entry

D -      9211 - Pimem init cmd, exit

B -    747738 - External heap init, Start

B -    750727 - External heap init, End

D -     23241 - sbl1_post_ddr_init

D -        91 - sbl1_hw_init_secondary

B -    761676 - DDR -  Image Load, Start

B -    765458 - usb: emmc_parti_unavail

B -    769027 - usb: sdc_parti_unavail

B -    772687 - usb: Serial - 8dbddd5e

B -    776316 - usb: fedl, vbus_low

D -     14548 - boot_fedl_check

B -    783148 - APDP -  Image Load, Start

D -      3233 - APDP -  Image Loaded, Delta - (64 Bytes)

D -         0 - boot_dload_dump_security_regions

D -         0 - ramdump_load_cancel

B -    799618 - RamDump -  Image Load, Start

D -      3294 - RamDump -  Image Loaded, Delta - (0 Bytes)

D -        30 - boot_update_abnormal_reset_status

D -         0 - boot_cache_set_memory_barrier

D -         0 - boot_smem_debug_init

D -       549 - boot_smem_init

D -         0 - boot_smem_alloc_for_minidump

D -        91 - boot_smem_store_pon_status

D -        31 - sbl1_hw_platform_smem

D -        61 - boot_ddr_share_data_to_aop

D -       518 - boot_clock_init_rpm

D -         0 - boot_vsense_copy_to_smem

D -        30 - boot_populate_ram_partition_table

D -        31 - boot_populate_ddr_details_shared_table

D -         0 - sbl1_tlmm_init

D -         0 - sbl1_efs_handle_cookies

B -    862357 - OEM_MISC -  Image Load, Start

D -       763 - Auth Metadata

D -       183 - Segments hash check

D -     10675 - OEM_MISC -  Image Loaded, Delta - (7512 Bytes)

B -    876326 - QTI_MISC -  Image Load, Start

D -      5703 - QTI_MISC -  Image Loaded, Delta - (0 Bytes)

B -    891576 - PM: PM Total Mem Allocated: 2340 

D -      5460 - sbl1_pm_aop_pre_init_wrapper

B -    896242 - AOP -  Image Load, Start

D -       702 - Auth Metadata

D -      1586 - Segments hash check

D -     18331 - AOP -  Image Loaded, Delta - (203304 Bytes)

B -    917897 - QSEE Dev Config -  Image Load, Start

D -       640 - Auth Metadata

D -       488 - Segments hash check

D -     13054 - QSEE Dev Config -  Image Loaded, Delta - (41144 Bytes)

B -    939979 - QSEE -  Image Load, Start

D -     17690 - Auth Metadata

D -     22112 - Segments hash check

D -    230275 - QSEE -  Image Loaded, Delta - (3734195 Bytes)

D -         0 - sbl1_hw_play_vibr

B -   1179221 - SEC -  Image Load, Start

D -      3355 - SEC -  Image Loaded, Delta - (64 Bytes)

B -   1186084 - CPUCPFW -  Image Load, Start

D -     17110 - Auth Metadata

D -     17659 - Segments hash check

D -     52887 - CPUCPFW -  Image Loaded, Delta - (171300 Bytes)

B -   1247999 - QHEE -  Image Load, Start

D -     17355 - Auth Metadata

D -      5154 - Segments hash check

D -     41236 - QHEE -  Image Loaded, Delta - (432112 Bytes)

B -   1292559 - APPSBL -  Image Load, Start

D -       763 - Auth Metadata

D -     15525 - Segments hash check

D -    170770 - APPSBL -  Image Loaded, Delta - (3620864 Bytes)

D -         0 - sbl1_save_appsbl_index

B -   1472570 - SBL1, End

D -   1407361 - SBL1, Delta

S - Flash Throughput, 23235 KB/s  (8411417 Bytes,  362862 us)

S - DDR Frequency, 1555 MHz

?S - Format: Log Type - Time(microsec) - Message - Optional Info

S - Log Type: B - Since Boot(Power On Reset),  D - Delta,  S - Statistic

S - QC_IMAGE_VERSION_STRING=BOOT.MXF.1.0.1-00549-KODIAKWP-1

S - IMAGE_VARIANT_STRING=SocKodiakWP

S - OEM_IMAGE_VERSION_STRING=wa-lxc

S - Boot Interface: SPI

S - Secure Boot: Off

S - Boot Config @ 0x00786070 = 0x000000c9

S - JTAG ID @ 0x00786130 = 0x001980e1

S - OEM ID @ 0x00786138 = 0x00000000

S - Serial Number @ 0x00786134 = 0x8dbddd5e

S - OEM Config Row 0 @ 0x007841c0 = 0x0000000000000000

S - OEM Config Row 1 @ 0x007841c8 = 0x0000000000000000

S - Feature Config Row 0 @ 0x00784148 = 0x0000000000000000

S - Feature Config Row 1 @ 0x00784150 = 0x0000000000000000

S - Core 0 Frequency, 1516 MHz

S - PBL Patch Ver: 1

D -      6626 - pbl_apps_init_timestamp

D -      3433 - bootable_media_detect_timestamp

D -       810 - bl_elf_metadata_loading_timestamp

D -       704 - bl_hash_seg_auth_timestamp

D -     26496 - bl_elf_loadable_segment_loading_timestamp

D -      4620 - bl_elf_segs_hash_verify_timestamp

D -     17370 - bl_sec_hash_seg_auth_timestamp

D -       821 - bl_sec_segs_hash_verify_timestamp

D -        31 - pbl_populate_shared_data_and_exit_timestamp

S -     60911 - PBL, End

B -     69723 - SBL1, Start

B -    197853 - SBL1 BUILD @ 21:01:04 on Jan 20 2026

B -    201971 - usb: eud_serial_upd , 0x8dbddd5e

D -    205295 - sbl1_hw_init

D -     10858 - boot_media_init

D -         0 - smss_load_cancel

B -    223565 - SMSS -  Image Load, Start

D -      3050 - SMSS -  Image Loaded, Delta - (0 Bytes)

D -       884 - Auth Metadata

D -      6069 - sbl1_xblconfig_init

B -    238327 - XBL Config -  Image Load, Start

D -         0 - shrm_load_cancel

B -    246013 - SHRM -  Image Load, Start

D -       579 - Auth Metadata

D -      1250 - Segments hash check

D -     12322 - SHRM -  Image Loaded, Delta - (39616 Bytes)

D -        30 - boot_default_cdt_init

D -       366 - boot_cdt_init

B -    270565 - CDT -  Image Load, Start

B -    273371 - CDT Version:3,Platform ID:32,Major ID:1,Minor ID:0,Subtype:7

D -     16561 - sbl1_hw_platform_pre_ddr

D -         0 - devcfg init

B -    299388 - PMIC A:2.0 B:1.0 C:2.2 I:1.0

B -    301126 - PM: Reset by PSHOLD

B -    303505 - PM: Reset Type: Hard Reset

B -    558668 - PM: SET_VAL:Skip

B -    560193 - PM: PSI: b0x06_v0x3f

B -    564280 - PM: Device Init # SPMI Transn: 15297

D -    275201 - pm_device_init, Delta

B -    569953 - pm_driver_init, Start

B -    581147 - PM: Driver Init # SPMI Transn: 504

D -      7717 - pm_driver_init, Delta

B -    586027 - PM: damsink err_flag = 0x0

B -    589321 - PM: dam aicl err_flag = 0x0

B -    594048 - PM: Battery ID: 10035Ohm

B -    597251 - PM: debug board connected

B -    601002 - vsense_init, Start

D -         0 - vsense_init, Delta

D -    318877 - sbl1_hw_pre_ddr_init

D -         0 - boot_dload_handle_forced_dload_timeout

D -      2989 - sbl1_load_ddr_training_data

B -    619699 - Pre_DDR_clock_init, Start

D -       213 - Pre_DDR_clock_init, Delta

D -     12901 - sbl1_ddr_set_params

B -    631411 - sbl1_ddr_init, Start

B -    634796 - LP5 DDR detected

D -     15768 - sbl1_ddr_init, Delta

B -    650534 - DSF version = 262.0.47

B -    653889 - Manufacturer ID = 13, Device Type = 8

B -    657488 - Rank 0 size = 4096 MB, Rank 1 size = 4096 MB

D -     31201 - sbl1_ddr_init

D -         0 - boot_pre_ddi_entry

B -    670695 - do_ddr_training, Start

B -    711870 - DDR: Start of DDR Training Restore

B -    715499 - Current DDR Freq = 2096 MHz

B -    716536 - Max enabled DDR Freq = 2736 MHz

B -    720562 - DDR: End of DDR Training Restore

D -     51057 - do_ddr_training, Delta

D -     58865 - sbl1_do_ddr_training

D -       732 - boot_ddi_entry

B -    736392 - Pimem init cmd, entry

D -      9211 - Pimem init cmd, exit

B -    748897 - External heap init, Start

B -    751886 - External heap init, End

D -     23241 - sbl1_post_ddr_init

D -        91 - sbl1_hw_init_secondary

B -    762835 - DDR -  Image Load, Start

B -    766617 - usb: emmc_parti_unavail

B -    770186 - usb: sdc_parti_unavail

B -    773846 - usb: Serial - 8dbddd5e

B -    777475 - usb: fedl, vbus_low

D -     14548 - boot_fedl_check

B -    784307 - APDP -  Image Load, Start

D -      3233 - APDP -  Image Loaded, Delta - (64 Bytes)

D -         0 - boot_dload_dump_security_regions

D -        30 - ramdump_load_cancel

B -    800777 - RamDump -  Image Load, Start

D -      3294 - RamDump -  Image Loaded, Delta - (0 Bytes)

D -        30 - boot_update_abnormal_reset_status

D -         0 - boot_cache_set_memory_barrier

D -         0 - boot_smem_debug_init

D -       580 - boot_smem_init

D -        30 - boot_smem_alloc_for_minidump

D -        91 - boot_smem_store_pon_status

D -        31 - sbl1_hw_platform_smem

D -        91 - boot_ddr_share_data_to_aop

D -       488 - boot_clock_init_rpm

D -         0 - boot_vsense_copy_to_smem

D -        30 - boot_populate_ram_partition_table

D -        31 - boot_populate_ddr_details_shared_table

D -         0 - sbl1_tlmm_init

D -         0 - sbl1_efs_handle_cookies

B -    863516 - OEM_MISC -  Image Load, Start

D -       763 - Auth Metadata

D -       244 - Segments hash check

D -     10675 - OEM_MISC -  Image Loaded, Delta - (7512 Bytes)

B -    877485 - QTI_MISC -  Image Load, Start

D -      5703 - QTI_MISC -  Image Loaded, Delta - (0 Bytes)

B -    892735 - PM: PM Total Mem Allocated: 2340 

D -      5460 - sbl1_pm_aop_pre_init_wrapper

B -    897401 - AOP -  Image Load, Start

D -       702 - Auth Metadata

D -      1586 - Segments hash check

D -     18361 - AOP -  Image Loaded, Delta - (203304 Bytes)

B -    919056 - QSEE Dev Config -  Image Load, Start

D -       640 - Auth Metadata

D -       488 - Segments hash check

D -     13054 - QSEE Dev Config -  Image Loaded, Delta - (41144 Bytes)

B -    941138 - QSEE -  Image Load, Start

D -     17690 - Auth Metadata

D -     22173 - Segments hash check

D -    230336 - QSEE -  Image Loaded, Delta - (3734195 Bytes)

D -         0 - sbl1_hw_play_vibr

B -   1180411 - SEC -  Image Load, Start

D -      3355 - SEC -  Image Loaded, Delta - (64 Bytes)

B -   1187304 - CPUCPFW -  Image Load, Start

D -     17049 - Auth Metadata

D -     17599 - Segments hash check

D -     52795 - CPUCPFW -  Image Loaded, Delta - (171300 Bytes)

B -   1249127 - QHEE -  Image Load, Start

D -     17294 - Auth Metadata

D -      5185 - Segments hash check

D -     41145 - QHEE -  Image Loaded, Delta - (432112 Bytes)

B -   1293596 - APPSBL -  Image Load, Start

D -       762 - Auth Metadata

D -     15494 - Segments hash check

D -    170770 - APPSBL -  Image Loaded, Delta - (3620864 Bytes)

D -         0 - sbl1_save_appsbl_index

B -   1473607 - SBL1, End

D -   1407361 - SBL1, Delta

S - Flash Throughput, 23235 KB/s  (8411417 Bytes,  362770 us)

S - DDR Frequency, 1555 MHz





UEFI Start     [ 1685]

 - 0x09F001000 [ 1687] Sec.efi

ASLR        : OFF [WARNING]

DEP         : ON (RTB)

Timer Delta : +2 mS

RAM Entry 0 : Base 0x0080000000  Size 0x003B600000

RAM Entry 1 : Base 0x0180000000  Size 0x0100000000

RAM Entry 2 : Base 0x00C0000000  Size 0x00C0000000

Total Available RAM : 8118 MB (0x01FB600000)

Total Installed RAM : 8192 MB (0x0200000000)

Init 7 aux cores of 7

Init CPU core 1

Init CPU core 2

Init CPU core 3

Init CPU core 4

Init CPU core 5

Init CPU core 6

Init CPU core 7

  > Scheduler up on Core 1

Continue booting UEFI on Core 0

  > Scheduler up on Core 2

  > Scheduler up on Core 3

UEFI Ver    : 6.0.260120.BOOT.MXF.1.0.1-00549-KODIAKWP-1

Build Info  : 64b Jan 20 2026 21:01:25

Boot Device : NVME

PROD Mode   : TRUE

Retail      : TRUE

  > Scheduler up on Core 5

  > Scheduler up on Core 6

  > Scheduler up on Core 4

  > Scheduler up on Core 7

tz_armv8_smc_call failed, TzStatus = 0xFFFFFFFE,  SmcId = 0x32000403  

QseeResponse->result = 0xFFFFFF0F

Status = 0x7

Scm command failed to get RPMB provisioning State, Status: 0x00000007

TpmType returned from TZ (LoadApps.c)= 0x6654504D. 

tz_armv8_smc_call failed, TzStatus = 0xFFFFFFFE,  SmcId = 0x32000109  

QseeResponse->result = 0xFFFFFFFF

Status = 0x7

ActivateTzEmbeddedSecureImage Failed

tz_armv8_smc_call failed, TzStatus = 0xFFFFFFFE,  SmcId = 0x32000109  

QseeResponse->result = 0xFFFFFFFF

Status = 0x7

ActivateTzEmbeddedSecureImage Failed

Card Detection FAILED! Handle 0, Slot 0

eMMC module not found

 Valid primary but incorrect AlternateLBA.

 Restore backup partition table by the primary

 Restore backup partition table success

HW Wdog Setting from PCD : Disabled

UFS GPIO7 value is 1

Skipping UFS initialization

PM0: 47, PM1: 63, PM2: 49, PM8: 46, 

Module cannot re-initialize DAL module environment

QcomChargerDxe:: QcomChargerInitialize Unsupported platform or PMIC. 

UsbConfigInit: Device isSku1Variant: 0

UsbConfigInit: SchgPmicInfo.PmicIndex =  (0x8)

UsbStartController: Starting Core 0 in mode: 1

SSUsbSetPhyMode: MuxValue:3, CCOutStatus:1

SSUsbSetPhyMode: CoreNum:0, MuxValue:3, CCOutStatus:1

UsbStartController: Starting Core 1 in mode: 1

DPDriver_Open: Failed updating EDID, eDisplayId = 3

MDPLib: External monitor not detected!

Device booted from NVME/SPI_NORTpmCmdMaxSize  4096  TpmRspMaxSize  4096  

TpmManufacturerID  0x4D4F4351  

TpmHashAlgoBitmap  0x7  TpmActivePcrBanks 0x2 

ActivePcrBanks     0x2 

IndexArray 0x1  0xFF  0xFF 



UpdateMemoryArrayInfoTable: DDR Details: Manufacturer ID: 19, Device Type: 8, Num Channels: 2

tz_armv8_smc_call failed, TzStatus = 0xFFFFFFFE,  SmcId = 0x32000401  

QseeResponse->result = 0xFFFFFF03

Status = 0x7

RpmbAutoProvisionMain: RPMB is already provisioned.

PCIE Port 0 Configuration Found! 

PCIE Port 1 Configuration Found! 

PCIe enum (0x3) start : 3409

Training start : 3438

Wait for link up start : 3458

Link up Failed..!! PCIe0, PARF_LTSSM: 0x3 

Link up Failed..!! PCIe1, PARF_LTSSM: 0x0 

Training complete : 3709

PCIe Links ready : 3710

PCIe Links setup in 301 ms

[EC] [FmpDeviceInit 1209] EC device is not initialized, Platform is 6490_IOT_industrial_kit or Dragon_Q6A

[EC] [FmpDeviceGetImageTypeIdGuidPtr 226] EC device is not active, returning Unsupported

[EC] [FmpDeviceGetVersion 563] EC device is not active, returning Unsupported

[EC] [FmpDeviceGetVersion 563] EC device is not active, returning Unsupported

[EC] [FmpDeviceGetLowestSupportedVersion 352] EC device is not yet initialized!

[KB] [I2CKeyboardEntryPoint 1882] - Unsupported platform type  32

 Could not find the Reset Data region .

[=3h[2J[0m[35m[40m ConnectConsoles Delta : 7245 micro sec

WaitParallelThreads InIt [ 3751] 

UEFI Ver           : 6.0.260120.BOOT.MXF.1.0.1-00549-KODIAKWP-1

Platform           : IOT

SKUVersion         : 32

Subtype            : 7

Boot Device        : NVME

Chip Name          : QCS6490

Chip Ver           : 1.0

Chip Num           : 0x8DBDDD5E

Chip ECID          : 0x042F8DBDDD5E

-----------------------------

 PlatformBdsPostConsoleInit Delta : 2472 micro sec

Continuing with BDS initialization

[QcomBds] No default boot app specified

 PlatformSecurityInit Delta : 404 micro sec

Block IO handles of partition /'C12A7328-F81F-11D2-BA4B-00A0C93EC93B/' not found

Failed to get block size of EFI partition. Status: Not Found

InitStoragePointersForCapsuleRawFile returned - Not Found!

InitCapsuleStoragePointers returned - Not Found.

DoCapsuleUpdate Delta : 1473 micro sec

ACPI: Loaded 1 tables

Display_Utils_RenderSplashScreen: BGRT was not loaded correctly, table cannot be updated!

AML: AmlUpdateSjtg FEATURE_ID buffer is 0

AML: AmlUpdateSjtg JTAG_ID buffer is 1671393

Attempting to start: Firmware provisioning

: DppProtocol->GetDPP returned Not Found

 HandleMorPpi delta: 1

Platform Init End : 3769

-----------------------------

 PlatBdsSocPostProc Delta : 14323 micro sec

WARNING: TPM2 Event log has HashAlg unsupported by PCR bank (0x4)

WARNING: TPM2 Event log has HashAlg unsupported by PCR bank (0xC)

Get Smbios ---, Status = (0x800000000000000E)

GetEmmcHandle failed, Status = 0x0

 PlatBdsPostFwConfigSec Delta : 10461 micro sec

 Entered MeasurePeImg...

/local/mnt/workspace/CRMBuilds/BOOT.MXF.1.0.1-00549-KODIAKWP-1_20250921_095415/b/boot_images/boot/QcomPkg/Drivers/TrEEDxe/TrEEDxe.c..HashLogExtendEvent:480 Failed! input = 0x2  

/local/mnt/workspace/CRMBuilds/BOOT.MXF.1.0.1-00549-KODIAKWP-1_20250921_095415/b/boot_images/boot/QcomPkg/Drivers/MeasureBootDxe/MeasureBootDxe.c..HashExtendLogTreeEvent: 319 Failed! input = 0x1  

/local/mnt/workspace/CRMBuilds/BOOT.MXF.1.0.1-00549-KODIAKWP-1_20250921_095415/b/boot_images/boot/QcomPkg/Drivers/MeasureBootDxe/MeasureBootDxe.c..MeasurePeImgAll: 1290 Failed! input = 0x1  

/local/mnt/workspace/CRMBuilds/BOOT.MXF.1.0.1-00549-KODIAKWP-1_20250921_095415/b/boot_images/boot/QcomPkg/Drivers/MeasureBootDxe/MeasureBootDxe.c..MeasureBootVariables:782 Failed! input = 0xE  

/local/mnt/workspace/CRMBuilds/BOOT.MXF.1.0.1-00549-KODIAKWP-1_20250921_095415/b/boot_images/boot/QcomPkg/Drivers/MeasureBootDxe/MeasureBootDxe.c..MeasurePeImgAll: 1293 Failed! input = 0x1  

FindTextOutUseGraphics: GraphicsOutput has zero resolution for 0xFA9C9A18

FindTextOutUseGraphics: no Graphics SimpleTextOut protocol found

DisplayUtils: Invalid inputs of horizontal / vertical resolution.

Press F2 to enter Setup, F5 to enter UEFI Shell, F12 to enter Boot menu

Auto boot in 5 seconds

Auto boot in 4 seconds

Auto boot in 3 seconds

Auto boot in 2 seconds

UsbEnumeratePort: new device connected at port 0, HubIfc =0xFA9D8C18 

UsbEnumNewDevRootHub: HIGH on port 0

 UsbEnumNewDevRootHub: vid = 0x1A40 pid = 0x0101, Addr = 1

UsbEnumeratePort: new device connected at port 3, HubIfc =0xFA6B7698 

S - Format: Log Type - Time(microsec) - Message - Optional Info

S - Log Type: B - Since Boot(Power On Reset),  D - Delta,  S - Statistic

S - QC_IMAGE_VERSION_STRING=BOOT.MXF.1.0.1-00549-KODIAKWP-1

S - IMAGE_VARIANT_STRING=SocKodiakWP

S - OEM_IMAGE_VERSION_STRING=wa-lxc

S - Boot Interface: SPI

S - Secure Boot: Off

S - Boot Config @ 0x00786070 = 0x000000c9

S - JTAG ID @ 0x00786130 = 0x001980e1

S - OEM ID @ 0x00786138 = 0x00000000

S - Serial Number @ 0x00786134 = 0x8dbddd5e

S - OEM Config Row 0 @ 0x007841c0 = 0x0000000000000000

S - OEM Config Row 1 @ 0x007841c8 = 0x0000000000000000

S - Feature Config Row 0 @ 0x00784148 = 0x0000000000000000

S - Feature Config Row 1 @ 0x00784150 = 0x0000000000000000

S - Core 0 Frequency, 1516 MHz

S - PBL Patch Ver: 1

D -      6613 - pbl_apps_init_timestamp

D -      3434 - bootable_media_detect_timestamp

D -       812 - bl_elf_metadata_loading_timestamp

D -       704 - bl_hash_seg_auth_timestamp

D -     26499 - bl_elf_loadable_segment_loading_timestamp

D -      4617 - bl_elf_segs_hash_verify_timestamp

D -     17365 - bl_sec_hash_seg_auth_timestamp

D -       824 - bl_sec_segs_hash_verify_timestamp

D -        30 - pbl_populate_shared_data_and_exit_timestamp

S -     60898 - PBL, End

B -     68747 - SBL1, Start

B -    195169 - SBL1 BUILD @ 21:01:04 on Jan 20 2026

B -    199256 - usb: eud_serial_upd , 0x8dbddd5e

D -    202520 - sbl1_hw_init

D -     10705 - boot_media_init

D -         0 - smss_load_cancel

B -    220545 - SMSS -  Image Load, Start

D -      3020 - SMSS -  Image Loaded, Delta - (0 Bytes)

D -       915 - Auth Metadata

D -      5948 - sbl1_xblconfig_init

B -    235124 - XBL Config -  Image Load, Start

D -        30 - shrm_load_cancel

B -    242719 - SHRM -  Image Load, Start

D -       518 - Auth Metadata

D -      1281 - Segments hash check

D -     12169 - SHRM -  Image Loaded, Delta - (39616 Bytes)

D -        30 - boot_default_cdt_init

D -       396 - boot_cdt_init

B -    266966 - CDT -  Image Load, Start

B -    269742 - CDT Version:3,Platform ID:32,Major ID:1,Minor ID:0,Subtype:7

D -     16348 - sbl1_hw_platform_pre_ddr

D -         0 - devcfg init

B -    295423 - PMIC A:2.0 B:1.0 C:2.2 I:1.0

B -    297192 - PM: PM8 0x4

B -    299510 - PM: xVdd reset

B -    302041 - PM: PON by PWR key DEB

B -    557997 - PM: SET_VAL:Skip

B -    559553 - PM: PSI: b0x06_v0x3f

B -    563609 - PM: Device Init # SPMI Transn: 15424

D -    278373 - pm_device_init, Delta

B -    569282 - pm_driver_init, Start

B -    580476 - PM: Driver Init # SPMI Transn: 504

D -      7716 - pm_driver_init, Delta

B -    585356 - PM: damsink err_flag = 0x0

B -    588650 - PM: dam aicl err_flag = 0x0

B -    593377 - PM: Battery ID: 10033Ohm

B -    596610 - PM: debug board connected

B -    600331 - vsense_init, Start

D -         0 - vsense_init, Delta

D -    322049 - sbl1_hw_pre_ddr_init

D -         0 - boot_dload_handle_forced_dload_timeout

D -      2959 - sbl1_load_ddr_training_data

B -    619028 - Pre_DDR_clock_init, Start

D -       213 - Pre_DDR_clock_init, Delta

D -     12901 - sbl1_ddr_set_params

B -    630740 - sbl1_ddr_init, Start

B -    634156 - LP5 DDR detected

D -     15769 - sbl1_ddr_init, Delta

B -    649894 - DSF version = 262.0.47

B -    653249 - Manufacturer ID = 13, Device Type = 8

B -    656848 - Rank 0 size = 4096 MB, Rank 1 size = 4096 MB

D -     31232 - sbl1_ddr_init

D -         0 - boot_pre_ddi_entry

B -    670054 - do_ddr_training, Start

B -    711229 - DDR: Start of DDR Training Restore

B -    714859 - Current DDR Freq = 2096 MHz

B -    715896 - Max enabled DDR Freq = 2736 MHz

B -    719922 - DDR: End of DDR Training Restore

D -     51057 - do_ddr_training, Delta

D -     58865 - sbl1_do_ddr_training

D -       732 - boot_ddi_entry

B -    735751 - Pimem init cmd, entry

D -      9181 - Pimem init cmd, exit

B -    748256 - External heap init, Start

B -    751245 - External heap init, End

D -     23211 - sbl1_post_ddr_init

D -       122 - sbl1_hw_init_secondary

B -    762225 - DDR -  Image Load, Start

B -    766007 - usb: emmc_parti_unavail

B -    769545 - usb: sdc_parti_unavail

B -    773236 - usb: Serial - 8dbddd5e

B -    776835 - usb: fedl, vbus_low

D -     14549 - boot_fedl_check

B -    783697 - APDP -  Image Load, Start

D -      3203 - APDP -  Image Loaded, Delta - (64 Bytes)

D -         0 - boot_dload_dump_security_regions

D -         0 - ramdump_load_cancel

B -    800137 - RamDump -  Image Load, Start

D -      3294 - RamDump -  Image Loaded, Delta - (0 Bytes)

D -        31 - boot_update_abnormal_reset_status

D -         0 - boot_cache_set_memory_barrier

D -         0 - boot_smem_debug_init

D -       579 - boot_smem_init

D -        31 - boot_smem_alloc_for_minidump

D -        61 - boot_smem_store_pon_status

D -        30 - sbl1_hw_platform_smem

D -        92 - boot_ddr_share_data_to_aop

D -       488 - boot_clock_init_rpm

D -         0 - boot_vsense_copy_to_smem

D -        31 - boot_populate_ram_partition_table

D -        30 - boot_populate_ddr_details_shared_table

D -         0 - sbl1_tlmm_init

D -         0 - sbl1_efs_handle_cookies

B -    862906 - OEM_MISC -  Image Load, Start

D -       762 - Auth Metadata

D -       274 - Segments hash check

D -     10644 - OEM_MISC -  Image Loaded, Delta - (7512 Bytes)

B -    876875 - QTI_MISC -  Image Load, Start

D -      5703 - QTI_MISC -  Image Loaded, Delta - (0 Bytes)

B -    892094 - PM: PM Total Mem Allocated: 2340 

D -      5459 - sbl1_pm_aop_pre_init_wrapper

B -    896761 - AOP -  Image Load, Start

D -       671 - Auth Metadata

D -      1556 - Segments hash check

D -     18330 - AOP -  Image Loaded, Delta - (203304 Bytes)

B -    918416 - QSEE Dev Config -  Image Load, Start

D -       610 - Auth Metadata

D -       488 - Segments hash check

D -     13023 - QSEE Dev Config -  Image Loaded, Delta - (41144 Bytes)

B -    940467 - QSEE -  Image Load, Start

D -     17629 - Auth Metadata

D -     22082 - Segments hash check

D -    230275 - QSEE -  Image Loaded, Delta - (3734195 Bytes)

D -        31 - sbl1_hw_play_vibr

B -   1179679 - SEC -  Image Load, Start

D -      3355 - SEC -  Image Loaded, Delta - (64 Bytes)

B -   1186572 - CPUCPFW -  Image Load, Start

D -     17080 - Auth Metadata

D -     17629 - Segments hash check

D -     52826 - CPUCPFW -  Image Loaded, Delta - (171300 Bytes)

B -   1248426 - QHEE -  Image Load, Start

D -     17324 - Auth Metadata

D -      5154 - Segments hash check

D -     41175 - QHEE -  Image Loaded, Delta - (432112 Bytes)

B -   1292925 - APPSBL -  Image Load, Start

D -       793 - Auth Metadata

D -     15586 - Segments hash check

D -    170861 - APPSBL -  Image Loaded, Delta - (3620864 Bytes)

D -        30 - sbl1_save_appsbl_index

B -   1472997 - SBL1, End

D -   1407727 - SBL1, Delta

S - Flash Throughput, 23235 KB/s  (8411417 Bytes,  362822 us)

S - DDR Frequency, 1555 MHz

?S - Format: Log Type - Time(microsec) - Message - Optional Info

S - Log Type: B - Since Boot(Power On Reset),  D - Delta,  S - Statistic

S - QC_IMAGE_VERSION_STRING=BOOT.MXF.1.0.1-00549-KODIAKWP-1

S - IMAGE_VARIANT_STRING=SocKodiakWP

S - OEM_IMAGE_VERSION_STRING=wa-lxc

S - Boot Interface: SPI

S - Secure Boot: Off

S - Boot Config @ 0x00786070 = 0x000000c9

S - JTAG ID @ 0x00786130 = 0x001980e1

S - OEM ID @ 0x00786138 = 0x00000000

S - Serial Number @ 0x00786134 = 0x8dbddd5e

S - OEM Config Row 0 @ 0x007841c0 = 0x0000000000000000

S - OEM Config Row 1 @ 0x007841c8 = 0x0000000000000000

S - Feature Config Row 0 @ 0x00784148 = 0x0000000000000000

S - Feature Config Row 1 @ 0x00784150 = 0x0000000000000000

S - Core 0 Frequency, 1516 MHz

S - PBL Patch Ver: 1

D -      6626 - pbl_apps_init_timestamp

D -      3433 - bootable_media_detect_timestamp

D -       811 - bl_elf_metadata_loading_timestamp

D -       705 - bl_hash_seg_auth_timestamp

D -     26495 - bl_elf_loadable_segment_loading_timestamp

D -      4618 - bl_elf_segs_hash_verify_timestamp

D -     17368 - bl_sec_hash_seg_auth_timestamp

D -       822 - bl_sec_segs_hash_verify_timestamp

D -        31 - pbl_populate_shared_data_and_exit_timestamp

S -     60909 - PBL, End

B -     69723 - SBL1, Start

B -    197853 - SBL1 BUILD @ 21:01:04 on Jan 20 2026

B -    201971 - usb: eud_serial_upd , 0x8dbddd5e

D -    205295 - sbl1_hw_init

D -     10858 - boot_media_init

D -         0 - smss_load_cancel

B -    223565 - SMSS -  Image Load, Start

D -      3050 - SMSS -  Image Loaded, Delta - (0 Bytes)

D -       915 - Auth Metadata

D -      6039 - sbl1_xblconfig_init

B -    238327 - XBL Config -  Image Load, Start

D -         0 - shrm_load_cancel

B -    246013 - SHRM -  Image Load, Start

D -       579 - Auth Metadata

D -      1281 - Segments hash check

D -     12322 - SHRM -  Image Loaded, Delta - (39616 Bytes)

D -         0 - boot_default_cdt_init

D -       397 - boot_cdt_init

B -    270596 - CDT -  Image Load, Start

B -    273371 - CDT Version:3,Platform ID:32,Major ID:1,Minor ID:0,Subtype:7

D -     16562 - sbl1_hw_platform_pre_ddr

D -         0 - devcfg init

B -    299388 - PMIC A:2.0 B:1.0 C:2.2 I:1.0

B -    301157 - PM: Reset by PSHOLD

B -    303505 - PM: Reset Type: Hard Reset

B -    558729 - PM: SET_VAL:Skip

B -    560254 - PM: PSI: b0x06_v0x3f

B -    564341 - PM: Device Init # SPMI Transn: 15297

D -    275262 - pm_device_init, Delta

B -    570014 - pm_driver_init, Start

B -    581208 - PM: Driver Init # SPMI Transn: 504

D -      7717 - pm_driver_init, Delta

B -    586088 - PM: damsink err_flag = 0x0

B -    589382 - PM: dam aicl err_flag = 0x0

B -    594109 - PM: Battery ID: 10035Ohm

B -    597312 - PM: debug board connected

B -    601063 - vsense_init, Start

D -         0 - vsense_init, Delta

D -    318938 - sbl1_hw_pre_ddr_init

D -         0 - boot_dload_handle_forced_dload_timeout

D -      2989 - sbl1_load_ddr_training_data

B -    619760 - Pre_DDR_clock_init, Start

D -       213 - Pre_DDR_clock_init, Delta

D -     12901 - sbl1_ddr_set_params

B -    631472 - sbl1_ddr_init, Start

B -    634857 - LP5 DDR detected

D -     15768 - sbl1_ddr_init, Delta

B -    650595 - DSF version = 262.0.47

B -    653950 - Manufacturer ID = 13, Device Type = 8

B -    657549 - Rank 0 size = 4096 MB, Rank 1 size = 4096 MB

D -     31201 - sbl1_ddr_init

D -         0 - boot_pre_ddi_entry

B -    670756 - do_ddr_training, Start

B -    711931 - DDR: Start of DDR Training Restore

B -    715560 - Current DDR Freq = 2096 MHz

B -    716597 - Max enabled DDR Freq = 2736 MHz

B -    720623 - DDR: End of DDR Training Restore

D -     51057 - do_ddr_training, Delta

D -     58865 - sbl1_do_ddr_training

D -       732 - boot_ddi_entry

B -    736422 - Pimem init cmd, entry

D -      9211 - Pimem init cmd, exit

B -    748958 - External heap init, Start

B -    751947 - External heap init, End

D -     23241 - sbl1_post_ddr_init

D -       122 - sbl1_hw_init_secondary

B -    762927 - DDR -  Image Load, Start

B -    766678 - usb: emmc_parti_unavail

B -    770247 - usb: sdc_parti_unavail

B -    773937 - usb: Serial - 8dbddd5e

B -    777536 - usb: fedl, vbus_low

D -     14548 - boot_fedl_check

B -    784399 - APDP -  Image Load, Start

D -      3233 - APDP -  Image Loaded, Delta - (64 Bytes)

D -         0 - boot_dload_dump_security_regions

D -        30 - ramdump_load_cancel

B -    800838 - RamDump -  Image Load, Start

D -      3294 - RamDump -  Image Loaded, Delta - (0 Bytes)

D -        30 - boot_update_abnormal_reset_status

D -         0 - boot_cache_set_memory_barrier

D -         0 - boot_smem_debug_init

D -       580 - boot_smem_init

D -        30 - boot_smem_alloc_for_minidump

D -        91 - boot_smem_store_pon_status

D -        31 - sbl1_hw_platform_smem

D -        91 - boot_ddr_share_data_to_aop

D -       488 - boot_clock_init_rpm

D -         0 - boot_vsense_copy_to_smem

D -        30 - boot_populate_ram_partition_table

D -        31 - boot_populate_ddr_details_shared_table

D -         0 - sbl1_tlmm_init

D -         0 - sbl1_efs_handle_cookies

B -    863607 - OEM_MISC -  Image Load, Start

D -       763 - Auth Metadata

D -       275 - Segments hash check

D -     10645 - OEM_MISC -  Image Loaded, Delta - (7512 Bytes)

B -    877546 - QTI_MISC -  Image Load, Start

D -      5734 - QTI_MISC -  Image Loaded, Delta - (0 Bytes)

B -    892796 - PM: PM Total Mem Allocated: 2340 

D -      5460 - sbl1_pm_aop_pre_init_wrapper

B -    897462 - AOP -  Image Load, Start

D -       763 - Auth Metadata

D -      1616 - Segments hash check

D -     18392 - AOP -  Image Loaded, Delta - (203304 Bytes)

B -    919178 - QSEE Dev Config -  Image Load, Start

D -       610 - Auth Metadata

D -       458 - Segments hash check

D -     13024 - QSEE Dev Config -  Image Loaded, Delta - (41144 Bytes)

B -    941230 - QSEE -  Image Load, Start

D -     17629 - Auth Metadata

D -     22052 - Segments hash check

D -    230244 - QSEE -  Image Loaded, Delta - (3734195 Bytes)

D -         0 - sbl1_hw_play_vibr

B -   1180411 - SEC -  Image Load, Start

D -      3355 - SEC -  Image Loaded, Delta - (64 Bytes)

B -   1187304 - CPUCPFW -  Image Load, Start

D -     17049 - Auth Metadata

D -     17660 - Segments hash check

D -     52856 - CPUCPFW -  Image Loaded, Delta - (171300 Bytes)

B -   1249188 - QHEE -  Image Load, Start

D -     17355 - Auth Metadata

D -      5216 - Segments hash check

D -     41206 - QHEE -  Image Loaded, Delta - (432112 Bytes)

B -   1293718 - APPSBL -  Image Load, Start

D -       732 - Auth Metadata

D -     15494 - Segments hash check

D -    170770 - APPSBL -  Image Loaded, Delta - (3620864 Bytes)

D -         0 - sbl1_save_appsbl_index

B -   1473699 - SBL1, End

D -   1407453 - SBL1, Delta

S - Flash Throughput, 23235 KB/s  (8411417 Bytes,  362863 us)

S - DDR Frequency, 1555 MHz





UEFI Start     [ 1684]

 - 0x09F001000 [ 1687] Sec.efi

ASLR        : OFF [WARNING]

DEP         : ON (RTB)

Timer Delta : +1 mS

RAM Entry 0 : Base 0x0080000000  Size 0x003B600000

RAM Entry 1 : Base 0x0180000000  Size 0x0100000000

RAM Entry 2 : Base 0x00C0000000  Size 0x00C0000000

Total Available RAM : 8118 MB (0x01FB600000)

Total Installed RAM : 8192 MB (0x0200000000)

Init 7 aux cores of 7

Init CPU core 1

Init CPU core 2

Init CPU core 3

Init CPU core 4

Init CPU core 5

Init CPU core 6

Init CPU core 7

  > Scheduler up on Core 1

Continue booting UEFI on Core 0

  > Scheduler up on Core 2

  > Scheduler up on Core 3

UEFI Ver    : 6.0.260120.BOOT.MXF.1.0.1-00549-KODIAKWP-1

Build Info  : 64b Jan 20 2026 21:01:25

Boot Device : NVME

PROD Mode   : TRUE

Retail      : TRUE

  > Scheduler up on Core 4

  > Scheduler up on Core 6

  > Scheduler up on Core 5

  > Scheduler up on Core 7

tz_armv8_smc_call failed, TzStatus = 0xFFFFFFFE,  SmcId = 0x32000403  

QseeResponse->result = 0xFFFFFF0F

Status = 0x7

Scm command failed to get RPMB provisioning State, Status: 0x00000007

TpmType returned from TZ (LoadApps.c)= 0x6654504D. 

tz_armv8_smc_call failed, TzStatus = 0xFFFFFFFE,  SmcId = 0x32000109  

QseeResponse->result = 0xFFFFFFFF

Status = 0x7

ActivateTzEmbeddedSecureImage Failed

tz_armv8_smc_call failed, TzStatus = 0xFFFFFFFE,  SmcId = 0x32000109  

QseeResponse->result = 0xFFFFFFFF

Status = 0x7

ActivateTzEmbeddedSecureImage Failed

Card Detection FAILED! Handle 0, Slot 0

eMMC module not found

 Valid primary but incorrect AlternateLBA.

 Restore backup partition table by the primary

 Restore backup partition table success

HW Wdog Setting from PCD : Disabled

UFS GPIO7 value is 1

Skipping UFS initialization

PM0: 47, PM1: 63, PM2: 49, PM8: 46, 

Module cannot re-initialize DAL module environment

QcomChargerDxe:: QcomChargerInitialize Unsupported platform or PMIC. 

UsbConfigInit: Device isSku1Variant: 0

UsbConfigInit: SchgPmicInfo.PmicIndex =  (0x8)

UsbStartController: Starting Core 0 in mode: 1

SSUsbSetPhyMode: MuxValue:3, CCOutStatus:1

SSUsbSetPhyMode: CoreNum:0, MuxValue:3, CCOutStatus:1

UsbStartController: Starting Core 1 in mode: 1

UsbEnumeratePort: new device connected at port 0, HubIfc =0xFA9D8C18 

DisplayDxe: External Panel Mode#0 1024x600 59Hz selected.

Device booted from NVME/SPI_NORUsbEnumNewDevRootHub: HIGH on port 0

 UsbEnumNewDevRootHub: vid = 0x1A40 pid = 0x0101, Addr = 1

TpmCmdMaxSize  4096  TpmRspMaxSize  4096  

TpmManufacturerID  0x4D4F4351  

TpmHashAlgoBitmap  0x7  TpmActivePcrBanks 0x2 

ActivePcrBanks     0x2 

IndexArray 0x1  0xFF  0xFF 



UpdateMemoryArrayInfoTable: DDR Details: Manufacturer ID: 19, Device Type: 8, Num Channels: 2

tz_armv8_smc_call failed, TzStatus = 0xFFFFFFFE,  SmcId = 0x32000401  

QseeResponse->result = 0xFFFFFF03

Status = 0x7

UsbEnumeratePort: new device connected at port 1, HubIfc =0xFA9BEC98 

RpmbAutoProvisionMain: RPMB is already provisioned.

PCIE Port 0 Configuration Found! 

PCIE Port 1 Configuration Found! 

PCIe enum (0x3) start : 3632

Training start : 3661

Wait for link up start : 3681

PCIe Link up on port 0

UsbEnumNewDevHub: FULL on port 1

UsbSelectConfig: failed to connect driver Not Found, ignored

UsbEnumeratePort: new device connected at port 3, HubIfc =0xFA9BEC98 

Link up Failed..!! PCIe1, PARF_LTSSM: 0x0 

Training complete : 3932

Port 0 : x1, Gen 1

PCIe Links ready : 3933

PCIe Links setup in 301 ms

[EC] [FmpDeviceInit 1209] EC device is not initialized, Platform is 6490_IOT_industrial_kit or Dragon_Q6A

[EC] [FmpDeviceGetImageTypeIdGuidPtr 226] EC device is not active, returning Unsupported

[EC] [FmpDeviceGetVersion 563] EC device is not active, returning Unsupported

[EC] [FmpDeviceGetVersion 563] EC device is not active, returning Unsupported

[EC] [FmpDeviceGetLowestSupportedVersion 352] EC device is not yet initialized!

[KB] [I2CKeyboardEntryPoint 1882] - Unsupported platform type  32

 Could not find the Reset Data region .

UsbEnumNewDevHub: HIGH on port 3

UsbSelectConfig: failed to connect driver Not Found, ignored

[=3h[2J[0m[35m[40m ConnectConsoles Delta : 53831 micro sec

WaitParallelThreads InIt [ 4024] 

UEFI Ver           : 6.0.260120.BOOT.MXF.1.0.1-00549-KODIAKWP-1

Platform           : IOT

SKUVersion         : 32

Subtype            : 7

Boot Device        : NVME

Chip Name          : QCS6490

Chip Ver           : 1.0

Chip Num           : 0x8DBDDD5E

Chip ECID          : 0x042F8DBDDD5E

-----------------------------

 PlatformBdsPostConsoleInit Delta : 2404 micro sec

Continuing with BDS initialization

[QcomBds] No default boot app specified

 PlatformSecurityInit Delta : 396 micro sec

Block IO handles of partition /'C12A7328-F81F-11D2-BA4B-00A0C93EC93B/' not found

Failed to get block size of EFI partition. Status: Not Found

InitStoragePointersForCapsuleRawFile returned - Not Found!

InitCapsuleStoragePointers returned - Not Found.

DoCapsuleUpdate Delta : 1772 micro sec

ACPI: Loaded 1 tables

AML: AmlUpdateSjtg FEATURE_ID buffer is 0

AML: AmlUpdateSjtg JTAG_ID buffer is 1671393

Attempting to start: Firmware provisioning

: DppProtocol->GetDPP returned Not Found

 HandleMorPpi delta: 1

Platform Init End : 4043

-----------------------------

 PlatBdsSocPostProc Delta : 14548 micro sec

WARNING: TPM2 Event log has HashAlg unsupported by PCR bank (0x4)

WARNING: TPM2 Event log has HashAlg unsupported by PCR bank (0xC)

Get Smbios ---, Status = (0x800000000000000E)

GetEmmcHandle failed, Status = 0x0

 PlatBdsPostFwConfigSec Delta : 10490 micro sec

 Entered MeasurePeImg...

/local/mnt/workspace/CRMBuilds/BOOT.MXF.1.0.1-00549-KODIAKWP-1_20250921_095415/b/boot_images/boot/QcomPkg/Drivers/TrEEDxe/TrEEDxe.c..HashLogExtendEvent:480 Failed! input = 0x2  

/local/mnt/workspace/CRMBuilds/BOOT.MXF.1.0.1-00549-KODIAKWP-1_20250921_095415/b/boot_images/boot/QcomPkg/Drivers/MeasureBootDxe/MeasureBootDxe.c..HashExtendLogTreeEvent: 319 Failed! input = 0x1  

/local/mnt/workspace/CRMBuilds/BOOT.MXF.1.0.1-00549-KODIAKWP-1_20250921_095415/b/boot_images/boot/QcomPkg/Drivers/MeasureBootDxe/MeasureBootDxe.c..MeasurePeImgAll: 1290 Failed! input = 0x1  

/local/mnt/workspace/CRMBuilds/BOOT.MXF.1.0.1-00549-KODIAKWP-1_20250921_095415/b/boot_images/boot/QcomPkg/Drivers/MeasureBootDxe/MeasureBootDxe.c..MeasureBootVariables:782 Failed! input = 0xE  

/local/mnt/workspace/CRMBuilds/BOOT.MXF.1.0.1-00549-KODIAKWP-1_20250921_095415/b/boot_images/boot/QcomPkg/Drivers/MeasureBootDxe/MeasureBootDxe.c..MeasurePeImgAll: 1293 Failed! input = 0x1  

Press F2 to enter Setup, F5 to enter UEFI Shell, F12 to enter Boot menu

Auto boot in 5 seconds

Auto boot in 4 seconds

Auto boot in 3 seconds

Auto boot in 2 seconds

Auto boot in 1 seconds

UEFI Total : 7792 ms

POST Time      [ 9476] OS Loader

 Valid primary but incorrect AlternateLBA.

 Restore backup partition table by the primary

 Restore backup partition table success

[QcomBds] Could not find bootable handle

UEFI Total : 8186 ms

POST Time      [ 9870] OS Loader

 Valid primary but incorrect AlternateLBA.

 Restore backup partition table by the primary

 Restore backup partition table success

 Valid primary but incorrect AlternateLBA.

 Restore backup partition table by the primary

 Restore backup partition table success

[QcomBds] Could not find bootable handle

[QcomBds] Boot Device Order:

[QcomBds]   [0]: USB

[QcomBds]   [1]: SD

[QcomBds]   [2]: NVMe

[QcomBds]   [3]: eMMC

[QcomBds]   [4]: UFS

[QcomBds] Trying device 0: USB

 Valid primary but incorrect AlternateLBA.

 Restore backup partition table by the primary

 Restore backup partition table success

 Valid primary but incorrect AlternateLBA.

 Restore backup partition table by the primary

 Restore backup partition table success

 Valid primary but incorrect AlternateLBA.

 Restore backup partition table by the primary

 Restore backup partition table success

[QcomBds] Trying device 1: SD

 Valid primary but incorrect AlternateLBA.

 Restore backup partition table by the primary

 Restore backup partition table success

UEFI Total : 10525 ms

POST Time      [12209] OS Loader

 Entered MeasurePeImg...

/local/mnt/workspace/CRMBuilds/BOOT.MXF.1.0.1-00549-KODIAKWP-1_20250921_095415/b/boot_images/boot/QcomPkg/Drivers/TrEEDxe/TrEEDxe.c..HashLogExtendEvent:480 Failed! input = 0x2  

/local/mnt/workspace/CRMBuilds/BOOT.MXF.1.0.1-00549-KODIAKWP-1_20250921_095415/b/boot_images/boot/QcomPkg/Drivers/MeasureBootDxe/MeasureBootDxe.c..HashExtendLogTreeEvent: 319 Failed! input = 0x1  

/local/mnt/workspace/CRMBuilds/BOOT.MXF.1.0.1-00549-KODIAKWP-1_20250921_095415/b/boot_images/boot/QcomPkg/Drivers/MeasureBootDxe/MeasureBootDxe.c..MeasurePeImgAll: 1290 Failed! input = 0x1  

[0m[37m[40m[INFO] efi_main: embloader (Embedded Bootloader) version 0.4.r1.9f8e74b

[DEBUG] efi_main: function efi_main at 0xf0383678

[WARNING] find_embloader_folder: embloader folder not found

[DEBUG] efi_main: Final configuration:

[DEBUG] config: {}

[INFO] efi_main: parsing smbios

[WARNING] efi_main: no matched device found in config

[INFO] sdboot_boot_load_menu: loading systemd-boot menu

[INFO] sdboot_check_fs: Found systemd-boot folder in VenHw(D1531D41-3F80-4091-8D0A-541F59236D66)/HD(

1,GPT,288D9954-6808-43B6-BFEC-6FFB0C7A59C8,0x800,0x80000)

[INFO] sdboot_boot_load_file: loading sdboot boot config from file /loader/loader.conf

[INFO] sdboot_boot_load_file: loading sdboot boot config from file android.conf

[DEBUG] sdboot_boot_load_file: created sdboot loader android

[DEBUG] sdboot_boot_load_root: use timeout value 5 from sdboot config

[DEBUG] sdboot_boot_load_root: found default entry android.conf in sdboot config

[DEBUG] sdboot_boot_load_root: use default entry android.conf from sdboot config

[INFO] sdboot_boot_load_menu: loaded systemd-boot menu from current device

[Warn]	(0.000, +0)	 lv_uefi_simple_pointer_indev_add_handle: [lv_uefi] The SIMPLE_POINTER inter

face is not valid. lv_uefi_indev_pointer.c:124



Embedded Boot Loader GUI Menu Serial Alternative

[INFO] embloader_gui_menu_start: lvgl gui menu started

[WARNING] load_xml_from: failed to read XML file menu-main.xml for menu-main: Invalid Parameter

[WARNING] filter_supports: disabled for Qualcomm UEFI

[WARNING] embloader_tui_menu_start: this platform have bad console, skip TUI menu



========================================

= Embedded Bootloader menu

========================================

  1. Android 13 ??? Dragon Q6A

  2. Reboot Into Firmware Interface

========================================

Menu timeout: 5 seconds

Default option: (1) Android 13 ??? Dragon Q6A

Select an option (1-2) or press Enter to boot default: 

Timeout

Booting default option (1) Android 13 ??? Dragon Q6A



[INFO] embloader_loader_boot: booting Android 13 ??? Dragon Q6A (android) ...

[INFO] embloader_loader_boot_sdboot: booting sdboot loader Android 13 ??? Dragon Q6A ...

[INFO] linux_load_kernel: loading kernel /Android/Image

[INFO] linux_load_kernel: loaded kernel /Android/Image size 61.25MiB (64223744 bytes)

[INFO] linux_load_kernel: kernel /Android/Image at 0xf6374000 with 15680 pages

[INFO] linux_load_initramfs: loading initramfs /Android/ramdisk.img

[INFO] linux_load_initramfs: loaded initramfs /Android/ramdisk.img size 14.43MiB (15129374 bytes)

[INFO] linux_load_initramfs: loaded 1 initramfs size 14.43MiB (15129374 bytes)

[INFO] linux_load_initramfs: initramfs collections (1) at 0xef0b5000 with 3694 pages

[INFO] linux_load_bootargs: loaded bootargs console=tty0 console=ttyMSM0,115200n8 earlycon=qcom_geni

,0x00994000 fbcon=nodefer video=efifb:keep video=HDMI-A-1:1024x600@60e keep_bootcon ignore_loglevel 

loglevel=8 initcall_debug modprobe.blacklist=msm panic=10 coherent_pool=2M firmware_class.path=/vend

or/firmware irqchip.gicv3_pseudo_nmi=0 psi=1 selinux=1 androidboot.force_normal_boot=1 androidboot.s

lot_suffix=_a androidboot.hardware=dragon_q6a androidboot.selinux=permissive androidboot.boot_device

s=soc@0/8804000.mmc lsm=landlock,lockdown,yama,integrity,selinux,bpf printk.devkmsg=on

[DEBUG] linux_try_load_dtb: try load dtb /Android/qcs6490-radxa-dragon-q6a.dtb

[INFO] linux_try_load_dtb: read dtb /Android/qcs6490-radxa-dragon-q6a.dtb size 180.70KiB (184388 byt

es)

[INFO] linux_try_load_dtb: load dtb /Android/qcs6490-radxa-dragon-q6a.dtb successfully

[INFO] linux_try_load_dtb: dtb model: Radxa Dragon Q6A

[INFO] linux_try_load_dtb: dtb compatible: radxa,dragon-q6a

[DEBUG] linux_data_load: linux boot data prepared

[DEBUG] efi_dtfixup: applying efi dtfixup protocol

[INFO] efi_dtfixup: efi dtfixup applied successfully

[INFO] embloader_start_efi: load efi image at 0xf6374000...

 Entered MeasurePeImg...

/local/mnt/workspace/CRMBuilds/BOOT.MXF.1.0.1-00549-KODIAKWP-1_20250921_095415/b/boot_images/boot/QcomPkg/Drivers/TrEEDxe/TrEEDxe.c..HashLogExtendEvent:480 Failed! input = 0x2  

/local/mnt/workspace/CRMBuilds/BOOT.MXF.1.0.1-00549-KODIAKWP-1_20250921_095415/b/boot_images/boot/QcomPkg/Drivers/MeasureBootDxe/MeasureBootDxe.c..HashExtendLogTreeEvent: 319 Failed! input = 0x1  

/local/mnt/workspace/CRMBuilds/BOOT.MXF.1.0.1-00549-KODIAKWP-1_20250921_095415/b/boot_images/boot/QcomPkg/Drivers/MeasureBootDxe/MeasureBootDxe.c..MeasurePeImgAll: 1290 Failed! input = 0x1  

DetectLinuxKernelVersion Delta : 42509 micro sec

[INFO] embloader_start_efi: use cmdline console=tty0 console=ttyMSM0,115200n8 earlycon=qcom_geni,0x0

0994000 fbcon=nodefer video=efifb:keep video=HDMI-A-1:1024x600@60e keep_bootcon ignore_loglevel logl

evel=8 initcall_debug modprobe.blacklist=msm panic=10 coherent_pool=2M firmware_class.path=/vendor/f

irmware irqchip.gicv3_pseudo_nmi=0 psi=1 selinux=1 androidboot.force_normal_boot=1 androidboot.slot_

suffix=_a androidboot.hardware=dragon_q6a androidboot.selinux=permissive androidboot.boot_devices=so

c@0/8804000.mmc lsm=landlock,lockdown,yama,integrity,selinux,bpf printk.devkmsg=on

[INFO] embloader_start_efi: start efi image...

Start EBS        [22737] 

Start EBS        [22740] 

ScmArmV8ExitBootServicesHandler, Status = 0x0. 

Exit EBS        [23467] UEFI End

[    0.000000] printk: debug: ignoring loglevel setting.

[    0.000000] efi: EFI v2.7 by Qualcomm Technologies, Inc.

[    0.000000] efi: ACPI 2.0=0xffffd000 MEMATTR=0xfa3eb018 ESRT=0xfa30ee98 SMBIOS=0xffed1000 TPMEventLog=0xfffc6018 INITRD=0xf0075f98 RNG=0xfffc6e98 MEMRESERVE=0xf0075d18 

[    0.000000] random: crng init done

[    0.000000] TPM Final Events table not present

[    0.000000] esrt: Reserving ESRT space from 0x00000000fa30ee98 to 0x00000000fa30eef8.

[    0.000000] OF: reserved mem: 0x0000000080000000..0x00000000805fffff (6144 KiB) nomap non-reusable hyp@80000000

[    0.000000] OF: reserved mem: 0x0000000080600000..0x00000000807fffff (2048 KiB) nomap non-reusable xbl@80600000

[    0.000000] OF: reserved mem: 0x0000000080800000..0x000000008085ffff (384 KiB) nomap non-reusable aop@80800000

[    0.000000] OF: reserved mem: 0x0000000080860000..0x000000008087ffff (128 KiB) nomap non-reusable aop-cmd-db@80860000

[    0.000000] OF: reserved mem: 0x0000000080884000..0x0000000080893fff (64 KiB) nomap non-reusable xbl-uefi-res@80880000

[    0.000000] OF: reserved mem: 0x00000000808ff000..0x00000000808fffff (4 KiB) nomap non-reusable sec-apps@808ff000

[    0.000000] OF: reserved mem: 0x0000000080900000..0x0000000080afffff (2048 KiB) nomap non-reusable smem@80900000

[    0.000000] OF: reserved mem: 0x0000000080b00000..0x0000000080bfffff (1024 KiB) nomap non-reusable cpucp@80b00000

[    0.000000] OF: reserved mem: 0x0000000081800000..0x00000000826fffff (15360 KiB) nomap non-reusable lpass-ml@81800000

[    0.000000] OF: reserved mem: 0x0000000082700000..0x000000008270ffff (64 KiB) nomap non-reusable cdsp-secure-heap@82700000

[    0.000000] OF: reserved mem: 0x000000008b800000..0x000000008dffffff (40960 KiB) nomap non-reusable adsp@8b800000

[    0.000000] OF: reserved mem: 0x000000008e000000..0x000000008fdfffff (30720 KiB) nomap non-reusable cdsp@8e000000

[    0.000000] OF: reserved mem: 0x000000008fe00000..0x00000000902fffff (5120 KiB) nomap non-reusable video@8fe00000

[    0.000000] OF: reserved mem: 0x0000000090300000..0x0000000090304fff (20 KiB) nomap non-reusable zap@90300000

[    0.000000] OF: reserved mem: 0x00000000c0000000..0x00000000c00fffff (1024 KiB) nomap non-reusable tz-stat@c0000000

[    0.000000] OF: reserved mem: 0x00000000c0100000..0x00000000c12fffff (18432 KiB) nomap non-reusable tags@c0100000

[    0.000000] OF: reserved mem: 0x00000000c1300000..0x00000000c17fffff (5120 KiB) nomap non-reusable qtee@c1300000

[    0.000000] OF: reserved mem: 0x00000000c1800000..0x00000000c39fffff (34816 KiB) nomap non-reusable trusted-apps@c1800000

[    0.000000] OF: reserved mem: 0x00000000c6500000..0x00000000c6cfffff (8192 KiB) nomap non-reusable adsp-rpc-remote-heap@c6500000

[    0.000000] NUMA: Faking a node at [mem 0x0000000080000000-0x000000027fffffff]

[    0.000000] NODE_DATA(0) allocated [mem 0x27eda9c00-0x27edad37f]

[    0.000000] Zone ranges:

[    0.000000]   DMA      [mem 0x0000000080000000-0x00000000ffffffff]

[    0.000000]   DMA32    empty

[    0.000000]   Normal   [mem 0x0000000100000000-0x000000027fffffff]

[    0.000000]   Device   empty

[    0.000000] Movable zone start for each node

[    0.000000] Early memory node ranges

[    0.000000]   node   0: [mem 0x0000000080000000-0x00000000807fffff]

[    0.000000]   node   0: [mem 0x0000000080884000-0x00000000808b3fff]

[    0.000000]   node   0: [mem 0x00000000808b4000-0x00000000808fefff]

[    0.000000]   node   0: [mem 0x00000000808ff000-0x00000000808fffff]

[    0.000000]   node   0: [mem 0x0000000080b00000-0x000000008270ffff]

[    0.000000]   node   0: [mem 0x0000000082710000-0x00000000842fffff]

[    0.000000]   node   0: [mem 0x0000000084800000-0x000000008b7fffff]

[    0.000000]   node   0: [mem 0x0000000090309000-0x000000009f5f6fff]

[    0.000000]   node   0: [mem 0x000000009f5f7000-0x000000009f5fffff]

[    0.000000]   node   0: [mem 0x000000009f600000-0x000000009fffffff]

[    0.000000]   node   0: [mem 0x00000000a0000000-0x00000000a0001fff]

[    0.000000]   node   0: [mem 0x00000000a0002000-0x00000000a07fffff]

[    0.000000]   node   0: [mem 0x00000000a0800000-0x00000000a0afffff]

[    0.000000]   node   0: [mem 0x00000000a0b00000-0x00000000bb5fffff]

[    0.000000]   node   0: [mem 0x00000000c3a00000-0x00000000c50fffff]

[    0.000000]   node   0: [mem 0x00000000c6000000-0x00000000c64fffff]

[    0.000000]   node   0: [mem 0x00000000c6d00000-0x00000000c90fffff]

[    0.000000]   node   0: [mem 0x00000000c9100000-0x00000000eedfffff]

[    0.000000]   node   0: [mem 0x00000000eee00000-0x00000000eeffffff]

[    0.000000]   node   0: [mem 0x00000000ef000000-0x00000000ffa75fff]

[    0.000000]   node   0: [mem 0x00000000ffa76000-0x00000000fff21fff]

[    0.000000]   node   0: [mem 0x00000000fff22000-0x000000027fffffff]

[    0.000000] Initmem setup node 0 [mem 0x0000000080000000-0x000000027fffffff]

[    0.000000] On node 0, zone DMA: 132 pages in unavailable ranges

[    0.000000] On node 0, zone DMA: 512 pages in unavailable ranges

[    0.000000] On node 0, zone DMA: 1280 pages in unavailable ranges

[    0.000000] On node 0, zone DMA: 19209 pages in unavailable ranges

[    0.000000] On node 0, zone DMA: 33792 pages in unavailable ranges

[    0.000000] On node 0, zone DMA: 3840 pages in unavailable ranges

[    0.000000] On node 0, zone DMA: 2048 pages in unavailable ranges

[    0.000000] cma: Reserved 32 MiB at 0x00000000fda00000

[    0.000000] psci: probing for conduit method from DT.

[    0.000000] psci: PSCIv1.1 detected in firmware.

[    0.000000] psci: Using standard PSCI v0.2 function IDs

[    0.000000] psci: MIGRATE_INFO_TYPE not supported.

[    0.000000] psci: SMC Calling Convention v1.1

[    0.000000] psci: OSI mode supported.

[    0.000000] psci: [Firmware Bug]: failed to set PC mode: -3

[    0.000000] percpu: Embedded 26 pages/cpu s66328 r8192 d31976 u106496

[    0.000000] pcpu-alloc: s66328 r8192 d31976 u106496 alloc=26*4096

[    0.000000] pcpu-alloc: [0] 0 [0] 1 [0] 2 [0] 3 [0] 4 [0] 5 [0] 6 [0] 7 

[    0.000000] Detected VIPT I-cache on CPU0

[    0.000000] CPU features: detected: GICv3 CPU interface

[    0.000000] CPU features: kernel page table isolation forced ON by KASLR

[    0.000000] CPU features: detected: Kernel page table isolation (KPTI)

[    0.000000] CPU features: detected: Qualcomm erratum 1009, or ARM erratum 1286807, 2441009

[    0.000000] CPU features: detected: ARM errata 1165522, 1319367, or 1530923

[    0.000000] alternatives: applying boot alternatives

[    0.000000] Kernel command line: console=tty0 console=ttyMSM0,115200n8 earlycon=qcom_geni,0x00994000 fbcon=nodefer video=efifb:keep video=HDMI-A-1:1024x600@60e keep_bootcon ignore_loglevel loglevel=8 initcall_debug modprobe.blacklist=msm panic=10 coherent_pool=2M firmware_class.path=/vendor/firmware irqchip.gicv3_pseudo_nmi=0 psi=1 selinux=1 androidboot.force_normal_boot=1 androidboot.slot_suffix=_a androidboot.hardware=dragon_q6a androidboot.selinux=permissive androidboot.boot_devices=soc@0/8804000.mmc lsm=landlock,lockdown,yama,integrity,selinux,bpf printk.devkmsg=on

[    0.000000] printk: log buffer data + meta data: 2097152 + 7340032 = 9437184 bytes

[    0.000000] Dentry cache hash table entries: 1048576 (order: 11, 8388608 bytes, linear)

[    0.000000] Inode-cache hash table entries: 524288 (order: 10, 4194304 bytes, linear)

[    0.000000] software IO TLB: area num 8.

[    0.000000] software IO TLB: mapped [mem 0x00000000f630e000-0x00000000fa30e000] (64MB)

[    0.000000] Fallback order for Node 0: 0 

[    0.000000] Built 1 zonelists, mobility grouping on.  Total pages: 2036339

[    0.000000] Policy zone: Normal

[    0.000000] mem auto-init: stack:all(zero), heap alloc:on, heap free:off

[    0.000000] stackdepot: allocating hash table via alloc_large_system_hash

[    0.000000] stackdepot hash table entries: 524288 (order: 11, 8388608 bytes, linear)

[    0.000000] stackdepot: allocating space for 8192 stack pools via memblock

[    0.000000] SLUB: HWalign=64, Order=0-3, MinObjects=0, CPUs=8, Nodes=1

[    0.000000] Dynamic Preempt: voluntary

[    0.000000] rcu: Preemptible hierarchical RCU implementation.

[    0.000000] rcu: 	RCU restricting CPUs from NR_CPUS=512 to nr_cpu_ids=8.

[    0.000000] rcu: 	RCU priority boosting: priority 1 delay 500 ms.

[    0.000000] 	Trampoline variant of Tasks RCU enabled.

[    0.000000] 	Tracing variant of Tasks RCU enabled.

[    0.000000] rcu: RCU calculated value of scheduler-enlistment delay is 100 jiffies.

[    0.000000] rcu: Adjusting geometry for rcu_fanout_leaf=16, nr_cpu_ids=8

[    0.000000] RCU Tasks: Setting shift to 3 and lim to 1 rcu_task_cb_adjust=1 rcu_task_cpu_ids=8.

[    0.000000] RCU Tasks Trace: Setting shift to 3 and lim to 1 rcu_task_cb_adjust=1 rcu_task_cpu_ids=8.

[    0.000000] NR_IRQS: 64, nr_irqs: 64, preallocated irqs: 0

[    0.000000] GICv3: 928 SPIs implemented

[    0.000000] GICv3: 0 Extended SPIs implemented

[    0.000000] GICv3: MBI range [832:959]

[    0.000000] GICv3: Using MBI frame 0x0000000017a10000

[    0.000000] Root IRQ handler: gic_handle_irq

[    0.000000] GICv3: GICv3 features: 16 PPIs

[    0.000000] GICv3: GICD_CTLR.DS=0, SCR_EL3.FIQ=1

[    0.000000] GICv3: CPU0: found redistributor 0 region 0:0x0000000017a60000

[    0.000000] ITS: No ITS available, not enabling LPIs

[    0.000000] rcu: srcu_init: Setting srcu_struct sizes based on contention.

[    0.000000] arch_timer: cp15 timer running at 19.20MHz (virt).

[    0.000000] clocksource: arch_sys_counter: mask: 0xffffffffffffff max_cycles: 0x46d987e47, max_idle_ns: 440795202767 ns

[    0.000000] sched_clock: 56 bits at 19MHz, resolution 52ns, wraps every 4398046511078ns

[    0.008779] kfence: initialized - using 2097152 bytes for 255 objects at 0x(____ptrval____)-0x(____ptrval____)

[    0.019199] Console: colour dummy device 80x25

[    0.023774] printk: legacy console [tty0] enabled

[    0.029319] Calibrating delay loop (skipped), value calculated using timer frequency.. 38.40 BogoMIPS (lpj=19200)

[    0.039867] pid_max: default: 32768 minimum: 301

[    0.044743] LSM: initializing lsm=capability,landlock,yama,selinux

[    0.051222] landlock: Up and running.

[    0.055005] Yama: becoming mindful.

[    0.058612] SELinux:  Initializing.

[    0.062684] Mount-cache hash table entries: 16384 (order: 5, 131072 bytes, linear)

[    0.070483] Mountpoint-cache hash table entries: 16384 (order: 5, 131072 bytes, linear)

[    0.080762] entering initcall level: early

[    0.084992] calling  cpu_suspend_init+0x0/0x5c @ 1

[    0.089939] initcall cpu_suspend_init+0x0/0x5c returned 0 after 0 usecs

[    0.096742] calling  prevent_bootmem_remove_init+0x0/0x64 @ 1

[    0.102666] initcall prevent_bootmem_remove_init+0x0/0x64 returned 0 after 0 usecs

[    0.110451] calling  asids_init+0x0/0xc0 @ 1

[    0.114862] initcall asids_init+0x0/0xc0 returned 0 after 0 usecs

[    0.121138] calling  xen_guest_init+0x0/0x404 @ 1

[    0.125993] initcall xen_guest_init+0x0/0x404 returned 0 after 0 usecs

[    0.132710] calling  spawn_ksoftirqd+0x0/0x74 @ 1

[    0.137624] initcall spawn_ksoftirqd+0x0/0x74 returned 0 after 0 usecs

[    0.144345] calling  init_signal_sysctls+0x0/0x64 @ 1

[    0.149557] initcall init_signal_sysctls+0x0/0x64 returned 0 after 0 usecs

[    0.156633] calling  init_umh_sysctls+0x0/0x3c @ 1

[    0.161573] initcall init_umh_sysctls+0x0/0x3c returned 0 after 0 usecs

[    0.168376] calling  kthreads_init+0x0/0x3c @ 1

[    0.173051] initcall kthreads_init+0x0/0x3c returned 0 after 0 usecs

[    0.179585] calling  migration_init+0x0/0x28 @ 1

[    0.184343] initcall migration_init+0x0/0x28 returned 0 after 0 usecs

[    0.190972] calling  printk_set_kthreads_ready+0x0/0x58 @ 1

[    0.196707] initcall printk_set_kthreads_ready+0x0/0x58 returned 0 after 0 usecs

[    0.204321] calling  srcu_bootup_announce+0x0/0x94 @ 1

[    0.209615] rcu: Hierarchical SRCU implementation.

[    0.214549] rcu: 	Max phase no-delay instances is 400.

[    0.219840] initcall srcu_bootup_announce+0x0/0x94 returned 0 after 2000 usecs

[    0.227267] calling  rcu_spawn_gp_kthread+0x0/0x28c @ 1

[    0.232861] initcall rcu_spawn_gp_kthread+0x0/0x28c returned 0 after 0 usecs

[    0.240130] calling  check_cpu_stall_init+0x0/0x34 @ 1

[    0.245426] initcall check_cpu_stall_init+0x0/0x34 returned 0 after 0 usecs

[    0.252586] calling  rcu_sysrq_init+0x0/0x40 @ 1

[    0.257340] initcall rcu_sysrq_init+0x0/0x40 returned 0 after 0 usecs

[    0.263973] calling  tmigr_init+0x0/0x19c @ 1

[    0.268478] Timer migration: 1 hierarchy levels; 8 children per group; 1 crossnode level

[    0.276806] initcall tmigr_init+0x0/0x19c returned 0 after 1000 usecs

[    0.283442] calling  insert_crashkernel_resources+0x0/0x8c @ 1

[    0.289449] initcall insert_crashkernel_resources+0x0/0x8c returned 0 after 0 usecs

[    0.297319] calling  cpu_stop_init+0x0/0xd8 @ 1

[    0.302046] initcall cpu_stop_init+0x0/0xd8 returned 0 after 0 usecs

[    0.308596] calling  init_kprobes+0x0/0x17c @ 1

[    0.313542] initcall init_kprobes+0x0/0x17c returned 0 after 0 usecs

[    0.320082] calling  irq_work_init_threads+0x0/0x8 @ 1

[    0.325376] initcall irq_work_init_threads+0x0/0x8 returned 0 after 0 usecs

[    0.332535] calling  jump_label_init_module+0x0/0x28 @ 1

[    0.338001] initcall jump_label_init_module+0x0/0x28 returned 0 after 0 usecs

[    0.345342] calling  init_zero_pfn+0x0/0x28 @ 1

[    0.350013] initcall init_zero_pfn+0x0/0x28 returned 0 after 0 usecs

[    0.356559] calling  init_fs_inode_sysctls+0x0/0x40 @ 1

[    0.361942] initcall init_fs_inode_sysctls+0x0/0x40 returned 0 after 0 usecs

[    0.369200] calling  init_fs_locks_sysctls+0x0/0x3c @ 1

[    0.374582] initcall init_fs_locks_sysctls+0x0/0x3c returned 0 after 0 usecs

[    0.381839] calling  init_fs_sysctls+0x0/0x3c @ 1

[    0.386693] initcall init_fs_sysctls+0x0/0x3c returned 0 after 0 usecs

[    0.393409] calling  init_security_keys_sysctls+0x0/0x3c @ 1

[    0.399238] initcall init_security_keys_sysctls+0x0/0x3c returned 0 after 0 usecs

[    0.406937] calling  dynamic_debug_init+0x0/0x2d8 @ 1

[    0.412547] initcall dynamic_debug_init+0x0/0x2d8 returned 0 after 0 usecs

[    0.419628] calling  its_fsl_mc_msi_init+0x0/0xb4 @ 1

[    0.425131] initcall its_fsl_mc_msi_init+0x0/0xb4 returned 0 after 0 usecs

[    0.432213] calling  cci_init+0x0/0x30 @ 1

[    0.436804] initcall cci_init+0x0/0x30 returned -19 after 0 usecs

[    0.443085] calling  brcmstb_soc_device_early_init+0x0/0xa8 @ 1

[    0.450135] initcall brcmstb_soc_device_early_init+0x0/0xa8 returned 0 after 0 usecs

[    0.458110] calling  brcmstb_biuctrl_init+0x0/0x4c8 @ 1

[    0.463634] initcall brcmstb_biuctrl_init+0x0/0x4c8 returned 0 after 0 usecs

[    0.470897] calling  renesas_soc_init+0x0/0x398 @ 1

[    0.475932] initcall renesas_soc_init+0x0/0x398 returned -19 after 0 usecs

[    0.483006] calling  tegra_init_fuse+0x0/0x20c @ 1

[    0.488981] initcall tegra_init_fuse+0x0/0x20c returned 0 after 1000 usecs

[    0.496057] calling  tegra_flowctrl_init+0x0/0x100 @ 1

[    0.501358] initcall tegra_flowctrl_init+0x0/0x100 returned 0 after 0 usecs

[    0.508516] calling  tegra_pmc_early_init+0x0/0x2a8 @ 1

[    0.514856] initcall tegra_pmc_early_init+0x0/0x2a8 returned 0 after 0 usecs

[    0.522118] calling  tegra186_ari_init+0x0/0x7c @ 1

[    0.527144] initcall tegra186_ari_init+0x0/0x7c returned 0 after 0 usecs

[    0.534045] calling  rcar_sysc_pd_init+0x0/0x434 @ 1

[    0.540298] initcall rcar_sysc_pd_init+0x0/0x434 returned -19 after 1000 usecs

[    0.547730] calling  unpopulated_init+0x0/0x70 @ 1

[    0.552670] initcall unpopulated_init+0x0/0x70 returned -19 after 0 usecs

[    0.559658] calling  efi_memreserve_root_init+0x0/0x54 @ 1

[    0.565315] initcall efi_memreserve_root_init+0x0/0x54 returned 0 after 0 usecs

[    0.572840] calling  arm_enable_runtime_services+0x0/0x2e0 @ 1

[    0.578851] Remapping and enabling EFI services.

[    0.583687] initcall arm_enable_runtime_services+0x0/0x2e0 returned 0 after 1000 usecs

[    0.591827] calling  efi_earlycon_remap_fb+0x0/0x7c @ 1

[    0.597208] initcall efi_earlycon_remap_fb+0x0/0x7c returned 0 after 0 usecs

[    0.604465] calling  dummy_timer_register+0x0/0x3c @ 1

[    0.609764] initcall dummy_timer_register+0x0/0x3c returned 0 after 0 usecs

[    0.617159] smp: Bringing up secondary CPUs ...

[    0.622489] Detected VIPT I-cache on CPU1

[    0.622639] GICv3: CPU1: found redistributor 100 region 0:0x0000000017a80000

[    0.622678] CPU1: Booted secondary processor 0x0000000100 [0x412fd050]

[    0.623320] Detected VIPT I-cache on CPU2

[    0.623436] GICv3: CPU2: found redistributor 200 region 0:0x0000000017aa0000

[    0.623459] CPU2: Booted secondary processor 0x0000000200 [0x412fd050]

[    0.623992] Detected VIPT I-cache on CPU3

[    0.624106] GICv3: CPU3: found redistributor 300 region 0:0x0000000017ac0000

[    0.624127] CPU3: Booted secondary processor 0x0000000300 [0x412fd050]

[    0.625215] CPU features: detected: Spectre-v4

[    0.625219] CPU features: detected: Spectre-BHB

[    0.625221] CPU features: detected: SSBS not fully self-synchronizing

[    0.625222] Detected PIPT I-cache on CPU4

[    0.625263] GICv3: CPU4: found redistributor 400 region 0:0x0000000017ae0000

[    0.625275] CPU4: Booted secondary processor 0x0000000400 [0x411fd411]

[    0.625828] Detected PIPT I-cache on CPU5

[    0.625872] GICv3: CPU5: found redistributor 500 region 0:0x0000000017b00000

[    0.625884] CPU5: Booted secondary processor 0x0000000500 [0x411fd411]

[    0.626439] Detected PIPT I-cache on CPU6

[    0.626482] GICv3: CPU6: found redistributor 600 region 0:0x0000000017b20000

[    0.626495] CPU6: Booted secondary processor 0x0000000600 [0x411fd411]

[    0.627090] Detected PIPT I-cache on CPU7

[    0.627129] GICv3: CPU7: found redistributor 700 region 0:0x0000000017b40000

[    0.627140] CPU7: Booted secondary processor 0x0000000700 [0x411fd411]

[    0.627194] smp: Brought up 1 node, 8 CPUs

[    0.773822] SMP: Total of 8 processors activated.

[    0.778671] CPU: All CPU(s) started at EL1

[    0.782903] CPU features: detected: 32-bit EL0 Support

[    0.788195] CPU features: detected: Data cache clean to the PoU not required for I/D coherence

[    0.797041] CPU features: detected: Common not Private translations

[    0.803485] CPU features: detected: CRC32 instructions

[    0.808775] CPU features: detected: Data cache clean to Point of Persistence

[    0.816020] CPU features: detected: RCpc load-acquire (LDAPR)

[    0.821936] CPU features: detected: LSE atomic instructions

[    0.827665] CPU features: detected: Privileged Access Never

[    0.833395] CPU features: detected: PMUv3

[    0.837521] CPU features: detected: RAS Extension Support

[    0.843084] CPU features: detected: Speculative Store Bypassing Safe (SSBS)

[    0.850299] alternatives: applying system-wide alternatives

[    0.859816] CPU features: detected: Hardware dirty bit management on CPU4-7

[    0.867320] Memory: 7702836K/8145356K available (19776K kernel code, 12414K rwdata, 16268K rodata, 14080K init, 3096K bss, 403620K reserved, 32768K cma-reserved)

[    0.883920] devtmpfs: initialized

[    0.892072] entering initcall level: pure

[    0.896223] calling  bpf_jit_charge_init+0x0/0x4c @ 1

[    0.901425] initcall bpf_jit_charge_init+0x0/0x4c returned 0 after 0 usecs

[    0.908483] calling  ipc_ns_init+0x0/0x68 @ 1

[    0.912982] initcall ipc_ns_init+0x0/0x68 returned 0 after 0 usecs

[    0.919330] calling  init_mmap_min_addr+0x0/0x5c @ 1

[    0.924449] initcall init_mmap_min_addr+0x0/0x5c returned 0 after 0 usecs

[    0.931424] calling  pci_realloc_setup_params+0x0/0x68 @ 1

[    0.937060] initcall pci_realloc_setup_params+0x0/0x68 returned 0 after 0 usecs

[    0.944568] calling  tegra194_cbb_init+0x0/0x28 @ 1

[    0.949587] initcall tegra194_cbb_init+0x0/0x28 returned 0 after 0 usecs

[    0.956471] calling  tegra234_cbb_init+0x0/0x28 @ 1

[    0.961482] initcall tegra234_cbb_init+0x0/0x28 returned 0 after 0 usecs

[    0.968369] calling  inet_frag_wq_init+0x0/0x54 @ 1

[    0.973505] initcall inet_frag_wq_init+0x0/0x54 returned 0 after 0 usecs

[    0.980465] entering initcall level: core

[    0.984582] calling  fpsimd_init+0x0/0xec @ 1

[    0.989066] initcall fpsimd_init+0x0/0xec returned 0 after 0 usecs

[    0.995409] calling  tagged_addr_init+0x0/0x3c @ 1

[    1.000341] initcall tagged_addr_init+0x0/0x3c returned 0 after 0 usecs

[    1.007138] calling  init_amu_fie+0x0/0x28 @ 1

[    1.011710] initcall init_amu_fie+0x0/0x28 returned 0 after 0 usecs

[    1.018143] calling  init_watchdog_freq_notifier+0x0/0x28 @ 1

[    1.024051] initcall init_watchdog_freq_notifier+0x0/0x28 returned 0 after 0 usecs

[    1.031819] calling  arm64_efi_rt_init+0x0/0xb8 @ 1

[    1.036839] initcall arm64_efi_rt_init+0x0/0xb8 returned 0 after 0 usecs

[    1.043724] calling  armv8_deprecated_init+0x0/0x1d0 @ 1

[    1.049201] initcall armv8_deprecated_init+0x0/0x1d0 returned 0 after 0 usecs

[    1.056527] calling  map_entry_trampoline+0x0/0x160 @ 1

[    1.061899] initcall map_entry_trampoline+0x0/0x160 returned 0 after 0 usecs

[    1.069142] calling  alloc_frozen_cpus+0x0/0x3c @ 1

[    1.074151] initcall alloc_frozen_cpus+0x0/0x3c returned 0 after 0 usecs

[    1.081034] calling  cpu_hotplug_pm_sync_init+0x0/0x2c @ 1

[    1.086668] initcall cpu_hotplug_pm_sync_init+0x0/0x2c returned 0 after 0 usecs

[    1.094175] calling  wq_sysfs_init+0x0/0x34 @ 1

[    1.098846] initcall wq_sysfs_init+0x0/0x34 returned 0 after 0 usecs

[    1.105366] calling  ksysfs_init+0x0/0xd0 @ 1

[    1.109854] initcall ksysfs_init+0x0/0xd0 returned 0 after 0 usecs

[    1.116197] calling  schedutil_gov_init+0x0/0x24 @ 1

[    1.121305] initcall schedutil_gov_init+0x0/0x24 returned 0 after 0 usecs

[    1.128275] calling  pm_init+0x0/0x90 @ 1

[    1.132420] initcall pm_init+0x0/0x90 returned 0 after 0 usecs

[    1.138412] calling  pm_disk_init+0x0/0x2c @ 1

[    1.142984] initcall pm_disk_init+0x0/0x2c returned 0 after 0 usecs

[    1.149415] calling  swsusp_header_init+0x0/0x40 @ 1

[    1.154512] initcall swsusp_header_init+0x0/0x40 returned 0 after 0 usecs

[    1.161481] calling  rcu_set_runtime_mode+0x0/0x2c @ 1

[    1.166763] initcall rcu_set_runtime_mode+0x0/0x2c returned 0 after 0 usecs

[    1.173906] calling  rcu_init_tasks_generic+0x0/0xe0 @ 1

[    1.179480] initcall rcu_init_tasks_generic+0x0/0xe0 returned 0 after 0 usecs

[    1.186810] calling  init_jiffies_clocksource+0x0/0x2c @ 1

[    1.192446] clocksource: jiffies: mask: 0xffffffff max_cycles: 0xffffffff, max_idle_ns: 1911260446275000 ns

[    1.202443] initcall init_jiffies_clocksource+0x0/0x2c returned 0 after 10000 usecs

[    1.210308] calling  posixtimer_init+0x0/0x12c @ 1

[    1.215245] posixtimers hash table entries: 4096 (order: 4, 65536 bytes, linear)

[    1.222843] initcall posixtimer_init+0x0/0x12c returned 0 after 7000 usecs

[    1.229901] calling  futex_init+0x0/0x1e0 @ 1

[    1.234395] futex hash table entries: 2048 (131072 bytes on 1 NUMA nodes, total 128 KiB, linear).

[    1.243498] initcall futex_init+0x0/0x1e0 returned 0 after 9000 usecs

[    1.250115] calling  cgroup_wq_init+0x0/0x8c @ 1

[    1.254866] initcall cgroup_wq_init+0x0/0x8c returned 0 after 0 usecs

[    1.261482] calling  cgroup1_wq_init+0x0/0x40 @ 1

[    1.266321] initcall cgroup1_wq_init+0x0/0x40 returned 0 after 0 usecs

[    1.273024] calling  cpu_pm_init+0x0/0x28 @ 1

[    1.277509] initcall cpu_pm_init+0x0/0x28 returned 0 after 0 usecs

[    1.283855] calling  bpf_offload_init+0x0/0x2c @ 1

[    1.288780] initcall bpf_offload_init+0x0/0x2c returned 0 after 0 usecs

[    1.295577] calling  cgroup_bpf_wq_init+0x0/0x48 @ 1

[    1.300688] initcall cgroup_bpf_wq_init+0x0/0x48 returned 0 after 0 usecs

[    1.307656] calling  init_events_core_sysctls+0x0/0x3c @ 1

[    1.313296] initcall init_events_core_sysctls+0x0/0x3c returned 0 after 0 usecs

[    1.320805] calling  init_callchain_sysctls+0x0/0x3c @ 1

[    1.326270] initcall init_callchain_sysctls+0x0/0x3c returned 0 after 0 usecs

[    1.333596] calling  memory_failure_init+0x0/0xd8 @ 1

[    1.338795] initcall memory_failure_init+0x0/0xd8 returned 0 after 0 usecs

[    1.345851] calling  cma_init_reserved_areas+0x0/0x330 @ 1

[    1.351579] initcall cma_init_reserved_areas+0x0/0x330 returned 0 after 0 usecs

[    1.359092] calling  balloon_init+0x0/0x28 @ 1

[    1.363662] initcall balloon_init+0x0/0x28 returned 0 after 0 usecs

[    1.370095] calling  execmem_late_init+0x0/0x1a8 @ 1

[    1.375201] 2G module region forced by RANDOMIZE_MODULE_REGION_FULL

[    1.381631] 0 pages in range for non-PLT usage

[    1.381632] 507808 pages in range for PLT usage

[    1.386202] initcall execmem_late_init+0x0/0x1a8 returned 0 after 11000 usecs

[    1.398180] calling  fsnotify_init+0x0/0x9c @ 1

[    1.402847] initcall fsnotify_init+0x0/0x9c returned 0 after 0 usecs

[    1.409378] calling  filelock_init+0x0/0x160 @ 1

[    1.414133] initcall filelock_init+0x0/0x160 returned 0 after 0 usecs

[    1.420751] calling  init_script_binfmt+0x0/0x2c @ 1

[    1.425859] initcall init_script_binfmt+0x0/0x2c returned 0 after 0 usecs

[    1.432827] calling  init_elf_binfmt+0x0/0x2c @ 1

[    1.437667] initcall init_elf_binfmt+0x0/0x2c returned 0 after 0 usecs

[    1.444367] calling  init_compat_elf_binfmt+0x0/0x2c @ 1

[    1.449819] initcall init_compat_elf_binfmt+0x0/0x2c returned 0 after 0 usecs

[    1.457146] calling  configfs_init+0x0/0xf8 @ 1

[    1.461808] initcall configfs_init+0x0/0xf8 returned 0 after 0 usecs

[    1.468329] calling  debugfs_init+0x0/0x128 @ 1

[    1.472988] initcall debugfs_init+0x0/0x128 returned 0 after 0 usecs

[    1.479518] calling  securityfs_init+0x0/0xc4 @ 1

[    1.484525] initcall securityfs_init+0x0/0xc4 returned 0 after 0 usecs

[    1.491227] calling  cci_platform_init+0x0/0x28 @ 1

[    1.496244] initcall cci_platform_init+0x0/0x28 returned 0 after 0 usecs

[    1.503129] calling  pinctrl_init+0x0/0xdc @ 1

[    1.507698] pinctrl core: initialized pinctrl subsystem

[    1.513091] initcall pinctrl_init+0x0/0xdc returned 0 after 6000 usecs

[    1.519794] calling  rzg2l_pinctrl_init+0x0/0x28 @ 1

[    1.524906] initcall rzg2l_pinctrl_init+0x0/0x28 returned 0 after 0 usecs

[    1.531877] calling  rzt2h_pinctrl_init+0x0/0x28 @ 1

[    1.536976] initcall rzt2h_pinctrl_init+0x0/0x28 returned 0 after 0 usecs

[    1.543946] calling  rzv2m_pinctrl_init+0x0/0x28 @ 1

[    1.549057] initcall rzv2m_pinctrl_init+0x0/0x28 returned 0 after 0 usecs

[    1.556028] calling  gpiolib_dev_init+0x0/0x1d4 @ 1

[    1.561045] initcall gpiolib_dev_init+0x0/0x1d4 returned 0 after 0 usecs

[    1.567932] calling  s500_clk_init+0x0/0x28 @ 1

[    1.572592] initcall s500_clk_init+0x0/0x28 returned 0 after 0 usecs

[    1.579122] calling  s700_clk_init+0x0/0x28 @ 1

[    1.583779] initcall s700_clk_init+0x0/0x28 returned 0 after 0 usecs

[    1.590298] calling  s900_clk_init+0x0/0x28 @ 1

[    1.594955] initcall s900_clk_init+0x0/0x28 returned 0 after 0 usecs

[    1.601474] calling  hi3516cv300_crg_init+0x0/0x28 @ 1

[    1.606759] initcall hi3516cv300_crg_init+0x0/0x28 returned 0 after 0 usecs

[    1.613913] calling  hi3519_clk_init+0x0/0x28 @ 1

[    1.618756] initcall hi3519_clk_init+0x0/0x28 returned 0 after 0 usecs

[    1.625457] calling  hi3559av100_crg_init+0x0/0x28 @ 1

[    1.630739] initcall hi3559av100_crg_init+0x0/0x28 returned 0 after 0 usecs

[    1.637882] calling  hi3660_clk_init+0x0/0x28 @ 1

[    1.642723] initcall hi3660_clk_init+0x0/0x28 returned 0 after 0 usecs

[    1.649422] calling  hi3670_clk_init+0x0/0x28 @ 1

[    1.654264] initcall hi3670_clk_init+0x0/0x28 returned 0 after 0 usecs

[    1.660964] calling  hi3798cv200_crg_init+0x0/0x28 @ 1

[    1.666248] initcall hi3798cv200_crg_init+0x0/0x28 returned 0 after 0 usecs

[    1.673391] calling  gcc_ipq5018_init+0x0/0x28 @ 1

[    1.678318] initcall gcc_ipq5018_init+0x0/0x28 returned 0 after 0 usecs

[    1.685104] calling  gcc_ipq5332_init+0x0/0x28 @ 1

[    1.690029] initcall gcc_ipq5332_init+0x0/0x28 returned 0 after 0 usecs

[    1.696826] calling  gcc_ipq5424_init+0x0/0x28 @ 1

[    1.701755] initcall gcc_ipq5424_init+0x0/0x28 returned 0 after 0 usecs

[    1.708554] calling  gcc_ipq6018_init+0x0/0x28 @ 1

[    1.713480] initcall gcc_ipq6018_init+0x0/0x28 returned 0 after 0 usecs

[    1.720265] calling  gcc_ipq8074_init+0x0/0x28 @ 1

[    1.725190] initcall gcc_ipq8074_init+0x0/0x28 returned 0 after 0 usecs

[    1.731987] calling  gcc_ipq9574_init+0x0/0x28 @ 1

[    1.736914] initcall gcc_ipq9574_init+0x0/0x28 returned 0 after 0 usecs

[    1.743712] calling  gcc_msm8916_init+0x0/0x28 @ 1

[    1.748638] initcall gcc_msm8916_init+0x0/0x28 returned 0 after 0 usecs

[    1.755425] calling  gcc_msm8994_init+0x0/0x28 @ 1

[    1.760350] initcall gcc_msm8994_init+0x0/0x28 returned 0 after 0 usecs

[    1.767136] calling  gcc_msm8996_init+0x0/0x28 @ 1

[    1.772062] initcall gcc_msm8996_init+0x0/0x28 returned 0 after 0 usecs

[    1.778859] calling  gcc_msm8998_init+0x0/0x28 @ 1

[    1.783784] initcall gcc_msm8998_init+0x0/0x28 returned 0 after 0 usecs

[    1.790573] calling  clk_rpmh_init+0x0/0x28 @ 1

[    1.795232] initcall clk_rpmh_init+0x0/0x28 returned 0 after 0 usecs

[    1.801764] calling  rpm_smd_clk_init+0x0/0x28 @ 1

[    1.806690] initcall rpm_smd_clk_init+0x0/0x28 returned 0 after 0 usecs

[    1.813488] calling  gcc_qcs404_init+0x0/0x28 @ 1

[    1.818331] initcall gcc_qcs404_init+0x0/0x28 returned 0 after 0 usecs

[    1.825031] calling  gcc_sa8775p_init+0x0/0x28 @ 1

[    1.829957] initcall gcc_sa8775p_init+0x0/0x28 returned 0 after 0 usecs

[    1.836743] calling  gcc_sc7180_init+0x0/0x28 @ 1

[    1.841583] initcall gcc_sc7180_init+0x0/0x28 returned 0 after 0 usecs

[    1.848283] calling  gcc_sc8180x_init+0x0/0x28 @ 1

[    1.853211] initcall gcc_sc8180x_init+0x0/0x28 returned 0 after 0 usecs

[    1.860009] calling  gcc_sdm845_init+0x0/0x28 @ 1

[    1.864850] initcall gcc_sdm845_init+0x0/0x28 returned 0 after 0 usecs

[    1.871550] calling  artpec8_cmu_init+0x0/0x28 @ 1

[    1.876477] initcall artpec8_cmu_init+0x0/0x28 returned 0 after 0 usecs

[    1.883274] calling  exynos5433_cmu_init+0x0/0x28 @ 1

[    1.888473] initcall exynos5433_cmu_init+0x0/0x28 returned 0 after 0 usecs

[    1.895531] calling  exynos2200_cmu_init+0x0/0x28 @ 1

[    1.900728] initcall exynos2200_cmu_init+0x0/0x28 returned 0 after 0 usecs

[    1.907787] calling  exynos7870_cmu_init+0x0/0x28 @ 1

[    1.912984] initcall exynos7870_cmu_init+0x0/0x28 returned 0 after 0 usecs

[    1.920044] calling  exynos7885_cmu_init+0x0/0x28 @ 1

[    1.925241] initcall exynos7885_cmu_init+0x0/0x28 returned 0 after 0 usecs

[    1.932299] calling  exynos850_cmu_init+0x0/0x28 @ 1

[    1.937398] initcall exynos850_cmu_init+0x0/0x28 returned 0 after 0 usecs

[    1.944367] calling  exynos8895_cmu_init+0x0/0x28 @ 1

[    1.949564] initcall exynos8895_cmu_init+0x0/0x28 returned 0 after 0 usecs

[    1.956623] calling  exynos990_cmu_init+0x0/0x28 @ 1

[    1.961733] initcall exynos990_cmu_init+0x0/0x28 returned 0 after 0 usecs

[    1.968703] calling  exynosautov9_cmu_init+0x0/0x28 @ 1

[    1.974071] initcall exynosautov9_cmu_init+0x0/0x28 returned 0 after 0 usecs

[    1.981312] calling  exynosautov920_cmu_init+0x0/0x28 @ 1

[    1.986864] initcall exynosautov920_cmu_init+0x0/0x28 returned 0 after 0 usecs

[    1.994276] calling  gs101_cmu_init+0x0/0x28 @ 1

[    1.999019] initcall gs101_cmu_init+0x0/0x28 returned 0 after 0 usecs

[    2.005636] calling  fsd_cmu_init+0x0/0x28 @ 1

[    2.010208] initcall fsd_cmu_init+0x0/0x28 returned 0 after 0 usecs

[    2.016640] calling  s10_clk_init+0x0/0x28 @ 1

[    2.021213] initcall s10_clk_init+0x0/0x28 returned 0 after 0 usecs

[    2.027644] calling  agilex_clk_init+0x0/0x28 @ 1

[    2.032486] initcall agilex_clk_init+0x0/0x28 returned 0 after 0 usecs

[    2.039189] calling  stm32mp21_clocks_init+0x0/0x28 @ 1

[    2.044557] initcall stm32mp21_clocks_init+0x0/0x28 returned 0 after 0 usecs

[    2.051800] calling  stm32mp25_clocks_init+0x0/0x28 @ 1

[    2.057170] initcall stm32mp25_clocks_init+0x0/0x28 returned 0 after 0 usecs

