S - Format: Log Type - Time(microsec) - Message - Optional Info

S - Log Type: B - Since Boot(Power On Reset),  D - Delta,  S - Statistic

S - QC_IMAGE_VERSION_STRING=BOOT.MXF.1.0.1-00549-KODIAKWP-1

S - IMAGE_VARIANT_STRING=SocKodiakWP

S - OEM_IMAGE_VERSION_STRING=wa-lxc

S - Boot Interface: SPI

S - Secure Boot: Off

S - Boot Config @ 0x00786070 = 0x000000c9

S - JTAG ID @ 0x00786130 = 0x001980e1

S - OEM ID @ 0x00786138 = 0x00000000

S - Serial Number @ 0x00786134 = 0x8dbddd5e

S - OEM Config Row 0 @ 0x007841c0 = 0x0000000000000000

S - OEM Config Row 1 @ 0x007841c8 = 0x0000000000000000

S - Feature Config Row 0 @ 0x00784148 = 0x0000000000000000

S - Feature Config Row 1 @ 0x00784150 = 0x0000000000000000

S - Core 0 Frequency, 1516 MHz

S - PBL Patch Ver: 1

D -      6614 - pbl_apps_init_timestamp

D -      3433 - bootable_media_detect_timestamp

D -       811 - bl_elf_metadata_loading_timestamp

D -       703 - bl_hash_seg_auth_timestamp

D -     26497 - bl_elf_loadable_segment_loading_timestamp

D -      4620 - bl_elf_segs_hash_verify_timestamp

D -     17362 - bl_sec_hash_seg_auth_timestamp

D -       824 - bl_sec_segs_hash_verify_timestamp

D -        30 - pbl_populate_shared_data_and_exit_timestamp

S -     60894 - PBL, End

B -     68472 - SBL1, Start

B -    194498 - SBL1 BUILD @ 21:01:04 on Jan 20 2026

B -    198585 - usb: eud_serial_upd , 0x8dbddd5e

D -    201849 - sbl1_hw_init

D -     10675 - boot_media_init

D -        31 - smss_load_cancel

B -    219813 - SMSS -  Image Load, Start

D -      2989 - SMSS -  Image Loaded, Delta - (0 Bytes)

D -       885 - Auth Metadata

D -      5917 - sbl1_xblconfig_init

B -    234301 - XBL Config -  Image Load, Start

D -        30 - shrm_load_cancel

B -    241834 - SHRM -  Image Load, Start

D -       549 - Auth Metadata

D -      1220 - Segments hash check

D -     12109 - SHRM -  Image Loaded, Delta - (39616 Bytes)

D -        30 - boot_default_cdt_init

D -       366 - boot_cdt_init

B -    265960 - CDT -  Image Load, Start

B -    268705 - CDT Version:3,Platform ID:32,Major ID:1,Minor ID:0,Subtype:7

D -     16287 - sbl1_hw_platform_pre_ddr

D -         0 - devcfg init

B -    294294 - PMIC A:2.0 B:1.0 C:2.2 I:1.0

B -    296033 - PM: PM8 0x4

B -    298351 - PM: xVdd reset

B -    300913 - PM: PON by PWR key DEB

B -    556899 - PM: SET_VAL:Skip

B -    558455 - PM: PSI: b0x06_v0x3f

B -    562511 - PM: Device Init # SPMI Transn: 15424

D -    278373 - pm_device_init, Delta

B -    568184 - pm_driver_init, Start

B -    579378 - PM: Driver Init # SPMI Transn: 504

D -      7747 - pm_driver_init, Delta

B -    584258 - PM: damsink err_flag = 0x0

B -    587552 - PM: dam aicl err_flag = 0x0

B -    592279 - PM: Battery ID: 10048Ohm

B -    595482 - PM: debug board connected

B -    599233 - vsense_init, Start

D -         0 - vsense_init, Delta

D -    322049 - sbl1_hw_pre_ddr_init

D -        30 - boot_dload_handle_forced_dload_timeout

D -      2989 - sbl1_load_ddr_training_data

B -    617930 - Pre_DDR_clock_init, Start

D -       213 - Pre_DDR_clock_init, Delta

D -     12901 - sbl1_ddr_set_params

B -    629642 - sbl1_ddr_init, Start

B -    633058 - LP5 DDR detected

D -     15769 - sbl1_ddr_init, Delta

B -    648796 - DSF version = 262.0.47

B -    652151 - Manufacturer ID = 13, Device Type = 8

B -    655750 - Rank 0 size = 4096 MB, Rank 1 size = 4096 MB

D -     31232 - sbl1_ddr_init

D -         0 - boot_pre_ddi_entry

B -    668956 - do_ddr_training, Start

B -    710131 - DDR: Start of DDR Training Restore

B -    713761 - Current DDR Freq = 2096 MHz

B -    714798 - Max enabled DDR Freq = 2736 MHz

B -    718824 - DDR: End of DDR Training Restore

D -     51057 - do_ddr_training, Delta

D -     58865 - sbl1_do_ddr_training

D -       732 - boot_ddi_entry

B -    734653 - Pimem init cmd, entry

D -      9211 - Pimem init cmd, exit

B -    747158 - External heap init, Start

B -    750147 - External heap init, End

D -     23241 - sbl1_post_ddr_init

D -       122 - sbl1_hw_init_secondary

B -    761127 - DDR -  Image Load, Start

B -    764909 - usb: emmc_parti_unavail

B -    768447 - usb: sdc_parti_unavail

B -    772138 - usb: Serial - 8dbddd5e

B -    775737 - usb: fedl, vbus_low

D -     14549 - boot_fedl_check

B -    782599 - APDP -  Image Load, Start

D -      3203 - APDP -  Image Loaded, Delta - (64 Bytes)

D -         0 - boot_dload_dump_security_regions

D -         0 - ramdump_load_cancel

B -    799039 - RamDump -  Image Load, Start

D -      3294 - RamDump -  Image Loaded, Delta - (0 Bytes)

D -        31 - boot_update_abnormal_reset_status

D -         0 - boot_cache_set_memory_barrier

D -         0 - boot_smem_debug_init

D -       579 - boot_smem_init

D -        31 - boot_smem_alloc_for_minidump

D -        61 - boot_smem_store_pon_status

D -        30 - sbl1_hw_platform_smem

D -        92 - boot_ddr_share_data_to_aop

D -       488 - boot_clock_init_rpm

D -         0 - boot_vsense_copy_to_smem

D -        31 - boot_populate_ram_partition_table

D -         0 - boot_populate_ddr_details_shared_table

D -         0 - sbl1_tlmm_init

D -         0 - sbl1_efs_handle_cookies

B -    861808 - OEM_MISC -  Image Load, Start

D -       762 - Auth Metadata

D -       244 - Segments hash check

D -     10644 - OEM_MISC -  Image Loaded, Delta - (7512 Bytes)

B -    875777 - QTI_MISC -  Image Load, Start

D -      5703 - QTI_MISC -  Image Loaded, Delta - (0 Bytes)

B -    890996 - PM: PM Total Mem Allocated: 2340 

D -      5429 - sbl1_pm_aop_pre_init_wrapper

B -    895663 - AOP -  Image Load, Start

D -       701 - Auth Metadata

D -      1586 - Segments hash check

D -     18361 - AOP -  Image Loaded, Delta - (203304 Bytes)

B -    917348 - QSEE Dev Config -  Image Load, Start

D -       579 - Auth Metadata

D -       458 - Segments hash check

D -     13054 - QSEE Dev Config -  Image Loaded, Delta - (41144 Bytes)

B -    939400 - QSEE -  Image Load, Start

D -     17720 - Auth Metadata

D -     21990 - Segments hash check

D -    230214 - QSEE -  Image Loaded, Delta - (3734195 Bytes)

D -        30 - sbl1_hw_play_vibr

B -   1178550 - SEC -  Image Load, Start

D -      3355 - SEC -  Image Loaded, Delta - (64 Bytes)

B -   1185443 - CPUCPFW -  Image Load, Start

D -     17019 - Auth Metadata

D -     17659 - Segments hash check

D -     52796 - CPUCPFW -  Image Loaded, Delta - (171300 Bytes)

B -   1247267 - QHEE -  Image Load, Start

D -     17293 - Auth Metadata

D -      5215 - Segments hash check

D -     41144 - QHEE -  Image Loaded, Delta - (432112 Bytes)

B -   1291736 - APPSBL -  Image Load, Start

D -       763 - Auth Metadata

D -     15524 - Segments hash check

D -    170800 - APPSBL -  Image Loaded, Delta - (3620864 Bytes)

D -         0 - sbl1_save_appsbl_index

B -   1471747 - SBL1, End

D -   1406752 - SBL1, Delta

S - Flash Throughput, 23235 KB/s  (8411417 Bytes,  362920 us)

S - DDR Frequency, 1555 MHz

?S - Format: Log Type - Time(microsec) - Message - Optional Info

S - Log Type: B - Since Boot(Power On Reset),  D - Delta,  S - Statistic

S - QC_IMAGE_VERSION_STRING=BOOT.MXF.1.0.1-00549-KODIAKWP-1

S - IMAGE_VARIANT_STRING=SocKodiakWP

S - OEM_IMAGE_VERSION_STRING=wa-lxc

S - Boot Interface: SPI

S - Secure Boot: Off

S - Boot Config @ 0x00786070 = 0x000000c9

S - JTAG ID @ 0x00786130 = 0x001980e1

S - OEM ID @ 0x00786138 = 0x00000000

S - Serial Number @ 0x00786134 = 0x8dbddd5e

S - OEM Config Row 0 @ 0x007841c0 = 0x0000000000000000

S - OEM Config Row 1 @ 0x007841c8 = 0x0000000000000000

S - Feature Config Row 0 @ 0x00784148 = 0x0000000000000000

S - Feature Config Row 1 @ 0x00784150 = 0x0000000000000000

S - Core 0 Frequency, 1516 MHz

S - PBL Patch Ver: 1

D -      6613 - pbl_apps_init_timestamp

D -      3433 - bootable_media_detect_timestamp

D -       811 - bl_elf_metadata_loading_timestamp

D -       703 - bl_hash_seg_auth_timestamp

D -     26497 - bl_elf_loadable_segment_loading_timestamp

D -      4619 - bl_elf_segs_hash_verify_timestamp

D -     17364 - bl_sec_hash_seg_auth_timestamp

D -       824 - bl_sec_segs_hash_verify_timestamp

D -        30 - pbl_populate_shared_data_and_exit_timestamp

S -     60894 - PBL, End

B -     69692 - SBL1, Start

B -    197823 - SBL1 BUILD @ 21:01:04 on Jan 20 2026

B -    201940 - usb: eud_serial_upd , 0x8dbddd5e

D -    205295 - sbl1_hw_init

D -     10828 - boot_media_init

D -         0 - smss_load_cancel

B -    223565 - SMSS -  Image Load, Start

D -      3050 - SMSS -  Image Loaded, Delta - (0 Bytes)

D -       946 - Auth Metadata

D -      6039 - sbl1_xblconfig_init

B -    238327 - XBL Config -  Image Load, Start

D -        30 - shrm_load_cancel

B -    246013 - SHRM -  Image Load, Start

D -       549 - Auth Metadata

D -      1220 - Segments hash check

D -     12291 - SHRM -  Image Loaded, Delta - (39616 Bytes)

D -         0 - boot_default_cdt_init

D -       366 - boot_cdt_init

B -    270535 - CDT -  Image Load, Start

B -    273310 - CDT Version:3,Platform ID:32,Major ID:1,Minor ID:0,Subtype:7

D -     16562 - sbl1_hw_platform_pre_ddr

D -         0 - devcfg init

B -    299357 - PMIC A:2.0 B:1.0 C:2.2 I:1.0

B -    301096 - PM: Reset by PSHOLD

B -    303475 - PM: Reset Type: Hard Reset

B -    558607 - PM: SET_VAL:Skip

B -    560163 - PM: PSI: b0x06_v0x3f

B -    564219 - PM: Device Init # SPMI Transn: 15297

D -    275171 - pm_device_init, Delta

B -    569892 - pm_driver_init, Start

B -    581086 - PM: Driver Init # SPMI Transn: 504

D -      7716 - pm_driver_init, Delta

B -    585966 - PM: damsink err_flag = 0x0

B -    589260 - PM: dam aicl err_flag = 0x0

B -    593987 - PM: Battery ID: 10046Ohm

B -    597190 - PM: debug board connected

B -    600941 - vsense_init, Start

D -         0 - vsense_init, Delta

D -    318847 - sbl1_hw_pre_ddr_init

D -         0 - boot_dload_handle_forced_dload_timeout

D -      2959 - sbl1_load_ddr_training_data

B -    619638 - Pre_DDR_clock_init, Start

D -       213 - Pre_DDR_clock_init, Delta

D -     12901 - sbl1_ddr_set_params

B -    631350 - sbl1_ddr_init, Start

B -    634766 - LP5 DDR detected

D -     15769 - sbl1_ddr_init, Delta

B -    650504 - DSF version = 262.0.47

B -    653859 - Manufacturer ID = 13, Device Type = 8

B -    657458 - Rank 0 size = 4096 MB, Rank 1 size = 4096 MB

D -     31232 - sbl1_ddr_init

D -         0 - boot_pre_ddi_entry

B -    670664 - do_ddr_training, Start

B -    711839 - DDR: Start of DDR Training Restore

B -    715469 - Current DDR Freq = 2096 MHz

B -    716506 - Max enabled DDR Freq = 2736 MHz

B -    720532 - DDR: End of DDR Training Restore

D -     51057 - do_ddr_training, Delta

D -     58865 - sbl1_do_ddr_training

D -       732 - boot_ddi_entry

B -    736361 - Pimem init cmd, entry

D -      9181 - Pimem init cmd, exit

B -    748866 - External heap init, Start

B -    751855 - External heap init, End

D -     23211 - sbl1_post_ddr_init

D -        92 - sbl1_hw_init_secondary

B -    762835 - DDR -  Image Load, Start

B -    766587 - usb: emmc_parti_unavail

B -    770155 - usb: sdc_parti_unavail

B -    773815 - usb: Serial - 8dbddd5e

B -    777445 - usb: fedl, vbus_low

D -     14549 - boot_fedl_check

B -    784277 - APDP -  Image Load, Start

D -      3233 - APDP -  Image Loaded, Delta - (64 Bytes)

D -         0 - boot_dload_dump_security_regions

D -        31 - ramdump_load_cancel

B -    800747 - RamDump -  Image Load, Start

D -      3294 - RamDump -  Image Loaded, Delta - (0 Bytes)

D -        31 - boot_update_abnormal_reset_status

D -         0 - boot_cache_set_memory_barrier

D -         0 - boot_smem_debug_init

D -       579 - boot_smem_init

D -        31 - boot_smem_alloc_for_minidump

D -        92 - boot_smem_store_pon_status

D -        30 - sbl1_hw_platform_smem

D -        92 - boot_ddr_share_data_to_aop

D -       488 - boot_clock_init_rpm

D -        30 - boot_vsense_copy_to_smem

D -        31 - boot_populate_ram_partition_table

D -        30 - boot_populate_ddr_details_shared_table

D -         0 - sbl1_tlmm_init

D -        31 - sbl1_efs_handle_cookies

B -    863516 - OEM_MISC -  Image Load, Start

D -       823 - Auth Metadata

D -       244 - Segments hash check

D -     10644 - OEM_MISC -  Image Loaded, Delta - (7512 Bytes)

B -    877454 - QTI_MISC -  Image Load, Start

D -      5704 - QTI_MISC -  Image Loaded, Delta - (0 Bytes)

B -    892704 - PM: PM Total Mem Allocated: 2340 

D -      5459 - sbl1_pm_aop_pre_init_wrapper

B -    897371 - AOP -  Image Load, Start

D -       701 - Auth Metadata

D -      1586 - Segments hash check

D -     18361 - AOP -  Image Loaded, Delta - (203304 Bytes)

B -    919056 - QSEE Dev Config -  Image Load, Start

D -       671 - Auth Metadata

D -       488 - Segments hash check

D -     13024 - QSEE Dev Config -  Image Loaded, Delta - (41144 Bytes)

B -    941108 - QSEE -  Image Load, Start

D -     17660 - Auth Metadata

D -     22143 - Segments hash check

D -    230305 - QSEE -  Image Loaded, Delta - (3734195 Bytes)

D -         0 - sbl1_hw_play_vibr

B -   1180350 - SEC -  Image Load, Start

D -      3355 - SEC -  Image Loaded, Delta - (64 Bytes)

B -   1187243 - CPUCPFW -  Image Load, Start

D -     17019 - Auth Metadata

D -     17568 - Segments hash check

D -     52734 - CPUCPFW -  Image Loaded, Delta - (171300 Bytes)

B -   1249005 - QHEE -  Image Load, Start

D -     17324 - Auth Metadata

D -      5215 - Segments hash check

D -     41206 - QHEE -  Image Loaded, Delta - (432112 Bytes)

B -   1293535 - APPSBL -  Image Load, Start

D -       824 - Auth Metadata

D -     15494 - Segments hash check

D -    170769 - APPSBL -  Image Loaded, Delta - (3620864 Bytes)

D -         0 - sbl1_save_appsbl_index

B -   1473516 - SBL1, End

D -   1407301 - SBL1, Delta

S - Flash Throughput, 23235 KB/s  (8411417 Bytes,  362830 us)

S - DDR Frequency, 1555 MHz





UEFI Start     [ 1684]

 - 0x09F001000 [ 1687] Sec.efi

ASLR        : OFF [WARNING]

DEP         : ON (RTB)

Timer Delta : +1 mS

RAM Entry 0 : Base 0x0080000000  Size 0x003B600000

RAM Entry 1 : Base 0x0180000000  Size 0x0100000000

RAM Entry 2 : Base 0x00C0000000  Size 0x00C0000000

Total Available RAM : 8118 MB (0x01FB600000)

Total Installed RAM : 8192 MB (0x0200000000)

Init 7 aux cores of 7

Init CPU core 1

Init CPU core 2

Init CPU core 3

Init CPU core 4

Init CPU core 5

Init CPU core 6

Init CPU core 7

  > Scheduler up on Core 1

Continue booting UEFI on Core 0

  > Scheduler up on Core 2

  > Scheduler up on Core 3

UEFI Ver    : 6.0.260120.BOOT.MXF.1.0.1-00549-KODIAKWP-1

Build Info  : 64b Jan 20 2026 21:01:25

Boot Device : NVME

PROD Mode   : TRUE

Retail      : TRUE

  > Scheduler up on Core 6

  > Scheduler up on Core 5

  > Scheduler up on Core 4

  > Scheduler up on Core 7

tz_armv8_smc_call failed, TzStatus = 0xFFFFFFFE,  SmcId = 0x32000403  

QseeResponse->result = 0xFFFFFF0F

Status = 0x7

Scm command failed to get RPMB provisioning State, Status: 0x00000007

TpmType returned from TZ (LoadApps.c)= 0x6654504D. 

tz_armv8_smc_call failed, TzStatus = 0xFFFFFFFE,  SmcId = 0x32000109  

QseeResponse->result = 0xFFFFFFFF

Status = 0x7

ActivateTzEmbeddedSecureImage Failed

tz_armv8_smc_call failed, TzStatus = 0xFFFFFFFE,  SmcId = 0x32000109  

QseeResponse->result = 0xFFFFFFFF

Status = 0x7

ActivateTzEmbeddedSecureImage Failed

Card Detection FAILED! Handle 0, Slot 0

eMMC module not found

HW Wdog Setting from PCD : Disabled

UFS GPIO7 value is 1

Skipping UFS initialization

PM0: 47, PM1: 63, PM2: 49, PM8: 46, 

Module cannot re-initialize DAL module environment

QcomChargerDxe:: QcomChargerInitialize Unsupported platform or PMIC. 

UsbConfigInit: Device isSku1Variant: 0

UsbConfigInit: SchgPmicInfo.PmicIndex =  (0x8)

UsbStartController: Starting Core 0 in mode: 1

SSUsbSetPhyMode: MuxValue:3, CCOutStatus:1

SSUsbSetPhyMode: CoreNum:0, MuxValue:3, CCOutStatus:1

UsbStartController: Starting Core 1 in mode: 1

UsbEnumeratePort: new device connected at port 0, HubIfc =0xFA9D8C18 

DisplayDxe: External Panel Mode#0 1024x600 59Hz selected.

Device booted from NVME/SPI_NORUsbEnumNewDevRootHub: HIGH on port 0

 UsbEnumNewDevRootHub: vid = 0x1A40 pid = 0x0101, Addr = 1

TpmCmdMaxSize  4096  TpmRspMaxSize  4096  

TpmManufacturerID  0x4D4F4351  

TpmHashAlgoBitmap  0x7  TpmActivePcrBanks 0x2 

ActivePcrBanks     0x2 

IndexArray 0x1  0xFF  0xFF 



UpdateMemoryArrayInfoTable: DDR Details: Manufacturer ID: 19, Device Type: 8, Num Channels: 2

tz_armv8_smc_call failed, TzStatus = 0xFFFFFFFE,  SmcId = 0x32000401  

QseeResponse->result = 0xFFFFFF03

Status = 0x7

UsbEnumeratePort: new device connected at port 1, HubIfc =0xFA9BEC98 

RpmbAutoProvisionMain: RPMB is already provisioned.

PCIE Port 0 Configuration Found! 

PCIE Port 1 Configuration Found! 

PCIe enum (0x3) start : 3630

Training start : 3659

Wait for link up start : 3679

PCIe Link up on port 0

UsbEnumNewDevHub: FULL on port 1

UsbSelectConfig: failed to connect driver Not Found, ignored

UsbEnumeratePort: new device connected at port 3, HubIfc =0xFA9BEC98 

Link up Failed..!! PCIe1, PARF_LTSSM: 0x0 

Training complete : 3930

Port 0 : x1, Gen 1

PCIe Links ready : 3931

PCIe Links setup in 301 ms

[EC] [FmpDeviceInit 1209] EC device is not initialized, Platform is 6490_IOT_industrial_kit or Dragon_Q6A

[EC] [FmpDeviceGetImageTypeIdGuidPtr 226] EC device is not active, returning Unsupported

[EC] [FmpDeviceGetVersion 563] EC device is not active, returning Unsupported

[EC] [FmpDeviceGetVersion 563] EC device is not active, returning Unsupported

[EC] [FmpDeviceGetLowestSupportedVersion 352] EC device is not yet initialized!

[KB] [I2CKeyboardEntryPoint 1882] - Unsupported platform type  32

 Could not find the Reset Data region .

UsbEnumNewDevHub: HIGH on port 3

UsbSelectConfig: failed to connect driver Not Found, ignored

[=3h[2J[0m[35m[40m ConnectConsoles Delta : 53554 micro sec

WaitParallelThreads InIt [ 4022] 

UEFI Ver           : 6.0.260120.BOOT.MXF.1.0.1-00549-KODIAKWP-1

Platform           : IOT

SKUVersion         : 32

Subtype            : 7

Boot Device        : NVME

Chip Name          : QCS6490

Chip Ver           : 1.0

Chip Num           : 0x8DBDDD5E

Chip ECID          : 0x042F8DBDDD5E

-----------------------------

 PlatformBdsPostConsoleInit Delta : 2346 micro sec

Continuing with BDS initialization

[QcomBds] No default boot app specified

 PlatformSecurityInit Delta : 383 micro sec

Block IO handles of partition /'C12A7328-F81F-11D2-BA4B-00A0C93EC93B/' not found

Failed to get block size of EFI partition. Status: Not Found

InitStoragePointersForCapsuleRawFile returned - Not Found!

InitCapsuleStoragePointers returned - Not Found.

DoCapsuleUpdate Delta : 1732 micro sec

ACPI: Loaded 1 tables

AML: AmlUpdateSjtg FEATURE_ID buffer is 0

AML: AmlUpdateSjtg JTAG_ID buffer is 1671393

Attempting to start: Firmware provisioning

: DppProtocol->GetDPP returned Not Found

 HandleMorPpi delta: 1

Platform Init End : 4040

-----------------------------

 PlatBdsSocPostProc Delta : 14532 micro sec

WARNING: TPM2 Event log has HashAlg unsupported by PCR bank (0x4)

WARNING: TPM2 Event log has HashAlg unsupported by PCR bank (0xC)

Get Smbios ---, Status = (0x800000000000000E)

GetEmmcHandle failed, Status = 0x0

 PlatBdsPostFwConfigSec Delta : 10403 micro sec

 Entered MeasurePeImg...

/local/mnt/workspace/CRMBuilds/BOOT.MXF.1.0.1-00549-KODIAKWP-1_20250921_095415/b/boot_images/boot/QcomPkg/Drivers/TrEEDxe/TrEEDxe.c..HashLogExtendEvent:480 Failed! input = 0x2  

/local/mnt/workspace/CRMBuilds/BOOT.MXF.1.0.1-00549-KODIAKWP-1_20250921_095415/b/boot_images/boot/QcomPkg/Drivers/MeasureBootDxe/MeasureBootDxe.c..HashExtendLogTreeEvent: 319 Failed! input = 0x1  

/local/mnt/workspace/CRMBuilds/BOOT.MXF.1.0.1-00549-KODIAKWP-1_20250921_095415/b/boot_images/boot/QcomPkg/Drivers/MeasureBootDxe/MeasureBootDxe.c..MeasurePeImgAll: 1290 Failed! input = 0x1  

/local/mnt/workspace/CRMBuilds/BOOT.MXF.1.0.1-00549-KODIAKWP-1_20250921_095415/b/boot_images/boot/QcomPkg/Drivers/MeasureBootDxe/MeasureBootDxe.c..MeasureBootVariables:782 Failed! input = 0xE  

/local/mnt/workspace/CRMBuilds/BOOT.MXF.1.0.1-00549-KODIAKWP-1_20250921_095415/b/boot_images/boot/QcomPkg/Drivers/MeasureBootDxe/MeasureBootDxe.c..MeasurePeImgAll: 1293 Failed! input = 0x1  

Press F2 to enter Setup, F5 to enter UEFI Shell, F12 to enter Boot menu

Auto boot in 5 seconds

Auto boot in 4 seconds

Auto boot in 3 seconds

Auto boot in 2 seconds

Auto boot in 1 seconds

UEFI Total : 7791 ms

POST Time      [ 9475] OS Loader

[QcomBds] Could not find bootable handle

UEFI Total : 8183 ms

POST Time      [ 9867] OS Loader

[QcomBds] Could not find bootable handle

[QcomBds] Boot Device Order:

[QcomBds]   [0]: USB

[QcomBds]   [1]: SD

[QcomBds]   [2]: NVMe

[QcomBds]   [3]: eMMC

[QcomBds]   [4]: UFS

[QcomBds] Trying device 0: USB

[QcomBds] Trying device 1: SD

UEFI Total : 10695 ms

POST Time      [12379] OS Loader

 Entered MeasurePeImg...

/local/mnt/workspace/CRMBuilds/BOOT.MXF.1.0.1-00549-KODIAKWP-1_20250921_095415/b/boot_images/boot/QcomPkg/Drivers/TrEEDxe/TrEEDxe.c..HashLogExtendEvent:480 Failed! input = 0x2  

/local/mnt/workspace/CRMBuilds/BOOT.MXF.1.0.1-00549-KODIAKWP-1_20250921_095415/b/boot_images/boot/QcomPkg/Drivers/MeasureBootDxe/MeasureBootDxe.c..HashExtendLogTreeEvent: 319 Failed! input = 0x1  

/local/mnt/workspace/CRMBuilds/BOOT.MXF.1.0.1-00549-KODIAKWP-1_20250921_095415/b/boot_images/boot/QcomPkg/Drivers/MeasureBootDxe/MeasureBootDxe.c..MeasurePeImgAll: 1290 Failed! input = 0x1  

[0m[37m[40m[INFO] efi_main: embloader (Embedded Bootloader) version 0.4.r1.9f8e74b

[DEBUG] efi_main: function efi_main at 0xf0383678

[WARNING] find_embloader_folder: embloader folder not found

[DEBUG] efi_main: Final configuration:

[DEBUG] config: {}

[INFO] efi_main: parsing smbios

[WARNING] efi_main: no matched device found in config

[INFO] sdboot_boot_load_menu: loading systemd-boot menu

[INFO] sdboot_check_fs: Found systemd-boot folder in VenHw(D1531D41-3F80-4091-8D0A-541F59236D66)/HD(

1,GPT,BBECDE34-28D7-4858-8B73-F51B5DF6A847,0x800,0x80000)

[INFO] sdboot_boot_load_file: loading sdboot boot config from file /loader/loader.conf

[INFO] sdboot_boot_load_file: loading sdboot boot config from file android.conf

[DEBUG] sdboot_boot_load_file: created sdboot loader android

[DEBUG] sdboot_boot_load_root: use timeout value 5 from sdboot config

[DEBUG] sdboot_boot_load_root: found default entry android.conf in sdboot config

[DEBUG] sdboot_boot_load_root: use default entry android.conf from sdboot config

[INFO] sdboot_boot_load_menu: loaded systemd-boot menu from current device

[Warn]	(0.000, +0)	 lv_uefi_simple_pointer_indev_add_handle: [lv_uefi] The SIMPLE_POINTER inter

face is not valid. lv_uefi_indev_pointer.c:124



Embedded Boot Loader GUI Menu Serial Alternative

[INFO] embloader_gui_menu_start: lvgl gui menu started

[WARNING] load_xml_from: failed to read XML file menu-main.xml for menu-main: Invalid Parameter

[WARNING] filter_supports: disabled for Qualcomm UEFI

[WARNING] embloader_tui_menu_start: this platform have bad console, skip TUI menu



========================================

= Embedded Bootloader menu

========================================

  1. Android 13 ??? Dragon Q6A

  2. Reboot Into Firmware Interface

========================================

Menu timeout: 5 seconds

Default option: (1) Android 13 ??? Dragon Q6A

Select an option (1-2) or press Enter to boot default: 

Timeout

Booting default option (1) Android 13 ??? Dragon Q6A



[INFO] embloader_loader_boot: booting Android 13 ??? Dragon Q6A (android) ...

[INFO] embloader_loader_boot_sdboot: booting sdboot loader Android 13 ??? Dragon Q6A ...

[INFO] linux_load_kernel: loading kernel /Android/Image

[INFO] linux_load_kernel: loaded kernel /Android/Image size 61.25MiB (64223744 bytes)

[INFO] linux_load_kernel: kernel /Android/Image at 0xf6374000 with 15680 pages

[INFO] linux_load_initramfs: loading initramfs /Android/ramdisk.img

[INFO] linux_load_initramfs: loaded initramfs /Android/ramdisk.img size 14.43MiB (15129374 bytes)

[INFO] linux_load_initramfs: loaded 1 initramfs size 14.43MiB (15129374 bytes)

[INFO] linux_load_initramfs: initramfs collections (1) at 0xef0b5000 with 3694 pages

[INFO] linux_load_bootargs: loaded bootargs console=tty0 console=ttyMSM0,115200n8 earlycon=qcom_geni

,0x00994000 fbcon=nodefer video=efifb:keep video=HDMI-A-1:1024x600@60e video=DP-1:1024x600@60e video

=DP-2:1024x600@60e keep_bootcon ignore_loglevel loglevel=8 initcall_debug modprobe.blacklist=msm pan

ic=10 coherent_pool=2M firmware_class.path=/vendor/firmware irqchip.gicv3_pseudo_nmi=0 psi=1 selinux

=1 androidboot.force_normal_boot=1 androidboot.slot_suffix=_a androidboot.hardware=dragon_q6a androi

dboot.selinux=permissive androidboot.boot_devices=soc@0/8804000.mmc lsm=landlock,lockdown,yama,integ

rity,selinux,bpf printk.devkmsg=on

[DEBUG] linux_try_load_dtb: try load dtb /Android/qcs6490-radxa-dragon-q6a.dtb

[INFO] linux_try_load_dtb: read dtb /Android/qcs6490-radxa-dragon-q6a.dtb size 180.70KiB (184388 byt

es)

[INFO] linux_try_load_dtb: load dtb /Android/qcs6490-radxa-dragon-q6a.dtb successfully

[INFO] linux_try_load_dtb: dtb model: Radxa Dragon Q6A

[INFO] linux_try_load_dtb: dtb compatible: radxa,dragon-q6a

[DEBUG] linux_data_load: linux boot data prepared

[DEBUG] efi_dtfixup: applying efi dtfixup protocol

[INFO] efi_dtfixup: efi dtfixup applied successfully

[INFO] embloader_start_efi: load efi image at 0xf6374000...

 Entered MeasurePeImg...

/local/mnt/workspace/CRMBuilds/BOOT.MXF.1.0.1-00549-KODIAKWP-1_20250921_095415/b/boot_images/boot/QcomPkg/Drivers/TrEEDxe/TrEEDxe.c..HashLogExtendEvent:480 Failed! input = 0x2  

/local/mnt/workspace/CRMBuilds/BOOT.MXF.1.0.1-00549-KODIAKWP-1_20250921_095415/b/boot_images/boot/QcomPkg/Drivers/MeasureBootDxe/MeasureBootDxe.c..HashExtendLogTreeEvent: 319 Failed! input = 0x1  

/local/mnt/workspace/CRMBuilds/BOOT.MXF.1.0.1-00549-KODIAKWP-1_20250921_095415/b/boot_images/boot/QcomPkg/Drivers/MeasureBootDxe/MeasureBootDxe.c..MeasurePeImgAll: 1290 Failed! input = 0x1  

DetectLinuxKernelVersion Delta : 42512 micro sec

[INFO] embloader_start_efi: use cmdline console=tty0 console=ttyMSM0,115200n8 earlycon=qcom_geni,0x0

0994000 fbcon=nodefer video=efifb:keep video=HDMI-A-1:1024x600@60e video=DP-1:1024x600@60e video=DP-

2:1024x600@60e keep_bootcon ignore_loglevel loglevel=8 initcall_debug modprobe.blacklist=msm panic=1

0 coherent_pool=2M firmware_class.path=/vendor/firmware irqchip.gicv3_pseudo_nmi=0 psi=1 selinux=1 a

ndroidboot.force_normal_boot=1 androidboot.slot_suffix=_a androidboot.hardware=dragon_q6a androidboo

t.selinux=permissive androidboot.boot_devices=soc@0/8804000.mmc lsm=landlock,lockdown,yama,integrity

,selinux,bpf printk.devkmsg=on

[INFO] embloader_start_efi: start efi image...

Start EBS        [22918] 

Start EBS        [22921] 

ScmArmV8ExitBootServicesHandler, Status = 0x0. 

Exit EBS        [23850] UEFI End

[    0.000000] printk: debug: ignoring loglevel setting.

[    0.000000] efi: EFI v2.7 by Qualcomm Technologies, Inc.

[    0.000000] efi: ACPI 2.0=0xffffd000 MEMATTR=0xfa3eb018 ESRT=0xfa30ee98 SMBIOS=0xffed1000 TPMEventLog=0xfffc6018 INITRD=0xf0075f98 RNG=0xfffc6e98 MEMRESERVE=0xf0075d18 

[    0.000000] random: crng init done

[    0.000000] TPM Final Events table not present

[    0.000000] esrt: Reserving ESRT space from 0x00000000fa30ee98 to 0x00000000fa30eef8.

[    0.000000] OF: reserved mem: 0x0000000080000000..0x00000000805fffff (6144 KiB) nomap non-reusable hyp@80000000

[    0.000000] OF: reserved mem: 0x0000000080600000..0x00000000807fffff (2048 KiB) nomap non-reusable xbl@80600000

[    0.000000] OF: reserved mem: 0x0000000080800000..0x000000008085ffff (384 KiB) nomap non-reusable aop@80800000

[    0.000000] OF: reserved mem: 0x0000000080860000..0x000000008087ffff (128 KiB) nomap non-reusable aop-cmd-db@80860000

[    0.000000] OF: reserved mem: 0x0000000080884000..0x0000000080893fff (64 KiB) nomap non-reusable xbl-uefi-res@80880000

[    0.000000] OF: reserved mem: 0x00000000808ff000..0x00000000808fffff (4 KiB) nomap non-reusable sec-apps@808ff000

[    0.000000] OF: reserved mem: 0x0000000080900000..0x0000000080afffff (2048 KiB) nomap non-reusable smem@80900000

[    0.000000] OF: reserved mem: 0x0000000080b00000..0x0000000080bfffff (1024 KiB) nomap non-reusable cpucp@80b00000

[    0.000000] OF: reserved mem: 0x0000000081800000..0x00000000826fffff (15360 KiB) nomap non-reusable lpass-ml@81800000

[    0.000000] OF: reserved mem: 0x0000000082700000..0x000000008270ffff (64 KiB) nomap non-reusable cdsp-secure-heap@82700000

[    0.000000] OF: reserved mem: 0x000000008b800000..0x000000008dffffff (40960 KiB) nomap non-reusable adsp@8b800000

[    0.000000] OF: reserved mem: 0x000000008e000000..0x000000008fdfffff (30720 KiB) nomap non-reusable cdsp@8e000000

[    0.000000] OF: reserved mem: 0x000000008fe00000..0x00000000902fffff (5120 KiB) nomap non-reusable video@8fe00000

[    0.000000] OF: reserved mem: 0x0000000090300000..0x0000000090304fff (20 KiB) nomap non-reusable zap@90300000

[    0.000000] OF: reserved mem: 0x00000000c0000000..0x00000000c00fffff (1024 KiB) nomap non-reusable tz-stat@c0000000

[    0.000000] OF: reserved mem: 0x00000000c0100000..0x00000000c12fffff (18432 KiB) nomap non-reusable tags@c0100000

[    0.000000] OF: reserved mem: 0x00000000c1300000..0x00000000c17fffff (5120 KiB) nomap non-reusable qtee@c1300000

[    0.000000] OF: reserved mem: 0x00000000c1800000..0x00000000c39fffff (34816 KiB) nomap non-reusable trusted-apps@c1800000

[    0.000000] OF: reserved mem: 0x00000000c6500000..0x00000000c6cfffff (8192 KiB) nomap non-reusable adsp-rpc-remote-heap@c6500000

[    0.000000] NUMA: Faking a node at [mem 0x0000000080000000-0x000000027fffffff]

[    0.000000] NODE_DATA(0) allocated [mem 0x27eda9c00-0x27edad37f]

[    0.000000] Zone ranges:

[    0.000000]   DMA      [mem 0x0000000080000000-0x00000000ffffffff]

[    0.000000]   DMA32    empty

[    0.000000]   Normal   [mem 0x0000000100000000-0x000000027fffffff]

[    0.000000]   Device   empty

[    0.000000] Movable zone start for each node

[    0.000000] Early memory node ranges

[    0.000000]   node   0: [mem 0x0000000080000000-0x00000000807fffff]

[    0.000000]   node   0: [mem 0x0000000080884000-0x00000000808b3fff]

[    0.000000]   node   0: [mem 0x00000000808b4000-0x00000000808fefff]

[    0.000000]   node   0: [mem 0x00000000808ff000-0x00000000808fffff]

[    0.000000]   node   0: [mem 0x0000000080b00000-0x000000008270ffff]

[    0.000000]   node   0: [mem 0x0000000082710000-0x00000000842fffff]

[    0.000000]   node   0: [mem 0x0000000084800000-0x000000008b7fffff]

[    0.000000]   node   0: [mem 0x0000000090309000-0x000000009f5f6fff]

[    0.000000]   node   0: [mem 0x000000009f5f7000-0x000000009f5fffff]

[    0.000000]   node   0: [mem 0x000000009f600000-0x000000009fffffff]

[    0.000000]   node   0: [mem 0x00000000a0000000-0x00000000a0001fff]

[    0.000000]   node   0: [mem 0x00000000a0002000-0x00000000a07fffff]

[    0.000000]   node   0: [mem 0x00000000a0800000-0x00000000a0afffff]

[    0.000000]   node   0: [mem 0x00000000a0b00000-0x00000000bb5fffff]

[    0.000000]   node   0: [mem 0x00000000c3a00000-0x00000000c50fffff]

[    0.000000]   node   0: [mem 0x00000000c6000000-0x00000000c64fffff]

[    0.000000]   node   0: [mem 0x00000000c6d00000-0x00000000c90fffff]

[    0.000000]   node   0: [mem 0x00000000c9100000-0x00000000eedfffff]

[    0.000000]   node   0: [mem 0x00000000eee00000-0x00000000eeffffff]

[    0.000000]   node   0: [mem 0x00000000ef000000-0x00000000ffa75fff]

[    0.000000]   node   0: [mem 0x00000000ffa76000-0x00000000fff21fff]

[    0.000000]   node   0: [mem 0x00000000fff22000-0x000000027fffffff]

[    0.000000] Initmem setup node 0 [mem 0x0000000080000000-0x000000027fffffff]

[    0.000000] On node 0, zone DMA: 132 pages in unavailable ranges

[    0.000000] On node 0, zone DMA: 512 pages in unavailable ranges

[    0.000000] On node 0, zone DMA: 1280 pages in unavailable ranges

[    0.000000] On node 0, zone DMA: 19209 pages in unavailable ranges

[    0.000000] On node 0, zone DMA: 33792 pages in unavailable ranges

[    0.000000] On node 0, zone DMA: 3840 pages in unavailable ranges

[    0.000000] On node 0, zone DMA: 2048 pages in unavailable ranges

[    0.000000] cma: Reserved 32 MiB at 0x00000000fda00000

[    0.000000] psci: probing for conduit method from DT.

[    0.000000] psci: PSCIv1.1 detected in firmware.

[    0.000000] psci: Using standard PSCI v0.2 function IDs

[    0.000000] psci: MIGRATE_INFO_TYPE not supported.

[    0.000000] psci: SMC Calling Convention v1.1

[    0.000000] psci: OSI mode supported.

[    0.000000] psci: [Firmware Bug]: failed to set PC mode: -3

[    0.000000] percpu: Embedded 26 pages/cpu s66328 r8192 d31976 u106496

[    0.000000] pcpu-alloc: s66328 r8192 d31976 u106496 alloc=26*4096

[    0.000000] pcpu-alloc: [0] 0 [0] 1 [0] 2 [0] 3 [0] 4 [0] 5 [0] 6 [0] 7 

[    0.000000] Detected VIPT I-cache on CPU0

[    0.000000] CPU features: detected: GICv3 CPU interface

[    0.000000] CPU features: kernel page table isolation forced ON by KASLR

[    0.000000] CPU features: detected: Kernel page table isolation (KPTI)

[    0.000000] CPU features: detected: Qualcomm erratum 1009, or ARM erratum 1286807, 2441009

[    0.000000] CPU features: detected: ARM errata 1165522, 1319367, or 1530923

[    0.000000] alternatives: applying boot alternatives

[    0.000000] Kernel command line: console=tty0 console=ttyMSM0,115200n8 earlycon=qcom_geni,0x00994000 fbcon=nodefer video=efifb:keep video=HDMI-A-1:1024x600@60e video=DP-1:1024x600@60e video=DP-2:1024x600@60e keep_bootcon ignore_loglevel loglevel=8 initcall_debug modprobe.blacklist=msm panic=10 coherent_pool=2M firmware_class.path=/vendor/firmware irqchip.gicv3_pseudo_nmi=0 psi=1 selinux=1 androidboot.force_normal_boot=1 androidboot.slot_suffix=_a androidboot.hardware=dragon_q6a androidboot.selinux=permissive androidboot.boot_devices=soc@0/8804000.mmc lsm=landlock,lockdown,yama,integrity,selinux,bpf printk.devkmsg=on

[    0.000000] printk: log buffer data + meta data: 2097152 + 7340032 = 9437184 bytes

[    0.000000] Dentry cache hash table entries: 1048576 (order: 11, 8388608 bytes, linear)

[    0.000000] Inode-cache hash table entries: 524288 (order: 10, 4194304 bytes, linear)

[    0.000000] software IO TLB: area num 8.

[    0.000000] software IO TLB: mapped [mem 0x00000000f630e000-0x00000000fa30e000] (64MB)

[    0.000000] Fallback order for Node 0: 0 

[    0.000000] Built 1 zonelists, mobility grouping on.  Total pages: 2036339

[    0.000000] Policy zone: Normal

[    0.000000] mem auto-init: stack:all(zero), heap alloc:on, heap free:off

[    0.000000] stackdepot: allocating hash table via alloc_large_system_hash

[    0.000000] stackdepot hash table entries: 524288 (order: 11, 8388608 bytes, linear)

[    0.000000] stackdepot: allocating space for 8192 stack pools via memblock

[    0.000000] SLUB: HWalign=64, Order=0-3, MinObjects=0, CPUs=8, Nodes=1

[    0.000000] Dynamic Preempt: voluntary

[    0.000000] rcu: Preemptible hierarchical RCU implementation.

[    0.000000] rcu: 	RCU restricting CPUs from NR_CPUS=512 to nr_cpu_ids=8.

[    0.000000] rcu: 	RCU priority boosting: priority 1 delay 500 ms.

[    0.000000] 	Trampoline variant of Tasks RCU enabled.

[    0.000000] 	Tracing variant of Tasks RCU enabled.

[    0.000000] rcu: RCU calculated value of scheduler-enlistment delay is 100 jiffies.

[    0.000000] rcu: Adjusting geometry for rcu_fanout_leaf=16, nr_cpu_ids=8

[    0.000000] RCU Tasks: Setting shift to 3 and lim to 1 rcu_task_cb_adjust=1 rcu_task_cpu_ids=8.

[    0.000000] RCU Tasks Trace: Setting shift to 3 and lim to 1 rcu_task_cb_adjust=1 rcu_task_cpu_ids=8.

[    0.000000] NR_IRQS: 64, nr_irqs: 64, preallocated irqs: 0

[    0.000000] GICv3: 928 SPIs implemented

[    0.000000] GICv3: 0 Extended SPIs implemented

[    0.000000] GICv3: MBI range [832:959]

[    0.000000] GICv3: Using MBI frame 0x0000000017a10000

[    0.000000] Root IRQ handler: gic_handle_irq

[    0.000000] GICv3: GICv3 features: 16 PPIs

[    0.000000] GICv3: GICD_CTLR.DS=0, SCR_EL3.FIQ=1

[    0.000000] GICv3: CPU0: found redistributor 0 region 0:0x0000000017a60000

[    0.000000] ITS: No ITS available, not enabling LPIs

[    0.000000] rcu: srcu_init: Setting srcu_struct sizes based on contention.

[    0.000000] arch_timer: cp15 timer running at 19.20MHz (virt).

[    0.000000] clocksource: arch_sys_counter: mask: 0xffffffffffffff max_cycles: 0x46d987e47, max_idle_ns: 440795202767 ns

[    0.000000] sched_clock: 56 bits at 19MHz, resolution 52ns, wraps every 4398046511078ns

[    0.008787] kfence: initialized - using 2097152 bytes for 255 objects at 0x(____ptrval____)-0x(____ptrval____)

[    0.019230] Console: colour dummy device 80x25

[    0.023809] printk: legacy console [tty0] enabled

[    0.029366] Calibrating delay loop (skipped), value calculated using timer frequency.. 38.40 BogoMIPS (lpj=19200)

[    0.039916] pid_max: default: 32768 minimum: 301

[    0.044797] LSM: initializing lsm=capability,landlock,yama,selinux

[    0.051279] landlock: Up and running.

[    0.055063] Yama: becoming mindful.

[    0.058671] SELinux:  Initializing.

[    0.062756] Mount-cache hash table entries: 16384 (order: 5, 131072 bytes, linear)

[    0.070558] Mountpoint-cache hash table entries: 16384 (order: 5, 131072 bytes, linear)

[    0.080966] entering initcall level: early

[    0.085198] calling  cpu_suspend_init+0x0/0x5c @ 1

[    0.090145] initcall cpu_suspend_init+0x0/0x5c returned 0 after 0 usecs

[    0.096949] calling  prevent_bootmem_remove_init+0x0/0x64 @ 1

[    0.102872] initcall prevent_bootmem_remove_init+0x0/0x64 returned 0 after 0 usecs

[    0.110657] calling  asids_init+0x0/0xc0 @ 1

[    0.115068] initcall asids_init+0x0/0xc0 returned 0 after 0 usecs

[    0.121345] calling  xen_guest_init+0x0/0x404 @ 1

[    0.126199] initcall xen_guest_init+0x0/0x404 returned 0 after 0 usecs

[    0.132917] calling  spawn_ksoftirqd+0x0/0x74 @ 1

[    0.137829] initcall spawn_ksoftirqd+0x0/0x74 returned 0 after 0 usecs

[    0.144552] calling  init_signal_sysctls+0x0/0x64 @ 1

[    0.149778] initcall init_signal_sysctls+0x0/0x64 returned 0 after 0 usecs

[    0.156852] calling  init_umh_sysctls+0x0/0x3c @ 1

[    0.161794] initcall init_umh_sysctls+0x0/0x3c returned 0 after 0 usecs

[    0.168594] calling  kthreads_init+0x0/0x3c @ 1

[    0.173270] initcall kthreads_init+0x0/0x3c returned 0 after 0 usecs

[    0.179806] calling  migration_init+0x0/0x28 @ 1

[    0.184563] initcall migration_init+0x0/0x28 returned 0 after 0 usecs

[    0.191192] calling  printk_set_kthreads_ready+0x0/0x58 @ 1

[    0.196929] initcall printk_set_kthreads_ready+0x0/0x58 returned 0 after 0 usecs

[    0.204541] calling  srcu_bootup_announce+0x0/0x94 @ 1

[    0.209837] rcu: Hierarchical SRCU implementation.

[    0.214772] rcu: 	Max phase no-delay instances is 400.

[    0.220062] initcall srcu_bootup_announce+0x0/0x94 returned 0 after 2000 usecs

[    0.227491] calling  rcu_spawn_gp_kthread+0x0/0x28c @ 1

[    0.233083] initcall rcu_spawn_gp_kthread+0x0/0x28c returned 0 after 0 usecs

[    0.240350] calling  check_cpu_stall_init+0x0/0x34 @ 1

[    0.245649] initcall check_cpu_stall_init+0x0/0x34 returned 0 after 0 usecs

[    0.252807] calling  rcu_sysrq_init+0x0/0x40 @ 1

[    0.257563] initcall rcu_sysrq_init+0x0/0x40 returned 0 after 0 usecs

[    0.264195] calling  tmigr_init+0x0/0x19c @ 1

[    0.268698] Timer migration: 1 hierarchy levels; 8 children per group; 1 crossnode level

[    0.277030] initcall tmigr_init+0x0/0x19c returned 0 after 1000 usecs

[    0.283663] calling  insert_crashkernel_resources+0x0/0x8c @ 1

[    0.289671] initcall insert_crashkernel_resources+0x0/0x8c returned 0 after 0 usecs

[    0.297544] calling  cpu_stop_init+0x0/0xd8 @ 1

[    0.302269] initcall cpu_stop_init+0x0/0xd8 returned 0 after 0 usecs

[    0.308818] calling  init_kprobes+0x0/0x17c @ 1

[    0.313763] initcall init_kprobes+0x0/0x17c returned 0 after 0 usecs

[    0.320312] calling  irq_work_init_threads+0x0/0x8 @ 1

[    0.325607] initcall irq_work_init_threads+0x0/0x8 returned 0 after 0 usecs

[    0.332766] calling  jump_label_init_module+0x0/0x28 @ 1

[    0.338232] initcall jump_label_init_module+0x0/0x28 returned 0 after 0 usecs

[    0.345575] calling  init_zero_pfn+0x0/0x28 @ 1

[    0.350246] initcall init_zero_pfn+0x0/0x28 returned 0 after 0 usecs

[    0.356781] calling  init_fs_inode_sysctls+0x0/0x40 @ 1

[    0.362166] initcall init_fs_inode_sysctls+0x0/0x40 returned 0 after 0 usecs

[    0.369423] calling  init_fs_locks_sysctls+0x0/0x3c @ 1

[    0.374807] initcall init_fs_locks_sysctls+0x0/0x3c returned 0 after 0 usecs

[    0.382053] calling  init_fs_sysctls+0x0/0x3c @ 1

[    0.386908] initcall init_fs_sysctls+0x0/0x3c returned 0 after 0 usecs

[    0.393624] calling  init_security_keys_sysctls+0x0/0x3c @ 1

[    0.399453] initcall init_security_keys_sysctls+0x0/0x3c returned 0 after 0 usecs

[    0.407152] calling  dynamic_debug_init+0x0/0x2d8 @ 1

[    0.412770] initcall dynamic_debug_init+0x0/0x2d8 returned 0 after 0 usecs

[    0.419852] calling  its_fsl_mc_msi_init+0x0/0xb4 @ 1

[    0.425329] initcall its_fsl_mc_msi_init+0x0/0xb4 returned 0 after 0 usecs

[    0.432411] calling  cci_init+0x0/0x30 @ 1

[    0.436990] initcall cci_init+0x0/0x30 returned -19 after 0 usecs

[    0.443271] calling  brcmstb_soc_device_early_init+0x0/0xa8 @ 1

[    0.450325] initcall brcmstb_soc_device_early_init+0x0/0xa8 returned 0 after 0 usecs

[    0.458301] calling  brcmstb_biuctrl_init+0x0/0x4c8 @ 1

[    0.463823] initcall brcmstb_biuctrl_init+0x0/0x4c8 returned 0 after 0 usecs

[    0.471085] calling  renesas_soc_init+0x0/0x398 @ 1

[    0.476121] initcall renesas_soc_init+0x0/0x398 returned -19 after 0 usecs

[    0.483196] calling  tegra_init_fuse+0x0/0x20c @ 1

[    0.489168] initcall tegra_init_fuse+0x0/0x20c returned 0 after 1000 usecs

[    0.496247] calling  tegra_flowctrl_init+0x0/0x100 @ 1

[    0.501545] initcall tegra_flowctrl_init+0x0/0x100 returned 0 after 0 usecs

[    0.508706] calling  tegra_pmc_early_init+0x0/0x2a8 @ 1

[    0.515041] initcall tegra_pmc_early_init+0x0/0x2a8 returned 0 after 0 usecs

[    0.522303] calling  tegra186_ari_init+0x0/0x7c @ 1

[    0.527330] initcall tegra186_ari_init+0x0/0x7c returned 0 after 0 usecs

[    0.534230] calling  rcar_sysc_pd_init+0x0/0x434 @ 1

[    0.540486] initcall rcar_sysc_pd_init+0x0/0x434 returned -19 after 1000 usecs

[    0.547920] calling  unpopulated_init+0x0/0x70 @ 1

[    0.552861] initcall unpopulated_init+0x0/0x70 returned -19 after 0 usecs

[    0.559848] calling  efi_memreserve_root_init+0x0/0x54 @ 1

[    0.565506] initcall efi_memreserve_root_init+0x0/0x54 returned 0 after 0 usecs

[    0.573020] calling  arm_enable_runtime_services+0x0/0x2e0 @ 1

[    0.579034] Remapping and enabling EFI services.

[    0.583871] initcall arm_enable_runtime_services+0x0/0x2e0 returned 0 after 1000 usecs

[    0.592015] calling  efi_earlycon_remap_fb+0x0/0x7c @ 1

[    0.597397] initcall efi_earlycon_remap_fb+0x0/0x7c returned 0 after 0 usecs

[    0.604642] calling  dummy_timer_register+0x0/0x3c @ 1

[    0.609943] initcall dummy_timer_register+0x0/0x3c returned 0 after 0 usecs

[    0.617336] smp: Bringing up secondary CPUs ...

[    0.622700] Detected VIPT I-cache on CPU1

[    0.622841] GICv3: CPU1: found redistributor 100 region 0:0x0000000017a80000

[    0.622879] CPU1: Booted secondary processor 0x0000000100 [0x412fd050]

[    0.623513] Detected VIPT I-cache on CPU2

[    0.623629] GICv3: CPU2: found redistributor 200 region 0:0x0000000017aa0000

[    0.623652] CPU2: Booted secondary processor 0x0000000200 [0x412fd050]

[    0.624202] Detected VIPT I-cache on CPU3

[    0.624316] GICv3: CPU3: found redistributor 300 region 0:0x0000000017ac0000

[    0.624337] CPU3: Booted secondary processor 0x0000000300 [0x412fd050]

[    0.625420] CPU features: detected: Spectre-v4

[    0.625423] CPU features: detected: Spectre-BHB

[    0.625425] CPU features: detected: SSBS not fully self-synchronizing

[    0.625426] Detected PIPT I-cache on CPU4

[    0.625467] GICv3: CPU4: found redistributor 400 region 0:0x0000000017ae0000

[    0.625480] CPU4: Booted secondary processor 0x0000000400 [0x411fd411]

[    0.626032] Detected PIPT I-cache on CPU5

[    0.626074] GICv3: CPU5: found redistributor 500 region 0:0x0000000017b00000

[    0.626086] CPU5: Booted secondary processor 0x0000000500 [0x411fd411]

[    0.626640] Detected PIPT I-cache on CPU6

[    0.626683] GICv3: CPU6: found redistributor 600 region 0:0x0000000017b20000

[    0.626695] CPU6: Booted secondary processor 0x0000000600 [0x411fd411]

[    0.627291] Detected PIPT I-cache on CPU7

[    0.627331] GICv3: CPU7: found redistributor 700 region 0:0x0000000017b40000

[    0.627343] CPU7: Booted secondary processor 0x0000000700 [0x411fd411]

[    0.627403] smp: Brought up 1 node, 8 CPUs

[    0.774073] SMP: Total of 8 processors activated.

[    0.778922] CPU: All CPU(s) started at EL1

[    0.783153] CPU features: detected: 32-bit EL0 Support

[    0.788445] CPU features: detected: Data cache clean to the PoU not required for I/D coherence

[    0.797291] CPU features: detected: Common not Private translations

[    0.803734] CPU features: detected: CRC32 instructions

[    0.809024] CPU features: detected: Data cache clean to Point of Persistence

[    0.816269] CPU features: detected: RCpc load-acquire (LDAPR)

[    0.822185] CPU features: detected: LSE atomic instructions

[    0.827915] CPU features: detected: Privileged Access Never

[    0.833646] CPU features: detected: PMUv3

[    0.837771] CPU features: detected: RAS Extension Support

[    0.843334] CPU features: detected: Speculative Store Bypassing Safe (SSBS)

[    0.850552] alternatives: applying system-wide alternatives

[    0.860076] CPU features: detected: Hardware dirty bit management on CPU4-7

[    0.867586] Memory: 7702836K/8145356K available (19776K kernel code, 12414K rwdata, 16268K rodata, 14080K init, 3096K bss, 403620K reserved, 32768K cma-reserved)

[    0.884189] devtmpfs: initialized

[    0.892392] entering initcall level: pure

[    0.896533] calling  bpf_jit_charge_init+0x0/0x4c @ 1

[    0.901734] initcall bpf_jit_charge_init+0x0/0x4c returned 0 after 0 usecs

[    0.908791] calling  ipc_ns_init+0x0/0x68 @ 1

[    0.913291] initcall ipc_ns_init+0x0/0x68 returned 0 after 0 usecs

[    0.919638] calling  init_mmap_min_addr+0x0/0x5c @ 1

[    0.924757] initcall init_mmap_min_addr+0x0/0x5c returned 0 after 0 usecs

[    0.931734] calling  pci_realloc_setup_params+0x0/0x68 @ 1

[    0.937368] initcall pci_realloc_setup_params+0x0/0x68 returned 0 after 0 usecs

[    0.944876] calling  tegra194_cbb_init+0x0/0x28 @ 1

[    0.949895] initcall tegra194_cbb_init+0x0/0x28 returned 0 after 0 usecs

[    0.956779] calling  tegra234_cbb_init+0x0/0x28 @ 1

[    0.961791] initcall tegra234_cbb_init+0x0/0x28 returned 0 after 0 usecs

[    0.968675] calling  inet_frag_wq_init+0x0/0x54 @ 1

[    0.973816] initcall inet_frag_wq_init+0x0/0x54 returned 0 after 0 usecs

[    0.980786] entering initcall level: core

[    0.984914] calling  fpsimd_init+0x0/0xec @ 1

[    0.989399] initcall fpsimd_init+0x0/0xec returned 0 after 0 usecs

[    0.995743] calling  tagged_addr_init+0x0/0x3c @ 1

[    1.000673] initcall tagged_addr_init+0x0/0x3c returned 0 after 0 usecs

[    1.007471] calling  init_amu_fie+0x0/0x28 @ 1

[    1.012043] initcall init_amu_fie+0x0/0x28 returned 0 after 0 usecs

[    1.018475] calling  init_watchdog_freq_notifier+0x0/0x28 @ 1

[    1.024381] initcall init_watchdog_freq_notifier+0x0/0x28 returned 0 after 0 usecs

[    1.032150] calling  arm64_efi_rt_init+0x0/0xb8 @ 1

[    1.037167] initcall arm64_efi_rt_init+0x0/0xb8 returned 0 after 0 usecs

[    1.044052] calling  armv8_deprecated_init+0x0/0x1d0 @ 1

[    1.049517] initcall armv8_deprecated_init+0x0/0x1d0 returned 0 after 0 usecs

[    1.056843] calling  map_entry_trampoline+0x0/0x160 @ 1

[    1.062216] initcall map_entry_trampoline+0x0/0x160 returned 0 after 0 usecs

[    1.069457] calling  alloc_frozen_cpus+0x0/0x3c @ 1

[    1.074467] initcall alloc_frozen_cpus+0x0/0x3c returned 0 after 0 usecs

[    1.081350] calling  cpu_hotplug_pm_sync_init+0x0/0x2c @ 1

[    1.086983] initcall cpu_hotplug_pm_sync_init+0x0/0x2c returned 0 after 0 usecs

[    1.094491] calling  wq_sysfs_init+0x0/0x34 @ 1

[    1.099162] initcall wq_sysfs_init+0x0/0x34 returned 0 after 0 usecs

[    1.105693] calling  ksysfs_init+0x0/0xd0 @ 1

[    1.110180] initcall ksysfs_init+0x0/0xd0 returned 0 after 0 usecs

[    1.116525] calling  schedutil_gov_init+0x0/0x24 @ 1

[    1.121631] initcall schedutil_gov_init+0x0/0x24 returned 0 after 0 usecs

[    1.128600] calling  pm_init+0x0/0x90 @ 1

[    1.132747] initcall pm_init+0x0/0x90 returned 0 after 0 usecs

[    1.138738] calling  pm_disk_init+0x0/0x2c @ 1

[    1.143310] initcall pm_disk_init+0x0/0x2c returned 0 after 0 usecs

[    1.149743] calling  swsusp_header_init+0x0/0x40 @ 1

[    1.154850] initcall swsusp_header_init+0x0/0x40 returned 0 after 0 usecs

[    1.161818] calling  rcu_set_runtime_mode+0x0/0x2c @ 1

[    1.167100] initcall rcu_set_runtime_mode+0x0/0x2c returned 0 after 0 usecs

[    1.174254] calling  rcu_init_tasks_generic+0x0/0xe0 @ 1

[    1.179826] initcall rcu_init_tasks_generic+0x0/0xe0 returned 0 after 0 usecs

[    1.187153] calling  init_jiffies_clocksource+0x0/0x2c @ 1

[    1.192789] clocksource: jiffies: mask: 0xffffffff max_cycles: 0xffffffff, max_idle_ns: 1911260446275000 ns

[    1.202786] initcall init_jiffies_clocksource+0x0/0x2c returned 0 after 10000 usecs

[    1.210651] calling  posixtimer_init+0x0/0x12c @ 1

[    1.215589] posixtimers hash table entries: 4096 (order: 4, 65536 bytes, linear)

[    1.223186] initcall posixtimer_init+0x0/0x12c returned 0 after 7000 usecs

[    1.230245] calling  futex_init+0x0/0x1e0 @ 1

[    1.234738] futex hash table entries: 2048 (131072 bytes on 1 NUMA nodes, total 128 KiB, linear).

[    1.243841] initcall futex_init+0x0/0x1e0 returned 0 after 9000 usecs

[    1.250459] calling  cgroup_wq_init+0x0/0x8c @ 1

[    1.255208] initcall cgroup_wq_init+0x0/0x8c returned 0 after 0 usecs

[    1.261825] calling  cgroup1_wq_init+0x0/0x40 @ 1

[    1.266665] initcall cgroup1_wq_init+0x0/0x40 returned 0 after 0 usecs

[    1.273368] calling  cpu_pm_init+0x0/0x28 @ 1

[    1.277853] initcall cpu_pm_init+0x0/0x28 returned 0 after 0 usecs

[    1.284199] calling  bpf_offload_init+0x0/0x2c @ 1

[    1.289124] initcall bpf_offload_init+0x0/0x2c returned 0 after 0 usecs

[    1.295910] calling  cgroup_bpf_wq_init+0x0/0x48 @ 1

[    1.301020] initcall cgroup_bpf_wq_init+0x0/0x48 returned 0 after 0 usecs

[    1.307989] calling  init_events_core_sysctls+0x0/0x3c @ 1

[    1.313629] initcall init_events_core_sysctls+0x0/0x3c returned 0 after 0 usecs

[    1.321137] calling  init_callchain_sysctls+0x0/0x3c @ 1

[    1.326603] initcall init_callchain_sysctls+0x0/0x3c returned 0 after 0 usecs

[    1.333929] calling  memory_failure_init+0x0/0xd8 @ 1

[    1.339127] initcall memory_failure_init+0x0/0xd8 returned 0 after 0 usecs

[    1.346184] calling  cma_init_reserved_areas+0x0/0x330 @ 1

[    1.351914] initcall cma_init_reserved_areas+0x0/0x330 returned 0 after 0 usecs

[    1.359423] calling  balloon_init+0x0/0x28 @ 1

[    1.363994] initcall balloon_init+0x0/0x28 returned 0 after 0 usecs

[    1.370426] calling  execmem_late_init+0x0/0x1a8 @ 1

[    1.375532] 2G module region forced by RANDOMIZE_MODULE_REGION_FULL

[    1.381964] 0 pages in range for non-PLT usage

[    1.381964] 507808 pages in range for PLT usage

[    1.386533] initcall execmem_late_init+0x0/0x1a8 returned 0 after 11000 usecs

[    1.398511] calling  fsnotify_init+0x0/0x9c @ 1

[    1.403175] initcall fsnotify_init+0x0/0x9c returned 0 after 0 usecs

[    1.409705] calling  filelock_init+0x0/0x160 @ 1

[    1.414462] initcall filelock_init+0x0/0x160 returned 0 after 0 usecs

[    1.421077] calling  init_script_binfmt+0x0/0x2c @ 1

[    1.426185] initcall init_script_binfmt+0x0/0x2c returned 0 after 0 usecs

[    1.433155] calling  init_elf_binfmt+0x0/0x2c @ 1

[    1.437993] initcall init_elf_binfmt+0x0/0x2c returned 0 after 0 usecs

[    1.444694] calling  init_compat_elf_binfmt+0x0/0x2c @ 1

[    1.450146] initcall init_compat_elf_binfmt+0x0/0x2c returned 0 after 0 usecs

[    1.457472] calling  configfs_init+0x0/0xf8 @ 1

[    1.462133] initcall configfs_init+0x0/0xf8 returned 0 after 0 usecs

[    1.468665] calling  debugfs_init+0x0/0x128 @ 1

[    1.473323] initcall debugfs_init+0x0/0x128 returned 0 after 0 usecs

[    1.479855] calling  securityfs_init+0x0/0xc4 @ 1

[    1.484861] initcall securityfs_init+0x0/0xc4 returned 0 after 0 usecs

[    1.491564] calling  cci_platform_init+0x0/0x28 @ 1

[    1.496584] initcall cci_platform_init+0x0/0x28 returned 0 after 0 usecs

[    1.503468] calling  pinctrl_init+0x0/0xdc @ 1

[    1.508038] pinctrl core: initialized pinctrl subsystem

[    1.513430] initcall pinctrl_init+0x0/0xdc returned 0 after 6000 usecs

[    1.520133] calling  rzg2l_pinctrl_init+0x0/0x28 @ 1

[    1.525244] initcall rzg2l_pinctrl_init+0x0/0x28 returned 0 after 0 usecs

[    1.532217] calling  rzt2h_pinctrl_init+0x0/0x28 @ 1

[    1.537327] initcall rzt2h_pinctrl_init+0x0/0x28 returned 0 after 0 usecs

[    1.544297] calling  rzv2m_pinctrl_init+0x0/0x28 @ 1

[    1.549398] initcall rzv2m_pinctrl_init+0x0/0x28 returned 0 after 0 usecs

[    1.556367] calling  gpiolib_dev_init+0x0/0x1d4 @ 1

[    1.561384] initcall gpiolib_dev_init+0x0/0x1d4 returned 0 after 0 usecs

[    1.568271] calling  s500_clk_init+0x0/0x28 @ 1

[    1.572930] initcall s500_clk_init+0x0/0x28 returned 0 after 0 usecs

[    1.579460] calling  s700_clk_init+0x0/0x28 @ 1

[    1.584119] initcall s700_clk_init+0x0/0x28 returned 0 after 0 usecs

[    1.590649] calling  s900_clk_init+0x0/0x28 @ 1

[    1.595307] initcall s900_clk_init+0x0/0x28 returned 0 after 0 usecs

[    1.601826] calling  hi3516cv300_crg_init+0x0/0x28 @ 1

[    1.607111] initcall hi3516cv300_crg_init+0x0/0x28 returned 0 after 0 usecs

[    1.614254] calling  hi3519_clk_init+0x0/0x28 @ 1

[    1.619095] initcall hi3519_clk_init+0x0/0x28 returned 0 after 0 usecs

[    1.625796] calling  hi3559av100_crg_init+0x0/0x28 @ 1

[    1.631080] initcall hi3559av100_crg_init+0x0/0x28 returned 0 after 0 usecs

[    1.638234] calling  hi3660_clk_init+0x0/0x28 @ 1

[    1.643075] initcall hi3660_clk_init+0x0/0x28 returned 0 after 0 usecs

[    1.649776] calling  hi3670_clk_init+0x0/0x28 @ 1

[    1.654618] initcall hi3670_clk_init+0x0/0x28 returned 0 after 0 usecs

[    1.661318] calling  hi3798cv200_crg_init+0x0/0x28 @ 1

[    1.666601] initcall hi3798cv200_crg_init+0x0/0x28 returned 0 after 0 usecs

[    1.673743] calling  gcc_ipq5018_init+0x0/0x28 @ 1

[    1.678670] initcall gcc_ipq5018_init+0x0/0x28 returned 0 after 0 usecs

[    1.685456] calling  gcc_ipq5332_init+0x0/0x28 @ 1

[    1.690382] initcall gcc_ipq5332_init+0x0/0x28 returned 0 after 0 usecs

[    1.697179] calling  gcc_ipq5424_init+0x0/0x28 @ 1

[    1.702106] initcall gcc_ipq5424_init+0x0/0x28 returned 0 after 0 usecs

[    1.708904] calling  gcc_ipq6018_init+0x0/0x28 @ 1

[    1.713832] initcall gcc_ipq6018_init+0x0/0x28 returned 0 after 0 usecs

[    1.720629] calling  gcc_ipq8074_init+0x0/0x28 @ 1

[    1.725555] initcall gcc_ipq8074_init+0x0/0x28 returned 0 after 0 usecs

[    1.732341] calling  gcc_ipq9574_init+0x0/0x28 @ 1

[    1.737266] initcall gcc_ipq9574_init+0x0/0x28 returned 0 after 0 usecs

[    1.744063] calling  gcc_msm8916_init+0x0/0x28 @ 1

[    1.748990] initcall gcc_msm8916_init+0x0/0x28 returned 0 after 0 usecs

[    1.755776] calling  gcc_msm8994_init+0x0/0x28 @ 1

[    1.760703] initcall gcc_msm8994_init+0x0/0x28 returned 0 after 0 usecs

[    1.767489] calling  gcc_msm8996_init+0x0/0x28 @ 1

[    1.772414] initcall gcc_msm8996_init+0x0/0x28 returned 0 after 0 usecs

[    1.779212] calling  gcc_msm8998_init+0x0/0x28 @ 1

[    1.784138] initcall gcc_msm8998_init+0x0/0x28 returned 0 after 0 usecs

[    1.790937] calling  clk_rpmh_init+0x0/0x28 @ 1

[    1.795597] initcall clk_rpmh_init+0x0/0x28 returned 0 after 0 usecs

[    1.802127] calling  rpm_smd_clk_init+0x0/0x28 @ 1

[    1.807052] initcall rpm_smd_clk_init+0x0/0x28 returned 0 after 0 usecs

[    1.813850] calling  gcc_qcs404_init+0x0/0x28 @ 1

[    1.818693] initcall gcc_qcs404_init+0x0/0x28 returned 0 after 0 usecs

[    1.825393] calling  gcc_sa8775p_init+0x0/0x28 @ 1

[    1.830319] initcall gcc_sa8775p_init+0x0/0x28 returned 0 after 0 usecs

[    1.837106] calling  gcc_sc7180_init+0x0/0x28 @ 1

[    1.841946] initcall gcc_sc7180_init+0x0/0x28 returned 0 after 0 usecs

[    1.848647] calling  gcc_sc8180x_init+0x0/0x28 @ 1

[    1.853574] initcall gcc_sc8180x_init+0x0/0x28 returned 0 after 0 usecs

[    1.860371] calling  gcc_sdm845_init+0x0/0x28 @ 1

[    1.865213] initcall gcc_sdm845_init+0x0/0x28 returned 0 after 0 usecs

[    1.871913] calling  artpec8_cmu_init+0x0/0x28 @ 1

[    1.876840] initcall artpec8_cmu_init+0x0/0x28 returned 0 after 0 usecs

[    1.883627] calling  exynos5433_cmu_init+0x0/0x28 @ 1

[    1.888826] initcall exynos5433_cmu_init+0x0/0x28 returned 0 after 0 usecs

[    1.895882] calling  exynos2200_cmu_init+0x0/0x28 @ 1

[    1.901081] initcall exynos2200_cmu_init+0x0/0x28 returned 0 after 0 usecs

[    1.908138] calling  exynos7870_cmu_init+0x0/0x28 @ 1

[    1.913335] initcall exynos7870_cmu_init+0x0/0x28 returned 0 after 0 usecs

[    1.920393] calling  exynos7885_cmu_init+0x0/0x28 @ 1

[    1.925590] initcall exynos7885_cmu_init+0x0/0x28 returned 0 after 0 usecs

[    1.932650] calling  exynos850_cmu_init+0x0/0x28 @ 1

[    1.937759] initcall exynos850_cmu_init+0x0/0x28 returned 0 after 0 usecs

[    1.944729] calling  exynos8895_cmu_init+0x0/0x28 @ 1

[    1.949916] initcall exynos8895_cmu_init+0x0/0x28 returned 0 after 0 usecs

[    1.956973] calling  exynos990_cmu_init+0x0/0x28 @ 1

[    1.962082] initcall exynos990_cmu_init+0x0/0x28 returned 0 after 0 usecs

[    1.969052] calling  exynosautov9_cmu_init+0x0/0x28 @ 1

[    1.974420] initcall exynosautov9_cmu_init+0x0/0x28 returned 0 after 0 usecs

[    1.981663] calling  exynosautov920_cmu_init+0x0/0x28 @ 1

[    1.987213] initcall exynosautov920_cmu_init+0x0/0x28 returned 0 after 0 usecs

[    1.994624] calling  gs101_cmu_init+0x0/0x28 @ 1

[    1.999369] initcall gs101_cmu_init+0x0/0x28 returned 0 after 0 usecs

[    2.005985] calling  fsd_cmu_init+0x0/0x28 @ 1

[    2.010557] initcall fsd_cmu_init+0x0/0x28 returned 0 after 0 usecs

[    2.016991] calling  s10_clk_init+0x0/0x28 @ 1

[    2.021563] initcall s10_clk_init+0x0/0x28 returned 0 after 0 usecs

[    2.027996] calling  agilex_clk_init+0x0/0x28 @ 1

[    2.032839] initcall agilex_clk_init+0x0/0x28 returned 0 after 0 usecs

[    2.039541] calling  stm32mp21_clocks_init+0x0/0x28 @ 1

[    2.044910] initcall stm32mp21_clocks_init+0x0/0x28 returned 0 after 0 usecs

[    2.052154] calling  stm32mp25_clocks_init+0x0/0x28 @ 1

[    2.057525] initcall stm32mp25_clocks_init+0x0/0x28 returned 0 after 0 usecs

[    2.064766] calling  fsl_guts_init+0x0/0x34c @ 1

[    2.070059] initcall fsl_guts_init+0x0/0x34c returned 0 after 1000 usecs

[    2.076946] calling  cmd_db_device_init+0x0/0x28 @ 1

[    2.082047] initcall cmd_db_device_init+0x0/0x28 returned 0 after 0 usecs

[    2.089017] calling  rpmh_driver_init+0x0/0x28 @ 1

[    2.093942] initcall rpmh_driver_init+0x0/0x28 returned 0 after 0 usecs

[    2.100728] calling  rpmpd_init+0x0/0x28 @ 1

[    2.105115] initcall rpmpd_init+0x0/0x28 returned 0 after 0 usecs

[    2.111374] calling  rpmhpd_init+0x0/0x28 @ 1

[    2.115860] initcall rpmhpd_init+0x0/0x28 returned 0 after 0 usecs

[    2.122204] calling  exynos4_pm_init_power_domain+0x0/0x28 @ 1

[    2.128198] initcall exynos4_pm_init_power_domain+0x0/0x28 returned 0 after 0 usecs

[    2.136053] calling  genpd_bus_init+0x0/0xe8 @ 1

[    2.140810] initcall genpd_bus_init+0x0/0xe8 returned 0 after 0 usecs

[    2.147426] calling  virtio_init+0x0/0x34 @ 1

[    2.151914] initcall virtio_init+0x0/0x34 returned 0 after 0 usecs

[    2.158258] calling  regulator_init+0x0/0x138 @ 1

[    2.163156] probe of reg-dummy returned 0 after 0 usecs

[    2.168525] initcall regulator_init+0x0/0x138 returned 0 after 5000 usecs

[    2.175496] calling  iommu_init+0x0/0x44 @ 1

[    2.179883] initcall iommu_init+0x0/0x44 returned 0 after 0 usecs

[    2.186143] calling  component_debug_init+0x0/0x38 @ 1

[    2.191425] initcall component_debug_init+0x0/0x38 returned 0 after 0 usecs

[    2.198568] calling  soc_bus_register+0x0/0x54 @ 1

[    2.203495] initcall soc_bus_register+0x0/0x54 returned 0 after 0 usecs

[    2.210294] calling  register_cpufreq_notifier+0x0/0xd0 @ 1

[    2.216015] initcall register_cpufreq_notifier+0x0/0xd0 returned 0 after 0 usecs

[    2.223610] calling  altr_sysmgr_init+0x0/0x28 @ 1

[    2.228539] initcall altr_sysmgr_init+0x0/0x28 returned 0 after 0 usecs

[    2.235326] calling  opp_debug_init+0x0/0x38 @ 1

[    2.240071] initcall opp_debug_init+0x0/0x38 returned 0 after 0 usecs

[    2.246687] calling  cpufreq_core_init+0x0/0x118 @ 1

[    2.251786] initcall cpufreq_core_init+0x0/0x118 returned 0 after 0 usecs

[    2.258755] calling  cpufreq_gov_performance_init+0x0/0x24 @ 1

[    2.264746] initcall cpufreq_gov_performance_init+0x0/0x24 returned 0 after 0 usecs

[    2.272613] calling  CPU_FREQ_GOV_ONDEMAND_init+0x0/0x28 @ 1

[    2.278421] initcall CPU_FREQ_GOV_ONDEMAND_init+0x0/0x28 returned 0 after 0 usecs

[    2.286104] calling  cpufreq_dt_platdev_init+0x0/0x130 @ 1

[    2.291749] initcall cpufreq_dt_platdev_init+0x0/0x130 returned -19 after 0 usecs

[    2.299433] calling  cpuidle_init+0x0/0x30 @ 1

[    2.304007] initcall cpuidle_init+0x0/0x30 returned 0 after 0 usecs

[    2.310442] calling  psci_idle_init_domains+0x0/0x28 @ 1

[    2.315899] initcall psci_idle_init_domains+0x0/0x28 returned 0 after 0 usecs

[    2.323226] calling  capsule_reboot_register+0x0/0x2c @ 1

[    2.328775] initcall capsule_reboot_register+0x0/0x2c returned 0 after 0 usecs

[    2.336187] calling  arm_dmi_init+0x0/0x20 @ 1

[    2.340778] SMBIOS 3.3 present.

[    2.344013] DMI: Radxa Computer Co., Ltd. Radxa Dragon Q6A/Radxa Dragon Q6A, BIOS 6.0.260120.BOOT.MXF.1.0.1-00549-KODIAKWP-1 01/20/2026

[    2.356505] DMI: Memory slots populated: 1/1

[    2.360889] initcall arm_dmi_init+0x0/0x20 returned 0 after 20000 usecs

[    2.367676] calling  arch_timer_evtstrm_register+0x0/0x68 @ 1

[    2.373683] initcall arch_timer_evtstrm_register+0x0/0x68 returned 0 after 0 usecs

[    2.381454] calling  hi3660_mbox_init+0x0/0x28 @ 1

[    2.386385] initcall hi3660_mbox_init+0x0/0x28 returned 0 after 0 usecs

[    2.393183] calling  hi6220_mbox_init+0x0/0x28 @ 1

[    2.398109] initcall hi6220_mbox_init+0x0/0x28 returned 0 after 0 usecs

[    2.404896] calling  tegra_hsp_init+0x0/0x28 @ 1

[    2.409639] initcall tegra_hsp_init+0x0/0x28 returned 0 after 0 usecs

[    2.416254] calling  qnoc_driver_init+0x0/0x28 @ 1

[    2.421180] initcall qnoc_driver_init+0x0/0x28 returned 0 after 0 usecs

[    2.427978] calling  qnoc_driver_init+0x0/0x28 @ 1

[    2.432905] initcall qnoc_driver_init+0x0/0x28 returned 0 after 0 usecs

[    2.439702] calling  qnoc_driver_init+0x0/0x28 @ 1

[    2.444630] initcall qnoc_driver_init+0x0/0x28 returned 0 after 0 usecs

[    2.451417] calling  qnoc_driver_init+0x0/0x28 @ 1

[    2.456343] initcall qnoc_driver_init+0x0/0x28 returned 0 after 0 usecs

[    2.463139] calling  qnoc_driver_init+0x0/0x28 @ 1

[    2.468066] initcall qnoc_driver_init+0x0/0x28 returned 0 after 0 usecs

[    2.474864] calling  qnoc_driver_init+0x0/0x28 @ 1

[    2.479791] initcall qnoc_driver_init+0x0/0x28 returned 0 after 0 usecs

[    2.486578] calling  qnoc_driver_init+0x0/0x28 @ 1

[    2.491505] initcall qnoc_driver_init+0x0/0x28 returned 0 after 0 usecs

[    2.498302] calling  qnoc_driver_init+0x0/0x28 @ 1

[    2.503230] initcall qnoc_driver_init+0x0/0x28 returned 0 after 0 usecs

[    2.510027] calling  qnoc_driver_init+0x0/0x28 @ 1

[    2.514954] initcall qnoc_driver_init+0x0/0x28 returned 0 after 0 usecs

[    2.521740] calling  qnoc_driver_init+0x0/0x28 @ 1

[    2.526667] initcall qnoc_driver_init+0x0/0x28 returned 0 after 0 usecs

[    2.533455] calling  qnoc_driver_init+0x0/0x28 @ 1

[    2.538380] initcall qnoc_driver_init+0x0/0x28 returned 0 after 0 usecs

[    2.545167] calling  qnoc_driver_init+0x0/0x28 @ 1

[    2.550096] initcall qnoc_driver_init+0x0/0x28 returned 0 after 0 usecs

[    2.556894] calling  qnoc_driver_init+0x0/0x28 @ 1

[    2.561820] initcall qnoc_driver_init+0x0/0x28 returned 0 after 0 usecs

[    2.568610] calling  sock_init+0x0/0x108 @ 1

[    2.574097] initcall sock_init+0x0/0x108 returned 0 after 1000 usecs

[    2.580649] calling  net_inuse_init+0x0/0x38 @ 1

[    2.585398] initcall net_inuse_init+0x0/0x38 returned 0 after 0 usecs

[    2.592013] calling  sock_struct_check+0x0/0x8 @ 1

[    2.596936] initcall sock_struct_check+0x0/0x8 returned 0 after 0 usecs

[    2.603722] calling  init_default_flow_dissectors+0x0/0x64 @ 1

[    2.609713] initcall init_default_flow_dissectors+0x0/0x64 returned 0 after 0 usecs

[    2.617568] calling  netlink_proto_init+0x0/0x194 @ 1

[    2.622783] NET: Registered PF_NETLINK/PF_ROUTE protocol family

[    2.628884] initcall netlink_proto_init+0x0/0x194 returned 0 after 6000 usecs

[    2.636214] calling  genl_init+0x0/0x70 @ 1

[    2.640520] initcall genl_init+0x0/0x70 returned 0 after 0 usecs

[    2.646694] calling  __gnttab_init+0x0/0x40 @ 1

[    2.651353] initcall __gnttab_init+0x0/0x40 returned -19 after 0 usecs

[    2.658158] entering initcall level: postcore

[    2.662641] calling  debug_monitors_init+0x0/0x3c @ 1

[    2.667921] initcall debug_monitors_init+0x0/0x3c returned 0 after 0 usecs

[    2.674980] calling  init_overflow_sysctl+0x0/0x3c @ 1

[    2.680270] initcall init_overflow_sysctl+0x0/0x3c returned 0 after 0 usecs

[    2.687413] calling  pi_init+0x0/0x7c @ 1

[    2.691557] initcall pi_init+0x0/0x7c returned 0 after 0 usecs

[    2.697549] calling  irq_sysfs_init+0x0/0x124 @ 1

[    2.702444] initcall irq_sysfs_init+0x0/0x124 returned 0 after 0 usecs

[    2.709145] calling  dma_atomic_pool_init+0x0/0x158 @ 1

[    2.714820] DMA: preallocated 2048 KiB GFP_KERNEL pool for atomic allocations

[    2.722411] DMA: preallocated 2048 KiB GFP_KERNEL|GFP_DMA pool for atomic allocations

[    2.730705] DMA: preallocated 2048 KiB GFP_KERNEL|GFP_DMA32 pool for atomic allocations

[    2.738949] initcall dma_atomic_pool_init+0x0/0x158 returned 0 after 24000 usecs

[    2.746550] calling  audit_init+0x0/0x188 @ 1

[    2.751038] audit: initializing netlink subsys (disabled)

[    2.756718] initcall audit_init+0x0/0x188 returned 0 after 6000 usecs

[    2.756722] audit: type=2000 audit(2.019:1): state=initialized audit_enabled=0 res=1

[    2.763335] calling  bdi_class_init+0x0/0x50 @ 1

[    2.763354] initcall bdi_class_init+0x0/0x50 returned 0 after 0 usecs

[    2.782639] calling  mm_sysfs_init+0x0/0x40 @ 1

[    2.787298] initcall mm_sysfs_init+0x0/0x40 returned 0 after 0 usecs

[    2.793828] calling  init_per_zone_wmark_min+0x0/0x38 @ 1

[    2.799386] initcall init_per_zone_wmark_min+0x0/0x38 returned 0 after 0 usecs

[    2.806799] calling  irqc_init+0x0/0x28 @ 1

[    2.811117] initcall irqc_init+0x0/0x28 returned 0 after 0 usecs

[    2.817293] calling  fsl_mc_bus_driver_init+0x0/0xf0 @ 1

[    2.822768] initcall fsl_mc_bus_driver_init+0x0/0xf0 returned 0 after 0 usecs

[    2.830097] calling  sh_pfc_init+0x0/0x28 @ 1

[    2.834586] initcall sh_pfc_init+0x0/0x28 returned 0 after 0 usecs

[    2.840931] calling  samsung_pinctrl_drv_register+0x0/0x2c @ 1

[    2.846925] initcall samsung_pinctrl_drv_register+0x0/0x2c returned 0 after 0 usecs

[    2.854791] calling  acpi_gpio_setup_params+0x0/0x100 @ 1

[    2.860344] initcall acpi_gpio_setup_params+0x0/0x100 returned 0 after 0 usecs

[    2.867756] calling  davinci_gpio_drv_reg+0x0/0x28 @ 1

[    2.873043] initcall davinci_gpio_drv_reg+0x0/0x28 returned 0 after 0 usecs

[    2.880199] calling  pcibus_class_init+0x0/0x28 @ 1

[    2.885213] initcall pcibus_class_init+0x0/0x28 returned 0 after 0 usecs

[    2.892096] calling  pci_driver_init+0x0/0x3c @ 1

[    2.896941] initcall pci_driver_init+0x0/0x3c returned 0 after 0 usecs

[    2.903642] calling  backlight_class_init+0x0/0x84 @ 1

[    2.908923] initcall backlight_class_init+0x0/0x84 returned 0 after 0 usecs

[    2.916077] calling  amba_init+0x0/0x24 @ 1

[    2.920382] initcall amba_init+0x0/0x24 returned 0 after 0 usecs

[    2.926556] calling  ma35d1_clocks_init+0x0/0x28 @ 1

[    2.931668] initcall ma35d1_clocks_init+0x0/0x28 returned 0 after 0 usecs

[    2.938638] calling  qcom_apcs_msm8996_clk_init+0x0/0x28 @ 1

[    2.944450] initcall qcom_apcs_msm8996_clk_init+0x0/0x28 returned 0 after 0 usecs

[    2.952133] calling  qcom_msm8996_cbf_init+0x0/0x28 @ 1

[    2.957501] initcall qcom_msm8996_cbf_init+0x0/0x28 returned 0 after 0 usecs

[    2.964741] calling  mtk_infracfg_init+0x0/0x4c @ 1

[    2.969896] initcall mtk_infracfg_init+0x0/0x4c returned 0 after 0 usecs

[    2.976783] calling  exynos_pmu_init+0x0/0x28 @ 1

[    2.981629] initcall exynos_pmu_init+0x0/0x28 returned 0 after 0 usecs

[    2.988332] calling  owl_sps_init+0x0/0x28 @ 1

[    2.992905] initcall owl_sps_init+0x0/0x28 returned 0 after 0 usecs

[    2.999338] calling  rcar_sysc_pd_init_provider+0x0/0x50 @ 1

[    3.005146] initcall rcar_sysc_pd_init_provider+0x0/0x50 returned -19 after 0 usecs

[    3.013012] calling  rcar_gen4_sysc_pd_init+0x0/0x3b4 @ 1

[    3.018721] initcall rcar_gen4_sysc_pd_init+0x0/0x3b4 returned -19 after 0 usecs

[    3.026318] calling  xenbus_init+0x0/0x3d4 @ 1

[    3.030889] initcall xenbus_init+0x0/0x3d4 returned -19 after 0 usecs

[    3.037506] calling  hi6220_reset_init+0x0/0x28 @ 1

[    3.042521] initcall hi6220_reset_init+0x0/0x28 returned 0 after 0 usecs

[    3.049407] calling  tty_class_init+0x0/0x28 @ 1

[    3.054152] initcall tty_class_init+0x0/0x28 returned 0 after 0 usecs

[    3.060767] calling  vtconsole_class_init+0x0/0x100 @ 1

[    3.066155] initcall vtconsole_class_init+0x0/0x100 returned 0 after 0 usecs

[    3.073398] calling  serdev_init+0x0/0x38 @ 1

[    3.077885] initcall serdev_init+0x0/0x38 returned 0 after 0 usecs

[    3.084230] calling  iommu_dev_init+0x0/0x24 @ 1

[    3.088975] initcall iommu_dev_init+0x0/0x24 returned 0 after 0 usecs

[    3.095590] calling  host1x_context_device_bus_init+0x0/0x60 @ 1

[    3.101767] initcall host1x_context_device_bus_init+0x0/0x60 returned 0 after 0 usecs

[    3.109803] calling  mipi_dsi_bus_init+0x0/0x28 @ 1

[    3.114816] initcall mipi_dsi_bus_init+0x0/0x28 returned 0 after 0 usecs

[    3.121702] calling  devlink_class_init+0x0/0x70 @ 1

[    3.126811] initcall devlink_class_init+0x0/0x70 returned 0 after 0 usecs

[    3.133780] calling  software_node_init+0x0/0x44 @ 1

[    3.138890] initcall software_node_init+0x0/0x44 returned 0 after 0 usecs

[    3.145859] calling  wakeup_sources_debugfs_init+0x0/0x40 @ 1

[    3.151770] initcall wakeup_sources_debugfs_init+0x0/0x40 returned 0 after 0 usecs

[    3.159537] calling  wakeup_sources_sysfs_init+0x0/0x34 @ 1

[    3.165257] initcall wakeup_sources_sysfs_init+0x0/0x34 returned 0 after 0 usecs

[    3.172852] calling  regmap_initcall+0x0/0x20 @ 1

[    3.177694] initcall regmap_initcall+0x0/0x20 returned 0 after 0 usecs

[    3.184395] calling  sram_init+0x0/0x28 @ 1

[    3.188700] initcall sram_init+0x0/0x28 returned 0 after 0 usecs

[    3.194874] calling  spi_init+0x0/0xfc @ 1

[    3.199095] initcall spi_init+0x0/0xfc returned 0 after 0 usecs

[    3.205173] calling  spmi_init+0x0/0x38 @ 1

[    3.209475] initcall spmi_init+0x0/0x38 returned 0 after 0 usecs

[    3.215650] calling  i2c_init+0x0/0x11c @ 1

[    3.219963] initcall i2c_init+0x0/0x11c returned 0 after 0 usecs

[    3.226137] calling  thermal_init+0x0/0x1b4 @ 1

[    3.230809] thermal_sys: Registered thermal governor 'fair_share'

[    3.230810] thermal_sys: Registered thermal governor 'step_wise'

[    3.237069] thermal_sys: Registered thermal governor 'user_space'

[    3.243241] thermal_sys: Registered thermal governor 'power_allocator'

[    3.249502] initcall thermal_init+0x0/0x1b4 returned 0 after 19000 usecs

[    3.263086] calling  qcom_cpufreq_hw_init+0x0/0x28 @ 1

[    3.268373] initcall qcom_cpufreq_hw_init+0x0/0x28 returned 0 after 0 usecs

[    3.275528] calling  init_ladder+0x0/0x50 @ 1

[    3.280031] cpuidle: using governor ladder

[    3.284245] initcall init_ladder+0x0/0x50 returned 0 after 5000 usecs

[    3.290861] calling  init_menu+0x0/0x24 @ 1

[    3.295174] cpuidle: using governor menu

[    3.299205] initcall init_menu+0x0/0x24 returned 0 after 4000 usecs

[    3.305638] calling  teo_governor_init+0x0/0x24 @ 1

[    3.310646] initcall teo_governor_init+0x0/0x24 returned 0 after 0 usecs

[    3.317531] calling  pcc_init+0x0/0xc8 @ 1

[    3.321745] initcall pcc_init+0x0/0xc8 returned -19 after 0 usecs

[    3.328002] calling  qcom_apcs_ipc_init+0x0/0x28 @ 1

[    3.333115] initcall qcom_apcs_ipc_init+0x0/0x28 returned 0 after 0 usecs

[    3.340086] calling  qcom_hwspinlock_init+0x0/0x28 @ 1

[    3.345371] initcall qcom_hwspinlock_init+0x0/0x28 returned 0 after 0 usecs

[    3.352515] calling  rpmsg_init+0x0/0xb4 @ 1

[    3.356904] initcall rpmsg_init+0x0/0xb4 returned 0 after 0 usecs

[    3.363164] calling  rpmsg_ns_init+0x0/0x68 @ 1

[    3.367823] initcall rpmsg_ns_init+0x0/0x68 returned 0 after 0 usecs

[    3.374354] calling  qrtr_proto_init+0x0/0x84 @ 1

[    3.379209] NET: Registered PF_QIPCRTR protocol family

[    3.384519] initcall qrtr_proto_init+0x0/0x84 returned 0 after 6000 usecs

[    3.391492] calling  kobject_uevent_init+0x0/0x24 @ 1

[    3.396691] initcall kobject_uevent_init+0x0/0x24 returned 0 after 0 usecs

[    3.403844] entering initcall level: arch

[    3.407973] calling  reserve_memblock_reserved_regions+0x0/0x188 @ 1

[    3.414512] initcall reserve_memblock_reserved_regions+0x0/0x188 returned 0 after 0 usecs

[    3.422906] calling  aarch32_alloc_vdso_pages+0x0/0xf0 @ 1

[    3.428541] initcall aarch32_alloc_vdso_pages+0x0/0xf0 returned 0 after 0 usecs

[    3.436050] calling  vdso_init+0x0/0x100 @ 1

[    3.440434] initcall vdso_init+0x0/0x100 returned 0 after 0 usecs

[    3.446692] calling  arm64_create_dummy_rsi_dev+0x0/0x48 @ 1

[    3.452502] initcall arm64_create_dummy_rsi_dev+0x0/0x48 returned 0 after 0 usecs

[    3.460185] calling  arch_hw_breakpoint_init+0x0/0xd4 @ 1

[    3.465734] hw-breakpoint: found 6 breakpoint and 4 watchpoint registers.

[    3.472840] initcall arch_hw_breakpoint_init+0x0/0xd4 returned 0 after 7000 usecs

[    3.480528] calling  adjust_protection_map+0x0/0x30 @ 1

[    3.485896] initcall adjust_protection_map+0x0/0x30 returned 0 after 0 usecs

[    3.493137] calling  asids_update_limit+0x0/0xb4 @ 1

[    3.498245] ASID allocator initialised with 32768 entries

[    3.503794] initcall asids_update_limit+0x0/0xb4 returned 0 after 6000 usecs

[    3.511034] calling  hugetlbpage_init+0x0/0x3c @ 1

[    3.515960] initcall hugetlbpage_init+0x0/0x3c returned 0 after 0 usecs

[    3.522746] calling  p2m_init+0x0/0x10 @ 1

[    3.526961] initcall p2m_init+0x0/0x10 returned 0 after 0 usecs

[    3.533036] calling  xen_mm_init+0x0/0x190 @ 1

[    3.537608] initcall xen_mm_init+0x0/0x190 returned 0 after 0 usecs

[    3.544041] calling  kcmp_cookies_init+0x0/0x58 @ 1

[    3.549052] initcall kcmp_cookies_init+0x0/0x58 returned 0 after 0 usecs

[    3.555937] calling  s700_pinctrl_init+0x0/0x28 @ 1

[    3.560957] initcall s700_pinctrl_init+0x0/0x28 returned 0 after 0 usecs

[    3.567843] calling  s900_pinctrl_init+0x0/0x28 @ 1

[    3.572857] initcall s900_pinctrl_init+0x0/0x28 returned 0 after 0 usecs

[    3.579741] calling  ns2_pinmux_init+0x0/0x28 @ 1

[    3.584585] initcall ns2_pinmux_init+0x0/0x28 returned 0 after 0 usecs

[    3.591286] calling  imx8mm_pinctrl_init+0x0/0x28 @ 1

[    3.596486] initcall imx8mm_pinctrl_init+0x0/0x28 returned 0 after 0 usecs

[    3.603544] calling  imx8mn_pinctrl_init+0x0/0x28 @ 1

[    3.608743] initcall imx8mn_pinctrl_init+0x0/0x28 returned 0 after 0 usecs

[    3.615800] calling  imx8mp_pinctrl_init+0x0/0x28 @ 1

[    3.620998] initcall imx8mp_pinctrl_init+0x0/0x28 returned 0 after 0 usecs

[    3.628055] calling  imx8mq_pinctrl_init+0x0/0x28 @ 1

[    3.633251] initcall imx8mq_pinctrl_init+0x0/0x28 returned 0 after 0 usecs

[    3.640310] calling  imx8qm_pinctrl_init+0x0/0x28 @ 1

[    3.645508] initcall imx8qm_pinctrl_init+0x0/0x28 returned 0 after 0 usecs

[    3.652566] calling  imx8qxp_pinctrl_init+0x0/0x28 @ 1

[    3.657848] initcall imx8qxp_pinctrl_init+0x0/0x28 returned 0 after 0 usecs

[    3.664991] calling  imx8dxl_pinctrl_init+0x0/0x28 @ 1

[    3.670274] initcall imx8dxl_pinctrl_init+0x0/0x28 returned 0 after 0 usecs

[    3.677428] calling  imx8ulp_pinctrl_init+0x0/0x28 @ 1

[    3.682711] initcall imx8ulp_pinctrl_init+0x0/0x28 returned 0 after 0 usecs

[    3.689854] calling  imx91_pinctrl_init+0x0/0x28 @ 1

[    3.694965] initcall imx91_pinctrl_init+0x0/0x28 returned 0 after 0 usecs

[    3.701935] calling  imx93_pinctrl_init+0x0/0x28 @ 1

[    3.707045] initcall imx93_pinctrl_init+0x0/0x28 returned 0 after 0 usecs

[    3.714014] calling  mtk_pinctrl_init+0x0/0x28 @ 1

[    3.718944] initcall mtk_pinctrl_init+0x0/0x28 returned 0 after 0 usecs

[    3.725742] calling  mt6765_pinctrl_init+0x0/0x28 @ 1

[    3.730940] initcall mt6765_pinctrl_init+0x0/0x28 returned 0 after 0 usecs

[    3.738001] calling  mt6779_pinctrl_init+0x0/0x28 @ 1

[    3.743200] initcall mt6779_pinctrl_init+0x0/0x28 returned 0 after 0 usecs

[    3.750256] calling  mtk_pinctrl_init+0x0/0x28 @ 1

[    3.755184] initcall mtk_pinctrl_init+0x0/0x28 returned 0 after 0 usecs

[    3.761982] calling  mt6797_pinctrl_init+0x0/0x28 @ 1

[    3.767180] initcall mt6797_pinctrl_init+0x0/0x28 returned 0 after 0 usecs

[    3.774239] calling  mt6893_pinctrl_init+0x0/0x28 @ 1

[    3.779437] initcall mt6893_pinctrl_init+0x0/0x28 returned 0 after 0 usecs

[    3.786496] calling  mt7622_pinctrl_init+0x0/0x28 @ 1

[    3.791694] initcall mt7622_pinctrl_init+0x0/0x28 returned 0 after 0 usecs

[    3.798751] calling  mt7981_pinctrl_init+0x0/0x28 @ 1

[    3.803953] initcall mt7981_pinctrl_init+0x0/0x28 returned 0 after 0 usecs

[    3.811010] calling  mt7986a_pinctrl_init+0x0/0x28 @ 1

[    3.816294] initcall mt7986a_pinctrl_init+0x0/0x28 returned 0 after 0 usecs

[    3.823437] calling  mt7986b_pinctrl_init+0x0/0x2c @ 1

[    3.828720] initcall mt7986b_pinctrl_init+0x0/0x2c returned 0 after 0 usecs

[    3.835864] calling  mt7988_pinctrl_init+0x0/0x28 @ 1

[    3.841063] initcall mt7988_pinctrl_init+0x0/0x28 returned 0 after 0 usecs

[    3.848121] calling  mtk_pinctrl_init+0x0/0x28 @ 1

[    3.853049] initcall mtk_pinctrl_init+0x0/0x28 returned 0 after 0 usecs

[    3.859836] calling  mtk_pinctrl_init+0x0/0x28 @ 1

[    3.864763] initcall mtk_pinctrl_init+0x0/0x28 returned 0 after 0 usecs

[    3.871562] calling  mt8183_pinctrl_init+0x0/0x28 @ 1

[    3.876762] initcall mt8183_pinctrl_init+0x0/0x28 returned 0 after 0 usecs

[    3.883819] calling  mt8186_pinctrl_init+0x0/0x28 @ 1

[    3.889018] initcall mt8186_pinctrl_init+0x0/0x28 returned 0 after 0 usecs

[    3.896076] calling  mt8188_pinctrl_init+0x0/0x28 @ 1

[    3.901276] initcall mt8188_pinctrl_init+0x0/0x28 returned 0 after 0 usecs

[    3.908334] calling  mt8189_pinctrl_init+0x0/0x28 @ 1

[    3.913534] initcall mt8189_pinctrl_init+0x0/0x28 returned 0 after 0 usecs

[    3.920593] calling  mt8192_pinctrl_init+0x0/0x28 @ 1

[    3.925791] initcall mt8192_pinctrl_init+0x0/0x28 returned 0 after 0 usecs

[    3.932849] calling  mt8195_pinctrl_init+0x0/0x28 @ 1

[    3.938048] initcall mt8195_pinctrl_init+0x0/0x28 returned 0 after 0 usecs

[    3.945105] calling  mt8196_pinctrl_init+0x0/0x28 @ 1

[    3.950304] initcall mt8196_pinctrl_init+0x0/0x28 returned 0 after 0 usecs

[    3.957363] calling  mtk_pinctrl_init+0x0/0x28 @ 1

[    3.962290] initcall mtk_pinctrl_init+0x0/0x28 returned 0 after 0 usecs

[    3.969088] calling  mtk_pinctrl_init+0x0/0x28 @ 1

[    3.974016] initcall mtk_pinctrl_init+0x0/0x28 returned 0 after 0 usecs

[    3.980814] calling  ipq5018_pinctrl_init+0x0/0x28 @ 1

[    3.986100] initcall ipq5018_pinctrl_init+0x0/0x28 returned 0 after 0 usecs

[    3.993244] calling  ipq5332_pinctrl_init+0x0/0x28 @ 1

[    3.998529] initcall ipq5332_pinctrl_init+0x0/0x28 returned 0 after 0 usecs

[    4.005673] calling  ipq5424_pinctrl_init+0x0/0x28 @ 1

[    4.010958] initcall ipq5424_pinctrl_init+0x0/0x28 returned 0 after 0 usecs

[    4.018101] calling  ipq8074_pinctrl_init+0x0/0x28 @ 1

[    4.023386] initcall ipq8074_pinctrl_init+0x0/0x28 returned 0 after 0 usecs

[    4.030529] calling  ipq6018_pinctrl_init+0x0/0x28 @ 1

[    4.035813] initcall ipq6018_pinctrl_init+0x0/0x28 returned 0 after 0 usecs

[    4.042957] calling  ipq9574_pinctrl_init+0x0/0x28 @ 1

[    4.048241] initcall ipq9574_pinctrl_init+0x0/0x28 returned 0 after 0 usecs

[    4.055385] calling  msm8916_pinctrl_init+0x0/0x28 @ 1

[    4.060670] initcall msm8916_pinctrl_init+0x0/0x28 returned 0 after 0 usecs

[    4.067813] calling  msm8953_pinctrl_init+0x0/0x28 @ 1

[    4.073099] initcall msm8953_pinctrl_init+0x0/0x28 returned 0 after 0 usecs

[    4.080242] calling  msm8976_pinctrl_init+0x0/0x28 @ 1

[    4.085527] initcall msm8976_pinctrl_init+0x0/0x28 returned 0 after 0 usecs

[    4.092673] calling  msm8994_pinctrl_init+0x0/0x28 @ 1

[    4.097956] initcall msm8994_pinctrl_init+0x0/0x28 returned 0 after 0 usecs

[    4.105101] calling  msm8996_pinctrl_init+0x0/0x28 @ 1

[    4.110386] initcall msm8996_pinctrl_init+0x0/0x28 returned 0 after 0 usecs

[    4.117541] calling  msm8998_pinctrl_init+0x0/0x28 @ 1

[    4.122826] initcall msm8998_pinctrl_init+0x0/0x28 returned 0 after 0 usecs

[    4.129981] calling  qcm2290_pinctrl_init+0x0/0x28 @ 1

[    4.135264] initcall qcm2290_pinctrl_init+0x0/0x28 returned 0 after 0 usecs

[    4.142409] calling  qcs404_pinctrl_init+0x0/0x28 @ 1

[    4.147609] initcall qcs404_pinctrl_init+0x0/0x28 returned 0 after 0 usecs

[    4.154668] calling  qcs615_tlmm_init+0x0/0x28 @ 1

[    4.159595] initcall qcs615_tlmm_init+0x0/0x28 returned 0 after 0 usecs

[    4.166394] calling  qcs8300_pinctrl_init+0x0/0x28 @ 1

[    4.171681] initcall qcs8300_pinctrl_init+0x0/0x28 returned 0 after 0 usecs

[    4.178824] calling  qdf2xxx_pinctrl_init+0x0/0x28 @ 1

[    4.184108] initcall qdf2xxx_pinctrl_init+0x0/0x28 returned 0 after 0 usecs

[    4.191253] calling  qdu1000_tlmm_init+0x0/0x28 @ 1

[    4.196266] initcall qdu1000_tlmm_init+0x0/0x28 returned 0 after 0 usecs

[    4.203150] calling  sa8775p_pinctrl_init+0x0/0x28 @ 1

[    4.208435] initcall sa8775p_pinctrl_init+0x0/0x28 returned 0 after 0 usecs

[    4.215578] calling  sc7180_pinctrl_init+0x0/0x28 @ 1

[    4.220778] initcall sc7180_pinctrl_init+0x0/0x28 returned 0 after 0 usecs

[    4.227837] calling  sc7280_pinctrl_init+0x0/0x28 @ 1

[    4.233035] initcall sc7280_pinctrl_init+0x0/0x28 returned 0 after 0 usecs

[    4.240095] calling  sc8180x_pinctrl_init+0x0/0x28 @ 1

[    4.245379] initcall sc8180x_pinctrl_init+0x0/0x28 returned 0 after 0 usecs

[    4.252524] calling  sc8280xp_pinctrl_init+0x0/0x28 @ 1

[    4.257895] initcall sc8280xp_pinctrl_init+0x0/0x28 returned 0 after 0 usecs

[    4.265136] calling  sdm660_pinctrl_init+0x0/0x28 @ 1

[    4.270336] initcall sdm660_pinctrl_init+0x0/0x28 returned 0 after 0 usecs

[    4.277395] calling  sdm670_pinctrl_init+0x0/0x28 @ 1

[    4.282594] initcall sdm670_pinctrl_init+0x0/0x28 returned 0 after 0 usecs

[    4.289653] calling  sdm845_pinctrl_init+0x0/0x28 @ 1

[    4.294851] initcall sdm845_pinctrl_init+0x0/0x28 returned 0 after 0 usecs

[    4.301909] calling  sdx75_pinctrl_init+0x0/0x28 @ 1

[    4.307009] initcall sdx75_pinctrl_init+0x0/0x28 returned 0 after 0 usecs

[    4.313979] calling  sm4450_tlmm_init+0x0/0x28 @ 1

[    4.318907] initcall sm4450_tlmm_init+0x0/0x28 returned 0 after 0 usecs

[    4.325696] calling  sm6115_tlmm_init+0x0/0x28 @ 1

[    4.330623] initcall sm6115_tlmm_init+0x0/0x28 returned 0 after 0 usecs

[    4.337410] calling  sm6125_tlmm_init+0x0/0x28 @ 1

[    4.342338] initcall sm6125_tlmm_init+0x0/0x28 returned 0 after 0 usecs

[    4.349126] calling  sm6350_tlmm_init+0x0/0x28 @ 1

[    4.354056] initcall sm6350_tlmm_init+0x0/0x28 returned 0 after 0 usecs

[    4.360843] calling  sm6375_tlmm_init+0x0/0x28 @ 1

[    4.365770] initcall sm6375_tlmm_init+0x0/0x28 returned 0 after 0 usecs

[    4.372558] calling  sm8150_pinctrl_init+0x0/0x28 @ 1

[    4.377757] initcall sm8150_pinctrl_init+0x0/0x28 returned 0 after 0 usecs

[    4.384814] calling  sm8250_pinctrl_init+0x0/0x28 @ 1

[    4.390014] initcall sm8250_pinctrl_init+0x0/0x28 returned 0 after 0 usecs

[    4.397072] calling  sm8350_tlmm_init+0x0/0x28 @ 1

[    4.401998] initcall sm8350_tlmm_init+0x0/0x28 returned 0 after 0 usecs

[    4.408786] calling  sm8450_tlmm_init+0x0/0x28 @ 1

[    4.413713] initcall sm8450_tlmm_init+0x0/0x28 returned 0 after 0 usecs

[    4.420512] calling  sm8550_tlmm_init+0x0/0x28 @ 1

[    4.425443] initcall sm8550_tlmm_init+0x0/0x28 returned 0 after 0 usecs

[    4.432242] calling  sm8650_tlmm_init+0x0/0x28 @ 1

[    4.437171] initcall sm8650_tlmm_init+0x0/0x28 returned 0 after 0 usecs

[    4.443970] calling  sm8750_tlmm_init+0x0/0x28 @ 1

[    4.448899] initcall sm8750_tlmm_init+0x0/0x28 returned 0 after 0 usecs

[    4.455686] calling  x1e80100_pinctrl_init+0x0/0x28 @ 1

[    4.461056] initcall x1e80100_pinctrl_init+0x0/0x28 returned 0 after 0 usecs

[    4.468297] calling  rtd1619b_pinctrl_init+0x0/0x28 @ 1

[    4.473669] initcall rtd1619b_pinctrl_init+0x0/0x28 returned 0 after 0 usecs

[    4.480910] calling  rtd1319d_pinctrl_init+0x0/0x28 @ 1

[    4.486279] initcall rtd1319d_pinctrl_init+0x0/0x28 returned 0 after 0 usecs

[    4.493522] calling  rtd1315e_pinctrl_init+0x0/0x28 @ 1

[    4.498897] initcall rtd1315e_pinctrl_init+0x0/0x28 returned 0 after 0 usecs

[    4.506141] calling  tegra124_pinctrl_init+0x0/0x28 @ 1

[    4.511514] initcall tegra124_pinctrl_init+0x0/0x28 returned 0 after 0 usecs

[    4.518755] calling  tegra210_pinctrl_init+0x0/0x28 @ 1

[    4.524127] initcall tegra210_pinctrl_init+0x0/0x28 returned 0 after 0 usecs

[    4.531368] calling  tegra186_pinctrl_init+0x0/0x28 @ 1

[    4.536739] initcall tegra186_pinctrl_init+0x0/0x28 returned 0 after 0 usecs

[    4.543982] calling  tegra194_pinctrl_init+0x0/0x28 @ 1

[    4.549353] initcall tegra194_pinctrl_init+0x0/0x28 returned 0 after 0 usecs

[    4.556595] calling  tegra234_pinctrl_init+0x0/0x28 @ 1

[    4.561965] initcall tegra234_pinctrl_init+0x0/0x28 returned 0 after 0 usecs

[    4.569207] calling  tmpv7700_pinctrl_init+0x0/0x28 @ 1

[    4.574579] initcall tmpv7700_pinctrl_init+0x0/0x28 returned 0 after 0 usecs

[    4.581820] calling  mpc8xxx_init+0x0/0x28 @ 1

[    4.586394] initcall mpc8xxx_init+0x0/0x28 returned 0 after 0 usecs

[    4.592829] calling  acpi_pci_init+0x0/0x78 @ 1

[    4.597484] initcall acpi_pci_init+0x0/0x78 returned 0 after 0 usecs

[    4.604014] calling  clk_en7523_init+0x0/0x28 @ 1

[    4.608857] initcall clk_en7523_init+0x0/0x28 returned 0 after 0 usecs

[    4.615557] calling  clk_mt6765_init+0x0/0x28 @ 1

[    4.620400] initcall clk_mt6765_init+0x0/0x28 returned 0 after 0 usecs

[    4.627103] calling  clk_mt6779_init+0x0/0x44 @ 1

[    4.631951] initcall clk_mt6779_init+0x0/0x44 returned 0 after 0 usecs

[    4.638654] calling  clk_mt6797_init+0x0/0x28 @ 1

[    4.643496] initcall clk_mt6797_init+0x0/0x28 returned 0 after 0 usecs

[    4.650197] calling  samsung_pll_disable_early_timeout+0x0/0x10 @ 1

[    4.656631] initcall samsung_pll_disable_early_timeout+0x0/0x10 returned 0 after 0 usecs

[    4.664938] calling  tegra_clocks_apply_init_table+0x0/0x34 @ 1

[    4.671015] initcall tegra_clocks_apply_init_table+0x0/0x34 returned 0 after 0 usecs

[    4.678967] calling  dma_channel_table_init+0x0/0x194 @ 1

[    4.684521] initcall dma_channel_table_init+0x0/0x194 returned 0 after 0 usecs

[    4.691933] calling  dma_bus_init+0x0/0x170 @ 1

[    4.696616] initcall dma_bus_init+0x0/0x170 returned 0 after 0 usecs

[    4.703148] calling  brcmstb_soc_device_init+0x0/0x13c @ 1

[    4.709039] initcall brcmstb_soc_device_init+0x0/0x13c returned 0 after 0 usecs

[    4.716550] calling  mediatek_regulator_coupler_init+0x0/0xc8 @ 1

[    4.722813] initcall mediatek_regulator_coupler_init+0x0/0xc8 returned 0 after 0 usecs

[    4.730947] calling  rpm_proc_init+0x0/0x28 @ 1

[    4.735611] initcall rpm_proc_init+0x0/0x28 returned 0 after 0 usecs

[    4.742143] calling  qcom_smd_rpm_init+0x0/0x2c @ 1

[    4.747157] initcall qcom_smd_rpm_init+0x0/0x2c returned 0 after 0 usecs

[    4.754041] calling  qcom_smem_init+0x0/0x28 @ 1

[    4.758787] initcall qcom_smem_init+0x0/0x28 returned 0 after 0 usecs

[    4.765403] calling  sunxi_mbus_init+0x0/0x48 @ 1

[    4.770244] initcall sunxi_mbus_init+0x0/0x48 returned 0 after 0 usecs

[    4.776946] calling  register_xen_platform_notifier+0x0/0x58 @ 1

[    4.783120] initcall register_xen_platform_notifier+0x0/0x58 returned 0 after 0 usecs

[    4.791158] calling  register_xen_amba_notifier+0x0/0x5c @ 1

[    4.796965] initcall register_xen_amba_notifier+0x0/0x5c returned 0 after 0 usecs

[    4.804648] calling  register_xen_pci_notifier+0x0/0x50 @ 1

[    4.810367] initcall register_xen_pci_notifier+0x0/0x50 returned 0 after 0 usecs

[    4.817961] calling  hi3660_reset_init+0x0/0x28 @ 1

[    4.822977] initcall hi3660_reset_init+0x0/0x28 returned 0 after 0 usecs

[    4.829861] calling  zynqmp_reset_init+0x0/0x28 @ 1

[    4.834875] initcall zynqmp_reset_init+0x0/0x28 returned 0 after 0 usecs

[    4.841761] calling  serial_base_init+0x0/0x94 @ 1

[    4.846696] initcall serial_base_init+0x0/0x94 returned 0 after 0 usecs

[    4.853497] calling  pl011_init+0x0/0x78 @ 1

[    4.857883] Serial: AMBA PL011 UART driver

[    4.862107] initcall pl011_init+0x0/0x78 returned 0 after 4000 usecs

[    4.868640] calling  mvebu_uart_init+0x0/0x9c @ 1

[    4.873492] initcall mvebu_uart_init+0x0/0x9c returned 0 after 0 usecs

[    4.880194] calling  cdns_uart_init+0x0/0x28 @ 1

[    4.884950] initcall cdns_uart_init+0x0/0x28 returned 0 after 0 usecs

[    4.891567] calling  iommu_dma_init+0x0/0x38 @ 1

[    4.896317] initcall iommu_dma_init+0x0/0x38 returned 0 after 0 usecs

[    4.902932] calling  sdei_init+0x0/0x28 @ 1

[    4.907238] initcall sdei_init+0x0/0x28 returned 0 after 0 usecs

[    4.913411] calling  dmi_id_init+0x0/0x350 @ 1

[    4.918013] initcall dmi_id_init+0x0/0x350 returned 0 after 0 usecs

[    4.924448] calling  qcom_ipcc_init+0x0/0x28 @ 1

[    4.929193] initcall qcom_ipcc_init+0x0/0x28 returned 0 after 0 usecs

[    4.935809] calling  cix_mailbox_init+0x0/0x28 @ 1

[    4.940738] initcall cix_mailbox_init+0x0/0x28 returned 0 after 0 usecs

[    4.947535] calling  qcom_smd_init+0x0/0x28 @ 1

[    4.952197] initcall qcom_smd_init+0x0/0x28 returned 0 after 0 usecs

[    4.958717] calling  tegra_mc_init+0x0/0x28 @ 1

[    4.963378] initcall tegra_mc_init+0x0/0x28 returned 0 after 0 usecs

[    4.969909] calling  iproc_gpio_init+0x0/0x28 @ 1

[    4.974753] initcall iproc_gpio_init+0x0/0x28 returned 0 after 0 usecs

[    4.981455] calling  of_platform_default_populate_init+0x0/0x108 @ 1

[    4.988114] probe of 80860000.aop-cmd-db returned 0 after 0 usecs

[    4.994530] probe of smem returned -517 after 0 usecs

[    5.000454] probe of power-domain-cpu0 returned -517 after 0 usecs

[    5.006822] probe of power-domain-cpu1 returned -517 after 0 usecs

[    5.013179] probe of power-domain-cpu2 returned -517 after 0 usecs

[    5.019536] probe of power-domain-cpu3 returned -517 after 0 usecs

[    5.025898] probe of power-domain-cpu4 returned -517 after 0 usecs

[    5.032254] probe of power-domain-cpu5 returned -517 after 0 usecs

[    5.038612] probe of power-domain-cpu6 returned -517 after 0 usecs

[    5.044972] probe of power-domain-cpu7 returned -517 after 0 usecs

[    5.051418] probe of power-domain-cluster returned 0 after 0 usecs

[    5.057875] CPUidle PSCI: Initialized CPU PM domain topology using OSI mode

[    5.065044] probe of psci returned 0 after 64000 usecs

[    5.073233] /soc@0/stm@6002000: Fixed dependency cycle(s) with /soc@0/funnel@6041000

[    5.081199] /soc@0/funnel@6041000: Fixed dependency cycle(s) with /soc@0/stm@6002000

[    5.089161] /soc@0/funnel@6041000: Fixed dependency cycle(s) with /soc@0/funnel@6045000

[    5.097386] /soc@0/funnel@6042000: Fixed dependency cycle(s) with /soc@0/funnel@7810000

[    5.105609] /soc@0/funnel@6042000: Fixed dependency cycle(s) with /soc@0/funnel@6045000

[    5.113834] /soc@0/funnel@6045000: Fixed dependency cycle(s) with /soc@0/funnel@6042000

[    5.122054] /soc@0/funnel@6045000: Fixed dependency cycle(s) with /soc@0/funnel@6041000

[    5.130278] /soc@0/funnel@6045000: Fixed dependency cycle(s) with /soc@0/funnel@6b04000

[    5.138505] /soc@0/replicator@6046000: Fixed dependency cycle(s) with /soc@0/replicator@6b06000

[    5.147439] /soc@0/replicator@6046000: Fixed dependency cycle(s) with /soc@0/etr@6048000

[    5.155754] /soc@0/etr@6048000: Fixed dependency cycle(s) with /soc@0/replicator@6046000

[    5.164069] /soc@0/funnel@6b04000: Fixed dependency cycle(s) with /soc@0/funnel@6045000

[    5.172289] /soc@0/funnel@6b04000: Fixed dependency cycle(s) with /soc@0/etf@6b05000

[    5.180248] /soc@0/etf@6b05000: Fixed dependency cycle(s) with /soc@0/funnel@6b04000

[    5.188199] /soc@0/etf@6b05000: Fixed dependency cycle(s) with /soc@0/replicator@6b06000

[    5.196515] /soc@0/replicator@6b06000: Fixed dependency cycle(s) with /soc@0/etf@6b05000

[    5.204823] /soc@0/replicator@6b06000: Fixed dependency cycle(s) with /soc@0/replicator@6046000

[    5.213763] /soc@0/etm@7040000: Fixed dependency cycle(s) with /soc@0/funnel@7800000

[    5.221722] /soc@0/etm@7140000: Fixed dependency cycle(s) with /soc@0/funnel@7800000

[    5.229683] /soc@0/etm@7240000: Fixed dependency cycle(s) with /soc@0/funnel@7800000

[    5.237641] /soc@0/etm@7340000: Fixed dependency cycle(s) with /soc@0/funnel@7800000

[    5.245601] /soc@0/etm@7440000: Fixed dependency cycle(s) with /soc@0/funnel@7800000

[    5.253560] /soc@0/etm@7540000: Fixed dependency cycle(s) with /soc@0/funnel@7800000

[    5.261519] /soc@0/etm@7640000: Fixed dependency cycle(s) with /soc@0/funnel@7800000

[    5.269477] /soc@0/etm@7740000: Fixed dependency cycle(s) with /soc@0/funnel@7800000

[    5.277431] /soc@0/funnel@7800000: Fixed dependency cycle(s) with /soc@0/etm@7740000

[    5.285384] /soc@0/funnel@7800000: Fixed dependency cycle(s) with /soc@0/etm@7640000

[    5.293336] /soc@0/funnel@7800000: Fixed dependency cycle(s) with /soc@0/etm@7540000

[    5.301287] /soc@0/funnel@7800000: Fixed dependency cycle(s) with /soc@0/etm@7440000

[    5.309240] /soc@0/funnel@7800000: Fixed dependency cycle(s) with /soc@0/etm@7340000

[    5.317191] /soc@0/funnel@7800000: Fixed dependency cycle(s) with /soc@0/etm@7240000

[    5.325142] /soc@0/funnel@7800000: Fixed dependency cycle(s) with /soc@0/etm@7140000

[    5.333093] /soc@0/funnel@7800000: Fixed dependency cycle(s) with /soc@0/etm@7040000

[    5.341048] /soc@0/funnel@7800000: Fixed dependency cycle(s) with /soc@0/funnel@7810000

[    5.349273] /soc@0/funnel@7810000: Fixed dependency cycle(s) with /soc@0/funnel@7800000

[    5.357495] /soc@0/funnel@7810000: Fixed dependency cycle(s) with /soc@0/funnel@6042000

[    5.365734] /soc@0/phy@88e8000: Fixed dependency cycle(s) with /soc@0/display-subsystem@ae00000/displayport-controller@ae90000

[    5.377428] /soc@0/phy@88e8000: Fixed dependency cycle(s) with /soc@0/usb@a600000

[    5.385139] /soc@0/usb@a600000: Fixed dependency cycle(s) with /soc@0/phy@88e8000

[    5.392842] /soc@0/clock-controller@af00000: Fixed dependency cycle(s) with /soc@0/phy@88e8000

[    5.401696] /soc@0/display-subsystem@ae00000: Fixed dependency cycle(s) with /soc@0/clock-controller@af00000

[    5.411796] /soc@0/display-subsystem@ae00000/display-controller@ae01000: Fixed dependency cycle(s) with /soc@0/display-subsystem@ae00000/displayport-controller@ae90000

[    5.427145] /soc@0/display-subsystem@ae00000/display-controller@ae01000: Fixed dependency cycle(s) with /soc@0/display-subsystem@ae00000

[    5.439734] /soc@0/display-subsystem@ae00000/display-controller@ae01000: Fixed dependency cycle(s) with /soc@0/clock-controller@af00000

[    5.452246] /soc@0/display-subsystem@ae00000/displayport-controller@ae90000: Fixed dependency cycle(s) with /soc@0/display-subsystem@ae00000/display-controller@ae01000

[    5.467593] /soc@0/display-subsystem@ae00000/displayport-controller@ae90000: Fixed dependency cycle(s) with /soc@0/phy@88e8000

[    5.479288] /soc@0/display-subsystem@ae00000/displayport-controller@ae90000: Fixed dependency cycle(s) with /soc@0/clock-controller@af00000

[    5.492137] /soc@0/display-subsystem@ae00000/displayport-controller@ae90000: Fixed dependency cycle(s) with /soc@0/display-subsystem@ae00000

[    5.505120] /soc@0/interrupt-controller@17a00000: Fixed dependency cycle(s) with /soc@0/interrupt-controller@17a00000

[    5.516373] probe of 408000.mailbox returned 0 after 0 usecs

[    5.523757] probe of 1f40000.hwlock returned 0 after 0 usecs

[    5.530669] /soc@0/stm@6002000: Fixed dependency cycle(s) with /soc@0/funnel@6041000

[    5.538654] /soc@0/stm@6002000: Fixed dependency cycle(s) with /soc@0/funnel@6041000

[    5.546622] /soc@0/funnel@6041000: Fixed dependency cycle(s) with /soc@0/stm@6002000

[    5.554590] /soc@0/funnel@6041000: Fixed dependency cycle(s) with /soc@0/funnel@6045000

[    5.562834] /soc@0/funnel@6042000: Fixed dependency cycle(s) with /soc@0/funnel@7810000

[    5.571058] /soc@0/funnel@6042000: Fixed dependency cycle(s) with /soc@0/funnel@6045000

[    5.579298] /soc@0/funnel@6042000: Fixed dependency cycle(s) with /soc@0/funnel@6045000

[    5.587531] /soc@0/funnel@6041000: Fixed dependency cycle(s) with /soc@0/funnel@6045000

[    5.595764] /soc@0/funnel@6045000: Fixed dependency cycle(s) with /soc@0/funnel@6042000

[    5.603990] /soc@0/funnel@6045000: Fixed dependency cycle(s) with /soc@0/funnel@6041000

[    5.612220] /soc@0/funnel@6045000: Fixed dependency cycle(s) with /soc@0/funnel@6b04000

[    5.620462] /soc@0/replicator@6046000: Fixed dependency cycle(s) with /soc@0/replicator@6b06000

[    5.629398] /soc@0/replicator@6046000: Fixed dependency cycle(s) with /soc@0/etr@6048000

[    5.637720] /soc@0/replicator@6046000: Fixed dependency cycle(s) with /soc@0/etr@6048000

[    5.646045] /soc@0/etr@6048000: Fixed dependency cycle(s) with /soc@0/replicator@6046000

[    5.654379] /soc@0/funnel@6045000: Fixed dependency cycle(s) with /soc@0/funnel@6b04000

[    5.662613] /soc@0/funnel@6b04000: Fixed dependency cycle(s) with /soc@0/funnel@6045000

[    5.670842] /soc@0/funnel@6b04000: Fixed dependency cycle(s) with /soc@0/etf@6b05000

[    5.678814] /soc@0/funnel@6b04000: Fixed dependency cycle(s) with /soc@0/etf@6b05000

[    5.686780] /soc@0/etf@6b05000: Fixed dependency cycle(s) with /soc@0/funnel@6b04000

[    5.694743] /soc@0/etf@6b05000: Fixed dependency cycle(s) with /soc@0/replicator@6b06000

