S - Format: Log Type - Time(microsec) - Message - Optional Info

S - Log Type: B - Since Boot(Power On Reset),  D - Delta,  S - Statistic

S - QC_IMAGE_VERSION_STRING=BOOT.MXF.1.0.1-00549-KODIAKWP-1

S - IMAGE_VARIANT_STRING=SocKodiakWP

S - OEM_IMAGE_VERSION_STRING=wa-lxc

S - Boot Interface: SPI

S - Secure Boot: Off

S - Boot Config @ 0x00786070 = 0x000000c9

S - JTAG ID @ 0x00786130 = 0x001980e1

S - OEM ID @ 0x00786138 = 0x00000000

S - Serial Number @ 0x00786134 = 0x8dbddd5e

S - OEM Config Row 0 @ 0x007841c0 = 0x0000000000000000

S - OEM Config Row 1 @ 0x007841c8 = 0x0000000000000000

S - Feature Config Row 0 @ 0x00784148 = 0x0000000000000000

S - Feature Config Row 1 @ 0x00784150 = 0x0000000000000000

S - Core 0 Frequency, 1516 MHz

S - PBL Patch Ver: 1

D -      6614 - pbl_apps_init_timestamp

D -      3433 - bootable_media_detect_timestamp

D -       811 - bl_elf_metadata_loading_timestamp

D -       703 - bl_hash_seg_auth_timestamp

D -     26495 - bl_elf_loadable_segment_loading_timestamp

D -      4619 - bl_elf_segs_hash_verify_timestamp

D -     17369 - bl_sec_hash_seg_auth_timestamp

D -       822 - bl_sec_segs_hash_verify_timestamp

D -        30 - pbl_populate_shared_data_and_exit_timestamp

S -     60896 - PBL, End

B -     68411 - SBL1, Start

B -    194254 - SBL1 BUILD @ 21:01:04 on Jan 20 2026

B -    198311 - usb: eud_serial_upd , 0x8dbddd5e

D -    201574 - sbl1_hw_init

D -     10675 - boot_media_init

D -         0 - smss_load_cancel

B -    219508 - SMSS -  Image Load, Start

D -      2989 - SMSS -  Image Loaded, Delta - (0 Bytes)

D -       884 - Auth Metadata

D -      5917 - sbl1_xblconfig_init

B -    233996 - XBL Config -  Image Load, Start

D -         0 - shrm_load_cancel

B -    241560 - SHRM -  Image Load, Start

D -       519 - Auth Metadata

D -      1220 - Segments hash check

D -     12078 - SHRM -  Image Loaded, Delta - (39616 Bytes)

D -         0 - boot_default_cdt_init

D -       366 - boot_cdt_init

B -    265655 - CDT -  Image Load, Start

B -    268400 - CDT Version:3,Platform ID:32,Major ID:1,Minor ID:0,Subtype:7

D -     16256 - sbl1_hw_platform_pre_ddr

D -         0 - devcfg init

B -    293928 - PMIC A:2.0 B:1.0 C:2.2 I:1.0

B -    295697 - PM: PM8 0x4

B -    298015 - PM: xVdd reset

B -    300547 - PM: PON by PWR key DEB

B -    556472 - PM: SET_VAL:Skip

B -    558028 - PM: PSI: b0x06_v0x3f

B -    562115 - PM: Device Init # SPMI Transn: 15424

D -    278282 - pm_device_init, Delta

B -    567757 - pm_driver_init, Start

B -    578951 - PM: Driver Init # SPMI Transn: 504

D -      7716 - pm_driver_init, Delta

B -    583861 - PM: damsink err_flag = 0x0

B -    587125 - PM: dam aicl err_flag = 0x0

B -    591883 - PM: Battery ID: 10049Ohm

B -    595085 - PM: debug board connected

B -    598806 - vsense_init, Start

D -         0 - vsense_init, Delta

D -    321958 - sbl1_hw_pre_ddr_init

D -         0 - boot_dload_handle_forced_dload_timeout

D -      2959 - sbl1_load_ddr_training_data

B -    617503 - Pre_DDR_clock_init, Start

D -       213 - Pre_DDR_clock_init, Delta

D -     12932 - sbl1_ddr_set_params

B -    629215 - sbl1_ddr_init, Start

B -    632631 - LP5 DDR detected

D -     15769 - sbl1_ddr_init, Delta

B -    648369 - DSF version = 262.0.47

B -    651724 - Manufacturer ID = 13, Device Type = 8

B -    655323 - Rank 0 size = 4096 MB, Rank 1 size = 4096 MB

D -     31232 - sbl1_ddr_init

D -         0 - boot_pre_ddi_entry

B -    668529 - do_ddr_training, Start

B -    709704 - DDR: Start of DDR Training Restore

B -    713334 - Current DDR Freq = 2096 MHz

B -    714371 - Max enabled DDR Freq = 2736 MHz

B -    718397 - DDR: End of DDR Training Restore

D -     51057 - do_ddr_training, Delta

D -     58865 - sbl1_do_ddr_training

D -       732 - boot_ddi_entry

B -    734226 - Pimem init cmd, entry

D -      9211 - Pimem init cmd, exit

B -    746731 - External heap init, Start

B -    749720 - External heap init, End

D -     23211 - sbl1_post_ddr_init

D -        92 - sbl1_hw_init_secondary

B -    760700 - DDR -  Image Load, Start

B -    764452 - usb: emmc_parti_unavail

B -    768020 - usb: sdc_parti_unavail

B -    771680 - usb: Serial - 8dbddd5e

B -    775310 - usb: fedl, vbus_low

D -     14549 - boot_fedl_check

B -    782142 - APDP -  Image Load, Start

D -      3233 - APDP -  Image Loaded, Delta - (64 Bytes)

D -         0 - boot_dload_dump_security_regions

D -        31 - ramdump_load_cancel

B -    798612 - RamDump -  Image Load, Start

D -      3294 - RamDump -  Image Loaded, Delta - (0 Bytes)

D -        31 - boot_update_abnormal_reset_status

D -         0 - boot_cache_set_memory_barrier

D -         0 - boot_smem_debug_init

D -       579 - boot_smem_init

D -        31 - boot_smem_alloc_for_minidump

D -        92 - boot_smem_store_pon_status

D -        30 - sbl1_hw_platform_smem

D -        92 - boot_ddr_share_data_to_aop

D -       519 - boot_clock_init_rpm

D -         0 - boot_vsense_copy_to_smem

D -        31 - boot_populate_ram_partition_table

D -        30 - boot_populate_ddr_details_shared_table

D -         0 - sbl1_tlmm_init

D -        31 - sbl1_efs_handle_cookies

B -    861381 - OEM_MISC -  Image Load, Start

D -       762 - Auth Metadata

D -       274 - Segments hash check

D -     10644 - OEM_MISC -  Image Loaded, Delta - (7512 Bytes)

B -    875319 - QTI_MISC -  Image Load, Start

D -      5704 - QTI_MISC -  Image Loaded, Delta - (0 Bytes)

B -    890569 - PM: PM Total Mem Allocated: 2340 

D -      5459 - sbl1_pm_aop_pre_init_wrapper

B -    895236 - AOP -  Image Load, Start

D -       671 - Auth Metadata

D -      1586 - Segments hash check

D -     18330 - AOP -  Image Loaded, Delta - (203304 Bytes)

B -    916891 - QSEE Dev Config -  Image Load, Start

D -       641 - Auth Metadata

D -       488 - Segments hash check

D -     13054 - QSEE Dev Config -  Image Loaded, Delta - (41144 Bytes)

B -    938973 - QSEE -  Image Load, Start

D -     17659 - Auth Metadata

D -     22112 - Segments hash check

D -    230275 - QSEE -  Image Loaded, Delta - (3734195 Bytes)

D -         0 - sbl1_hw_play_vibr

B -   1178184 - SEC -  Image Load, Start

D -      3355 - SEC -  Image Loaded, Delta - (64 Bytes)

B -   1185077 - CPUCPFW -  Image Load, Start

D -     16989 - Auth Metadata

D -     17659 - Segments hash check

D -     52796 - CPUCPFW -  Image Loaded, Delta - (171300 Bytes)

B -   1246901 - QHEE -  Image Load, Start

D -     17354 - Auth Metadata

D -      5155 - Segments hash check

D -     41175 - QHEE -  Image Loaded, Delta - (432112 Bytes)

B -   1291400 - APPSBL -  Image Load, Start

D -       793 - Auth Metadata

D -     15494 - Segments hash check

D -    170770 - APPSBL -  Image Loaded, Delta - (3620864 Bytes)

D -         0 - sbl1_save_appsbl_index

B -   1471381 - SBL1, End

D -   1406447 - SBL1, Delta

S - Flash Throughput, 23235 KB/s  (8411417 Bytes,  362612 us)

S - DDR Frequency, 1555 MHz

?S - Format: Log Type - Time(microsec) - Message - Optional Info

S - Log Type: B - Since Boot(Power On Reset),  D - Delta,  S - Statistic

S - QC_IMAGE_VERSION_STRING=BOOT.MXF.1.0.1-00549-KODIAKWP-1

S - IMAGE_VARIANT_STRING=SocKodiakWP

S - OEM_IMAGE_VERSION_STRING=wa-lxc

S - Boot Interface: SPI

S - Secure Boot: Off

S - Boot Config @ 0x00786070 = 0x000000c9

S - JTAG ID @ 0x00786130 = 0x001980e1

S - OEM ID @ 0x00786138 = 0x00000000

S - Serial Number @ 0x00786134 = 0x8dbddd5e

S - OEM Config Row 0 @ 0x007841c0 = 0x0000000000000000

S - OEM Config Row 1 @ 0x007841c8 = 0x0000000000000000

S - Feature Config Row 0 @ 0x00784148 = 0x0000000000000000

S - Feature Config Row 1 @ 0x00784150 = 0x0000000000000000

S - Core 0 Frequency, 1516 MHz

S - PBL Patch Ver: 1

D -      6613 - pbl_apps_init_timestamp

D -      3433 - bootable_media_detect_timestamp

D -       811 - bl_elf_metadata_loading_timestamp

D -       703 - bl_hash_seg_auth_timestamp

D -     26497 - bl_elf_loadable_segment_loading_timestamp

D -      4620 - bl_elf_segs_hash_verify_timestamp

D -     17364 - bl_sec_hash_seg_auth_timestamp

D -       821 - bl_sec_segs_hash_verify_timestamp

D -        30 - pbl_populate_shared_data_and_exit_timestamp

S -     60892 - PBL, End

B -     69692 - SBL1, Start

B -    197823 - SBL1 BUILD @ 21:01:04 on Jan 20 2026

B -    201940 - usb: eud_serial_upd , 0x8dbddd5e

D -    205295 - sbl1_hw_init

D -     10858 - boot_media_init

D -         0 - smss_load_cancel

B -    223565 - SMSS -  Image Load, Start

D -      3019 - SMSS -  Image Loaded, Delta - (0 Bytes)

D -       915 - Auth Metadata

D -      6039 - sbl1_xblconfig_init

B -    238296 - XBL Config -  Image Load, Start

D -         0 - shrm_load_cancel

B -    246013 - SHRM -  Image Load, Start

D -       610 - Auth Metadata

D -      1220 - Segments hash check

D -     12291 - SHRM -  Image Loaded, Delta - (39616 Bytes)

D -         0 - boot_default_cdt_init

D -       366 - boot_cdt_init

B -    270535 - CDT -  Image Load, Start

B -    273310 - CDT Version:3,Platform ID:32,Major ID:1,Minor ID:0,Subtype:7

D -     16562 - sbl1_hw_platform_pre_ddr

D -         0 - devcfg init

B -    299327 - PMIC A:2.0 B:1.0 C:2.2 I:1.0

B -    301096 - PM: Reset by PSHOLD

B -    303475 - PM: Reset Type: Hard Reset

B -    558607 - PM: SET_VAL:Skip

B -    560163 - PM: PSI: b0x06_v0x3f

B -    564219 - PM: Device Init # SPMI Transn: 15297

D -    275171 - pm_device_init, Delta

B -    569892 - pm_driver_init, Start

B -    581086 - PM: Driver Init # SPMI Transn: 504

D -      7716 - pm_driver_init, Delta

B -    585966 - PM: damsink err_flag = 0x0

B -    589260 - PM: dam aicl err_flag = 0x0

B -    593987 - PM: Battery ID: 10048Ohm

B -    597220 - PM: debug board connected

B -    600941 - vsense_init, Start

D -         0 - vsense_init, Delta

D -    318847 - sbl1_hw_pre_ddr_init

D -         0 - boot_dload_handle_forced_dload_timeout

D -      2959 - sbl1_load_ddr_training_data

B -    619638 - Pre_DDR_clock_init, Start

D -       213 - Pre_DDR_clock_init, Delta

D -     12901 - sbl1_ddr_set_params

B -    631350 - sbl1_ddr_init, Start

B -    634766 - LP5 DDR detected

D -     15769 - sbl1_ddr_init, Delta

B -    650504 - DSF version = 262.0.47

B -    653859 - Manufacturer ID = 13, Device Type = 8

B -    657458 - Rank 0 size = 4096 MB, Rank 1 size = 4096 MB

D -     31232 - sbl1_ddr_init

D -         0 - boot_pre_ddi_entry

B -    670664 - do_ddr_training, Start

B -    711839 - DDR: Start of DDR Training Restore

B -    715469 - Current DDR Freq = 2096 MHz

B -    716506 - Max enabled DDR Freq = 2736 MHz

B -    720532 - DDR: End of DDR Training Restore

D -     51057 - do_ddr_training, Delta

D -     58865 - sbl1_do_ddr_training

D -       732 - boot_ddi_entry

B -    736331 - Pimem init cmd, entry

D -      9211 - Pimem init cmd, exit

B -    748866 - External heap init, Start

B -    751855 - External heap init, End

D -     23241 - sbl1_post_ddr_init

D -        92 - sbl1_hw_init_secondary

B -    762805 - DDR -  Image Load, Start

B -    766587 - usb: emmc_parti_unavail

B -    770155 - usb: sdc_parti_unavail

B -    773815 - usb: Serial - 8dbddd5e

B -    777445 - usb: fedl, vbus_low

D -     14549 - boot_fedl_check

B -    784277 - APDP -  Image Load, Start

D -      3233 - APDP -  Image Loaded, Delta - (64 Bytes)

D -         0 - boot_dload_dump_security_regions

D -         0 - ramdump_load_cancel

B -    800747 - RamDump -  Image Load, Start

D -      3294 - RamDump -  Image Loaded, Delta - (0 Bytes)

D -        31 - boot_update_abnormal_reset_status

D -         0 - boot_cache_set_memory_barrier

D -         0 - boot_smem_debug_init

D -       549 - boot_smem_init

D -        31 - boot_smem_alloc_for_minidump

D -        92 - boot_smem_store_pon_status

D -        30 - sbl1_hw_platform_smem

D -        61 - boot_ddr_share_data_to_aop

D -       519 - boot_clock_init_rpm

D -         0 - boot_vsense_copy_to_smem

D -        31 - boot_populate_ram_partition_table

D -        30 - boot_populate_ddr_details_shared_table

D -         0 - sbl1_tlmm_init

D -         0 - sbl1_efs_handle_cookies

B -    863485 - OEM_MISC -  Image Load, Start

D -       823 - Auth Metadata

D -       244 - Segments hash check

D -     10675 - OEM_MISC -  Image Loaded, Delta - (7512 Bytes)

B -    877454 - QTI_MISC -  Image Load, Start

D -      5704 - QTI_MISC -  Image Loaded, Delta - (0 Bytes)

B -    892704 - PM: PM Total Mem Allocated: 2340 

D -      5459 - sbl1_pm_aop_pre_init_wrapper

B -    897371 - AOP -  Image Load, Start

D -       701 - Auth Metadata

D -      1586 - Segments hash check

D -     18361 - AOP -  Image Loaded, Delta - (203304 Bytes)

B -    919026 - QSEE Dev Config -  Image Load, Start

D -       640 - Auth Metadata

D -       458 - Segments hash check

D -     13054 - QSEE Dev Config -  Image Loaded, Delta - (41144 Bytes)

B -    941108 - QSEE -  Image Load, Start

D -     17629 - Auth Metadata

D -     22051 - Segments hash check

D -    230214 - QSEE -  Image Loaded, Delta - (3734195 Bytes)

D -        30 - sbl1_hw_play_vibr

B -   1180258 - SEC -  Image Load, Start

D -      3325 - SEC -  Image Loaded, Delta - (64 Bytes)

B -   1187121 - CPUCPFW -  Image Load, Start

D -     17080 - Auth Metadata

D -     17659 - Segments hash check

D -     52887 - CPUCPFW -  Image Loaded, Delta - (171300 Bytes)

B -   1249036 - QHEE -  Image Load, Start

D -     17324 - Auth Metadata

D -      5185 - Segments hash check

D -     41205 - QHEE -  Image Loaded, Delta - (432112 Bytes)

B -   1293566 - APPSBL -  Image Load, Start

D -       762 - Auth Metadata

D -     15524 - Segments hash check

D -    170800 - APPSBL -  Image Loaded, Delta - (3620864 Bytes)

D -         0 - sbl1_save_appsbl_index

B -   1473577 - SBL1, End

D -   1407362 - SBL1, Delta

S - Flash Throughput, 23171 KB/s  (8411417 Bytes,  363010 us)

S - DDR Frequency, 1555 MHz





UEFI Start     [ 1684]

 - 0x09F001000 [ 1687] Sec.efi

ASLR        : OFF [WARNING]

DEP         : ON (RTB)

Timer Delta : +1 mS

RAM Entry 0 : Base 0x0080000000  Size 0x003B600000

RAM Entry 1 : Base 0x0180000000  Size 0x0100000000

RAM Entry 2 : Base 0x00C0000000  Size 0x00C0000000

Total Available RAM : 8118 MB (0x01FB600000)

Total Installed RAM : 8192 MB (0x0200000000)

Init 7 aux cores of 7

Init CPU core 1

Init CPU core 2

Init CPU core 3

Init CPU core 4

Init CPU core 5

Init CPU core 6

Init CPU core 7

  > Scheduler up on Core 1

Continue booting UEFI on Core 0

  > Scheduler up on Core 2

  > Scheduler up on Core 3

UEFI Ver    : 6.0.260120.BOOT.MXF.1.0.1-00549-KODIAKWP-1

Build Info  : 64b Jan 20 2026 21:01:25

Boot Device : NVME

PROD Mode   : TRUE

Retail      : TRUE

  > Scheduler up on Core 5

  > Scheduler up on Core 6

  > Scheduler up on Core 4

  > Scheduler up on Core 7

tz_armv8_smc_call failed, TzStatus = 0xFFFFFFFE,  SmcId = 0x32000403  

QseeResponse->result = 0xFFFFFF0F

Status = 0x7

Scm command failed to get RPMB provisioning State, Status: 0x00000007

TpmType returned from TZ (LoadApps.c)= 0x6654504D. 

tz_armv8_smc_call failed, TzStatus = 0xFFFFFFFE,  SmcId = 0x32000109  

QseeResponse->result = 0xFFFFFFFF

Status = 0x7

ActivateTzEmbeddedSecureImage Failed

tz_armv8_smc_call failed, TzStatus = 0xFFFFFFFE,  SmcId = 0x32000109  

QseeResponse->result = 0xFFFFFFFF

Status = 0x7

ActivateTzEmbeddedSecureImage Failed

Card Detection FAILED! Handle 0, Slot 0

eMMC module not found

HW Wdog Setting from PCD : Disabled

UFS GPIO7 value is 1

Skipping UFS initialization

PM0: 47, PM1: 63, PM2: 49, PM8: 46, 

Module cannot re-initialize DAL module environment

QcomChargerDxe:: QcomChargerInitialize Unsupported platform or PMIC. 

UsbConfigInit: Device isSku1Variant: 0

UsbConfigInit: SchgPmicInfo.PmicIndex =  (0x8)

UsbStartController: Starting Core 0 in mode: 1

SSUsbSetPhyMode: MuxValue:3, CCOutStatus:1

SSUsbSetPhyMode: CoreNum:0, MuxValue:3, CCOutStatus:1

UsbStartController: Starting Core 1 in mode: 1

UsbEnumeratePort: new device connected at port 0, HubIfc =0xFA9D8C18 

DisplayDxe: External Panel Mode#0 1024x600 59Hz selected.

Device booted from NVME/SPI_NORUsbEnumNewDevRootHub: HIGH on port 0

 UsbEnumNewDevRootHub: vid = 0x1A40 pid = 0x0101, Addr = 1

TpmCmdMaxSize  4096  TpmRspMaxSize  4096  

TpmManufacturerID  0x4D4F4351  

TpmHashAlgoBitmap  0x7  TpmActivePcrBanks 0x2 

ActivePcrBanks     0x2 

IndexArray 0x1  0xFF  0xFF 



UpdateMemoryArrayInfoTable: DDR Details: Manufacturer ID: 19, Device Type: 8, Num Channels: 2

UsbEnumeratePort: new device connected at port 1, HubIfc =0xFA9BEC98 

tz_armv8_smc_call failed, TzStatus = 0xFFFFFFFE,  SmcId = 0x32000401  

QseeResponse->result = 0xFFFFFF03

Status = 0x7

RpmbAutoProvisionMain: RPMB is already provisioned.

PCIE Port 0 Configuration Found! 

PCIE Port 1 Configuration Found! 

PCIe enum (0x3) start : 3691

Training start : 3720

UsbEnumNewDevHub: FULL on port 1

UsbSelectConfig: failed to connect driver Not Found, ignored

Wait for link up start : 3775

PCIe Link up on port 0

UsbEnumeratePort: new device connected at port 3, HubIfc =0xFA9BEC98 

UsbEnumNewDevHub: HIGH on port 3

UsbSelectConfig: failed to connect driver Not Found, ignored

Link up Failed..!! PCIe1, PARF_LTSSM: 0x0 

Training complete : 4026

Port 0 : x1, Gen 1

PCIe Links ready : 4027

PCIe Links setup in 336 ms

[EC] [FmpDeviceInit 1209] EC device is not initialized, Platform is 6490_IOT_industrial_kit or Dragon_Q6A

[EC] [FmpDeviceGetImageTypeIdGuidPtr 226] EC device is not active, returning Unsupported

[EC] [FmpDeviceGetVersion 563] EC device is not active, returning Unsupported

[EC] [FmpDeviceGetVersion 563] EC device is not active, returning Unsupported

[EC] [FmpDeviceGetLowestSupportedVersion 352] EC device is not yet initialized!

[KB] [I2CKeyboardEntryPoint 1882] - Unsupported platform type  32

 Could not find the Reset Data region .

[=3h[2J[0m[35m[40m ConnectConsoles Delta : 50975 micro sec

WaitParallelThreads InIt [ 4115] 

UEFI Ver           : 6.0.260120.BOOT.MXF.1.0.1-00549-KODIAKWP-1

Platform           : IOT

SKUVersion         : 32

Subtype            : 7

Boot Device        : NVME

Chip Name          : QCS6490

Chip Ver           : 1.0

Chip Num           : 0x8DBDDD5E

Chip ECID          : 0x042F8DBDDD5E

-----------------------------

 PlatformBdsPostConsoleInit Delta : 2299 micro sec

Continuing with BDS initialization

[QcomBds] No default boot app specified

 PlatformSecurityInit Delta : 381 micro sec

Block IO handles of partition /'C12A7328-F81F-11D2-BA4B-00A0C93EC93B/' not found

Failed to get block size of EFI partition. Status: Not Found

InitStoragePointersForCapsuleRawFile returned - Not Found!

InitCapsuleStoragePointers returned - Not Found.

DoCapsuleUpdate Delta : 1733 micro sec

ACPI: Loaded 1 tables

AML: AmlUpdateSjtg FEATURE_ID buffer is 0

AML: AmlUpdateSjtg JTAG_ID buffer is 1671393

Attempting to start: Firmware provisioning

: DppProtocol->GetDPP returned Not Found

 HandleMorPpi delta: 1

Platform Init End : 4134

-----------------------------

 PlatBdsSocPostProc Delta : 14529 micro sec

WARNING: TPM2 Event log has HashAlg unsupported by PCR bank (0x4)

WARNING: TPM2 Event log has HashAlg unsupported by PCR bank (0xC)

Get Smbios ---, Status = (0x800000000000000E)

GetEmmcHandle failed, Status = 0x0

 PlatBdsPostFwConfigSec Delta : 10484 micro sec

 Entered MeasurePeImg...

/local/mnt/workspace/CRMBuilds/BOOT.MXF.1.0.1-00549-KODIAKWP-1_20250921_095415/b/boot_images/boot/QcomPkg/Drivers/TrEEDxe/TrEEDxe.c..HashLogExtendEvent:480 Failed! input = 0x2  

/local/mnt/workspace/CRMBuilds/BOOT.MXF.1.0.1-00549-KODIAKWP-1_20250921_095415/b/boot_images/boot/QcomPkg/Drivers/MeasureBootDxe/MeasureBootDxe.c..HashExtendLogTreeEvent: 319 Failed! input = 0x1  

/local/mnt/workspace/CRMBuilds/BOOT.MXF.1.0.1-00549-KODIAKWP-1_20250921_095415/b/boot_images/boot/QcomPkg/Drivers/MeasureBootDxe/MeasureBootDxe.c..MeasurePeImgAll: 1290 Failed! input = 0x1  

/local/mnt/workspace/CRMBuilds/BOOT.MXF.1.0.1-00549-KODIAKWP-1_20250921_095415/b/boot_images/boot/QcomPkg/Drivers/MeasureBootDxe/MeasureBootDxe.c..MeasureBootVariables:782 Failed! input = 0xE  

/local/mnt/workspace/CRMBuilds/BOOT.MXF.1.0.1-00549-KODIAKWP-1_20250921_095415/b/boot_images/boot/QcomPkg/Drivers/MeasureBootDxe/MeasureBootDxe.c..MeasurePeImgAll: 1293 Failed! input = 0x1  

Press F2 to enter Setup, F5 to enter UEFI Shell, F12 to enter Boot menu

Auto boot in 5 seconds

Auto boot in 4 seconds

Auto boot in 3 seconds

Auto boot in 2 seconds

Auto boot in 1 seconds

UEFI Total : 7887 ms

POST Time      [ 9571] OS Loader

[QcomBds] Could not find bootable handle

UEFI Total : 8280 ms

POST Time      [ 9964] OS Loader

[QcomBds] Could not find bootable handle

[QcomBds] Boot Device Order:

[QcomBds]   [0]: USB

[QcomBds]   [1]: SD

[QcomBds]   [2]: NVMe

[QcomBds]   [3]: eMMC

[QcomBds]   [4]: UFS

[QcomBds] Trying device 0: USB

[QcomBds] Trying device 1: SD

UEFI Total : 10626 ms

POST Time      [12310] OS Loader

 Entered MeasurePeImg...

/local/mnt/workspace/CRMBuilds/BOOT.MXF.1.0.1-00549-KODIAKWP-1_20250921_095415/b/boot_images/boot/QcomPkg/Drivers/TrEEDxe/TrEEDxe.c..HashLogExtendEvent:480 Failed! input = 0x2  

/local/mnt/workspace/CRMBuilds/BOOT.MXF.1.0.1-00549-KODIAKWP-1_20250921_095415/b/boot_images/boot/QcomPkg/Drivers/MeasureBootDxe/MeasureBootDxe.c..HashExtendLogTreeEvent: 319 Failed! input = 0x1  

/local/mnt/workspace/CRMBuilds/BOOT.MXF.1.0.1-00549-KODIAKWP-1_20250921_095415/b/boot_images/boot/QcomPkg/Drivers/MeasureBootDxe/MeasureBootDxe.c..MeasurePeImgAll: 1290 Failed! input = 0x1  

[0m[37m[40m[INFO] efi_main: embloader (Embedded Bootloader) version 0.4.r1.9f8e74b

[DEBUG] efi_main: function efi_main at 0xf0383678

[WARNING] find_embloader_folder: embloader folder not found

[DEBUG] efi_main: Final configuration:

[DEBUG] config: {}

[INFO] efi_main: parsing smbios

[WARNING] efi_main: no matched device found in config

[INFO] sdboot_boot_load_menu: loading systemd-boot menu

[INFO] sdboot_check_fs: Found systemd-boot folder in VenHw(D1531D41-3F80-4091-8D0A-541F59236D66)/HD(

1,GPT,3284953E-2CDC-4105-A95A-76FA5CBA58AC,0x800,0x80000)

[INFO] sdboot_boot_load_file: loading sdboot boot config from file /loader/loader.conf

[INFO] sdboot_boot_load_file: loading sdboot boot config from file android.conf

[DEBUG] sdboot_boot_load_file: created sdboot loader android

[DEBUG] sdboot_boot_load_root: use timeout value 5 from sdboot config

[DEBUG] sdboot_boot_load_root: found default entry android.conf in sdboot config

[DEBUG] sdboot_boot_load_root: use default entry android.conf from sdboot config

[INFO] sdboot_boot_load_menu: loaded systemd-boot menu from current device

[Warn]	(0.000, +0)	 lv_uefi_simple_pointer_indev_add_handle: [lv_uefi] The SIMPLE_POINTER inter

face is not valid. lv_uefi_indev_pointer.c:124



Embedded Boot Loader GUI Menu Serial Alternative

[INFO] embloader_gui_menu_start: lvgl gui menu started

[WARNING] load_xml_from: failed to read XML file menu-main.xml for menu-main: Invalid Parameter

[WARNING] filter_supports: disabled for Qualcomm UEFI

[WARNING] embloader_tui_menu_start: this platform have bad console, skip TUI menu



========================================

= Embedded Bootloader menu

========================================

  1. Android 13 ??? Dragon Q6A

  2. Reboot Into Firmware Interface

========================================

Menu timeout: 5 seconds

Default option: (1) Android 13 ??? Dragon Q6A

Select an option (1-2) or press Enter to boot default: 

Timeout

Booting default option (1) Android 13 ??? Dragon Q6A



[INFO] embloader_loader_boot: booting Android 13 ??? Dragon Q6A (android) ...

[INFO] embloader_loader_boot_sdboot: booting sdboot loader Android 13 ??? Dragon Q6A ...

[INFO] linux_load_kernel: loading kernel /Android/Image

[INFO] linux_load_kernel: loaded kernel /Android/Image size 61.25MiB (64223744 bytes)

[INFO] linux_load_kernel: kernel /Android/Image at 0xf6374000 with 15680 pages

[INFO] linux_load_initramfs: loading initramfs /Android/ramdisk.img

[INFO] linux_load_initramfs: loaded initramfs /Android/ramdisk.img size 14.43MiB (15129374 bytes)

[INFO] linux_load_initramfs: loaded 1 initramfs size 14.43MiB (15129374 bytes)

[INFO] linux_load_initramfs: initramfs collections (1) at 0xef0b5000 with 3694 pages

[INFO] linux_load_bootargs: loaded bootargs console=tty0 console=ttyMSM0,115200n8 earlycon=qcom_geni

,0x00994000 fbcon=nodefer video=efifb:keep video=HDMI-A-1:1024x600@60e keep_bootcon ignore_loglevel 

loglevel=8 initcall_debug modprobe.blacklist=msm panic=10 coherent_pool=2M firmware_class.path=/vend

or/firmware irqchip.gicv3_pseudo_nmi=0 psi=1 selinux=1 androidboot.force_normal_boot=1 androidboot.s

lot_suffix=_a androidboot.hardware=dragon_q6a androidboot.selinux=permissive androidboot.boot_device

s=soc@0/8804000.mmc lsm=landlock,lockdown,yama,integrity,selinux,bpf printk.devkmsg=on

[DEBUG] linux_try_load_dtb: try load dtb /Android/qcs6490-radxa-dragon-q6a.dtb

[INFO] linux_try_load_dtb: read dtb /Android/qcs6490-radxa-dragon-q6a.dtb size 180.70KiB (184388 byt

es)

[INFO] linux_try_load_dtb: load dtb /Android/qcs6490-radxa-dragon-q6a.dtb successfully

[INFO] linux_try_load_dtb: dtb model: Radxa Dragon Q6A

[INFO] linux_try_load_dtb: dtb compatible: radxa,dragon-q6a

[DEBUG] linux_data_load: linux boot data prepared

[DEBUG] efi_dtfixup: applying efi dtfixup protocol

[INFO] efi_dtfixup: efi dtfixup applied successfully

[INFO] embloader_start_efi: load efi image at 0xf6374000...

 Entered MeasurePeImg...

/local/mnt/workspace/CRMBuilds/BOOT.MXF.1.0.1-00549-KODIAKWP-1_20250921_095415/b/boot_images/boot/QcomPkg/Drivers/TrEEDxe/TrEEDxe.c..HashLogExtendEvent:480 Failed! input = 0x2  

/local/mnt/workspace/CRMBuilds/BOOT.MXF.1.0.1-00549-KODIAKWP-1_20250921_095415/b/boot_images/boot/QcomPkg/Drivers/MeasureBootDxe/MeasureBootDxe.c..HashExtendLogTreeEvent: 319 Failed! input = 0x1  

/local/mnt/workspace/CRMBuilds/BOOT.MXF.1.0.1-00549-KODIAKWP-1_20250921_095415/b/boot_images/boot/QcomPkg/Drivers/MeasureBootDxe/MeasureBootDxe.c..MeasurePeImgAll: 1290 Failed! input = 0x1  

DetectLinuxKernelVersion Delta : 42508 micro sec

[INFO] embloader_start_efi: use cmdline console=tty0 console=ttyMSM0,115200n8 earlycon=qcom_geni,0x0

0994000 fbcon=nodefer video=efifb:keep video=HDMI-A-1:1024x600@60e keep_bootcon ignore_loglevel logl

evel=8 initcall_debug modprobe.blacklist=msm panic=10 coherent_pool=2M firmware_class.path=/vendor/f

irmware irqchip.gicv3_pseudo_nmi=0 psi=1 selinux=1 androidboot.force_normal_boot=1 androidboot.slot_

suffix=_a androidboot.hardware=dragon_q6a androidboot.selinux=permissive androidboot.boot_devices=so

c@0/8804000.mmc lsm=landlock,lockdown,yama,integrity,selinux,bpf printk.devkmsg=on

[INFO] embloader_start_efi: start efi image...

Start EBS        [22876] 

Start EBS        [22879] 

ScmArmV8ExitBootServicesHandler, Status = 0x0. 

Exit EBS        [23657] UEFI End

[    0.000000] printk: debug: ignoring loglevel setting.

[    0.000000] efi: EFI v2.7 by Qualcomm Technologies, Inc.

[    0.000000] efi: ACPI 2.0=0xffffd000 MEMATTR=0xfa462018 ESRT=0xfa236e98 SMBIOS=0xffed1000 TPMEventLog=0xfffc6018 INITRD=0xf0075f98 RNG=0xfffc6e98 MEMRESERVE=0xf0075d18 

[    0.000000] random: crng init done

[    0.000000] TPM Final Events table not present

[    0.000000] esrt: Reserving ESRT space from 0x00000000fa236e98 to 0x00000000fa236ef8.

[    0.000000] OF: reserved mem: 0x0000000080000000..0x00000000805fffff (6144 KiB) nomap non-reusable hyp@80000000

[    0.000000] OF: reserved mem: 0x0000000080600000..0x00000000807fffff (2048 KiB) nomap non-reusable xbl@80600000

[    0.000000] OF: reserved mem: 0x0000000080800000..0x000000008085ffff (384 KiB) nomap non-reusable aop@80800000

[    0.000000] OF: reserved mem: 0x0000000080860000..0x000000008087ffff (128 KiB) nomap non-reusable aop-cmd-db@80860000

[    0.000000] OF: reserved mem: 0x0000000080884000..0x0000000080893fff (64 KiB) nomap non-reusable xbl-uefi-res@80880000

[    0.000000] OF: reserved mem: 0x00000000808ff000..0x00000000808fffff (4 KiB) nomap non-reusable sec-apps@808ff000

[    0.000000] OF: reserved mem: 0x0000000080900000..0x0000000080afffff (2048 KiB) nomap non-reusable smem@80900000

[    0.000000] OF: reserved mem: 0x0000000080b00000..0x0000000080bfffff (1024 KiB) nomap non-reusable cpucp@80b00000

[    0.000000] OF: reserved mem: 0x0000000081800000..0x00000000826fffff (15360 KiB) nomap non-reusable lpass-ml@81800000

[    0.000000] OF: reserved mem: 0x0000000082700000..0x000000008270ffff (64 KiB) nomap non-reusable cdsp-secure-heap@82700000

[    0.000000] OF: reserved mem: 0x000000008b800000..0x000000008dffffff (40960 KiB) nomap non-reusable adsp@8b800000

[    0.000000] OF: reserved mem: 0x000000008e000000..0x000000008fdfffff (30720 KiB) nomap non-reusable cdsp@8e000000

[    0.000000] OF: reserved mem: 0x000000008fe00000..0x00000000902fffff (5120 KiB) nomap non-reusable video@8fe00000

[    0.000000] OF: reserved mem: 0x0000000090300000..0x0000000090304fff (20 KiB) nomap non-reusable zap@90300000

[    0.000000] OF: reserved mem: 0x00000000c0000000..0x00000000c00fffff (1024 KiB) nomap non-reusable tz-stat@c0000000

[    0.000000] OF: reserved mem: 0x00000000c0100000..0x00000000c12fffff (18432 KiB) nomap non-reusable tags@c0100000

[    0.000000] OF: reserved mem: 0x00000000c1300000..0x00000000c17fffff (5120 KiB) nomap non-reusable qtee@c1300000

[    0.000000] OF: reserved mem: 0x00000000c1800000..0x00000000c39fffff (34816 KiB) nomap non-reusable trusted-apps@c1800000

[    0.000000] OF: reserved mem: 0x00000000c6500000..0x00000000c6cfffff (8192 KiB) nomap non-reusable adsp-rpc-remote-heap@c6500000

[    0.000000] NUMA: Faking a node at [mem 0x0000000080000000-0x000000027fffffff]

[    0.000000] NODE_DATA(0) allocated [mem 0x27eda9c00-0x27edad37f]

[    0.000000] Zone ranges:

[    0.000000]   DMA      [mem 0x0000000080000000-0x00000000ffffffff]

[    0.000000]   DMA32    empty

[    0.000000]   Normal   [mem 0x0000000100000000-0x000000027fffffff]

[    0.000000]   Device   empty

[    0.000000] Movable zone start for each node

[    0.000000] Early memory node ranges

[    0.000000]   node   0: [mem 0x0000000080000000-0x00000000807fffff]

[    0.000000]   node   0: [mem 0x0000000080884000-0x00000000808b3fff]

[    0.000000]   node   0: [mem 0x00000000808b4000-0x00000000808fefff]

[    0.000000]   node   0: [mem 0x00000000808ff000-0x00000000808fffff]

[    0.000000]   node   0: [mem 0x0000000080b00000-0x000000008270ffff]

[    0.000000]   node   0: [mem 0x0000000082710000-0x00000000842fffff]

[    0.000000]   node   0: [mem 0x0000000084800000-0x000000008b7fffff]

[    0.000000]   node   0: [mem 0x0000000090309000-0x000000009f5f6fff]

[    0.000000]   node   0: [mem 0x000000009f5f7000-0x000000009f5fffff]

[    0.000000]   node   0: [mem 0x000000009f600000-0x000000009fffffff]

[    0.000000]   node   0: [mem 0x00000000a0000000-0x00000000a0001fff]

[    0.000000]   node   0: [mem 0x00000000a0002000-0x00000000a07fffff]

[    0.000000]   node   0: [mem 0x00000000a0800000-0x00000000a0afffff]

[    0.000000]   node   0: [mem 0x00000000a0b00000-0x00000000bb5fffff]

[    0.000000]   node   0: [mem 0x00000000c3a00000-0x00000000c50fffff]

[    0.000000]   node   0: [mem 0x00000000c6000000-0x00000000c64fffff]

[    0.000000]   node   0: [mem 0x00000000c6d00000-0x00000000c90fffff]

[    0.000000]   node   0: [mem 0x00000000c9100000-0x00000000eedfffff]

[    0.000000]   node   0: [mem 0x00000000eee00000-0x00000000eeffffff]

[    0.000000]   node   0: [mem 0x00000000ef000000-0x00000000ffa75fff]

[    0.000000]   node   0: [mem 0x00000000ffa76000-0x00000000fff21fff]

[    0.000000]   node   0: [mem 0x00000000fff22000-0x000000027fffffff]

[    0.000000] Initmem setup node 0 [mem 0x0000000080000000-0x000000027fffffff]

[    0.000000] On node 0, zone DMA: 132 pages in unavailable ranges

[    0.000000] On node 0, zone DMA: 512 pages in unavailable ranges

[    0.000000] On node 0, zone DMA: 1280 pages in unavailable ranges

[    0.000000] On node 0, zone DMA: 19209 pages in unavailable ranges

[    0.000000] On node 0, zone DMA: 33792 pages in unavailable ranges

[    0.000000] On node 0, zone DMA: 3840 pages in unavailable ranges

[    0.000000] On node 0, zone DMA: 2048 pages in unavailable ranges

[    0.000000] cma: Reserved 32 MiB at 0x00000000fda00000

[    0.000000] psci: probing for conduit method from DT.

[    0.000000] psci: PSCIv1.1 detected in firmware.

[    0.000000] psci: Using standard PSCI v0.2 function IDs

[    0.000000] psci: MIGRATE_INFO_TYPE not supported.

[    0.000000] psci: SMC Calling Convention v1.1

[    0.000000] psci: OSI mode supported.

[    0.000000] psci: [Firmware Bug]: failed to set PC mode: -3

[    0.000000] percpu: Embedded 26 pages/cpu s66328 r8192 d31976 u106496

[    0.000000] pcpu-alloc: s66328 r8192 d31976 u106496 alloc=26*4096

[    0.000000] pcpu-alloc: [0] 0 [0] 1 [0] 2 [0] 3 [0] 4 [0] 5 [0] 6 [0] 7 

[    0.000000] Detected VIPT I-cache on CPU0

[    0.000000] CPU features: detected: GICv3 CPU interface

[    0.000000] CPU features: kernel page table isolation forced ON by KASLR

[    0.000000] CPU features: detected: Kernel page table isolation (KPTI)

[    0.000000] CPU features: detected: Qualcomm erratum 1009, or ARM erratum 1286807, 2441009

[    0.000000] CPU features: detected: ARM errata 1165522, 1319367, or 1530923

[    0.000000] alternatives: applying boot alternatives

[    0.000000] Kernel command line: console=tty0 console=ttyMSM0,115200n8 earlycon=qcom_geni,0x00994000 fbcon=nodefer video=efifb:keep video=HDMI-A-1:1024x600@60e keep_bootcon ignore_loglevel loglevel=8 initcall_debug modprobe.blacklist=msm panic=10 coherent_pool=2M firmware_class.path=/vendor/firmware irqchip.gicv3_pseudo_nmi=0 psi=1 selinux=1 androidboot.force_normal_boot=1 androidboot.slot_suffix=_a androidboot.hardware=dragon_q6a androidboot.selinux=permissive androidboot.boot_devices=soc@0/8804000.mmc lsm=landlock,lockdown,yama,integrity,selinux,bpf printk.devkmsg=on

[    0.000000] printk: log buffer data + meta data: 2097152 + 7340032 = 9437184 bytes

[    0.000000] Dentry cache hash table entries: 1048576 (order: 11, 8388608 bytes, linear)

[    0.000000] Inode-cache hash table entries: 524288 (order: 10, 4194304 bytes, linear)

[    0.000000] software IO TLB: area num 8.

[    0.000000] software IO TLB: mapped [mem 0x00000000f6236000-0x00000000fa236000] (64MB)

[    0.000000] Fallback order for Node 0: 0 

[    0.000000] Built 1 zonelists, mobility grouping on.  Total pages: 2036339

[    0.000000] Policy zone: Normal

[    0.000000] mem auto-init: stack:all(zero), heap alloc:on, heap free:off

[    0.000000] stackdepot: allocating hash table via alloc_large_system_hash

[    0.000000] stackdepot hash table entries: 524288 (order: 11, 8388608 bytes, linear)

[    0.000000] stackdepot: allocating space for 8192 stack pools via memblock

[    0.000000] SLUB: HWalign=64, Order=0-3, MinObjects=0, CPUs=8, Nodes=1

[    0.000000] Dynamic Preempt: voluntary

[    0.000000] rcu: Preemptible hierarchical RCU implementation.

[    0.000000] rcu: 	RCU restricting CPUs from NR_CPUS=512 to nr_cpu_ids=8.

[    0.000000] rcu: 	RCU priority boosting: priority 1 delay 500 ms.

[    0.000000] 	Trampoline variant of Tasks RCU enabled.

[    0.000000] 	Tracing variant of Tasks RCU enabled.

[    0.000000] rcu: RCU calculated value of scheduler-enlistment delay is 100 jiffies.

[    0.000000] rcu: Adjusting geometry for rcu_fanout_leaf=16, nr_cpu_ids=8

[    0.000000] RCU Tasks: Setting shift to 3 and lim to 1 rcu_task_cb_adjust=1 rcu_task_cpu_ids=8.

[    0.000000] RCU Tasks Trace: Setting shift to 3 and lim to 1 rcu_task_cb_adjust=1 rcu_task_cpu_ids=8.

[    0.000000] NR_IRQS: 64, nr_irqs: 64, preallocated irqs: 0

[    0.000000] GICv3: 928 SPIs implemented

[    0.000000] GICv3: 0 Extended SPIs implemented

[    0.000000] GICv3: MBI range [832:959]

[    0.000000] GICv3: Using MBI frame 0x0000000017a10000

[    0.000000] Root IRQ handler: gic_handle_irq

[    0.000000] GICv3: GICv3 features: 16 PPIs

[    0.000000] GICv3: GICD_CTLR.DS=0, SCR_EL3.FIQ=1

[    0.000000] GICv3: CPU0: found redistributor 0 region 0:0x0000000017a60000

[    0.000000] ITS: No ITS available, not enabling LPIs

[    0.000000] rcu: srcu_init: Setting srcu_struct sizes based on contention.

[    0.000000] arch_timer: cp15 timer running at 19.20MHz (virt).

[    0.000000] clocksource: arch_sys_counter: mask: 0xffffffffffffff max_cycles: 0x46d987e47, max_idle_ns: 440795202767 ns

[    0.000000] sched_clock: 56 bits at 19MHz, resolution 52ns, wraps every 4398046511078ns

[    0.008771] kfence: initialized - using 2097152 bytes for 255 objects at 0x(____ptrval____)-0x(____ptrval____)

[    0.019188] Console: colour dummy device 80x25

[    0.023767] printk: legacy console [tty0] enabled

[    0.029309] Calibrating delay loop (skipped), value calculated using timer frequency.. 38.40 BogoMIPS (lpj=19200)

[    0.039855] pid_max: default: 32768 minimum: 301

[    0.044729] LSM: initializing lsm=capability,landlock,yama,selinux

[    0.051208] landlock: Up and running.

[    0.054991] Yama: becoming mindful.

[    0.058599] SELinux:  Initializing.

[    0.062671] Mount-cache hash table entries: 16384 (order: 5, 131072 bytes, linear)

[    0.070471] Mountpoint-cache hash table entries: 16384 (order: 5, 131072 bytes, linear)

[    0.080741] entering initcall level: early

[    0.084973] calling  cpu_suspend_init+0x0/0x5c @ 1

[    0.089921] initcall cpu_suspend_init+0x0/0x5c returned 0 after 0 usecs

[    0.096723] calling  prevent_bootmem_remove_init+0x0/0x64 @ 1

[    0.102647] initcall prevent_bootmem_remove_init+0x0/0x64 returned 0 after 0 usecs

[    0.110431] calling  asids_init+0x0/0xc0 @ 1

[    0.114840] initcall asids_init+0x0/0xc0 returned 0 after 0 usecs

[    0.121118] calling  xen_guest_init+0x0/0x404 @ 1

[    0.125973] initcall xen_guest_init+0x0/0x404 returned 0 after 0 usecs

[    0.132690] calling  spawn_ksoftirqd+0x0/0x74 @ 1

[    0.137604] initcall spawn_ksoftirqd+0x0/0x74 returned 0 after 0 usecs

[    0.144327] calling  init_signal_sysctls+0x0/0x64 @ 1

[    0.149551] initcall init_signal_sysctls+0x0/0x64 returned 0 after 0 usecs

[    0.156626] calling  init_umh_sysctls+0x0/0x3c @ 1

[    0.161566] initcall init_umh_sysctls+0x0/0x3c returned 0 after 0 usecs

[    0.168367] calling  kthreads_init+0x0/0x3c @ 1

[    0.173042] initcall kthreads_init+0x0/0x3c returned 0 after 0 usecs

[    0.179575] calling  migration_init+0x0/0x28 @ 1

[    0.184334] initcall migration_init+0x0/0x28 returned 0 after 0 usecs

[    0.190963] calling  printk_set_kthreads_ready+0x0/0x58 @ 1

[    0.196698] initcall printk_set_kthreads_ready+0x0/0x58 returned 0 after 0 usecs

[    0.204312] calling  srcu_bootup_announce+0x0/0x94 @ 1

[    0.209606] rcu: Hierarchical SRCU implementation.

[    0.214539] rcu: 	Max phase no-delay instances is 400.

[    0.219830] initcall srcu_bootup_announce+0x0/0x94 returned 0 after 2000 usecs

[    0.227258] calling  rcu_spawn_gp_kthread+0x0/0x28c @ 1

[    0.232849] initcall rcu_spawn_gp_kthread+0x0/0x28c returned 0 after 0 usecs

[    0.240105] calling  check_cpu_stall_init+0x0/0x34 @ 1

[    0.245401] initcall check_cpu_stall_init+0x0/0x34 returned 0 after 0 usecs

[    0.252561] calling  rcu_sysrq_init+0x0/0x40 @ 1

[    0.257315] initcall rcu_sysrq_init+0x0/0x40 returned 0 after 0 usecs

[    0.263941] calling  tmigr_init+0x0/0x19c @ 1

[    0.268446] Timer migration: 1 hierarchy levels; 8 children per group; 1 crossnode level

[    0.276776] initcall tmigr_init+0x0/0x19c returned 0 after 1000 usecs

[    0.283409] calling  insert_crashkernel_resources+0x0/0x8c @ 1

[    0.289418] initcall insert_crashkernel_resources+0x0/0x8c returned 0 after 0 usecs

[    0.297287] calling  cpu_stop_init+0x0/0xd8 @ 1

[    0.302014] initcall cpu_stop_init+0x0/0xd8 returned 0 after 0 usecs

[    0.308564] calling  init_kprobes+0x0/0x17c @ 1

[    0.313502] initcall init_kprobes+0x0/0x17c returned 0 after 0 usecs

[    0.320041] calling  irq_work_init_threads+0x0/0x8 @ 1

[    0.325336] initcall irq_work_init_threads+0x0/0x8 returned 0 after 0 usecs

[    0.332493] calling  jump_label_init_module+0x0/0x28 @ 1

[    0.337960] initcall jump_label_init_module+0x0/0x28 returned 0 after 0 usecs

[    0.345301] calling  init_zero_pfn+0x0/0x28 @ 1

[    0.349970] initcall init_zero_pfn+0x0/0x28 returned 0 after 0 usecs

[    0.356505] calling  init_fs_inode_sysctls+0x0/0x40 @ 1

[    0.361889] initcall init_fs_inode_sysctls+0x0/0x40 returned 0 after 0 usecs

[    0.369135] calling  init_fs_locks_sysctls+0x0/0x3c @ 1

[    0.374518] initcall init_fs_locks_sysctls+0x0/0x3c returned 0 after 0 usecs

[    0.381775] calling  init_fs_sysctls+0x0/0x3c @ 1

[    0.386618] initcall init_fs_sysctls+0x0/0x3c returned 0 after 0 usecs

[    0.393334] calling  init_security_keys_sysctls+0x0/0x3c @ 1

[    0.399161] initcall init_security_keys_sysctls+0x0/0x3c returned 0 after 0 usecs

[    0.406860] calling  dynamic_debug_init+0x0/0x2d8 @ 1

[    0.412469] initcall dynamic_debug_init+0x0/0x2d8 returned 0 after 0 usecs

[    0.419550] calling  its_fsl_mc_msi_init+0x0/0xb4 @ 1

[    0.425060] initcall its_fsl_mc_msi_init+0x0/0xb4 returned 0 after 0 usecs

[    0.432139] calling  cci_init+0x0/0x30 @ 1

[    0.436728] initcall cci_init+0x0/0x30 returned -19 after 0 usecs

[    0.443007] calling  brcmstb_soc_device_early_init+0x0/0xa8 @ 1

[    0.450058] initcall brcmstb_soc_device_early_init+0x0/0xa8 returned 0 after 0 usecs

[    0.458034] calling  brcmstb_biuctrl_init+0x0/0x4c8 @ 1

[    0.463553] initcall brcmstb_biuctrl_init+0x0/0x4c8 returned 0 after 0 usecs

[    0.470804] calling  renesas_soc_init+0x0/0x398 @ 1

[    0.475838] initcall renesas_soc_init+0x0/0x398 returned -19 after 0 usecs

[    0.482911] calling  tegra_init_fuse+0x0/0x20c @ 1

[    0.488890] initcall tegra_init_fuse+0x0/0x20c returned 0 after 1000 usecs

[    0.495965] calling  tegra_flowctrl_init+0x0/0x100 @ 1

[    0.501265] initcall tegra_flowctrl_init+0x0/0x100 returned 0 after 0 usecs

[    0.508423] calling  tegra_pmc_early_init+0x0/0x2a8 @ 1

[    0.514759] initcall tegra_pmc_early_init+0x0/0x2a8 returned 0 after 0 usecs

[    0.522021] calling  tegra186_ari_init+0x0/0x7c @ 1

[    0.527047] initcall tegra186_ari_init+0x0/0x7c returned 0 after 0 usecs

[    0.533947] calling  rcar_sysc_pd_init+0x0/0x434 @ 1

[    0.540206] initcall rcar_sysc_pd_init+0x0/0x434 returned -19 after 1000 usecs

[    0.547637] calling  unpopulated_init+0x0/0x70 @ 1

[    0.552577] initcall unpopulated_init+0x0/0x70 returned -19 after 0 usecs

[    0.559564] calling  efi_memreserve_root_init+0x0/0x54 @ 1

[    0.565221] initcall efi_memreserve_root_init+0x0/0x54 returned 0 after 0 usecs

[    0.572735] calling  arm_enable_runtime_services+0x0/0x2e0 @ 1

[    0.578748] Remapping and enabling EFI services.

[    0.583585] initcall arm_enable_runtime_services+0x0/0x2e0 returned 0 after 1000 usecs

[    0.591728] calling  efi_earlycon_remap_fb+0x0/0x7c @ 1

[    0.597109] initcall efi_earlycon_remap_fb+0x0/0x7c returned 0 after 0 usecs

[    0.604355] calling  dummy_timer_register+0x0/0x3c @ 1

[    0.609654] initcall dummy_timer_register+0x0/0x3c returned 0 after 0 usecs

[    0.617050] smp: Bringing up secondary CPUs ...

[    0.622412] Detected VIPT I-cache on CPU1

[    0.622555] GICv3: CPU1: found redistributor 100 region 0:0x0000000017a80000

[    0.622595] CPU1: Booted secondary processor 0x0000000100 [0x412fd050]

[    0.623230] Detected VIPT I-cache on CPU2

[    0.623346] GICv3: CPU2: found redistributor 200 region 0:0x0000000017aa0000

[    0.623370] CPU2: Booted secondary processor 0x0000000200 [0x412fd050]

[    0.623925] Detected VIPT I-cache on CPU3

[    0.624041] GICv3: CPU3: found redistributor 300 region 0:0x0000000017ac0000

[    0.624063] CPU3: Booted secondary processor 0x0000000300 [0x412fd050]

[    0.625154] CPU features: detected: Spectre-v4

[    0.625157] CPU features: detected: Spectre-BHB

[    0.625159] CPU features: detected: SSBS not fully self-synchronizing

[    0.625161] Detected PIPT I-cache on CPU4

[    0.625202] GICv3: CPU4: found redistributor 400 region 0:0x0000000017ae0000

[    0.625214] CPU4: Booted secondary processor 0x0000000400 [0x411fd411]

[    0.625769] Detected PIPT I-cache on CPU5

[    0.625813] GICv3: CPU5: found redistributor 500 region 0:0x0000000017b00000

[    0.625825] CPU5: Booted secondary processor 0x0000000500 [0x411fd411]

[    0.626379] Detected PIPT I-cache on CPU6

[    0.626422] GICv3: CPU6: found redistributor 600 region 0:0x0000000017b20000

[    0.626434] CPU6: Booted secondary processor 0x0000000600 [0x411fd411]

[    0.627026] Detected PIPT I-cache on CPU7

[    0.627066] GICv3: CPU7: found redistributor 700 region 0:0x0000000017b40000

[    0.627078] CPU7: Booted secondary processor 0x0000000700 [0x411fd411]

[    0.627134] smp: Brought up 1 node, 8 CPUs

[    0.773781] SMP: Total of 8 processors activated.

[    0.778628] CPU: All CPU(s) started at EL1

[    0.782859] CPU features: detected: 32-bit EL0 Support

[    0.788151] CPU features: detected: Data cache clean to the PoU not required for I/D coherence

[    0.796996] CPU features: detected: Common not Private translations

[    0.803441] CPU features: detected: CRC32 instructions

[    0.808731] CPU features: detected: Data cache clean to Point of Persistence

[    0.815985] CPU features: detected: RCpc load-acquire (LDAPR)

[    0.821902] CPU features: detected: LSE atomic instructions

[    0.827632] CPU features: detected: Privileged Access Never

[    0.833361] CPU features: detected: PMUv3

[    0.837487] CPU features: detected: RAS Extension Support

[    0.843047] CPU features: detected: Speculative Store Bypassing Safe (SSBS)

[    0.850263] alternatives: applying system-wide alternatives

[    0.859801] CPU features: detected: Hardware dirty bit management on CPU4-7

[    0.867302] Memory: 7702836K/8145356K available (19776K kernel code, 12414K rwdata, 16268K rodata, 14080K init, 3096K bss, 403620K reserved, 32768K cma-reserved)

[    0.883901] devtmpfs: initialized

[    0.892067] entering initcall level: pure

[    0.896217] calling  bpf_jit_charge_init+0x0/0x4c @ 1

[    0.901419] initcall bpf_jit_charge_init+0x0/0x4c returned 0 after 0 usecs

[    0.908477] calling  ipc_ns_init+0x0/0x68 @ 1

[    0.912974] initcall ipc_ns_init+0x0/0x68 returned 0 after 0 usecs

[    0.919321] calling  init_mmap_min_addr+0x0/0x5c @ 1

[    0.924440] initcall init_mmap_min_addr+0x0/0x5c returned 0 after 0 usecs

[    0.931415] calling  pci_realloc_setup_params+0x0/0x68 @ 1

[    0.937051] initcall pci_realloc_setup_params+0x0/0x68 returned 0 after 0 usecs

[    0.944560] calling  tegra194_cbb_init+0x0/0x28 @ 1

[    0.949577] initcall tegra194_cbb_init+0x0/0x28 returned 0 after 0 usecs

[    0.956462] calling  tegra234_cbb_init+0x0/0x28 @ 1

[    0.961472] initcall tegra234_cbb_init+0x0/0x28 returned 0 after 0 usecs

[    0.968356] calling  inet_frag_wq_init+0x0/0x54 @ 1

[    0.973494] initcall inet_frag_wq_init+0x0/0x54 returned 0 after 0 usecs

[    0.980455] entering initcall level: core

[    0.984583] calling  fpsimd_init+0x0/0xec @ 1

[    0.989069] initcall fpsimd_init+0x0/0xec returned 0 after 0 usecs

[    0.995412] calling  tagged_addr_init+0x0/0x3c @ 1

[    1.000342] initcall tagged_addr_init+0x0/0x3c returned 0 after 0 usecs

[    1.007140] calling  init_amu_fie+0x0/0x28 @ 1

[    1.011711] initcall init_amu_fie+0x0/0x28 returned 0 after 0 usecs

[    1.018142] calling  init_watchdog_freq_notifier+0x0/0x28 @ 1

[    1.024050] initcall init_watchdog_freq_notifier+0x0/0x28 returned 0 after 0 usecs

[    1.031817] calling  arm64_efi_rt_init+0x0/0xb8 @ 1

[    1.036836] initcall arm64_efi_rt_init+0x0/0xb8 returned 0 after 0 usecs

[    1.043721] calling  armv8_deprecated_init+0x0/0x1d0 @ 1

[    1.049197] initcall armv8_deprecated_init+0x0/0x1d0 returned 0 after 0 usecs

[    1.056525] calling  map_entry_trampoline+0x0/0x160 @ 1

[    1.061897] initcall map_entry_trampoline+0x0/0x160 returned 0 after 0 usecs

[    1.069140] calling  alloc_frozen_cpus+0x0/0x3c @ 1

[    1.074149] initcall alloc_frozen_cpus+0x0/0x3c returned 0 after 0 usecs

[    1.081032] calling  cpu_hotplug_pm_sync_init+0x0/0x2c @ 1

[    1.086667] initcall cpu_hotplug_pm_sync_init+0x0/0x2c returned 0 after 0 usecs

[    1.094174] calling  wq_sysfs_init+0x0/0x34 @ 1

[    1.098843] initcall wq_sysfs_init+0x0/0x34 returned 0 after 0 usecs

[    1.105375] calling  ksysfs_init+0x0/0xd0 @ 1

[    1.109863] initcall ksysfs_init+0x0/0xd0 returned 0 after 0 usecs

[    1.116206] calling  schedutil_gov_init+0x0/0x24 @ 1

[    1.121302] initcall schedutil_gov_init+0x0/0x24 returned 0 after 0 usecs

[    1.128271] calling  pm_init+0x0/0x90 @ 1

[    1.132416] initcall pm_init+0x0/0x90 returned 0 after 0 usecs

[    1.138409] calling  pm_disk_init+0x0/0x2c @ 1

[    1.142981] initcall pm_disk_init+0x0/0x2c returned 0 after 0 usecs

[    1.149412] calling  swsusp_header_init+0x0/0x40 @ 1

[    1.154509] initcall swsusp_header_init+0x0/0x40 returned 0 after 0 usecs

[    1.161478] calling  rcu_set_runtime_mode+0x0/0x2c @ 1

[    1.166759] initcall rcu_set_runtime_mode+0x0/0x2c returned 0 after 0 usecs

[    1.173903] calling  rcu_init_tasks_generic+0x0/0xe0 @ 1

[    1.179485] initcall rcu_init_tasks_generic+0x0/0xe0 returned 0 after 0 usecs

[    1.186813] calling  init_jiffies_clocksource+0x0/0x2c @ 1

[    1.192448] clocksource: jiffies: mask: 0xffffffff max_cycles: 0xffffffff, max_idle_ns: 1911260446275000 ns

[    1.202446] initcall init_jiffies_clocksource+0x0/0x2c returned 0 after 10000 usecs

[    1.210312] calling  posixtimer_init+0x0/0x12c @ 1

[    1.215249] posixtimers hash table entries: 4096 (order: 4, 65536 bytes, linear)

[    1.222846] initcall posixtimer_init+0x0/0x12c returned 0 after 7000 usecs

[    1.229903] calling  futex_init+0x0/0x1e0 @ 1

[    1.234396] futex hash table entries: 2048 (131072 bytes on 1 NUMA nodes, total 128 KiB, linear).

[    1.243500] initcall futex_init+0x0/0x1e0 returned 0 after 9000 usecs

[    1.250117] calling  cgroup_wq_init+0x0/0x8c @ 1

[    1.254869] initcall cgroup_wq_init+0x0/0x8c returned 0 after 0 usecs

[    1.261485] calling  cgroup1_wq_init+0x0/0x40 @ 1

[    1.266325] initcall cgroup1_wq_init+0x0/0x40 returned 0 after 0 usecs

[    1.273028] calling  cpu_pm_init+0x0/0x28 @ 1

[    1.277514] initcall cpu_pm_init+0x0/0x28 returned 0 after 0 usecs

[    1.283858] calling  bpf_offload_init+0x0/0x2c @ 1

[    1.288784] initcall bpf_offload_init+0x0/0x2c returned 0 after 0 usecs

[    1.295582] calling  cgroup_bpf_wq_init+0x0/0x48 @ 1

[    1.300692] initcall cgroup_bpf_wq_init+0x0/0x48 returned 0 after 0 usecs

[    1.307662] calling  init_events_core_sysctls+0x0/0x3c @ 1

[    1.313303] initcall init_events_core_sysctls+0x0/0x3c returned 0 after 0 usecs

[    1.320812] calling  init_callchain_sysctls+0x0/0x3c @ 1

[    1.326278] initcall init_callchain_sysctls+0x0/0x3c returned 0 after 0 usecs

[    1.333602] calling  memory_failure_init+0x0/0xd8 @ 1

[    1.338802] initcall memory_failure_init+0x0/0xd8 returned 0 after 0 usecs

[    1.345859] calling  cma_init_reserved_areas+0x0/0x330 @ 1

[    1.351589] initcall cma_init_reserved_areas+0x0/0x330 returned 0 after 0 usecs

[    1.359103] calling  balloon_init+0x0/0x28 @ 1

[    1.363673] initcall balloon_init+0x0/0x28 returned 0 after 0 usecs

[    1.370105] calling  execmem_late_init+0x0/0x1a8 @ 1

[    1.375213] 2G module region forced by RANDOMIZE_MODULE_REGION_FULL

[    1.381643] 0 pages in range for non-PLT usage

[    1.381644] 507808 pages in range for PLT usage

[    1.386212] initcall execmem_late_init+0x0/0x1a8 returned 0 after 11000 usecs

[    1.398192] calling  fsnotify_init+0x0/0x9c @ 1

[    1.402857] initcall fsnotify_init+0x0/0x9c returned 0 after 0 usecs

[    1.409388] calling  filelock_init+0x0/0x160 @ 1

[    1.414144] initcall filelock_init+0x0/0x160 returned 0 after 0 usecs

[    1.420762] calling  init_script_binfmt+0x0/0x2c @ 1

[    1.425870] initcall init_script_binfmt+0x0/0x2c returned 0 after 0 usecs

[    1.432839] calling  init_elf_binfmt+0x0/0x2c @ 1

[    1.437679] initcall init_elf_binfmt+0x0/0x2c returned 0 after 0 usecs

[    1.444379] calling  init_compat_elf_binfmt+0x0/0x2c @ 1

[    1.449842] initcall init_compat_elf_binfmt+0x0/0x2c returned 0 after 0 usecs

[    1.457170] calling  configfs_init+0x0/0xf8 @ 1

[    1.461831] initcall configfs_init+0x0/0xf8 returned 0 after 0 usecs

[    1.468362] calling  debugfs_init+0x0/0x128 @ 1

[    1.473022] initcall debugfs_init+0x0/0x128 returned 0 after 0 usecs

[    1.479553] calling  securityfs_init+0x0/0xc4 @ 1

[    1.484559] initcall securityfs_init+0x0/0xc4 returned 0 after 0 usecs

[    1.491264] calling  cci_platform_init+0x0/0x28 @ 1

[    1.496280] initcall cci_platform_init+0x0/0x28 returned 0 after 0 usecs

[    1.503165] calling  pinctrl_init+0x0/0xdc @ 1

[    1.507735] pinctrl core: initialized pinctrl subsystem

[    1.513127] initcall pinctrl_init+0x0/0xdc returned 0 after 6000 usecs

[    1.519830] calling  rzg2l_pinctrl_init+0x0/0x28 @ 1

[    1.524941] initcall rzg2l_pinctrl_init+0x0/0x28 returned 0 after 0 usecs

[    1.531914] calling  rzt2h_pinctrl_init+0x0/0x28 @ 1

[    1.537013] initcall rzt2h_pinctrl_init+0x0/0x28 returned 0 after 0 usecs

[    1.543982] calling  rzv2m_pinctrl_init+0x0/0x28 @ 1

[    1.549094] initcall rzv2m_pinctrl_init+0x0/0x28 returned 0 after 0 usecs

[    1.556065] calling  gpiolib_dev_init+0x0/0x1d4 @ 1

[    1.561082] initcall gpiolib_dev_init+0x0/0x1d4 returned 0 after 0 usecs

[    1.567968] calling  s500_clk_init+0x0/0x28 @ 1

[    1.572628] initcall s500_clk_init+0x0/0x28 returned 0 after 0 usecs

[    1.579158] calling  s700_clk_init+0x0/0x28 @ 1

[    1.583815] initcall s700_clk_init+0x0/0x28 returned 0 after 0 usecs

[    1.590345] calling  s900_clk_init+0x0/0x28 @ 1

[    1.595002] initcall s900_clk_init+0x0/0x28 returned 0 after 0 usecs

[    1.601531] calling  hi3516cv300_crg_init+0x0/0x28 @ 1

[    1.606816] initcall hi3516cv300_crg_init+0x0/0x28 returned 0 after 0 usecs

[    1.613971] calling  hi3519_clk_init+0x0/0x28 @ 1

[    1.618812] initcall hi3519_clk_init+0x0/0x28 returned 0 after 0 usecs

[    1.625513] calling  hi3559av100_crg_init+0x0/0x28 @ 1

[    1.630795] initcall hi3559av100_crg_init+0x0/0x28 returned 0 after 0 usecs

[    1.637939] calling  hi3660_clk_init+0x0/0x28 @ 1

[    1.642780] initcall hi3660_clk_init+0x0/0x28 returned 0 after 0 usecs

[    1.649479] calling  hi3670_clk_init+0x0/0x28 @ 1

[    1.654321] initcall hi3670_clk_init+0x0/0x28 returned 0 after 0 usecs

[    1.661022] calling  hi3798cv200_crg_init+0x0/0x28 @ 1

[    1.666304] initcall hi3798cv200_crg_init+0x0/0x28 returned 0 after 0 usecs

[    1.673447] calling  gcc_ipq5018_init+0x0/0x28 @ 1

[    1.678373] initcall gcc_ipq5018_init+0x0/0x28 returned 0 after 0 usecs

[    1.685171] calling  gcc_ipq5332_init+0x0/0x28 @ 1

[    1.690096] initcall gcc_ipq5332_init+0x0/0x28 returned 0 after 0 usecs

[    1.696892] calling  gcc_ipq5424_init+0x0/0x28 @ 1

[    1.701818] initcall gcc_ipq5424_init+0x0/0x28 returned 0 after 0 usecs

[    1.708605] calling  gcc_ipq6018_init+0x0/0x28 @ 1

[    1.713531] initcall gcc_ipq6018_init+0x0/0x28 returned 0 after 0 usecs

[    1.720328] calling  gcc_ipq8074_init+0x0/0x28 @ 1

[    1.725254] initcall gcc_ipq8074_init+0x0/0x28 returned 0 after 0 usecs

[    1.732051] calling  gcc_ipq9574_init+0x0/0x28 @ 1

[    1.736977] initcall gcc_ipq9574_init+0x0/0x28 returned 0 after 0 usecs

[    1.743775] calling  gcc_msm8916_init+0x0/0x28 @ 1

[    1.748700] initcall gcc_msm8916_init+0x0/0x28 returned 0 after 0 usecs

[    1.755486] calling  gcc_msm8994_init+0x0/0x28 @ 1

[    1.760412] initcall gcc_msm8994_init+0x0/0x28 returned 0 after 0 usecs

[    1.767209] calling  gcc_msm8996_init+0x0/0x28 @ 1

[    1.772135] initcall gcc_msm8996_init+0x0/0x28 returned 0 after 0 usecs

[    1.778933] calling  gcc_msm8998_init+0x0/0x28 @ 1

[    1.783858] initcall gcc_msm8998_init+0x0/0x28 returned 0 after 0 usecs

[    1.790646] calling  clk_rpmh_init+0x0/0x28 @ 1

[    1.795306] initcall clk_rpmh_init+0x0/0x28 returned 0 after 0 usecs

[    1.801834] calling  rpm_smd_clk_init+0x0/0x28 @ 1

[    1.806761] initcall rpm_smd_clk_init+0x0/0x28 returned 0 after 0 usecs

[    1.813558] calling  gcc_qcs404_init+0x0/0x28 @ 1

[    1.818400] initcall gcc_qcs404_init+0x0/0x28 returned 0 after 0 usecs

[    1.825101] calling  gcc_sa8775p_init+0x0/0x28 @ 1

[    1.830026] initcall gcc_sa8775p_init+0x0/0x28 returned 0 after 0 usecs

[    1.836823] calling  gcc_sc7180_init+0x0/0x28 @ 1

[    1.841665] initcall gcc_sc7180_init+0x0/0x28 returned 0 after 0 usecs

[    1.848365] calling  gcc_sc8180x_init+0x0/0x28 @ 1

[    1.853292] initcall gcc_sc8180x_init+0x0/0x28 returned 0 after 0 usecs

[    1.860078] calling  gcc_sdm845_init+0x0/0x28 @ 1

[    1.864919] initcall gcc_sdm845_init+0x0/0x28 returned 0 after 0 usecs

[    1.871620] calling  artpec8_cmu_init+0x0/0x28 @ 1

[    1.876546] initcall artpec8_cmu_init+0x0/0x28 returned 0 after 0 usecs

[    1.883345] calling  exynos5433_cmu_init+0x0/0x28 @ 1

[    1.888544] initcall exynos5433_cmu_init+0x0/0x28 returned 0 after 0 usecs

[    1.895602] calling  exynos2200_cmu_init+0x0/0x28 @ 1

[    1.900798] initcall exynos2200_cmu_init+0x0/0x28 returned 0 after 0 usecs

[    1.907857] calling  exynos7870_cmu_init+0x0/0x28 @ 1

[    1.913054] initcall exynos7870_cmu_init+0x0/0x28 returned 0 after 0 usecs

[    1.920111] calling  exynos7885_cmu_init+0x0/0x28 @ 1

[    1.925310] initcall exynos7885_cmu_init+0x0/0x28 returned 0 after 0 usecs

[    1.932367] calling  exynos850_cmu_init+0x0/0x28 @ 1

[    1.937476] initcall exynos850_cmu_init+0x0/0x28 returned 0 after 0 usecs

[    1.944446] calling  exynos8895_cmu_init+0x0/0x28 @ 1

[    1.949644] initcall exynos8895_cmu_init+0x0/0x28 returned 0 after 0 usecs

[    1.956703] calling  exynos990_cmu_init+0x0/0x28 @ 1

[    1.961811] initcall exynos990_cmu_init+0x0/0x28 returned 0 after 0 usecs

[    1.968780] calling  exynosautov9_cmu_init+0x0/0x28 @ 1

[    1.974149] initcall exynosautov9_cmu_init+0x0/0x28 returned 0 after 0 usecs

[    1.981390] calling  exynosautov920_cmu_init+0x0/0x28 @ 1

[    1.986942] initcall exynosautov920_cmu_init+0x0/0x28 returned 0 after 0 usecs

[    1.994355] calling  gs101_cmu_init+0x0/0x28 @ 1

[    1.999098] initcall gs101_cmu_init+0x0/0x28 returned 0 after 0 usecs

[    2.005715] calling  fsd_cmu_init+0x0/0x28 @ 1

[    2.010288] initcall fsd_cmu_init+0x0/0x28 returned 0 after 0 usecs

[    2.016720] calling  s10_clk_init+0x0/0x28 @ 1

[    2.021294] initcall s10_clk_init+0x0/0x28 returned 0 after 0 usecs

[    2.027727] calling  agilex_clk_init+0x0/0x28 @ 1

[    2.032568] initcall agilex_clk_init+0x0/0x28 returned 0 after 0 usecs

[    2.039271] calling  stm32mp21_clocks_init+0x0/0x28 @ 1

[    2.044639] initcall stm32mp21_clocks_init+0x0/0x28 returned 0 after 0 usecs

[    2.051881] calling  stm32mp25_clocks_init+0x0/0x28 @ 1

[    2.057252] initcall stm32mp25_clocks_init+0x0/0x28 returned 0 after 0 usecs

[    2.064492] calling  fsl_guts_init+0x0/0x34c @ 1

[    2.069788] initcall fsl_guts_init+0x0/0x34c returned 0 after 1000 usecs

[    2.076676] calling  cmd_db_device_init+0x0/0x28 @ 1

[    2.081790] initcall cmd_db_device_init+0x0/0x28 returned 0 after 0 usecs

[    2.088762] calling  rpmh_driver_init+0x0/0x28 @ 1

[    2.093687] initcall rpmh_driver_init+0x0/0x28 returned 0 after 0 usecs

[    2.100485] calling  rpmpd_init+0x0/0x28 @ 1

[    2.104873] initcall rpmpd_init+0x0/0x28 returned 0 after 0 usecs

[    2.111131] calling  rpmhpd_init+0x0/0x28 @ 1

[    2.115615] initcall rpmhpd_init+0x0/0x28 returned 0 after 0 usecs

[    2.121960] calling  exynos4_pm_init_power_domain+0x0/0x28 @ 1

[    2.127954] initcall exynos4_pm_init_power_domain+0x0/0x28 returned 0 after 0 usecs

[    2.135820] calling  genpd_bus_init+0x0/0xe8 @ 1

[    2.140578] initcall genpd_bus_init+0x0/0xe8 returned 0 after 0 usecs

[    2.147195] calling  virtio_init+0x0/0x34 @ 1

[    2.151683] initcall virtio_init+0x0/0x34 returned 0 after 0 usecs

[    2.158028] calling  regulator_init+0x0/0x138 @ 1

[    2.162925] probe of reg-dummy returned 0 after 0 usecs

[    2.168294] initcall regulator_init+0x0/0x138 returned 0 after 5000 usecs

[    2.175266] calling  iommu_init+0x0/0x44 @ 1

[    2.179652] initcall iommu_init+0x0/0x44 returned 0 after 0 usecs

[    2.185911] calling  component_debug_init+0x0/0x38 @ 1

[    2.191193] initcall component_debug_init+0x0/0x38 returned 0 after 0 usecs

[    2.198347] calling  soc_bus_register+0x0/0x54 @ 1

[    2.203273] initcall soc_bus_register+0x0/0x54 returned 0 after 0 usecs

[    2.210060] calling  register_cpufreq_notifier+0x0/0xd0 @ 1

[    2.215780] initcall register_cpufreq_notifier+0x0/0xd0 returned 0 after 0 usecs

[    2.223374] calling  altr_sysmgr_init+0x0/0x28 @ 1

[    2.228302] initcall altr_sysmgr_init+0x0/0x28 returned 0 after 0 usecs

[    2.235100] calling  opp_debug_init+0x0/0x38 @ 1

[    2.239847] initcall opp_debug_init+0x0/0x38 returned 0 after 0 usecs

[    2.246463] calling  cpufreq_core_init+0x0/0x118 @ 1

[    2.251572] initcall cpufreq_core_init+0x0/0x118 returned 0 after 0 usecs

[    2.258542] calling  cpufreq_gov_performance_init+0x0/0x24 @ 1

[    2.264532] initcall cpufreq_gov_performance_init+0x0/0x24 returned 0 after 0 usecs

[    2.272398] calling  CPU_FREQ_GOV_ONDEMAND_init+0x0/0x28 @ 1

[    2.278206] initcall CPU_FREQ_GOV_ONDEMAND_init+0x0/0x28 returned 0 after 0 usecs

[    2.285889] calling  cpufreq_dt_platdev_init+0x0/0x130 @ 1

[    2.291535] initcall cpufreq_dt_platdev_init+0x0/0x130 returned -19 after 0 usecs

[    2.299219] calling  cpuidle_init+0x0/0x30 @ 1

[    2.303791] initcall cpuidle_init+0x0/0x30 returned 0 after 0 usecs

[    2.310227] calling  psci_idle_init_domains+0x0/0x28 @ 1

[    2.315684] initcall psci_idle_init_domains+0x0/0x28 returned 0 after 0 usecs

[    2.323012] calling  capsule_reboot_register+0x0/0x2c @ 1

[    2.328562] initcall capsule_reboot_register+0x0/0x2c returned 0 after 0 usecs

[    2.335973] calling  arm_dmi_init+0x0/0x20 @ 1

[    2.340566] SMBIOS 3.3 present.

[    2.343800] DMI: Radxa Computer Co., Ltd. Radxa Dragon Q6A/Radxa Dragon Q6A, BIOS 6.0.260120.BOOT.MXF.1.0.1-00549-KODIAKWP-1 01/20/2026

[    2.356293] DMI: Memory slots populated: 1/1

[    2.360676] initcall arm_dmi_init+0x0/0x20 returned 0 after 20000 usecs

[    2.367463] calling  arch_timer_evtstrm_register+0x0/0x68 @ 1

[    2.373471] initcall arch_timer_evtstrm_register+0x0/0x68 returned 0 after 0 usecs

[    2.381243] calling  hi3660_mbox_init+0x0/0x28 @ 1

[    2.386175] initcall hi3660_mbox_init+0x0/0x28 returned 0 after 0 usecs

[    2.392962] calling  hi6220_mbox_init+0x0/0x28 @ 1

[    2.397890] initcall hi6220_mbox_init+0x0/0x28 returned 0 after 0 usecs

[    2.404687] calling  tegra_hsp_init+0x0/0x28 @ 1

[    2.409432] initcall tegra_hsp_init+0x0/0x28 returned 0 after 0 usecs

[    2.416046] calling  qnoc_driver_init+0x0/0x28 @ 1

[    2.420973] initcall qnoc_driver_init+0x0/0x28 returned 0 after 0 usecs

[    2.427759] calling  qnoc_driver_init+0x0/0x28 @ 1

[    2.432685] initcall qnoc_driver_init+0x0/0x28 returned 0 after 0 usecs

[    2.439471] calling  qnoc_driver_init+0x0/0x28 @ 1

[    2.444399] initcall qnoc_driver_init+0x0/0x28 returned 0 after 0 usecs

[    2.451197] calling  qnoc_driver_init+0x0/0x28 @ 1

[    2.456124] initcall qnoc_driver_init+0x0/0x28 returned 0 after 0 usecs

[    2.462921] calling  qnoc_driver_init+0x0/0x28 @ 1

[    2.467846] initcall qnoc_driver_init+0x0/0x28 returned 0 after 0 usecs

[    2.474634] calling  qnoc_driver_init+0x0/0x28 @ 1

[    2.479561] initcall qnoc_driver_init+0x0/0x28 returned 0 after 0 usecs

[    2.486359] calling  qnoc_driver_init+0x0/0x28 @ 1

[    2.491285] initcall qnoc_driver_init+0x0/0x28 returned 0 after 0 usecs

[    2.498083] calling  qnoc_driver_init+0x0/0x28 @ 1

[    2.503009] initcall qnoc_driver_init+0x0/0x28 returned 0 after 0 usecs

[    2.509796] calling  qnoc_driver_init+0x0/0x28 @ 1

[    2.514720] initcall qnoc_driver_init+0x0/0x28 returned 0 after 0 usecs

[    2.521518] calling  qnoc_driver_init+0x0/0x28 @ 1

[    2.526445] initcall qnoc_driver_init+0x0/0x28 returned 0 after 0 usecs

[    2.533241] calling  qnoc_driver_init+0x0/0x28 @ 1

[    2.538168] initcall qnoc_driver_init+0x0/0x28 returned 0 after 0 usecs

[    2.544955] calling  qnoc_driver_init+0x0/0x28 @ 1

[    2.549881] initcall qnoc_driver_init+0x0/0x28 returned 0 after 0 usecs

[    2.556668] calling  qnoc_driver_init+0x0/0x28 @ 1

[    2.561595] initcall qnoc_driver_init+0x0/0x28 returned 0 after 0 usecs

[    2.568394] calling  sock_init+0x0/0x108 @ 1

[    2.573896] initcall sock_init+0x0/0x108 returned 0 after 2000 usecs

[    2.580449] calling  net_inuse_init+0x0/0x38 @ 1

[    2.585198] initcall net_inuse_init+0x0/0x38 returned 0 after 0 usecs

[    2.591814] calling  sock_struct_check+0x0/0x8 @ 1

[    2.596738] initcall sock_struct_check+0x0/0x8 returned 0 after 0 usecs

[    2.603535] calling  init_default_flow_dissectors+0x0/0x64 @ 1

[    2.609528] initcall init_default_flow_dissectors+0x0/0x64 returned 0 after 0 usecs

[    2.617392] calling  netlink_proto_init+0x0/0x194 @ 1

[    2.622609] NET: Registered PF_NETLINK/PF_ROUTE protocol family

[    2.628710] initcall netlink_proto_init+0x0/0x194 returned 0 after 6000 usecs

[    2.636041] calling  genl_init+0x0/0x70 @ 1

[    2.640347] initcall genl_init+0x0/0x70 returned 0 after 0 usecs

[    2.646521] calling  __gnttab_init+0x0/0x40 @ 1

[    2.651178] initcall __gnttab_init+0x0/0x40 returned -19 after 0 usecs

[    2.657973] entering initcall level: postcore

[    2.662456] calling  debug_monitors_init+0x0/0x3c @ 1

[    2.667732] initcall debug_monitors_init+0x0/0x3c returned 0 after 0 usecs

[    2.674794] calling  init_overflow_sysctl+0x0/0x3c @ 1

[    2.680084] initcall init_overflow_sysctl+0x0/0x3c returned 0 after 0 usecs

[    2.687238] calling  pi_init+0x0/0x7c @ 1

[    2.691370] initcall pi_init+0x0/0x7c returned 0 after 0 usecs

[    2.697361] calling  irq_sysfs_init+0x0/0x124 @ 1

[    2.702258] initcall irq_sysfs_init+0x0/0x124 returned 0 after 0 usecs

[    2.708960] calling  dma_atomic_pool_init+0x0/0x158 @ 1

[    2.714636] DMA: preallocated 2048 KiB GFP_KERNEL pool for atomic allocations

[    2.722226] DMA: preallocated 2048 KiB GFP_KERNEL|GFP_DMA pool for atomic allocations

[    2.730521] DMA: preallocated 2048 KiB GFP_KERNEL|GFP_DMA32 pool for atomic allocations

[    2.738764] initcall dma_atomic_pool_init+0x0/0x158 returned 0 after 24000 usecs

[    2.746366] calling  audit_init+0x0/0x188 @ 1

[    2.750852] audit: initializing netlink subsys (disabled)

[    2.756536] initcall audit_init+0x0/0x188 returned 0 after 6000 usecs

[    2.756540] audit: type=2000 audit(2.019:1): state=initialized audit_enabled=0 res=1

[    2.763153] calling  bdi_class_init+0x0/0x50 @ 1

[    2.763171] initcall bdi_class_init+0x0/0x50 returned 0 after 0 usecs

[    2.782465] calling  mm_sysfs_init+0x0/0x40 @ 1

[    2.787122] initcall mm_sysfs_init+0x0/0x40 returned 0 after 0 usecs

[    2.793641] calling  init_per_zone_wmark_min+0x0/0x38 @ 1

[    2.799198] initcall init_per_zone_wmark_min+0x0/0x38 returned 0 after 0 usecs

[    2.806611] calling  irqc_init+0x0/0x28 @ 1

[    2.810932] initcall irqc_init+0x0/0x28 returned 0 after 0 usecs

[    2.817107] calling  fsl_mc_bus_driver_init+0x0/0xf0 @ 1

[    2.822594] initcall fsl_mc_bus_driver_init+0x0/0xf0 returned 0 after 0 usecs

[    2.829924] calling  sh_pfc_init+0x0/0x28 @ 1

[    2.834410] initcall sh_pfc_init+0x0/0x28 returned 0 after 0 usecs

[    2.840756] calling  samsung_pinctrl_drv_register+0x0/0x2c @ 1

[    2.846750] initcall samsung_pinctrl_drv_register+0x0/0x2c returned 0 after 0 usecs

[    2.854616] calling  acpi_gpio_setup_params+0x0/0x100 @ 1

[    2.860169] initcall acpi_gpio_setup_params+0x0/0x100 returned 0 after 0 usecs

[    2.867580] calling  davinci_gpio_drv_reg+0x0/0x28 @ 1

[    2.872866] initcall davinci_gpio_drv_reg+0x0/0x28 returned 0 after 0 usecs

[    2.880011] calling  pcibus_class_init+0x0/0x28 @ 1

[    2.885023] initcall pcibus_class_init+0x0/0x28 returned 0 after 0 usecs

[    2.891907] calling  pci_driver_init+0x0/0x3c @ 1

[    2.896753] initcall pci_driver_init+0x0/0x3c returned 0 after 0 usecs

[    2.903453] calling  backlight_class_init+0x0/0x84 @ 1

[    2.908735] initcall backlight_class_init+0x0/0x84 returned 0 after 0 usecs

[    2.915889] calling  amba_init+0x0/0x24 @ 1

[    2.920194] initcall amba_init+0x0/0x24 returned 0 after 0 usecs

[    2.926370] calling  ma35d1_clocks_init+0x0/0x28 @ 1

[    2.931481] initcall ma35d1_clocks_init+0x0/0x28 returned 0 after 0 usecs

[    2.938450] calling  qcom_apcs_msm8996_clk_init+0x0/0x28 @ 1

[    2.944263] initcall qcom_apcs_msm8996_clk_init+0x0/0x28 returned 0 after 0 usecs

[    2.951945] calling  qcom_msm8996_cbf_init+0x0/0x28 @ 1

[    2.957314] initcall qcom_msm8996_cbf_init+0x0/0x28 returned 0 after 0 usecs

[    2.964554] calling  mtk_infracfg_init+0x0/0x4c @ 1

[    2.969702] initcall mtk_infracfg_init+0x0/0x4c returned 0 after 0 usecs

[    2.976589] calling  exynos_pmu_init+0x0/0x28 @ 1

[    2.981435] initcall exynos_pmu_init+0x0/0x28 returned 0 after 0 usecs

[    2.988135] calling  owl_sps_init+0x0/0x28 @ 1

[    2.992708] initcall owl_sps_init+0x0/0x28 returned 0 after 0 usecs

[    2.999140] calling  rcar_sysc_pd_init_provider+0x0/0x50 @ 1

[    3.004960] initcall rcar_sysc_pd_init_provider+0x0/0x50 returned -19 after 0 usecs

[    3.012826] calling  rcar_gen4_sysc_pd_init+0x0/0x3b4 @ 1

[    3.018530] initcall rcar_gen4_sysc_pd_init+0x0/0x3b4 returned -19 after 0 usecs

[    3.026127] calling  xenbus_init+0x0/0x3d4 @ 1

[    3.030697] initcall xenbus_init+0x0/0x3d4 returned -19 after 0 usecs

[    3.037313] calling  hi6220_reset_init+0x0/0x28 @ 1

[    3.042330] initcall hi6220_reset_init+0x0/0x28 returned 0 after 0 usecs

[    3.049215] calling  tty_class_init+0x0/0x28 @ 1

[    3.053958] initcall tty_class_init+0x0/0x28 returned 0 after 0 usecs

[    3.060575] calling  vtconsole_class_init+0x0/0x100 @ 1

[    3.065965] initcall vtconsole_class_init+0x0/0x100 returned 0 after 0 usecs

[    3.073208] calling  serdev_init+0x0/0x38 @ 1

[    3.077696] initcall serdev_init+0x0/0x38 returned 0 after 0 usecs

[    3.084041] calling  iommu_dev_init+0x0/0x24 @ 1

[    3.088785] initcall iommu_dev_init+0x0/0x24 returned 0 after 0 usecs

[    3.095402] calling  host1x_context_device_bus_init+0x0/0x60 @ 1

[    3.101579] initcall host1x_context_device_bus_init+0x0/0x60 returned 0 after 0 usecs

[    3.109616] calling  mipi_dsi_bus_init+0x0/0x28 @ 1

[    3.114628] initcall mipi_dsi_bus_init+0x0/0x28 returned 0 after 0 usecs

[    3.121513] calling  devlink_class_init+0x0/0x70 @ 1

[    3.126611] initcall devlink_class_init+0x0/0x70 returned 0 after 0 usecs

[    3.133581] calling  software_node_init+0x0/0x44 @ 1

[    3.138689] initcall software_node_init+0x0/0x44 returned 0 after 0 usecs

[    3.145660] calling  wakeup_sources_debugfs_init+0x0/0x40 @ 1

[    3.151570] initcall wakeup_sources_debugfs_init+0x0/0x40 returned 0 after 0 usecs

[    3.159339] calling  wakeup_sources_sysfs_init+0x0/0x34 @ 1

[    3.165059] initcall wakeup_sources_sysfs_init+0x0/0x34 returned 0 after 0 usecs

[    3.172653] calling  regmap_initcall+0x0/0x20 @ 1

[    3.177496] initcall regmap_initcall+0x0/0x20 returned 0 after 0 usecs

[    3.184196] calling  sram_init+0x0/0x28 @ 1

[    3.188499] initcall sram_init+0x0/0x28 returned 0 after 0 usecs

[    3.194675] calling  spi_init+0x0/0xfc @ 1

[    3.198895] initcall spi_init+0x0/0xfc returned 0 after 0 usecs

[    3.204972] calling  spmi_init+0x0/0x38 @ 1

[    3.209275] initcall spmi_init+0x0/0x38 returned 0 after 0 usecs

[    3.215450] calling  i2c_init+0x0/0x11c @ 1

[    3.219763] initcall i2c_init+0x0/0x11c returned 0 after 0 usecs

[    3.225939] calling  thermal_init+0x0/0x1b4 @ 1

[    3.230611] thermal_sys: Registered thermal governor 'fair_share'

[    3.230613] thermal_sys: Registered thermal governor 'step_wise'

[    3.236872] thermal_sys: Registered thermal governor 'user_space'

[    3.243045] thermal_sys: Registered thermal governor 'power_allocator'

[    3.249306] initcall thermal_init+0x0/0x1b4 returned 0 after 19000 usecs

[    3.262889] calling  qcom_cpufreq_hw_init+0x0/0x28 @ 1

[    3.268174] initcall qcom_cpufreq_hw_init+0x0/0x28 returned 0 after 0 usecs

[    3.275318] calling  init_ladder+0x0/0x50 @ 1

[    3.279830] cpuidle: using governor ladder

[    3.284043] initcall init_ladder+0x0/0x50 returned 0 after 5000 usecs

[    3.290660] calling  init_menu+0x0/0x24 @ 1

[    3.294974] cpuidle: using governor menu

[    3.299004] initcall init_menu+0x0/0x24 returned 0 after 4000 usecs

[    3.305436] calling  teo_governor_init+0x0/0x24 @ 1

[    3.310447] initcall teo_governor_init+0x0/0x24 returned 0 after 0 usecs

[    3.317331] calling  pcc_init+0x0/0xc8 @ 1

[    3.321545] initcall pcc_init+0x0/0xc8 returned -19 after 0 usecs

[    3.327804] calling  qcom_apcs_ipc_init+0x0/0x28 @ 1

[    3.332916] initcall qcom_apcs_ipc_init+0x0/0x28 returned 0 after 0 usecs

[    3.339885] calling  qcom_hwspinlock_init+0x0/0x28 @ 1

[    3.345170] initcall qcom_hwspinlock_init+0x0/0x28 returned 0 after 0 usecs

[    3.352324] calling  rpmsg_init+0x0/0xb4 @ 1

[    3.356714] initcall rpmsg_init+0x0/0xb4 returned 0 after 0 usecs

[    3.362973] calling  rpmsg_ns_init+0x0/0x68 @ 1

[    3.367632] initcall rpmsg_ns_init+0x0/0x68 returned 0 after 0 usecs

[    3.374163] calling  qrtr_proto_init+0x0/0x84 @ 1

[    3.379018] NET: Registered PF_QIPCRTR protocol family

[    3.384330] initcall qrtr_proto_init+0x0/0x84 returned 0 after 6000 usecs

[    3.391304] calling  kobject_uevent_init+0x0/0x24 @ 1

[    3.396503] initcall kobject_uevent_init+0x0/0x24 returned 0 after 0 usecs

[    3.403644] entering initcall level: arch

[    3.407773] calling  reserve_memblock_reserved_regions+0x0/0x188 @ 1

[    3.414313] initcall reserve_memblock_reserved_regions+0x0/0x188 returned 0 after 0 usecs

[    3.422707] calling  aarch32_alloc_vdso_pages+0x0/0xf0 @ 1

[    3.428343] initcall aarch32_alloc_vdso_pages+0x0/0xf0 returned 0 after 0 usecs

[    3.435850] calling  vdso_init+0x0/0x100 @ 1

[    3.440235] initcall vdso_init+0x0/0x100 returned 0 after 0 usecs

[    3.446494] calling  arm64_create_dummy_rsi_dev+0x0/0x48 @ 1

[    3.452304] initcall arm64_create_dummy_rsi_dev+0x0/0x48 returned 0 after 0 usecs

[    3.459988] calling  arch_hw_breakpoint_init+0x0/0xd4 @ 1

[    3.465538] hw-breakpoint: found 6 breakpoint and 4 watchpoint registers.

[    3.472648] initcall arch_hw_breakpoint_init+0x0/0xd4 returned 0 after 7000 usecs

[    3.480336] calling  adjust_protection_map+0x0/0x30 @ 1

[    3.485703] initcall adjust_protection_map+0x0/0x30 returned 0 after 0 usecs

[    3.492945] calling  asids_update_limit+0x0/0xb4 @ 1

[    3.498053] ASID allocator initialised with 32768 entries

[    3.503601] initcall asids_update_limit+0x0/0xb4 returned 0 after 6000 usecs

[    3.510843] calling  hugetlbpage_init+0x0/0x3c @ 1

[    3.515769] initcall hugetlbpage_init+0x0/0x3c returned 0 after 0 usecs

[    3.522567] calling  p2m_init+0x0/0x10 @ 1

[    3.526782] initcall p2m_init+0x0/0x10 returned 0 after 0 usecs

[    3.532858] calling  xen_mm_init+0x0/0x190 @ 1

[    3.537429] initcall xen_mm_init+0x0/0x190 returned 0 after 0 usecs

[    3.543863] calling  kcmp_cookies_init+0x0/0x58 @ 1

[    3.548873] initcall kcmp_cookies_init+0x0/0x58 returned 0 after 0 usecs

[    3.555758] calling  s700_pinctrl_init+0x0/0x28 @ 1

[    3.560780] initcall s700_pinctrl_init+0x0/0x28 returned 0 after 0 usecs

[    3.567665] calling  s900_pinctrl_init+0x0/0x28 @ 1

[    3.572678] initcall s900_pinctrl_init+0x0/0x28 returned 0 after 0 usecs

[    3.579563] calling  ns2_pinmux_init+0x0/0x28 @ 1

[    3.584407] initcall ns2_pinmux_init+0x0/0x28 returned 0 after 0 usecs

[    3.591108] calling  imx8mm_pinctrl_init+0x0/0x28 @ 1

[    3.596308] initcall imx8mm_pinctrl_init+0x0/0x28 returned 0 after 0 usecs

[    3.603365] calling  imx8mn_pinctrl_init+0x0/0x28 @ 1

[    3.608563] initcall imx8mn_pinctrl_init+0x0/0x28 returned 0 after 0 usecs

[    3.615620] calling  imx8mp_pinctrl_init+0x0/0x28 @ 1

[    3.620818] initcall imx8mp_pinctrl_init+0x0/0x28 returned 0 after 0 usecs

[    3.627876] calling  imx8mq_pinctrl_init+0x0/0x28 @ 1

[    3.633073] initcall imx8mq_pinctrl_init+0x0/0x28 returned 0 after 0 usecs

[    3.640130] calling  imx8qm_pinctrl_init+0x0/0x28 @ 1

[    3.645329] initcall imx8qm_pinctrl_init+0x0/0x28 returned 0 after 0 usecs

[    3.652386] calling  imx8qxp_pinctrl_init+0x0/0x28 @ 1

[    3.657668] initcall imx8qxp_pinctrl_init+0x0/0x28 returned 0 after 0 usecs

[    3.664811] calling  imx8dxl_pinctrl_init+0x0/0x28 @ 1

[    3.670093] initcall imx8dxl_pinctrl_init+0x0/0x28 returned 0 after 0 usecs

[    3.677236] calling  imx8ulp_pinctrl_init+0x0/0x28 @ 1

[    3.682518] initcall imx8ulp_pinctrl_init+0x0/0x28 returned 0 after 0 usecs

[    3.689672] calling  imx91_pinctrl_init+0x0/0x28 @ 1

[    3.694771] initcall imx91_pinctrl_init+0x0/0x28 returned 0 after 0 usecs

[    3.701740] calling  imx93_pinctrl_init+0x0/0x28 @ 1

[    3.706849] initcall imx93_pinctrl_init+0x0/0x28 returned 0 after 0 usecs

[    3.713819] calling  mtk_pinctrl_init+0x0/0x28 @ 1

[    3.718747] initcall mtk_pinctrl_init+0x0/0x28 returned 0 after 0 usecs

[    3.725534] calling  mt6765_pinctrl_init+0x0/0x28 @ 1

[    3.730732] initcall mt6765_pinctrl_init+0x0/0x28 returned 0 after 0 usecs

[    3.737792] calling  mt6779_pinctrl_init+0x0/0x28 @ 1

[    3.742991] initcall mt6779_pinctrl_init+0x0/0x28 returned 0 after 0 usecs

[    3.750048] calling  mtk_pinctrl_init+0x0/0x28 @ 1

[    3.754973] initcall mtk_pinctrl_init+0x0/0x28 returned 0 after 0 usecs

[    3.761771] calling  mt6797_pinctrl_init+0x0/0x28 @ 1

[    3.766968] initcall mt6797_pinctrl_init+0x0/0x28 returned 0 after 0 usecs

[    3.774025] calling  mt6893_pinctrl_init+0x0/0x28 @ 1

[    3.779223] initcall mt6893_pinctrl_init+0x0/0x28 returned 0 after 0 usecs

[    3.786281] calling  mt7622_pinctrl_init+0x0/0x28 @ 1

[    3.791478] initcall mt7622_pinctrl_init+0x0/0x28 returned 0 after 0 usecs

[    3.798536] calling  mt7981_pinctrl_init+0x0/0x28 @ 1

[    3.803736] initcall mt7981_pinctrl_init+0x0/0x28 returned 0 after 0 usecs

[    3.810795] calling  mt7986a_pinctrl_init+0x0/0x28 @ 1

[    3.816079] initcall mt7986a_pinctrl_init+0x0/0x28 returned 0 after 0 usecs

[    3.823232] calling  mt7986b_pinctrl_init+0x0/0x2c @ 1

[    3.828516] initcall mt7986b_pinctrl_init+0x0/0x2c returned 0 after 0 usecs

[    3.835658] calling  mt7988_pinctrl_init+0x0/0x28 @ 1

[    3.840856] initcall mt7988_pinctrl_init+0x0/0x28 returned 0 after 0 usecs

[    3.847915] calling  mtk_pinctrl_init+0x0/0x28 @ 1

[    3.852842] initcall mtk_pinctrl_init+0x0/0x28 returned 0 after 0 usecs

[    3.859640] calling  mtk_pinctrl_init+0x0/0x28 @ 1

[    3.864567] initcall mtk_pinctrl_init+0x0/0x28 returned 0 after 0 usecs

[    3.871365] calling  mt8183_pinctrl_init+0x0/0x28 @ 1

[    3.876566] initcall mt8183_pinctrl_init+0x0/0x28 returned 0 after 0 usecs

[    3.883624] calling  mt8186_pinctrl_init+0x0/0x28 @ 1

[    3.888821] initcall mt8186_pinctrl_init+0x0/0x28 returned 0 after 0 usecs

[    3.895880] calling  mt8188_pinctrl_init+0x0/0x28 @ 1

[    3.901081] initcall mt8188_pinctrl_init+0x0/0x28 returned 0 after 0 usecs

[    3.908138] calling  mt8189_pinctrl_init+0x0/0x28 @ 1

[    3.913337] initcall mt8189_pinctrl_init+0x0/0x28 returned 0 after 0 usecs

[    3.920393] calling  mt8192_pinctrl_init+0x0/0x28 @ 1

[    3.925592] initcall mt8192_pinctrl_init+0x0/0x28 returned 0 after 0 usecs

[    3.932649] calling  mt8195_pinctrl_init+0x0/0x28 @ 1

[    3.937848] initcall mt8195_pinctrl_init+0x0/0x28 returned 0 after 0 usecs

[    3.944907] calling  mt8196_pinctrl_init+0x0/0x28 @ 1

[    3.950105] initcall mt8196_pinctrl_init+0x0/0x28 returned 0 after 0 usecs

[    3.957163] calling  mtk_pinctrl_init+0x0/0x28 @ 1

[    3.962091] initcall mtk_pinctrl_init+0x0/0x28 returned 0 after 0 usecs

[    3.968889] calling  mtk_pinctrl_init+0x0/0x28 @ 1

[    3.973816] initcall mtk_pinctrl_init+0x0/0x28 returned 0 after 0 usecs

[    3.980603] calling  ipq5018_pinctrl_init+0x0/0x28 @ 1

[    3.985887] initcall ipq5018_pinctrl_init+0x0/0x28 returned 0 after 0 usecs

[    3.993032] calling  ipq5332_pinctrl_init+0x0/0x28 @ 1

[    3.998317] initcall ipq5332_pinctrl_init+0x0/0x28 returned 0 after 0 usecs

[    4.005472] calling  ipq5424_pinctrl_init+0x0/0x28 @ 1

[    4.010758] initcall ipq5424_pinctrl_init+0x0/0x28 returned 0 after 0 usecs

[    4.017901] calling  ipq8074_pinctrl_init+0x0/0x28 @ 1

[    4.023184] initcall ipq8074_pinctrl_init+0x0/0x28 returned 0 after 0 usecs

[    4.030328] calling  ipq6018_pinctrl_init+0x0/0x28 @ 1

[    4.035612] initcall ipq6018_pinctrl_init+0x0/0x28 returned 0 after 0 usecs

[    4.042767] calling  ipq9574_pinctrl_init+0x0/0x28 @ 1

[    4.048051] initcall ipq9574_pinctrl_init+0x0/0x28 returned 0 after 0 usecs

[    4.055206] calling  msm8916_pinctrl_init+0x0/0x28 @ 1

[    4.060491] initcall msm8916_pinctrl_init+0x0/0x28 returned 0 after 0 usecs

[    4.067646] calling  msm8953_pinctrl_init+0x0/0x28 @ 1

[    4.072929] initcall msm8953_pinctrl_init+0x0/0x28 returned 0 after 0 usecs

[    4.080072] calling  msm8976_pinctrl_init+0x0/0x28 @ 1

[    4.085356] initcall msm8976_pinctrl_init+0x0/0x28 returned 0 after 0 usecs

[    4.092499] calling  msm8994_pinctrl_init+0x0/0x28 @ 1

[    4.097783] initcall msm8994_pinctrl_init+0x0/0x28 returned 0 after 0 usecs

[    4.104938] calling  msm8996_pinctrl_init+0x0/0x28 @ 1

[    4.110223] initcall msm8996_pinctrl_init+0x0/0x28 returned 0 after 0 usecs

[    4.117378] calling  msm8998_pinctrl_init+0x0/0x28 @ 1

[    4.122661] initcall msm8998_pinctrl_init+0x0/0x28 returned 0 after 0 usecs

[    4.129804] calling  qcm2290_pinctrl_init+0x0/0x28 @ 1

[    4.135089] initcall qcm2290_pinctrl_init+0x0/0x28 returned 0 after 0 usecs

[    4.142232] calling  qcs404_pinctrl_init+0x0/0x28 @ 1

[    4.147432] initcall qcs404_pinctrl_init+0x0/0x28 returned 0 after 0 usecs

[    4.154489] calling  qcs615_tlmm_init+0x0/0x28 @ 1

[    4.159416] initcall qcs615_tlmm_init+0x0/0x28 returned 0 after 0 usecs

[    4.166215] calling  qcs8300_pinctrl_init+0x0/0x28 @ 1

[    4.171500] initcall qcs8300_pinctrl_init+0x0/0x28 returned 0 after 0 usecs

[    4.178645] calling  qdf2xxx_pinctrl_init+0x0/0x28 @ 1

[    4.183929] initcall qdf2xxx_pinctrl_init+0x0/0x28 returned 0 after 0 usecs

[    4.191083] calling  qdu1000_tlmm_init+0x0/0x28 @ 1

[    4.196097] initcall qdu1000_tlmm_init+0x0/0x28 returned 0 after 0 usecs

[    4.202982] calling  sa8775p_pinctrl_init+0x0/0x28 @ 1

[    4.208265] initcall sa8775p_pinctrl_init+0x0/0x28 returned 0 after 0 usecs

[    4.215409] calling  sc7180_pinctrl_init+0x0/0x28 @ 1

[    4.220609] initcall sc7180_pinctrl_init+0x0/0x28 returned 0 after 0 usecs

[    4.227668] calling  sc7280_pinctrl_init+0x0/0x28 @ 1

[    4.232867] initcall sc7280_pinctrl_init+0x0/0x28 returned 0 after 0 usecs

[    4.239924] calling  sc8180x_pinctrl_init+0x0/0x28 @ 1

[    4.245209] initcall sc8180x_pinctrl_init+0x0/0x28 returned 0 after 0 usecs

[    4.252365] calling  sc8280xp_pinctrl_init+0x0/0x28 @ 1

[    4.257735] initcall sc8280xp_pinctrl_init+0x0/0x28 returned 0 after 0 usecs

[    4.264977] calling  sdm660_pinctrl_init+0x0/0x28 @ 1

[    4.270176] initcall sdm660_pinctrl_init+0x0/0x28 returned 0 after 0 usecs

[    4.277235] calling  sdm670_pinctrl_init+0x0/0x28 @ 1

[    4.282433] initcall sdm670_pinctrl_init+0x0/0x28 returned 0 after 0 usecs

[    4.289490] calling  sdm845_pinctrl_init+0x0/0x28 @ 1

[    4.294689] initcall sdm845_pinctrl_init+0x0/0x28 returned 0 after 0 usecs

[    4.301747] calling  sdx75_pinctrl_init+0x0/0x28 @ 1

[    4.306858] initcall sdx75_pinctrl_init+0x0/0x28 returned 0 after 0 usecs

[    4.313830] calling  sm4450_tlmm_init+0x0/0x28 @ 1

[    4.318758] initcall sm4450_tlmm_init+0x0/0x28 returned 0 after 0 usecs

[    4.325557] calling  sm6115_tlmm_init+0x0/0x28 @ 1

[    4.330486] initcall sm6115_tlmm_init+0x0/0x28 returned 0 after 0 usecs

[    4.337273] calling  sm6125_tlmm_init+0x0/0x28 @ 1

[    4.342201] initcall sm6125_tlmm_init+0x0/0x28 returned 0 after 0 usecs

[    4.348988] calling  sm6350_tlmm_init+0x0/0x28 @ 1

[    4.353917] initcall sm6350_tlmm_init+0x0/0x28 returned 0 after 0 usecs

[    4.360704] calling  sm6375_tlmm_init+0x0/0x28 @ 1

[    4.365631] initcall sm6375_tlmm_init+0x0/0x28 returned 0 after 0 usecs

[    4.372429] calling  sm8150_pinctrl_init+0x0/0x28 @ 1

[    4.377629] initcall sm8150_pinctrl_init+0x0/0x28 returned 0 after 0 usecs

[    4.384686] calling  sm8250_pinctrl_init+0x0/0x28 @ 1

[    4.389885] initcall sm8250_pinctrl_init+0x0/0x28 returned 0 after 0 usecs

[    4.396943] calling  sm8350_tlmm_init+0x0/0x28 @ 1

[    4.401870] initcall sm8350_tlmm_init+0x0/0x28 returned 0 after 0 usecs

[    4.408668] calling  sm8450_tlmm_init+0x0/0x28 @ 1

[    4.413596] initcall sm8450_tlmm_init+0x0/0x28 returned 0 after 0 usecs

[    4.420395] calling  sm8550_tlmm_init+0x0/0x28 @ 1

[    4.425325] initcall sm8550_tlmm_init+0x0/0x28 returned 0 after 0 usecs

[    4.432113] calling  sm8650_tlmm_init+0x0/0x28 @ 1

[    4.437040] initcall sm8650_tlmm_init+0x0/0x28 returned 0 after 0 usecs

[    4.443839] calling  sm8750_tlmm_init+0x0/0x28 @ 1

[    4.448768] initcall sm8750_tlmm_init+0x0/0x28 returned 0 after 0 usecs

[    4.455567] calling  x1e80100_pinctrl_init+0x0/0x28 @ 1

[    4.460939] initcall x1e80100_pinctrl_init+0x0/0x28 returned 0 after 0 usecs

[    4.468181] calling  rtd1619b_pinctrl_init+0x0/0x28 @ 1

[    4.473550] initcall rtd1619b_pinctrl_init+0x0/0x28 returned 0 after 0 usecs

[    4.480792] calling  rtd1319d_pinctrl_init+0x0/0x28 @ 1

[    4.486161] initcall rtd1319d_pinctrl_init+0x0/0x28 returned 0 after 0 usecs

[    4.493403] calling  rtd1315e_pinctrl_init+0x0/0x28 @ 1

[    4.498780] initcall rtd1315e_pinctrl_init+0x0/0x28 returned 0 after 0 usecs

[    4.506021] calling  tegra124_pinctrl_init+0x0/0x28 @ 1

[    4.511394] initcall tegra124_pinctrl_init+0x0/0x28 returned 0 after 0 usecs

[    4.518636] calling  tegra210_pinctrl_init+0x0/0x28 @ 1

[    4.524006] initcall tegra210_pinctrl_init+0x0/0x28 returned 0 after 0 usecs

[    4.531247] calling  tegra186_pinctrl_init+0x0/0x28 @ 1

[    4.536620] initcall tegra186_pinctrl_init+0x0/0x28 returned 0 after 0 usecs

[    4.543862] calling  tegra194_pinctrl_init+0x0/0x28 @ 1

[    4.549232] initcall tegra194_pinctrl_init+0x0/0x28 returned 0 after 0 usecs

[    4.556473] calling  tegra234_pinctrl_init+0x0/0x28 @ 1

[    4.561844] initcall tegra234_pinctrl_init+0x0/0x28 returned 0 after 0 usecs

[    4.569085] calling  tmpv7700_pinctrl_init+0x0/0x28 @ 1

[    4.574454] initcall tmpv7700_pinctrl_init+0x0/0x28 returned 0 after 0 usecs

[    4.581696] calling  mpc8xxx_init+0x0/0x28 @ 1

[    4.586270] initcall mpc8xxx_init+0x0/0x28 returned 0 after 0 usecs

[    4.592703] calling  acpi_pci_init+0x0/0x78 @ 1

[    4.597359] initcall acpi_pci_init+0x0/0x78 returned 0 after 0 usecs

[    4.603887] calling  clk_en7523_init+0x0/0x28 @ 1

[    4.608729] initcall clk_en7523_init+0x0/0x28 returned 0 after 0 usecs

[    4.615430] calling  clk_mt6765_init+0x0/0x28 @ 1

[    4.620272] initcall clk_mt6765_init+0x0/0x28 returned 0 after 0 usecs

[    4.626973] calling  clk_mt6779_init+0x0/0x44 @ 1

[    4.631822] initcall clk_mt6779_init+0x0/0x44 returned 0 after 0 usecs

[    4.638523] calling  clk_mt6797_init+0x0/0x28 @ 1

[    4.643366] initcall clk_mt6797_init+0x0/0x28 returned 0 after 0 usecs

[    4.650068] calling  samsung_pll_disable_early_timeout+0x0/0x10 @ 1

[    4.656501] initcall samsung_pll_disable_early_timeout+0x0/0x10 returned 0 after 0 usecs

[    4.664809] calling  tegra_clocks_apply_init_table+0x0/0x34 @ 1

[    4.670886] initcall tegra_clocks_apply_init_table+0x0/0x34 returned 0 after 0 usecs

[    4.678838] calling  dma_channel_table_init+0x0/0x194 @ 1

[    4.684392] initcall dma_channel_table_init+0x0/0x194 returned 0 after 0 usecs

[    4.691801] calling  dma_bus_init+0x0/0x170 @ 1

[    4.696485] initcall dma_bus_init+0x0/0x170 returned 0 after 0 usecs

[    4.703017] calling  brcmstb_soc_device_init+0x0/0x13c @ 1

[    4.708906] initcall brcmstb_soc_device_init+0x0/0x13c returned 0 after 1000 usecs

[    4.716677] calling  mediatek_regulator_coupler_init+0x0/0xc8 @ 1

[    4.722940] initcall mediatek_regulator_coupler_init+0x0/0xc8 returned 0 after 0 usecs

[    4.731073] calling  rpm_proc_init+0x0/0x28 @ 1

[    4.735738] initcall rpm_proc_init+0x0/0x28 returned 0 after 0 usecs

[    4.742268] calling  qcom_smd_rpm_init+0x0/0x2c @ 1

[    4.747282] initcall qcom_smd_rpm_init+0x0/0x2c returned 0 after 0 usecs

[    4.754166] calling  qcom_smem_init+0x0/0x28 @ 1

[    4.758910] initcall qcom_smem_init+0x0/0x28 returned 0 after 0 usecs

[    4.765527] calling  sunxi_mbus_init+0x0/0x48 @ 1

[    4.770368] initcall sunxi_mbus_init+0x0/0x48 returned 0 after 0 usecs

[    4.777068] calling  register_xen_platform_notifier+0x0/0x58 @ 1

[    4.783243] initcall register_xen_platform_notifier+0x0/0x58 returned 0 after 0 usecs

[    4.791279] calling  register_xen_amba_notifier+0x0/0x5c @ 1

[    4.797088] initcall register_xen_amba_notifier+0x0/0x5c returned 0 after 0 usecs

[    4.804771] calling  register_xen_pci_notifier+0x0/0x50 @ 1

[    4.810490] initcall register_xen_pci_notifier+0x0/0x50 returned 0 after 0 usecs

[    4.818086] calling  hi3660_reset_init+0x0/0x28 @ 1

[    4.823100] initcall hi3660_reset_init+0x0/0x28 returned 0 after 0 usecs

[    4.829986] calling  zynqmp_reset_init+0x0/0x28 @ 1

[    4.835000] initcall zynqmp_reset_init+0x0/0x28 returned 0 after 0 usecs

[    4.841885] calling  serial_base_init+0x0/0x94 @ 1

[    4.846822] initcall serial_base_init+0x0/0x94 returned 0 after 0 usecs

[    4.853622] calling  pl011_init+0x0/0x78 @ 1

[    4.858018] Serial: AMBA PL011 UART driver

[    4.862244] initcall pl011_init+0x0/0x78 returned 0 after 4000 usecs

[    4.868776] calling  mvebu_uart_init+0x0/0x9c @ 1

[    4.873628] initcall mvebu_uart_init+0x0/0x9c returned 0 after 0 usecs

[    4.880330] calling  cdns_uart_init+0x0/0x28 @ 1

[    4.885075] initcall cdns_uart_init+0x0/0x28 returned 0 after 0 usecs

[    4.891690] calling  iommu_dma_init+0x0/0x38 @ 1

[    4.896439] initcall iommu_dma_init+0x0/0x38 returned 0 after 0 usecs

[    4.903055] calling  sdei_init+0x0/0x28 @ 1

[    4.907359] initcall sdei_init+0x0/0x28 returned 0 after 0 usecs

[    4.913534] calling  dmi_id_init+0x0/0x350 @ 1

[    4.918135] initcall dmi_id_init+0x0/0x350 returned 0 after 0 usecs

[    4.924568] calling  qcom_ipcc_init+0x0/0x28 @ 1

[    4.929313] initcall qcom_ipcc_init+0x0/0x28 returned 0 after 0 usecs

[    4.935929] calling  cix_mailbox_init+0x0/0x28 @ 1

[    4.940856] initcall cix_mailbox_init+0x0/0x28 returned 0 after 0 usecs

[    4.947642] calling  qcom_smd_init+0x0/0x28 @ 1

[    4.952304] initcall qcom_smd_init+0x0/0x28 returned 0 after 0 usecs

[    4.958834] calling  tegra_mc_init+0x0/0x28 @ 1

[    4.963496] initcall tegra_mc_init+0x0/0x28 returned 0 after 0 usecs

[    4.970028] calling  iproc_gpio_init+0x0/0x28 @ 1

[    4.974870] initcall iproc_gpio_init+0x0/0x28 returned 0 after 0 usecs

[    4.981572] calling  of_platform_default_populate_init+0x0/0x108 @ 1

[    4.988224] probe of 80860000.aop-cmd-db returned 0 after 0 usecs

[    4.994636] probe of smem returned -517 after 0 usecs

[    5.000562] probe of power-domain-cpu0 returned -517 after 0 usecs

[    5.006929] probe of power-domain-cpu1 returned -517 after 0 usecs

[    5.013287] probe of power-domain-cpu2 returned -517 after 0 usecs

[    5.019644] probe of power-domain-cpu3 returned -517 after 0 usecs

[    5.026005] probe of power-domain-cpu4 returned -517 after 0 usecs

[    5.032363] probe of power-domain-cpu5 returned -517 after 0 usecs

[    5.038720] probe of power-domain-cpu6 returned -517 after 0 usecs

[    5.045079] probe of power-domain-cpu7 returned -517 after 0 usecs

[    5.051521] probe of power-domain-cluster returned 0 after 0 usecs

[    5.057975] CPUidle PSCI: Initialized CPU PM domain topology using OSI mode

[    5.065133] probe of psci returned 0 after 65000 usecs

[    5.073316] /soc@0/stm@6002000: Fixed dependency cycle(s) with /soc@0/funnel@6041000

[    5.081283] /soc@0/funnel@6041000: Fixed dependency cycle(s) with /soc@0/stm@6002000

[    5.089244] /soc@0/funnel@6041000: Fixed dependency cycle(s) with /soc@0/funnel@6045000

[    5.097469] /soc@0/funnel@6042000: Fixed dependency cycle(s) with /soc@0/funnel@7810000

[    5.105691] /soc@0/funnel@6042000: Fixed dependency cycle(s) with /soc@0/funnel@6045000

[    5.113916] /soc@0/funnel@6045000: Fixed dependency cycle(s) with /soc@0/funnel@6042000

[    5.122134] /soc@0/funnel@6045000: Fixed dependency cycle(s) with /soc@0/funnel@6041000

[    5.130357] /soc@0/funnel@6045000: Fixed dependency cycle(s) with /soc@0/funnel@6b04000

[    5.138582] /soc@0/replicator@6046000: Fixed dependency cycle(s) with /soc@0/replicator@6b06000

[    5.147514] /soc@0/replicator@6046000: Fixed dependency cycle(s) with /soc@0/etr@6048000

[    5.155829] /soc@0/etr@6048000: Fixed dependency cycle(s) with /soc@0/replicator@6046000

[    5.164144] /soc@0/funnel@6b04000: Fixed dependency cycle(s) with /soc@0/funnel@6045000

[    5.172364] /soc@0/funnel@6b04000: Fixed dependency cycle(s) with /soc@0/etf@6b05000

[    5.180323] /soc@0/etf@6b05000: Fixed dependency cycle(s) with /soc@0/funnel@6b04000

[    5.188274] /soc@0/etf@6b05000: Fixed dependency cycle(s) with /soc@0/replicator@6b06000

[    5.196590] /soc@0/replicator@6b06000: Fixed dependency cycle(s) with /soc@0/etf@6b05000

[    5.204898] /soc@0/replicator@6b06000: Fixed dependency cycle(s) with /soc@0/replicator@6046000

[    5.213838] /soc@0/etm@7040000: Fixed dependency cycle(s) with /soc@0/funnel@7800000

[    5.221797] /soc@0/etm@7140000: Fixed dependency cycle(s) with /soc@0/funnel@7800000

[    5.229756] /soc@0/etm@7240000: Fixed dependency cycle(s) with /soc@0/funnel@7800000

[    5.237714] /soc@0/etm@7340000: Fixed dependency cycle(s) with /soc@0/funnel@7800000

[    5.245673] /soc@0/etm@7440000: Fixed dependency cycle(s) with /soc@0/funnel@7800000

[    5.253632] /soc@0/etm@7540000: Fixed dependency cycle(s) with /soc@0/funnel@7800000

[    5.261590] /soc@0/etm@7640000: Fixed dependency cycle(s) with /soc@0/funnel@7800000

[    5.269549] /soc@0/etm@7740000: Fixed dependency cycle(s) with /soc@0/funnel@7800000

[    5.277500] /soc@0/funnel@7800000: Fixed dependency cycle(s) with /soc@0/etm@7740000

[    5.285454] /soc@0/funnel@7800000: Fixed dependency cycle(s) with /soc@0/etm@7640000

[    5.293404] /soc@0/funnel@7800000: Fixed dependency cycle(s) with /soc@0/etm@7540000

[    5.301355] /soc@0/funnel@7800000: Fixed dependency cycle(s) with /soc@0/etm@7440000

[    5.309306] /soc@0/funnel@7800000: Fixed dependency cycle(s) with /soc@0/etm@7340000

[    5.317257] /soc@0/funnel@7800000: Fixed dependency cycle(s) with /soc@0/etm@7240000

[    5.325209] /soc@0/funnel@7800000: Fixed dependency cycle(s) with /soc@0/etm@7140000

[    5.333161] /soc@0/funnel@7800000: Fixed dependency cycle(s) with /soc@0/etm@7040000

[    5.341116] /soc@0/funnel@7800000: Fixed dependency cycle(s) with /soc@0/funnel@7810000

[    5.349340] /soc@0/funnel@7810000: Fixed dependency cycle(s) with /soc@0/funnel@7800000

[    5.357562] /soc@0/funnel@7810000: Fixed dependency cycle(s) with /soc@0/funnel@6042000

[    5.365802] /soc@0/phy@88e8000: Fixed dependency cycle(s) with /soc@0/display-subsystem@ae00000/displayport-controller@ae90000

[    5.377493] /soc@0/phy@88e8000: Fixed dependency cycle(s) with /soc@0/usb@a600000

[    5.385205] /soc@0/usb@a600000: Fixed dependency cycle(s) with /soc@0/phy@88e8000

[    5.392905] /soc@0/clock-controller@af00000: Fixed dependency cycle(s) with /soc@0/phy@88e8000

[    5.401748] /soc@0/display-subsystem@ae00000: Fixed dependency cycle(s) with /soc@0/clock-controller@af00000

[    5.411847] /soc@0/display-subsystem@ae00000/display-controller@ae01000: Fixed dependency cycle(s) with /soc@0/display-subsystem@ae00000/displayport-controller@ae90000

[    5.427196] /soc@0/display-subsystem@ae00000/display-controller@ae01000: Fixed dependency cycle(s) with /soc@0/display-subsystem@ae00000

[    5.439786] /soc@0/display-subsystem@ae00000/display-controller@ae01000: Fixed dependency cycle(s) with /soc@0/clock-controller@af00000

[    5.452298] /soc@0/display-subsystem@ae00000/displayport-controller@ae90000: Fixed dependency cycle(s) with /soc@0/display-subsystem@ae00000/display-controller@ae01000

[    5.467646] /soc@0/display-subsystem@ae00000/displayport-controller@ae90000: Fixed dependency cycle(s) with /soc@0/phy@88e8000

[    5.479340] /soc@0/display-subsystem@ae00000/displayport-controller@ae90000: Fixed dependency cycle(s) with /soc@0/clock-controller@af00000

[    5.492188] /soc@0/display-subsystem@ae00000/displayport-controller@ae90000: Fixed dependency cycle(s) with /soc@0/display-subsystem@ae00000

[    5.505172] /soc@0/interrupt-controller@17a00000: Fixed dependency cycle(s) with /soc@0/interrupt-controller@17a00000

[    5.516425] probe of 408000.mailbox returned 0 after 0 usecs

[    5.523785] probe of 1f40000.hwlock returned 0 after 0 usecs

[    5.530696] /soc@0/stm@6002000: Fixed dependency cycle(s) with /soc@0/funnel@6041000

[    5.538681] /soc@0/stm@6002000: Fixed dependency cycle(s) with /soc@0/funnel@6041000

[    5.546650] /soc@0/funnel@6041000: Fixed dependency cycle(s) with /soc@0/stm@6002000

[    5.554617] /soc@0/funnel@6041000: Fixed dependency cycle(s) with /soc@0/funnel@6045000

[    5.562860] /soc@0/funnel@6042000: Fixed dependency cycle(s) with /soc@0/funnel@7810000

[    5.571084] /soc@0/funnel@6042000: Fixed dependency cycle(s) with /soc@0/funnel@6045000

[    5.579324] /soc@0/funnel@6042000: Fixed dependency cycle(s) with /soc@0/funnel@6045000

[    5.587558] /soc@0/funnel@6041000: Fixed dependency cycle(s) with /soc@0/funnel@6045000

[    5.595789] /soc@0/funnel@6045000: Fixed dependency cycle(s) with /soc@0/funnel@6042000

[    5.604018] /soc@0/funnel@6045000: Fixed dependency cycle(s) with /soc@0/funnel@6041000

[    5.612246] /soc@0/funnel@6045000: Fixed dependency cycle(s) with /soc@0/funnel@6b04000

[    5.620488] /soc@0/replicator@6046000: Fixed dependency cycle(s) with /soc@0/replicator@6b06000

[    5.629422] /soc@0/replicator@6046000: Fixed dependency cycle(s) with /soc@0/etr@6048000

[    5.637744] /soc@0/replicator@6046000: Fixed dependency cycle(s) with /soc@0/etr@6048000

[    5.646068] /soc@0/etr@6048000: Fixed dependency cycle(s) with /soc@0/replicator@6046000

[    5.654402] /soc@0/funnel@6045000: Fixed dependency cycle(s) with /soc@0/funnel@6b04000

[    5.662633] /soc@0/funnel@6b04000: Fixed dependency cycle(s) with /soc@0/funnel@6045000

[    5.670864] /soc@0/funnel@6b04000: Fixed dependency cycle(s) with /soc@0/etf@6b05000

[    5.678834] /soc@0/funnel@6b04000: Fixed dependency cycle(s) with /soc@0/etf@6b05000

[    5.686801] /soc@0/etf@6b05000: Fixed dependency cycle(s) with /soc@0/funnel@6b04000

[    5.694762] /soc@0/etf@6b05000: Fixed dependency cycle(s) with /soc@0/replicator@6b06000

[    5.703088] /soc@0/etf@6b05000: Fixed dependency cycle(s) with /soc@0/replicator@6b06000

