S - Format: Log Type - Time(microsec) - Message - Optional Info

S - Log Type: B - Since Boot(Power On Reset),  D - Delta,  S - Statistic

S - QC_IMAGE_VERSION_STRING=BOOT.MXF.1.0.1-00549-KODIAKWP-1

S - IMAGE_VARIANT_STRING=SocKodiakWP

S - OEM_IMAGE_VERSION_STRING=wa-lxc

S - Boot Interface: SPI

S - Secure Boot: Off

S - Boot Config @ 0x00786070 = 0x000000c9

S - JTAG ID @ 0x00786130 = 0x001980e1

S - OEM ID @ 0x00786138 = 0x00000000

S - Serial Number @ 0x00786134 = 0x8dbddd5e

S - OEM Config Row 0 @ 0x007841c0 = 0x0000000000000000

S - OEM Config Row 1 @ 0x007841c8 = 0x0000000000000000

S - Feature Config Row 0 @ 0x00784148 = 0x0000000000000000

S - Feature Config Row 1 @ 0x00784150 = 0x0000000000000000

S - Core 0 Frequency, 1516 MHz

S - PBL Patch Ver: 1

D -      6613 - pbl_apps_init_timestamp

D -      3433 - bootable_media_detect_timestamp

D -       811 - bl_elf_metadata_loading_timestamp

D -       703 - bl_hash_seg_auth_timestamp

D -     26495 - bl_elf_loadable_segment_loading_timestamp

D -      4620 - bl_elf_segs_hash_verify_timestamp

D -     17365 - bl_sec_hash_seg_auth_timestamp

D -       821 - bl_sec_segs_hash_verify_timestamp

D -        29 - pbl_populate_shared_data_and_exit_timestamp

S -     60890 - PBL, End

B -     68503 - SBL1, Start

B -    194376 - SBL1 BUILD @ 21:01:04 on Jan 20 2026

B -    198433 - usb: eud_serial_upd , 0x8dbddd5e

D -    201727 - sbl1_hw_init

D -     10675 - boot_media_init

D -         0 - smss_load_cancel

B -    219691 - SMSS -  Image Load, Start

D -      2989 - SMSS -  Image Loaded, Delta - (0 Bytes)

D -       854 - Auth Metadata

D -      5917 - sbl1_xblconfig_init

B -    234179 - XBL Config -  Image Load, Start

D -         0 - shrm_load_cancel

B -    241743 - SHRM -  Image Load, Start

D -       519 - Auth Metadata

D -      1281 - Segments hash check

D -     12139 - SHRM -  Image Loaded, Delta - (39616 Bytes)

D -         0 - boot_default_cdt_init

D -       366 - boot_cdt_init

B -    265899 - CDT -  Image Load, Start

B -    268644 - CDT Version:3,Platform ID:32,Major ID:1,Minor ID:0,Subtype:7

D -     16287 - sbl1_hw_platform_pre_ddr

D -         0 - devcfg init

B -    294233 - PMIC A:2.0 B:1.0 C:2.2 I:1.0

B -    295972 - PM: PM8 0x4

B -    298290 - PM: xVdd reset

B -    300821 - PM: PON by PWR key DEB

B -    556808 - PM: SET_VAL:Skip

B -    558333 - PM: PSI: b0x06_v0x3f

B -    562420 - PM: Device Init # SPMI Transn: 15424

D -    278313 - pm_device_init, Delta

B -    568093 - pm_driver_init, Start

B -    579286 - PM: Driver Init # SPMI Transn: 504

D -      7716 - pm_driver_init, Delta

B -    584166 - PM: damsink err_flag = 0x0

B -    587430 - PM: dam aicl err_flag = 0x0

B -    592188 - PM: Battery ID: 10048Ohm

B -    595390 - PM: debug board connected

B -    599142 - vsense_init, Start

D -         0 - vsense_init, Delta

D -    322019 - sbl1_hw_pre_ddr_init

D -         0 - boot_dload_handle_forced_dload_timeout

D -      2989 - sbl1_load_ddr_training_data

B -    617838 - Pre_DDR_clock_init, Start

D -       244 - Pre_DDR_clock_init, Delta

D -     12902 - sbl1_ddr_set_params

B -    629550 - sbl1_ddr_init, Start

B -    632936 - LP5 DDR detected

D -     15769 - sbl1_ddr_init, Delta

B -    648674 - DSF version = 262.0.47

B -    652029 - Manufacturer ID = 13, Device Type = 8

B -    655628 - Rank 0 size = 4096 MB, Rank 1 size = 4096 MB

D -     31202 - sbl1_ddr_init

D -         0 - boot_pre_ddi_entry

B -    668834 - do_ddr_training, Start

B -    710009 - DDR: Start of DDR Training Restore

B -    713639 - Current DDR Freq = 2096 MHz

B -    714676 - Max enabled DDR Freq = 2736 MHz

B -    718702 - DDR: End of DDR Training Restore

D -     51057 - do_ddr_training, Delta

D -     58865 - sbl1_do_ddr_training

D -       732 - boot_ddi_entry

B -    734531 - Pimem init cmd, entry

D -      9181 - Pimem init cmd, exit

B -    747036 - External heap init, Start

B -    750025 - External heap init, End

D -     23241 - sbl1_post_ddr_init

D -       122 - sbl1_hw_init_secondary

B -    761005 - DDR -  Image Load, Start

B -    764757 - usb: emmc_parti_unavail

B -    768325 - usb: sdc_parti_unavail

B -    772016 - usb: Serial - 8dbddd5e

B -    775615 - usb: fedl, vbus_low

D -     14549 - boot_fedl_check

B -    782477 - APDP -  Image Load, Start

D -      3203 - APDP -  Image Loaded, Delta - (64 Bytes)

D -         0 - boot_dload_dump_security_regions

D -         0 - ramdump_load_cancel

B -    798917 - RamDump -  Image Load, Start

D -      3294 - RamDump -  Image Loaded, Delta - (0 Bytes)

D -        31 - boot_update_abnormal_reset_status

D -         0 - boot_cache_set_memory_barrier

D -         0 - boot_smem_debug_init

D -       579 - boot_smem_init

D -        31 - boot_smem_alloc_for_minidump

D -        92 - boot_smem_store_pon_status

D -        30 - sbl1_hw_platform_smem

D -        92 - boot_ddr_share_data_to_aop

D -       457 - boot_clock_init_rpm

D -        30 - boot_vsense_copy_to_smem

D -        31 - boot_populate_ram_partition_table

D -        30 - boot_populate_ddr_details_shared_table

D -         0 - sbl1_tlmm_init

D -         0 - sbl1_efs_handle_cookies

B -    861686 - OEM_MISC -  Image Load, Start

D -       762 - Auth Metadata

D -       244 - Segments hash check

D -     10644 - OEM_MISC -  Image Loaded, Delta - (7512 Bytes)

B -    875624 - QTI_MISC -  Image Load, Start

D -      5734 - QTI_MISC -  Image Loaded, Delta - (0 Bytes)

B -    890874 - PM: PM Total Mem Allocated: 2340 

D -      5459 - sbl1_pm_aop_pre_init_wrapper

B -    895541 - AOP -  Image Load, Start

D -       701 - Auth Metadata

D -      1617 - Segments hash check

D -     18391 - AOP -  Image Loaded, Delta - (203304 Bytes)

B -    917226 - QSEE Dev Config -  Image Load, Start

D -       610 - Auth Metadata

D -       488 - Segments hash check

D -     13054 - QSEE Dev Config -  Image Loaded, Delta - (41144 Bytes)

B -    939308 - QSEE -  Image Load, Start

D -     17751 - Auth Metadata

D -     22204 - Segments hash check

D -    230428 - QSEE -  Image Loaded, Delta - (3734195 Bytes)

D -         0 - sbl1_hw_play_vibr

B -   1178672 - SEC -  Image Load, Start

D -      3355 - SEC -  Image Loaded, Delta - (64 Bytes)

B -   1185565 - CPUCPFW -  Image Load, Start

D -     17111 - Auth Metadata

D -     17659 - Segments hash check

D -     52887 - CPUCPFW -  Image Loaded, Delta - (171300 Bytes)

B -   1247480 - QHEE -  Image Load, Start

D -     17324 - Auth Metadata

D -      5185 - Segments hash check

D -     41206 - QHEE -  Image Loaded, Delta - (432112 Bytes)

B -   1292010 - APPSBL -  Image Load, Start

D -       762 - Auth Metadata

D -     15555 - Segments hash check

D -    170831 - APPSBL -  Image Loaded, Delta - (3620864 Bytes)

D -         0 - sbl1_save_appsbl_index

B -   1472052 - SBL1, End

D -   1407026 - SBL1, Delta

S - Flash Throughput, 23235 KB/s  (8411417 Bytes,  362585 us)

S - DDR Frequency, 1555 MHz

?S - Format: Log Type - Time(microsec) - Message - Optional Info

S - Log Type: B - Since Boot(Power On Reset),  D - Delta,  S - Statistic

S - QC_IMAGE_VERSION_STRING=BOOT.MXF.1.0.1-00549-KODIAKWP-1

S - IMAGE_VARIANT_STRING=SocKodiakWP

S - OEM_IMAGE_VERSION_STRING=wa-lxc

S - Boot Interface: SPI

S - Secure Boot: Off

S - Boot Config @ 0x00786070 = 0x000000c9

S - JTAG ID @ 0x00786130 = 0x001980e1

S - OEM ID @ 0x00786138 = 0x00000000

S - Serial Number @ 0x00786134 = 0x8dbddd5e

S - OEM Config Row 0 @ 0x007841c0 = 0x0000000000000000

S - OEM Config Row 1 @ 0x007841c8 = 0x0000000000000000

S - Feature Config Row 0 @ 0x00784148 = 0x0000000000000000

S - Feature Config Row 1 @ 0x00784150 = 0x0000000000000000

S - Core 0 Frequency, 1516 MHz

S - PBL Patch Ver: 1

D -      6613 - pbl_apps_init_timestamp

D -      3433 - bootable_media_detect_timestamp

D -       812 - bl_elf_metadata_loading_timestamp

D -       705 - bl_hash_seg_auth_timestamp

D -     26497 - bl_elf_loadable_segment_loading_timestamp

D -      4619 - bl_elf_segs_hash_verify_timestamp

D -     17367 - bl_sec_hash_seg_auth_timestamp

D -       824 - bl_sec_segs_hash_verify_timestamp

D -        30 - pbl_populate_shared_data_and_exit_timestamp

S -     60900 - PBL, End

B -     69692 - SBL1, Start

B -    197853 - SBL1 BUILD @ 21:01:04 on Jan 20 2026

B -    201971 - usb: eud_serial_upd , 0x8dbddd5e

D -    205295 - sbl1_hw_init

D -     10828 - boot_media_init

D -         0 - smss_load_cancel

B -    223565 - SMSS -  Image Load, Start

D -      3050 - SMSS -  Image Loaded, Delta - (0 Bytes)

D -       946 - Auth Metadata

D -      6039 - sbl1_xblconfig_init

B -    238327 - XBL Config -  Image Load, Start

D -         0 - shrm_load_cancel

B -    246013 - SHRM -  Image Load, Start

D -       580 - Auth Metadata

D -      1220 - Segments hash check

D -     12291 - SHRM -  Image Loaded, Delta - (39616 Bytes)

D -         0 - boot_default_cdt_init

D -       366 - boot_cdt_init

B -    270535 - CDT -  Image Load, Start

B -    273310 - CDT Version:3,Platform ID:32,Major ID:1,Minor ID:0,Subtype:7

D -     16562 - sbl1_hw_platform_pre_ddr

D -         0 - devcfg init

B -    299327 - PMIC A:2.0 B:1.0 C:2.2 I:1.0

B -    301096 - PM: Reset by PSHOLD

B -    303475 - PM: Reset Type: Hard Reset

B -    558638 - PM: SET_VAL:Skip

B -    560163 - PM: PSI: b0x06_v0x3f

B -    564250 - PM: Device Init # SPMI Transn: 15297

D -    275171 - pm_device_init, Delta

B -    569892 - pm_driver_init, Start

B -    581086 - PM: Driver Init # SPMI Transn: 504

D -      7716 - pm_driver_init, Delta

B -    585996 - PM: damsink err_flag = 0x0

B -    589260 - PM: dam aicl err_flag = 0x0

B -    594018 - PM: Battery ID: 10048Ohm

B -    597220 - PM: debug board connected

B -    600972 - vsense_init, Start

D -         0 - vsense_init, Delta

D -    318878 - sbl1_hw_pre_ddr_init

D -         0 - boot_dload_handle_forced_dload_timeout

D -      2959 - sbl1_load_ddr_training_data

B -    619668 - Pre_DDR_clock_init, Start

D -       213 - Pre_DDR_clock_init, Delta

D -     12902 - sbl1_ddr_set_params

B -    631350 - sbl1_ddr_init, Start

B -    634766 - LP5 DDR detected

D -     15769 - sbl1_ddr_init, Delta

B -    650504 - DSF version = 262.0.47

B -    653859 - Manufacturer ID = 13, Device Type = 8

B -    657458 - Rank 0 size = 4096 MB, Rank 1 size = 4096 MB

D -     31232 - sbl1_ddr_init

D -         0 - boot_pre_ddi_entry

B -    670664 - do_ddr_training, Start

B -    711839 - DDR: Start of DDR Training Restore

B -    715469 - Current DDR Freq = 2096 MHz

B -    716506 - Max enabled DDR Freq = 2736 MHz

B -    720532 - DDR: End of DDR Training Restore

D -     51057 - do_ddr_training, Delta

D -     58865 - sbl1_do_ddr_training

D -       732 - boot_ddi_entry

B -    736331 - Pimem init cmd, entry

D -      9211 - Pimem init cmd, exit

B -    748866 - External heap init, Start

B -    751855 - External heap init, End

D -     23241 - sbl1_post_ddr_init

D -        92 - sbl1_hw_init_secondary

B -    762835 - DDR -  Image Load, Start

B -    766587 - usb: emmc_parti_unavail

B -    770155 - usb: sdc_parti_unavail

B -    773846 - usb: Serial - 8dbddd5e

B -    777445 - usb: fedl, vbus_low

D -     14549 - boot_fedl_check

B -    784307 - APDP -  Image Load, Start

D -      3233 - APDP -  Image Loaded, Delta - (64 Bytes)

D -         0 - boot_dload_dump_security_regions

D -         0 - ramdump_load_cancel

B -    800747 - RamDump -  Image Load, Start

D -      3294 - RamDump -  Image Loaded, Delta - (0 Bytes)

D -        31 - boot_update_abnormal_reset_status

D -         0 - boot_cache_set_memory_barrier

D -         0 - boot_smem_debug_init

D -       549 - boot_smem_init

D -        31 - boot_smem_alloc_for_minidump

D -        92 - boot_smem_store_pon_status

D -        30 - sbl1_hw_platform_smem

D -        92 - boot_ddr_share_data_to_aop

D -       488 - boot_clock_init_rpm

D -        30 - boot_vsense_copy_to_smem

D -        31 - boot_populate_ram_partition_table

D -        30 - boot_populate_ddr_details_shared_table

D -         0 - sbl1_tlmm_init

D -         0 - sbl1_efs_handle_cookies

B -    863516 - OEM_MISC -  Image Load, Start

D -       793 - Auth Metadata

D -       244 - Segments hash check

D -     10644 - OEM_MISC -  Image Loaded, Delta - (7512 Bytes)

B -    877454 - QTI_MISC -  Image Load, Start

D -      5734 - QTI_MISC -  Image Loaded, Delta - (0 Bytes)

B -    892704 - PM: PM Total Mem Allocated: 2340 

D -      5459 - sbl1_pm_aop_pre_init_wrapper

B -    897371 - AOP -  Image Load, Start

D -       732 - Auth Metadata

D -      1586 - Segments hash check

D -     18361 - AOP -  Image Loaded, Delta - (203304 Bytes)

B -    919026 - QSEE Dev Config -  Image Load, Start

D -       610 - Auth Metadata

D -       488 - Segments hash check

D -     13054 - QSEE Dev Config -  Image Loaded, Delta - (41144 Bytes)

B -    941108 - QSEE -  Image Load, Start

D -     17629 - Auth Metadata

D -     22082 - Segments hash check

D -    230214 - QSEE -  Image Loaded, Delta - (3734195 Bytes)

D -        30 - sbl1_hw_play_vibr

B -   1180258 - SEC -  Image Load, Start

D -      3325 - SEC -  Image Loaded, Delta - (64 Bytes)

B -   1187151 - CPUCPFW -  Image Load, Start

D -     17049 - Auth Metadata

D -     17659 - Segments hash check

D -     52796 - CPUCPFW -  Image Loaded, Delta - (171300 Bytes)

B -   1248975 - QHEE -  Image Load, Start

D -     17385 - Auth Metadata

D -      5155 - Segments hash check

D -     41205 - QHEE -  Image Loaded, Delta - (432112 Bytes)

B -   1293505 - APPSBL -  Image Load, Start

D -       762 - Auth Metadata

D -     15524 - Segments hash check

D -    170769 - APPSBL -  Image Loaded, Delta - (3620864 Bytes)

D -         0 - sbl1_save_appsbl_index

B -   1473485 - SBL1, End

D -   1407301 - SBL1, Delta

S - Flash Throughput, 23235 KB/s  (8411417 Bytes,  362920 us)

S - DDR Frequency, 1555 MHz





UEFI Start     [ 1684]

 - 0x09F001000 [ 1686] Sec.efi

ASLR        : OFF [WARNING]

DEP         : ON (RTB)

Timer Delta : +1 mS

RAM Entry 0 : Base 0x0080000000  Size 0x003B600000

RAM Entry 1 : Base 0x0180000000  Size 0x0100000000

RAM Entry 2 : Base 0x00C0000000  Size 0x00C0000000

Total Available RAM : 8118 MB (0x01FB600000)

Total Installed RAM : 8192 MB (0x0200000000)

Init 7 aux cores of 7

Init CPU core 1

Init CPU core 2

Init CPU core 3

Init CPU core 4

Init CPU core 5

Init CPU core 6

Init CPU core 7

  > Scheduler up on Core 1

Continue booting UEFI on Core 0

  > Scheduler up on Core 2

  > Scheduler up on Core 3

UEFI Ver    : 6.0.260120.BOOT.MXF.1.0.1-00549-KODIAKWP-1

Build Info  : 64b Jan 20 2026 21:01:25

Boot Device : NVME

PROD Mode   : TRUE

Retail      : TRUE

  > Scheduler up on Core 6

  > Scheduler up on Core 5

  > Scheduler up on Core 4

  > Scheduler up on Core 7

tz_armv8_smc_call failed, TzStatus = 0xFFFFFFFE,  SmcId = 0x32000403  

QseeResponse->result = 0xFFFFFF0F

Status = 0x7

Scm command failed to get RPMB provisioning State, Status: 0x00000007

TpmType returned from TZ (LoadApps.c)= 0x6654504D. 

tz_armv8_smc_call failed, TzStatus = 0xFFFFFFFE,  SmcId = 0x32000109  

QseeResponse->result = 0xFFFFFFFF

Status = 0x7

ActivateTzEmbeddedSecureImage Failed

tz_armv8_smc_call failed, TzStatus = 0xFFFFFFFE,  SmcId = 0x32000109  

QseeResponse->result = 0xFFFFFFFF

Status = 0x7

ActivateTzEmbeddedSecureImage Failed

Card Detection FAILED! Handle 0, Slot 0

eMMC module not found

HW Wdog Setting from PCD : Disabled

UFS GPIO7 value is 1

Skipping UFS initialization

PM0: 47, PM1: 63, PM2: 49, PM8: 46, 

Module cannot re-initialize DAL module environment

QcomChargerDxe:: QcomChargerInitialize Unsupported platform or PMIC. 

UsbConfigInit: Device isSku1Variant: 0

UsbConfigInit: SchgPmicInfo.PmicIndex =  (0x8)

UsbStartController: Starting Core 0 in mode: 1

SSUsbSetPhyMode: MuxValue:3, CCOutStatus:1

SSUsbSetPhyMode: CoreNum:0, MuxValue:3, CCOutStatus:1

UsbStartController: Starting Core 1 in mode: 1

UsbEnumeratePort: new device connected at port 0, HubIfc =0xFA9D8C18 

DisplayDxe: External Panel Mode#0 1024x600 59Hz selected.

Device booted from NVME/SPI_NORUsbEnumNewDevRootHub: HIGH on port 0

 UsbEnumNewDevRootHub: vid = 0x1A40 pid = 0x0101, Addr = 1

TpmCmdMaxSize  4096  TpmRspMaxSize  4096  

TpmManufacturerID  0x4D4F4351  

TpmHashAlgoBitmap  0x7  TpmActivePcrBanks 0x2 

ActivePcrBanks     0x2 

IndexArray 0x1  0xFF  0xFF 



UpdateMemoryArrayInfoTable: DDR Details: Manufacturer ID: 19, Device Type: 8, Num Channels: 2

UsbEnumeratePort: new device connected at port 1, HubIfc =0xFA9BEC98 

tz_armv8_smc_call failed, TzStatus = 0xFFFFFFFE,  SmcId = 0x32000401  

QseeResponse->result = 0xFFFFFF03

Status = 0x7

RpmbAutoProvisionMain: RPMB is already provisioned.

PCIE Port 0 Configuration Found! 

PCIE Port 1 Configuration Found! 

PCIe enum (0x3) start : 3685

UsbEnumNewDevHub: FULL on port 1

UsbSelectConfig: failed to connect driver Not Found, ignored

Training start : 3737

Wait for link up start : 3757

PCIe Link up on port 0

UsbEnumeratePort: new device connected at port 3, HubIfc =0xFA9BEC98 

UsbEnumNewDevHub: HIGH on port 3

UsbSelectConfig: failed to connect driver Not Found, ignored

Link up Failed..!! PCIe1, PARF_LTSSM: 0x0 

Training complete : 4007

Port 0 : x1, Gen 1

PCIe Links ready : 4008

PCIe Links setup in 323 ms

[EC] [FmpDeviceInit 1209] EC device is not initialized, Platform is 6490_IOT_industrial_kit or Dragon_Q6A

[EC] [FmpDeviceGetImageTypeIdGuidPtr 226] EC device is not active, returning Unsupported

[EC] [FmpDeviceGetVersion 563] EC device is not active, returning Unsupported

[EC] [FmpDeviceGetVersion 563] EC device is not active, returning Unsupported

[EC] [FmpDeviceGetLowestSupportedVersion 352] EC device is not yet initialized!

[KB] [I2CKeyboardEntryPoint 1882] - Unsupported platform type  32

 Could not find the Reset Data region .

[=3h[2J[0m[35m[40m ConnectConsoles Delta : 51067 micro sec

WaitParallelThreads InIt [ 4095] 

UEFI Ver           : 6.0.260120.BOOT.MXF.1.0.1-00549-KODIAKWP-1

Platform           : IOT

SKUVersion         : 32

Subtype            : 7

Boot Device        : NVME

Chip Name          : QCS6490

Chip Ver           : 1.0

Chip Num           : 0x8DBDDD5E

Chip ECID          : 0x042F8DBDDD5E

-----------------------------

 PlatformBdsPostConsoleInit Delta : 2414 micro sec

Continuing with BDS initialization

[QcomBds] No default boot app specified

 PlatformSecurityInit Delta : 382 micro sec

Block IO handles of partition /'C12A7328-F81F-11D2-BA4B-00A0C93EC93B/' not found

Failed to get block size of EFI partition. Status: Not Found

InitStoragePointersForCapsuleRawFile returned - Not Found!

InitCapsuleStoragePointers returned - Not Found.

DoCapsuleUpdate Delta : 1699 micro sec

ACPI: Loaded 1 tables

AML: AmlUpdateSjtg FEATURE_ID buffer is 0

AML: AmlUpdateSjtg JTAG_ID buffer is 1671393

Attempting to start: Firmware provisioning

: DppProtocol->GetDPP returned Not Found

 HandleMorPpi delta: 161

Platform Init End : 4274

-----------------------------

 PlatBdsSocPostProc Delta : 176358 micro sec

WARNING: TPM2 Event log has HashAlg unsupported by PCR bank (0x4)

WARNING: TPM2 Event log has HashAlg unsupported by PCR bank (0xC)

Get Smbios ---, Status = (0x800000000000000E)

GetEmmcHandle failed, Status = 0x0

 PlatBdsPostFwConfigSec Delta : 10379 micro sec

 Entered MeasurePeImg...

/local/mnt/workspace/CRMBuilds/BOOT.MXF.1.0.1-00549-KODIAKWP-1_20250921_095415/b/boot_images/boot/QcomPkg/Drivers/TrEEDxe/TrEEDxe.c..HashLogExtendEvent:480 Failed! input = 0x2  

/local/mnt/workspace/CRMBuilds/BOOT.MXF.1.0.1-00549-KODIAKWP-1_20250921_095415/b/boot_images/boot/QcomPkg/Drivers/MeasureBootDxe/MeasureBootDxe.c..HashExtendLogTreeEvent: 319 Failed! input = 0x1  

/local/mnt/workspace/CRMBuilds/BOOT.MXF.1.0.1-00549-KODIAKWP-1_20250921_095415/b/boot_images/boot/QcomPkg/Drivers/MeasureBootDxe/MeasureBootDxe.c..MeasurePeImgAll: 1290 Failed! input = 0x1  

/local/mnt/workspace/CRMBuilds/BOOT.MXF.1.0.1-00549-KODIAKWP-1_20250921_095415/b/boot_images/boot/QcomPkg/Drivers/MeasureBootDxe/MeasureBootDxe.c..MeasureBootVariables:782 Failed! input = 0xE  

/local/mnt/workspace/CRMBuilds/BOOT.MXF.1.0.1-00549-KODIAKWP-1_20250921_095415/b/boot_images/boot/QcomPkg/Drivers/MeasureBootDxe/MeasureBootDxe.c..MeasurePeImgAll: 1293 Failed! input = 0x1  

Press F2 to enter Setup, F5 to enter UEFI Shell, F12 to enter Boot menu

Auto boot in 5 seconds

Auto boot in 4 seconds

Auto boot in 3 seconds

Auto boot in 2 seconds

Auto boot in 1 seconds

UEFI Total : 8012 ms

POST Time      [ 9696] OS Loader

[QcomBds] Could not find bootable handle

UEFI Total : 8406 ms

POST Time      [10090] OS Loader

[QcomBds] Could not find bootable handle

[QcomBds] Boot Device Order:

[QcomBds]   [0]: USB

[QcomBds]   [1]: SD

[QcomBds]   [2]: NVMe

[QcomBds]   [3]: eMMC

[QcomBds]   [4]: UFS

[QcomBds] Trying device 0: USB

[QcomBds] Trying device 1: SD

UEFI Total : 10893 ms

POST Time      [12577] OS Loader

 Entered MeasurePeImg...

/local/mnt/workspace/CRMBuilds/BOOT.MXF.1.0.1-00549-KODIAKWP-1_20250921_095415/b/boot_images/boot/QcomPkg/Drivers/TrEEDxe/TrEEDxe.c..HashLogExtendEvent:480 Failed! input = 0x2  

/local/mnt/workspace/CRMBuilds/BOOT.MXF.1.0.1-00549-KODIAKWP-1_20250921_095415/b/boot_images/boot/QcomPkg/Drivers/MeasureBootDxe/MeasureBootDxe.c..HashExtendLogTreeEvent: 319 Failed! input = 0x1  

/local/mnt/workspace/CRMBuilds/BOOT.MXF.1.0.1-00549-KODIAKWP-1_20250921_095415/b/boot_images/boot/QcomPkg/Drivers/MeasureBootDxe/MeasureBootDxe.c..MeasurePeImgAll: 1290 Failed! input = 0x1  

[0m[37m[40m[INFO] efi_main: embloader (Embedded Bootloader) version 0.4.r1.9f8e74b

[DEBUG] efi_main: function efi_main at 0xf0383678

[WARNING] find_embloader_folder: embloader folder not found

[DEBUG] efi_main: Final configuration:

[DEBUG] config: {}

[INFO] efi_main: parsing smbios

[WARNING] efi_main: no matched device found in config

[INFO] sdboot_boot_load_menu: loading systemd-boot menu

[INFO] sdboot_check_fs: Found systemd-boot folder in VenHw(D1531D41-3F80-4091-8D0A-541F59236D66)/HD(

1,GPT,66485318-DB17-40F3-9E87-2E08102D983D,0x800,0x80000)

[INFO] sdboot_boot_load_file: loading sdboot boot config from file /loader/loader.conf

[INFO] sdboot_boot_load_file: loading sdboot boot config from file android.conf

[DEBUG] sdboot_boot_load_file: created sdboot loader android

[DEBUG] sdboot_boot_load_root: use timeout value 5 from sdboot config

[DEBUG] sdboot_boot_load_root: found default entry android.conf in sdboot config

[DEBUG] sdboot_boot_load_root: use default entry android.conf from sdboot config

[INFO] sdboot_boot_load_menu: loaded systemd-boot menu from current device

[Warn]	(0.000, +0)	 lv_uefi_simple_pointer_indev_add_handle: [lv_uefi] The SIMPLE_POINTER inter

face is not valid. lv_uefi_indev_pointer.c:124



Embedded Boot Loader GUI Menu Serial Alternative

[INFO] embloader_gui_menu_start: lvgl gui menu started

[WARNING] load_xml_from: failed to read XML file menu-main.xml for menu-main: Invalid Parameter

[WARNING] filter_supports: disabled for Qualcomm UEFI

[WARNING] embloader_tui_menu_start: this platform have bad console, skip TUI menu



========================================

= Embedded Bootloader menu

========================================

  1. Android 13 ??? Dragon Q6A

  2. Reboot Into Firmware Interface

========================================

Menu timeout: 5 seconds

Default option: (1) Android 13 ??? Dragon Q6A

Select an option (1-2) or press Enter to boot default: 

Timeout

Booting default option (1) Android 13 ??? Dragon Q6A



[INFO] embloader_loader_boot: booting Android 13 ??? Dragon Q6A (android) ...

[INFO] embloader_loader_boot_sdboot: booting sdboot loader Android 13 ??? Dragon Q6A ...

[INFO] linux_load_kernel: loading kernel /Android/Image

[INFO] linux_load_kernel: loaded kernel /Android/Image size 61.25MiB (64223744 bytes)

[INFO] linux_load_kernel: kernel /Android/Image at 0xf6374000 with 15680 pages

[INFO] linux_load_initramfs: loading initramfs /Android/ramdisk.img

[INFO] linux_load_initramfs: loaded initramfs /Android/ramdisk.img size 15.90MiB (15823297 bytes)

[INFO] linux_load_initramfs: loaded 1 initramfs size 15.90MiB (15823297 bytes)

[INFO] linux_load_initramfs: initramfs collections (1) at 0xef00b000 with 3864 pages

[INFO] linux_load_bootargs: loaded bootargs console=tty0 console=ttyMSM0,115200n8 earlycon=qcom_geni

,0x00994000 fbcon=nodefer video=efifb:keep video=HDMI-A-1:1280x720@60e keep_bootcon ignore_loglevel 

loglevel=8 modprobe.blacklist=msm panic=10 coherent_pool=2M firmware_class.path=/vendor/firmware irq

chip.gicv3_pseudo_nmi=0 psi=1 selinux=1 androidboot.force_normal_boot=1 androidboot.slot_suffix=_a a

ndroidboot.hardware=dragon_q6a androidboot.selinux=permissive androidboot.boot_devices=soc@0/8804000

.mmc lsm=landlock,lockdown,yama,integrity,selinux,bpf printk.devkmsg=on

[DEBUG] linux_try_load_dtb: try load dtb /Android/qcs6490-radxa-dragon-q6a.dtb

[INFO] linux_try_load_dtb: read dtb /Android/qcs6490-radxa-dragon-q6a.dtb size 180.70KiB (184388 byt

es)

[INFO] linux_try_load_dtb: load dtb /Android/qcs6490-radxa-dragon-q6a.dtb successfully

[INFO] linux_try_load_dtb: dtb model: Radxa Dragon Q6A

[INFO] linux_try_load_dtb: dtb compatible: radxa,dragon-q6a

[DEBUG] linux_data_load: linux boot data prepared

[DEBUG] efi_dtfixup: applying efi dtfixup protocol

[INFO] efi_dtfixup: efi dtfixup applied successfully

[INFO] embloader_start_efi: load efi image at 0xf6374000...

 Entered MeasurePeImg...

/local/mnt/workspace/CRMBuilds/BOOT.MXF.1.0.1-00549-KODIAKWP-1_20250921_095415/b/boot_images/boot/QcomPkg/Drivers/TrEEDxe/TrEEDxe.c..HashLogExtendEvent:480 Failed! input = 0x2  

/local/mnt/workspace/CRMBuilds/BOOT.MXF.1.0.1-00549-KODIAKWP-1_20250921_095415/b/boot_images/boot/QcomPkg/Drivers/MeasureBootDxe/MeasureBootDxe.c..HashExtendLogTreeEvent: 319 Failed! input = 0x1  

/local/mnt/workspace/CRMBuilds/BOOT.MXF.1.0.1-00549-KODIAKWP-1_20250921_095415/b/boot_images/boot/QcomPkg/Drivers/MeasureBootDxe/MeasureBootDxe.c..MeasurePeImgAll: 1290 Failed! input = 0x1  

DetectLinuxKernelVersion Delta : 42508 micro sec

[INFO] embloader_start_efi: use cmdline console=tty0 console=ttyMSM0,115200n8 earlycon=qcom_geni,0x0

0994000 fbcon=nodefer video=efifb:keep video=HDMI-A-1:1280x720@60e keep_bootcon ignore_loglevel logl

evel=8 modprobe.blacklist=msm panic=10 coherent_pool=2M firmware_class.path=/vendor/firmware irqchip

.gicv3_pseudo_nmi=0 psi=1 selinux=1 androidboot.force_normal_boot=1 androidboot.slot_suffix=_a andro

idboot.hardware=dragon_q6a androidboot.selinux=permissive androidboot.boot_devices=soc@0/8804000.mmc

 lsm=landlock,lockdown,yama,integrity,selinux,bpf printk.devkmsg=on

[INFO] embloader_start_efi: start efi image...

Start EBS        [23140] 

Start EBS        [23143] 

ScmArmV8ExitBootServicesHandler, Status = 0x0. 

Exit EBS        [23922] UEFI End

[    0.000000] printk: debug: ignoring loglevel setting.

[    0.000000] efi: EFI v2.7 by Qualcomm Technologies, Inc.

[    0.000000] efi: ACPI 2.0=0xffffd000 MEMATTR=0xfa462018 ESRT=0xfa236e98 SMBIOS=0xffed1000 TPMEventLog=0xfffc6018 INITRD=0xf0075f98 RNG=0xfffc6e98 MEMRESERVE=0xf0075d18 

[    0.000000] random: crng init done

[    0.000000] TPM Final Events table not present

[    0.000000] esrt: Reserving ESRT space from 0x00000000fa236e98 to 0x00000000fa236ef8.

[    0.000000] OF: reserved mem: 0x0000000080000000..0x00000000805fffff (6144 KiB) nomap non-reusable hyp@80000000

[    0.000000] OF: reserved mem: 0x0000000080600000..0x00000000807fffff (2048 KiB) nomap non-reusable xbl@80600000

[    0.000000] OF: reserved mem: 0x0000000080800000..0x000000008085ffff (384 KiB) nomap non-reusable aop@80800000

[    0.000000] OF: reserved mem: 0x0000000080860000..0x000000008087ffff (128 KiB) nomap non-reusable aop-cmd-db@80860000

[    0.000000] OF: reserved mem: 0x0000000080884000..0x0000000080893fff (64 KiB) nomap non-reusable xbl-uefi-res@80880000

[    0.000000] OF: reserved mem: 0x00000000808ff000..0x00000000808fffff (4 KiB) nomap non-reusable sec-apps@808ff000

[    0.000000] OF: reserved mem: 0x0000000080900000..0x0000000080afffff (2048 KiB) nomap non-reusable smem@80900000

[    0.000000] OF: reserved mem: 0x0000000080b00000..0x0000000080bfffff (1024 KiB) nomap non-reusable cpucp@80b00000

[    0.000000] OF: reserved mem: 0x0000000081800000..0x00000000826fffff (15360 KiB) nomap non-reusable lpass-ml@81800000

[    0.000000] OF: reserved mem: 0x0000000082700000..0x000000008270ffff (64 KiB) nomap non-reusable cdsp-secure-heap@82700000

[    0.000000] OF: reserved mem: 0x000000008b800000..0x000000008dffffff (40960 KiB) nomap non-reusable adsp@8b800000

[    0.000000] OF: reserved mem: 0x000000008e000000..0x000000008fdfffff (30720 KiB) nomap non-reusable cdsp@8e000000

[    0.000000] OF: reserved mem: 0x000000008fe00000..0x00000000902fffff (5120 KiB) nomap non-reusable video@8fe00000

[    0.000000] OF: reserved mem: 0x0000000090300000..0x0000000090304fff (20 KiB) nomap non-reusable zap@90300000

[    0.000000] OF: reserved mem: 0x00000000c0000000..0x00000000c00fffff (1024 KiB) nomap non-reusable tz-stat@c0000000

[    0.000000] OF: reserved mem: 0x00000000c0100000..0x00000000c12fffff (18432 KiB) nomap non-reusable tags@c0100000

[    0.000000] OF: reserved mem: 0x00000000c1300000..0x00000000c17fffff (5120 KiB) nomap non-reusable qtee@c1300000

[    0.000000] OF: reserved mem: 0x00000000c1800000..0x00000000c39fffff (34816 KiB) nomap non-reusable trusted-apps@c1800000

[    0.000000] OF: reserved mem: 0x00000000c6500000..0x00000000c6cfffff (8192 KiB) nomap non-reusable adsp-rpc-remote-heap@c6500000

[    0.000000] NUMA: Faking a node at [mem 0x0000000080000000-0x000000027fffffff]

[    0.000000] NODE_DATA(0) allocated [mem 0x27eda9c00-0x27edad37f]

[    0.000000] Zone ranges:

[    0.000000]   DMA      [mem 0x0000000080000000-0x00000000ffffffff]

[    0.000000]   DMA32    empty

[    0.000000]   Normal   [mem 0x0000000100000000-0x000000027fffffff]

[    0.000000]   Device   empty

[    0.000000] Movable zone start for each node

[    0.000000] Early memory node ranges

[    0.000000]   node   0: [mem 0x0000000080000000-0x00000000807fffff]

[    0.000000]   node   0: [mem 0x0000000080884000-0x00000000808b3fff]

[    0.000000]   node   0: [mem 0x00000000808b4000-0x00000000808fefff]

[    0.000000]   node   0: [mem 0x00000000808ff000-0x00000000808fffff]

[    0.000000]   node   0: [mem 0x0000000080b00000-0x000000008270ffff]

[    0.000000]   node   0: [mem 0x0000000082710000-0x00000000842fffff]

[    0.000000]   node   0: [mem 0x0000000084800000-0x000000008b7fffff]

[    0.000000]   node   0: [mem 0x0000000090309000-0x000000009f5f6fff]

[    0.000000]   node   0: [mem 0x000000009f5f7000-0x000000009f5fffff]

[    0.000000]   node   0: [mem 0x000000009f600000-0x000000009fffffff]

[    0.000000]   node   0: [mem 0x00000000a0000000-0x00000000a0001fff]

[    0.000000]   node   0: [mem 0x00000000a0002000-0x00000000a07fffff]

[    0.000000]   node   0: [mem 0x00000000a0800000-0x00000000a0afffff]

[    0.000000]   node   0: [mem 0x00000000a0b00000-0x00000000bb5fffff]

[    0.000000]   node   0: [mem 0x00000000c3a00000-0x00000000c50fffff]

[    0.000000]   node   0: [mem 0x00000000c6000000-0x00000000c64fffff]

[    0.000000]   node   0: [mem 0x00000000c6d00000-0x00000000c90fffff]

[    0.000000]   node   0: [mem 0x00000000c9100000-0x00000000eedfffff]

[    0.000000]   node   0: [mem 0x00000000eee00000-0x00000000eeffffff]

[    0.000000]   node   0: [mem 0x00000000ef000000-0x00000000ffa75fff]

[    0.000000]   node   0: [mem 0x00000000ffa76000-0x00000000fff21fff]

[    0.000000]   node   0: [mem 0x00000000fff22000-0x000000027fffffff]

[    0.000000] Initmem setup node 0 [mem 0x0000000080000000-0x000000027fffffff]

[    0.000000] On node 0, zone DMA: 132 pages in unavailable ranges

[    0.000000] On node 0, zone DMA: 512 pages in unavailable ranges

[    0.000000] On node 0, zone DMA: 1280 pages in unavailable ranges

[    0.000000] On node 0, zone DMA: 19209 pages in unavailable ranges

[    0.000000] On node 0, zone DMA: 33792 pages in unavailable ranges

[    0.000000] On node 0, zone DMA: 3840 pages in unavailable ranges

[    0.000000] On node 0, zone DMA: 2048 pages in unavailable ranges

[    0.000000] cma: Reserved 32 MiB at 0x00000000fda00000

[    0.000000] psci: probing for conduit method from DT.

[    0.000000] psci: PSCIv1.1 detected in firmware.

[    0.000000] psci: Using standard PSCI v0.2 function IDs

[    0.000000] psci: MIGRATE_INFO_TYPE not supported.

[    0.000000] psci: SMC Calling Convention v1.1

[    0.000000] psci: OSI mode supported.

[    0.000000] psci: [Firmware Bug]: failed to set PC mode: -3

[    0.000000] percpu: Embedded 26 pages/cpu s66328 r8192 d31976 u106496

[    0.000000] pcpu-alloc: s66328 r8192 d31976 u106496 alloc=26*4096

[    0.000000] pcpu-alloc: [0] 0 [0] 1 [0] 2 [0] 3 [0] 4 [0] 5 [0] 6 [0] 7 

[    0.000000] Detected VIPT I-cache on CPU0

[    0.000000] CPU features: detected: GICv3 CPU interface

[    0.000000] CPU features: kernel page table isolation forced ON by KASLR

[    0.000000] CPU features: detected: Kernel page table isolation (KPTI)

[    0.000000] CPU features: detected: Qualcomm erratum 1009, or ARM erratum 1286807, 2441009

[    0.000000] CPU features: detected: ARM errata 1165522, 1319367, or 1530923

[    0.000000] alternatives: applying boot alternatives

[    0.000000] Kernel command line: console=tty0 console=ttyMSM0,115200n8 earlycon=qcom_geni,0x00994000 fbcon=nodefer video=efifb:keep video=HDMI-A-1:1280x720@60e keep_bootcon ignore_loglevel loglevel=8 modprobe.blacklist=msm panic=10 coherent_pool=2M firmware_class.path=/vendor/firmware irqchip.gicv3_pseudo_nmi=0 psi=1 selinux=1 androidboot.force_normal_boot=1 androidboot.slot_suffix=_a androidboot.hardware=dragon_q6a androidboot.selinux=permissive androidboot.boot_devices=soc@0/8804000.mmc lsm=landlock,lockdown,yama,integrity,selinux,bpf printk.devkmsg=on

[    0.000000] printk: log buffer data + meta data: 2097152 + 7340032 = 9437184 bytes

[    0.000000] Dentry cache hash table entries: 1048576 (order: 11, 8388608 bytes, linear)

[    0.000000] Inode-cache hash table entries: 524288 (order: 10, 4194304 bytes, linear)

[    0.000000] software IO TLB: area num 8.

[    0.000000] software IO TLB: mapped [mem 0x00000000f6236000-0x00000000fa236000] (64MB)

[    0.000000] Fallback order for Node 0: 0 

[    0.000000] Built 1 zonelists, mobility grouping on.  Total pages: 2036339

[    0.000000] Policy zone: Normal

[    0.000000] mem auto-init: stack:all(zero), heap alloc:on, heap free:off

[    0.000000] stackdepot: allocating hash table via alloc_large_system_hash

[    0.000000] stackdepot hash table entries: 524288 (order: 11, 8388608 bytes, linear)

[    0.000000] stackdepot: allocating space for 8192 stack pools via memblock

[    0.000000] SLUB: HWalign=64, Order=0-3, MinObjects=0, CPUs=8, Nodes=1

[    0.000000] Dynamic Preempt: voluntary

[    0.000000] rcu: Preemptible hierarchical RCU implementation.

[    0.000000] rcu: 	RCU restricting CPUs from NR_CPUS=512 to nr_cpu_ids=8.

[    0.000000] rcu: 	RCU priority boosting: priority 1 delay 500 ms.

[    0.000000] 	Trampoline variant of Tasks RCU enabled.

[    0.000000] 	Tracing variant of Tasks RCU enabled.

[    0.000000] rcu: RCU calculated value of scheduler-enlistment delay is 100 jiffies.

[    0.000000] rcu: Adjusting geometry for rcu_fanout_leaf=16, nr_cpu_ids=8

[    0.000000] RCU Tasks: Setting shift to 3 and lim to 1 rcu_task_cb_adjust=1 rcu_task_cpu_ids=8.

[    0.000000] RCU Tasks Trace: Setting shift to 3 and lim to 1 rcu_task_cb_adjust=1 rcu_task_cpu_ids=8.

[    0.000000] NR_IRQS: 64, nr_irqs: 64, preallocated irqs: 0

[    0.000000] GICv3: 928 SPIs implemented

[    0.000000] GICv3: 0 Extended SPIs implemented

[    0.000000] GICv3: MBI range [832:959]

[    0.000000] GICv3: Using MBI frame 0x0000000017a10000

[    0.000000] Root IRQ handler: gic_handle_irq

[    0.000000] GICv3: GICv3 features: 16 PPIs

[    0.000000] GICv3: GICD_CTLR.DS=0, SCR_EL3.FIQ=1

[    0.000000] GICv3: CPU0: found redistributor 0 region 0:0x0000000017a60000

[    0.000000] ITS: No ITS available, not enabling LPIs

[    0.000000] rcu: srcu_init: Setting srcu_struct sizes based on contention.

[    0.000000] arch_timer: cp15 timer running at 19.20MHz (virt).

[    0.000000] clocksource: arch_sys_counter: mask: 0xffffffffffffff max_cycles: 0x46d987e47, max_idle_ns: 440795202767 ns

[    0.000000] sched_clock: 56 bits at 19MHz, resolution 52ns, wraps every 4398046511078ns

[    0.008774] kfence: initialized - using 2097152 bytes for 255 objects at 0x(____ptrval____)-0x(____ptrval____)

[    0.019197] Console: colour dummy device 80x25

[    0.023773] printk: legacy console [tty0] enabled

[    0.029319] Calibrating delay loop (skipped), value calculated using timer frequency.. 38.40 BogoMIPS (lpj=19200)

[    0.039867] pid_max: default: 32768 minimum: 301

[    0.044740] LSM: initializing lsm=capability,landlock,yama,selinux

[    0.051221] landlock: Up and running.

[    0.055003] Yama: becoming mindful.

[    0.058610] SELinux:  Initializing.

[    0.062685] Mount-cache hash table entries: 16384 (order: 5, 131072 bytes, linear)

[    0.070485] Mountpoint-cache hash table entries: 16384 (order: 5, 131072 bytes, linear)

[    0.080845] rcu: Hierarchical SRCU implementation.

[    0.085788] rcu: 	Max phase no-delay instances is 400.

[    0.091297] Timer migration: 1 hierarchy levels; 8 children per group; 1 crossnode level

[    0.105328] Remapping and enabling EFI services.

[    0.110408] smp: Bringing up secondary CPUs ...

[    0.115775] Detected VIPT I-cache on CPU1

[    0.115918] GICv3: CPU1: found redistributor 100 region 0:0x0000000017a80000

[    0.115957] CPU1: Booted secondary processor 0x0000000100 [0x412fd050]

[    0.116594] Detected VIPT I-cache on CPU2

[    0.116713] GICv3: CPU2: found redistributor 200 region 0:0x0000000017aa0000

[    0.116736] CPU2: Booted secondary processor 0x0000000200 [0x412fd050]

[    0.117304] Detected VIPT I-cache on CPU3

[    0.117418] GICv3: CPU3: found redistributor 300 region 0:0x0000000017ac0000

[    0.117439] CPU3: Booted secondary processor 0x0000000300 [0x412fd050]

[    0.118527] CPU features: detected: Spectre-v4

[    0.118531] CPU features: detected: Spectre-BHB

[    0.118533] CPU features: detected: SSBS not fully self-synchronizing

[    0.118534] Detected PIPT I-cache on CPU4

[    0.118575] GICv3: CPU4: found redistributor 400 region 0:0x0000000017ae0000

[    0.118587] CPU4: Booted secondary processor 0x0000000400 [0x411fd411]

[    0.119143] Detected PIPT I-cache on CPU5

[    0.119188] GICv3: CPU5: found redistributor 500 region 0:0x0000000017b00000

[    0.119200] CPU5: Booted secondary processor 0x0000000500 [0x411fd411]

[    0.119760] Detected PIPT I-cache on CPU6

[    0.119803] GICv3: CPU6: found redistributor 600 region 0:0x0000000017b20000

[    0.119816] CPU6: Booted secondary processor 0x0000000600 [0x411fd411]

[    0.120444] Detected PIPT I-cache on CPU7

[    0.120482] GICv3: CPU7: found redistributor 700 region 0:0x0000000017b40000

[    0.120494] CPU7: Booted secondary processor 0x0000000700 [0x411fd411]

[    0.120558] smp: Brought up 1 node, 8 CPUs

[    0.267194] SMP: Total of 8 processors activated.

[    0.272042] CPU: All CPU(s) started at EL1

[    0.276275] CPU features: detected: 32-bit EL0 Support

[    0.281565] CPU features: detected: Data cache clean to the PoU not required for I/D coherence

[    0.290412] CPU features: detected: Common not Private translations

[    0.296854] CPU features: detected: CRC32 instructions

[    0.302145] CPU features: detected: Data cache clean to Point of Persistence

[    0.309400] CPU features: detected: RCpc load-acquire (LDAPR)

[    0.315315] CPU features: detected: LSE atomic instructions

[    0.321046] CPU features: detected: Privileged Access Never

[    0.326775] CPU features: detected: PMUv3

[    0.330912] CPU features: detected: RAS Extension Support

[    0.336474] CPU features: detected: Speculative Store Bypassing Safe (SSBS)

[    0.343681] alternatives: applying system-wide alternatives

[    0.353223] CPU features: detected: Hardware dirty bit management on CPU4-7

[    0.360706] Memory: 7702156K/8145356K available (19776K kernel code, 12414K rwdata, 16268K rodata, 14080K init, 3096K bss, 404300K reserved, 32768K cma-reserved)

[    0.377309] devtmpfs: initialized

[    0.385927] clocksource: jiffies: mask: 0xffffffff max_cycles: 0xffffffff, max_idle_ns: 1911260446275000 ns

[    0.395956] posixtimers hash table entries: 4096 (order: 4, 65536 bytes, linear)

[    0.403573] futex hash table entries: 2048 (131072 bytes on 1 NUMA nodes, total 128 KiB, linear).

[    0.412809] 2G module region forced by RANDOMIZE_MODULE_REGION_FULL

[    0.419246] 0 pages in range for non-PLT usage

[    0.419247] 507808 pages in range for PLT usage

[    0.424024] pinctrl core: initialized pinctrl subsystem

[    0.434895] SMBIOS 3.3 present.

[    0.438133] DMI: Radxa Computer Co., Ltd. Radxa Dragon Q6A/Radxa Dragon Q6A, BIOS 6.0.260120.BOOT.MXF.1.0.1-00549-KODIAKWP-1 01/20/2026

[    0.450626] DMI: Memory slots populated: 1/1

[    0.456302] NET: Registered PF_NETLINK/PF_ROUTE protocol family

[    0.463001] DMA: preallocated 2048 KiB GFP_KERNEL pool for atomic allocations

[    0.470604] DMA: preallocated 2048 KiB GFP_KERNEL|GFP_DMA pool for atomic allocations

[    0.478902] DMA: preallocated 2048 KiB GFP_KERNEL|GFP_DMA32 pool for atomic allocations

[    0.487156] audit: initializing netlink subsys (disabled)

[    0.492821] audit: type=2000 audit(0.185:1): state=initialized audit_enabled=0 res=1

[    0.493383] thermal_sys: Registered thermal governor 'fair_share'

[    0.500775] thermal_sys: Registered thermal governor 'step_wise'

[    0.507037] thermal_sys: Registered thermal governor 'user_space'

[    0.513210] thermal_sys: Registered thermal governor 'power_allocator'

[    0.519496] cpuidle: using governor ladder

[    0.530439] cpuidle: using governor menu

[    0.534507] NET: Registered PF_QIPCRTR protocol family

[    0.539926] hw-breakpoint: found 6 breakpoint and 4 watchpoint registers.

[    0.546987] ASID allocator initialised with 32768 entries

[    0.553167] Serial: AMBA PL011 UART driver

[    0.558713] CPUidle PSCI: Initialized CPU PM domain topology using OSI mode

[    0.568771] /soc@0/stm@6002000: Fixed dependency cycle(s) with /soc@0/funnel@6041000

[    0.576737] /soc@0/funnel@6041000: Fixed dependency cycle(s) with /soc@0/stm@6002000

[    0.584704] /soc@0/funnel@6041000: Fixed dependency cycle(s) with /soc@0/funnel@6045000

[    0.592929] /soc@0/funnel@6042000: Fixed dependency cycle(s) with /soc@0/funnel@7810000

[    0.601152] /soc@0/funnel@6042000: Fixed dependency cycle(s) with /soc@0/funnel@6045000

[    0.609377] /soc@0/funnel@6045000: Fixed dependency cycle(s) with /soc@0/funnel@6042000

[    0.617597] /soc@0/funnel@6045000: Fixed dependency cycle(s) with /soc@0/funnel@6041000

[    0.625817] /soc@0/funnel@6045000: Fixed dependency cycle(s) with /soc@0/funnel@6b04000

[    0.634042] /soc@0/replicator@6046000: Fixed dependency cycle(s) with /soc@0/replicator@6b06000

[    0.642974] /soc@0/replicator@6046000: Fixed dependency cycle(s) with /soc@0/etr@6048000

[    0.651289] /soc@0/etr@6048000: Fixed dependency cycle(s) with /soc@0/replicator@6046000

[    0.659602] /soc@0/funnel@6b04000: Fixed dependency cycle(s) with /soc@0/funnel@6045000

[    0.667824] /soc@0/funnel@6b04000: Fixed dependency cycle(s) with /soc@0/etf@6b05000

[    0.675781] /soc@0/etf@6b05000: Fixed dependency cycle(s) with /soc@0/funnel@6b04000

[    0.683733] /soc@0/etf@6b05000: Fixed dependency cycle(s) with /soc@0/replicator@6b06000

[    0.692048] /soc@0/replicator@6b06000: Fixed dependency cycle(s) with /soc@0/etf@6b05000

[    0.700357] /soc@0/replicator@6b06000: Fixed dependency cycle(s) with /soc@0/replicator@6046000

[    0.709296] /soc@0/etm@7040000: Fixed dependency cycle(s) with /soc@0/funnel@7800000

[    0.717256] /soc@0/etm@7140000: Fixed dependency cycle(s) with /soc@0/funnel@7800000

[    0.725215] /soc@0/etm@7240000: Fixed dependency cycle(s) with /soc@0/funnel@7800000

[    0.733173] /soc@0/etm@7340000: Fixed dependency cycle(s) with /soc@0/funnel@7800000

[    0.741133] /soc@0/etm@7440000: Fixed dependency cycle(s) with /soc@0/funnel@7800000

[    0.749090] /soc@0/etm@7540000: Fixed dependency cycle(s) with /soc@0/funnel@7800000

[    0.757051] /soc@0/etm@7640000: Fixed dependency cycle(s) with /soc@0/funnel@7800000

[    0.765013] /soc@0/etm@7740000: Fixed dependency cycle(s) with /soc@0/funnel@7800000

[    0.772966] /soc@0/funnel@7800000: Fixed dependency cycle(s) with /soc@0/etm@7740000

[    0.780917] /soc@0/funnel@7800000: Fixed dependency cycle(s) with /soc@0/etm@7640000

[    0.788868] /soc@0/funnel@7800000: Fixed dependency cycle(s) with /soc@0/etm@7540000

[    0.796818] /soc@0/funnel@7800000: Fixed dependency cycle(s) with /soc@0/etm@7440000

[    0.804770] /soc@0/funnel@7800000: Fixed dependency cycle(s) with /soc@0/etm@7340000

[    0.812720] /soc@0/funnel@7800000: Fixed dependency cycle(s) with /soc@0/etm@7240000

[    0.820673] /soc@0/funnel@7800000: Fixed dependency cycle(s) with /soc@0/etm@7140000

[    0.828622] /soc@0/funnel@7800000: Fixed dependency cycle(s) with /soc@0/etm@7040000

[    0.836577] /soc@0/funnel@7800000: Fixed dependency cycle(s) with /soc@0/funnel@7810000

[    0.844801] /soc@0/funnel@7810000: Fixed dependency cycle(s) with /soc@0/funnel@7800000

[    0.853024] /soc@0/funnel@7810000: Fixed dependency cycle(s) with /soc@0/funnel@6042000

[    0.861262] /soc@0/phy@88e8000: Fixed dependency cycle(s) with /soc@0/display-subsystem@ae00000/displayport-controller@ae90000

[    0.872955] /soc@0/phy@88e8000: Fixed dependency cycle(s) with /soc@0/usb@a600000

[    0.880667] /soc@0/usb@a600000: Fixed dependency cycle(s) with /soc@0/phy@88e8000

[    0.888369] /soc@0/clock-controller@af00000: Fixed dependency cycle(s) with /soc@0/phy@88e8000

[    0.897223] /soc@0/display-subsystem@ae00000: Fixed dependency cycle(s) with /soc@0/clock-controller@af00000

[    0.907324] /soc@0/display-subsystem@ae00000/display-controller@ae01000: Fixed dependency cycle(s) with /soc@0/display-subsystem@ae00000/displayport-controller@ae90000

[    0.922673] /soc@0/display-subsystem@ae00000/display-controller@ae01000: Fixed dependency cycle(s) with /soc@0/display-subsystem@ae00000

[    0.935263] /soc@0/display-subsystem@ae00000/display-controller@ae01000: Fixed dependency cycle(s) with /soc@0/clock-controller@af00000

[    0.947762] /soc@0/display-subsystem@ae00000/displayport-controller@ae90000: Fixed dependency cycle(s) with /soc@0/display-subsystem@ae00000/display-controller@ae01000

[    0.963108] /soc@0/display-subsystem@ae00000/displayport-controller@ae90000: Fixed dependency cycle(s) with /soc@0/phy@88e8000

[    0.974802] /soc@0/display-subsystem@ae00000/displayport-controller@ae90000: Fixed dependency cycle(s) with /soc@0/clock-controller@af00000

[    0.987651] /soc@0/display-subsystem@ae00000/displayport-controller@ae90000: Fixed dependency cycle(s) with /soc@0/display-subsystem@ae00000

[    1.000633] /soc@0/interrupt-controller@17a00000: Fixed dependency cycle(s) with /soc@0/interrupt-controller@17a00000

[    1.014496] /soc@0/stm@6002000: Fixed dependency cycle(s) with /soc@0/funnel@6041000

[    1.022494] /soc@0/stm@6002000: Fixed dependency cycle(s) with /soc@0/funnel@6041000

[    1.030465] /soc@0/funnel@6041000: Fixed dependency cycle(s) with /soc@0/stm@6002000

[    1.038436] /soc@0/funnel@6041000: Fixed dependency cycle(s) with /soc@0/funnel@6045000

[    1.046679] /soc@0/funnel@6042000: Fixed dependency cycle(s) with /soc@0/funnel@7810000

[    1.054903] /soc@0/funnel@6042000: Fixed dependency cycle(s) with /soc@0/funnel@6045000

[    1.063143] /soc@0/funnel@6042000: Fixed dependency cycle(s) with /soc@0/funnel@6045000

[    1.071378] /soc@0/funnel@6041000: Fixed dependency cycle(s) with /soc@0/funnel@6045000

[    1.079610] /soc@0/funnel@6045000: Fixed dependency cycle(s) with /soc@0/funnel@6042000

[    1.087838] /soc@0/funnel@6045000: Fixed dependency cycle(s) with /soc@0/funnel@6041000

[    1.096066] /soc@0/funnel@6045000: Fixed dependency cycle(s) with /soc@0/funnel@6b04000

[    1.104307] /soc@0/replicator@6046000: Fixed dependency cycle(s) with /soc@0/replicator@6b06000

[    1.113240] /soc@0/replicator@6046000: Fixed dependency cycle(s) with /soc@0/etr@6048000

[    1.121563] /soc@0/replicator@6046000: Fixed dependency cycle(s) with /soc@0/etr@6048000

[    1.129887] /soc@0/etr@6048000: Fixed dependency cycle(s) with /soc@0/replicator@6046000

[    1.138220] /soc@0/funnel@6045000: Fixed dependency cycle(s) with /soc@0/funnel@6b04000

[    1.146454] /soc@0/funnel@6b04000: Fixed dependency cycle(s) with /soc@0/funnel@6045000

[    1.154684] /soc@0/funnel@6b04000: Fixed dependency cycle(s) with /soc@0/etf@6b05000

[    1.162654] /soc@0/funnel@6b04000: Fixed dependency cycle(s) with /soc@0/etf@6b05000

[    1.170621] /soc@0/etf@6b05000: Fixed dependency cycle(s) with /soc@0/funnel@6b04000

[    1.178583] /soc@0/etf@6b05000: Fixed dependency cycle(s) with /soc@0/replicator@6b06000

[    1.186907] /soc@0/etf@6b05000: Fixed dependency cycle(s) with /soc@0/replicator@6b06000

[    1.195230] /soc@0/replicator@6046000: Fixed dependency cycle(s) with /soc@0/replicator@6b06000

[    1.204178] /soc@0/replicator@6b06000: Fixed dependency cycle(s) with /soc@0/etf@6b05000

[    1.212496] /soc@0/replicator@6b06000: Fixed dependency cycle(s) with /soc@0/replicator@6046000

[    1.221457] /soc@0/etm@7040000: Fixed dependency cycle(s) with /soc@0/funnel@7800000

[    1.229430] /soc@0/etm@7140000: Fixed dependency cycle(s) with /soc@0/funnel@7800000

[    1.237402] /soc@0/etm@7240000: Fixed dependency cycle(s) with /soc@0/funnel@7800000

[    1.245374] /soc@0/etm@7340000: Fixed dependency cycle(s) with /soc@0/funnel@7800000

[    1.253346] /soc@0/etm@7440000: Fixed dependency cycle(s) with /soc@0/funnel@7800000

[    1.261319] /soc@0/etm@7540000: Fixed dependency cycle(s) with /soc@0/funnel@7800000

[    1.269291] /soc@0/etm@7640000: Fixed dependency cycle(s) with /soc@0/funnel@7800000

[    1.277263] /soc@0/etm@7740000: Fixed dependency cycle(s) with /soc@0/funnel@7800000

[    1.285238] /soc@0/etm@7740000: Fixed dependency cycle(s) with /soc@0/funnel@7800000

[    1.293209] /soc@0/etm@7640000: Fixed dependency cycle(s) with /soc@0/funnel@7800000

[    1.301173] /soc@0/etm@7540000: Fixed dependency cycle(s) with /soc@0/funnel@7800000

[    1.309139] /soc@0/etm@7440000: Fixed dependency cycle(s) with /soc@0/funnel@7800000

[    1.317103] /soc@0/etm@7340000: Fixed dependency cycle(s) with /soc@0/funnel@7800000

[    1.325067] /soc@0/etm@7240000: Fixed dependency cycle(s) with /soc@0/funnel@7800000

[    1.333034] /soc@0/etm@7140000: Fixed dependency cycle(s) with /soc@0/funnel@7800000

[    1.340999] /soc@0/etm@7040000: Fixed dependency cycle(s) with /soc@0/funnel@7800000

[    1.348958] /soc@0/funnel@7800000: Fixed dependency cycle(s) with /soc@0/etm@7740000

[    1.356919] /soc@0/funnel@7800000: Fixed dependency cycle(s) with /soc@0/etm@7640000

[    1.364877] /soc@0/funnel@7800000: Fixed dependency cycle(s) with /soc@0/etm@7540000

[    1.372836] /soc@0/funnel@7800000: Fixed dependency cycle(s) with /soc@0/etm@7440000

[    1.380795] /soc@0/funnel@7800000: Fixed dependency cycle(s) with /soc@0/etm@7340000

[    1.388755] /soc@0/funnel@7800000: Fixed dependency cycle(s) with /soc@0/etm@7240000

[    1.396714] /soc@0/funnel@7800000: Fixed dependency cycle(s) with /soc@0/etm@7140000

[    1.404673] /soc@0/funnel@7800000: Fixed dependency cycle(s) with /soc@0/etm@7040000

[    1.412635] /soc@0/funnel@7800000: Fixed dependency cycle(s) with /soc@0/funnel@7810000

[    1.420878] /soc@0/funnel@7800000: Fixed dependency cycle(s) with /soc@0/funnel@7810000

[    1.429110] /soc@0/funnel@6042000: Fixed dependency cycle(s) with /soc@0/funnel@7810000

[    1.437340] /soc@0/funnel@7810000: Fixed dependency cycle(s) with /soc@0/funnel@7800000

[    1.445570] /soc@0/funnel@7810000: Fixed dependency cycle(s) with /soc@0/funnel@6042000

[    1.454062] /soc@0/phy@88e8000: Fixed dependency cycle(s) with /soc@0/display-subsystem@ae00000/displayport-controller@ae90000

[    1.465757] /soc@0/phy@88e8000: Fixed dependency cycle(s) with /soc@0/usb@a600000

[    1.474147] /soc@0/phy@88e8000: Fixed dependency cycle(s) with /soc@0/usb@a600000

[    1.481851] /soc@0/usb@a600000: Fixed dependency cycle(s) with /soc@0/phy@88e8000

[    1.489847] /soc@0/clock-controller@af00000: Fixed dependency cycle(s) with /soc@0/phy@88e8000

[    1.498816] /soc@0/display-subsystem@ae00000: Fixed dependency cycle(s) with /soc@0/clock-controller@af00000

[    1.508931] /soc@0/display-subsystem@ae00000/display-controller@ae01000: Fixed dependency cycle(s) with /soc@0/display-subsystem@ae00000/displayport-controller@ae90000

[    1.524280] /soc@0/display-subsystem@ae00000/display-controller@ae01000: Fixed dependency cycle(s) with /soc@0/display-subsystem@ae00000

[    1.536871] /soc@0/display-subsystem@ae00000/display-controller@ae01000: Fixed dependency cycle(s) with /soc@0/clock-controller@af00000

[    1.549378] /soc@0/display-subsystem@ae00000/displayport-controller@ae90000: Fixed dependency cycle(s) with /soc@0/display-subsystem@ae00000/display-controller@ae01000

[    1.564725] /soc@0/display-subsystem@ae00000/displayport-controller@ae90000: Fixed dependency cycle(s) with /soc@0/phy@88e8000

[    1.576429] /soc@0/display-subsystem@ae00000/displayport-controller@ae90000: Fixed dependency cycle(s) with /soc@0/clock-controller@af00000

[    1.589277] /soc@0/display-subsystem@ae00000/displayport-controller@ae90000: Fixed dependency cycle(s) with /soc@0/display-subsystem@ae00000

[    1.605537] /soc@0/rsc@18200000/regulators-0: Fixed dependency cycle(s) with /soc@0/rsc@18200000/regulators-0/smps1

[    1.616267] /soc@0/rsc@18200000/regulators-0: Fixed dependency cycle(s) with /soc@0/rsc@18200000/regulators-0/smps8

[    1.626985] /soc@0/rsc@18200000/regulators-0: Fixed dependency cycle(s) with /soc@0/rsc@18200000/regulators-0/smps7

[    1.637775] /soc@0/rsc@18200000/regulators-1: Fixed dependency cycle(s) with /soc@0/rsc@18200000/regulators-0/smps7

[    1.648486] /soc@0/rsc@18200000/regulators-1: Fixed dependency cycle(s) with /soc@0/rsc@18200000/regulators-1/bob

[    1.659012] /soc@0/rsc@18200000/regulators-1: Fixed dependency cycle(s) with /soc@0/rsc@18200000/regulators-0/smps1

[    1.670248] /soc@0/usb@8c00000/hub@1: Fixed dependency cycle(s) with /connector-0

[    1.677961] /connector-0: Fixed dependency cycle(s) with /soc@0/usb@8c00000/hub@1

[    1.685714] /soc@0/usb@8c00000/hub@1: Fixed dependency cycle(s) with /connector-1

[    1.693418] /connector-1: Fixed dependency cycle(s) with /soc@0/usb@8c00000/hub@1

[    1.701155] /soc@0/usb@8c00000/hub@1: Fixed dependency cycle(s) with /connector-2

[    1.708858] /connector-2: Fixed dependency cycle(s) with /soc@0/usb@8c00000/hub@1

[    1.716614] /soc@0/usb@a600000: Fixed dependency cycle(s) with /connector

[    1.723605] /soc@0/phy@88e8000: Fixed dependency cycle(s) with /connector

[    1.730596] /connector: Fixed dependency cycle(s) with /soc@0/phy@88e8000

[    1.737588] /connector: Fixed dependency cycle(s) with /soc@0/usb@a600000

[    1.744651] /soc@0/phy@88e8000: Fixed dependency cycle(s) with /hdmi-bridge

[    1.751837] /hdmi-bridge: Fixed dependency cycle(s) with /soc@0/phy@88e8000

[    1.759058] /hdmi-bridge: Fixed dependency cycle(s) with /hdmi-connector

[    1.765972] /hdmi-connector: Fixed dependency cycle(s) with /hdmi-bridge

[    1.773732] HugeTLB: registered 1.00 GiB page size, pre-allocated 0 pages

[    1.780705] HugeTLB: 0 KiB vmemmap can be freed for a 1.00 GiB page

[    1.787138] HugeTLB: registered 32.0 MiB page size, pre-allocated 0 pages

[    1.794106] HugeTLB: 0 KiB vmemmap can be freed for a 32.0 MiB page

[    1.800536] HugeTLB: registered 2.00 MiB page size, pre-allocated 0 pages

[    1.807508] HugeTLB: 0 KiB vmemmap can be freed for a 2.00 MiB page

[    1.813939] HugeTLB: registered 64.0 KiB page size, pre-allocated 0 pages

[    1.820907] HugeTLB: 0 KiB vmemmap can be freed for a 64.0 KiB page

[    1.828312] ACPI: Interpreter disabled.

[    1.834366] iommu: Default domain type: Translated

[    1.839299] iommu: DMA domain TLB invalidation policy: strict mode

[    1.845953] SCSI subsystem initialized

[    1.849893] libata version 3.00 loaded.

[    1.853916] usbcore: registered new interface driver usbfs

[    1.859561] usbcore: registered new interface driver hub

[    1.865034] usbcore: registered new device driver usb

[    1.870516] pps_core: LinuxPPS API ver. 1 registered

[    1.875625] pps_core: Software ver. 5.3.6 - Copyright 2005-2007 Rodolfo Giometti <giometti@linux.it>

[    1.884998] PTP clock support registered

[    1.889063] EDAC MC: Ver: 3.0.0

[    1.892571] scmi_core: SCMI protocol bus registered

[    1.897747] qcom_scm: convention: smc arm 64

[    1.902672] qcom_scm firmware:scm: qseecom: found qseecom with version 0x1402000

[    1.910752] qcom_scm firmware:scm: scm storage size 33554432 bytes

[    1.917282] qcom_qseecom qcom_qseecom: setting up client for qcom.tz.uefisecapp

[    1.925088] FPGA manager framework

[    1.928812] NetLabel: Initializing

[    1.932320] NetLabel:  domain hash size = 128

[    1.936803] NetLabel:  protocols = UNLABELED CIPSOv4 CALIPSO

[    1.942629] NetLabel:  unlabeled traffic allowed by default

[    1.948351] mctp: management component transport protocol core

[    1.954342] NET: Registered PF_MCTP protocol family

[    1.959543] vgaarb: loaded

[    1.962611] clocksource: Switched to clocksource arch_sys_counter

[    1.969001] VFS: Disk quotas dquot_6.6.0

[    1.973049] VFS: Dquot-cache hash table entries: 512 (order 0, 4096 bytes)

[    1.980271] netfs: FS-Cache loaded

[    1.983831] pnp: PnP ACPI: disabled

[    1.990599] NET: Registered PF_INET protocol family

[    1.995690] IP idents hash table entries: 131072 (order: 8, 1048576 bytes, linear)

[    2.004740] tcp_listen_portaddr_hash hash table entries: 4096 (order: 4, 65536 bytes, linear)

[    2.013510] Table-perturb hash table entries: 65536 (order: 6, 262144 bytes, linear)

[    2.021516] TCP established hash table entries: 65536 (order: 7, 524288 bytes, linear)

[    2.029805] TCP bind hash table entries: 65536 (order: 9, 2097152 bytes, linear)

[    2.037930] TCP: Hash tables configured (established 65536 bind 65536)

[    2.044762] MPTCP token hash table entries: 8192 (order: 6, 196608 bytes, linear)

[    2.052490] UDP hash table entries: 4096 (order: 6, 262144 bytes, linear)

[    2.059497] UDP-Lite hash table entries: 4096 (order: 6, 262144 bytes, linear)

[    2.066990] NET: Registered PF_UNIX/PF_LOCAL protocol family

[    2.072812] NET: Registered PF_XDP protocol family

[    2.077744] PCI: CLS 0 bytes, default 64

[    2.081988] Trying to unpack rootfs image as initramfs...

[    2.087865] kvm [1]: HYP mode not available

[    2.092739] Initialise system trusted keyrings

[    2.097434] workingset: timestamp_bits=42 max_order=21 bucket_order=0

[    2.113780] Key type asymmetric registered

[    2.118019] Asymmetric key parser 'x509' registered

[    2.123086] Block layer SCSI generic (bsg) driver version 0.4 loaded (major 239)

[    2.130785] io scheduler mq-deadline registered

[    2.135455] io scheduler kyber registered

[    2.139623] io scheduler bfq registered

[    2.150915] ledtrig-cpu: registered to indicate activity on CPUs

[    2.165171] /soc@0/display-subsystem@ae00000/displayport-controller@ae90000: Fixed dependency cycle(s) with /soc@0/clock-controller@af00000

[    2.167872] Freeing initrd memory: 15452K

[    2.178075] /soc@0/display-subsystem@ae00000/display-controller@ae01000: Fixed dependency cycle(s) with /soc@0/clock-controller@af00000

[    2.200307] vreg_s1b_1p84: Setting 1840000-2040000uV

[    2.200422] vreg_l1c_1p8: Setting 1800000-1976000uV

[    2.201346] msm_serial: driver initialized

[    2.201466] SuperH (H)SCI(F) driver initialized

[    2.201531] STM32 USART driver initialized

[    2.202811] arm-smmu 3da0000.iommu: probing hardware configuration...

[    2.202814] arm-smmu 3da0000.iommu: SMMUv2 with:

[    2.202833] arm-smmu 3da0000.iommu: 	stage 1 translation

[    2.202834] arm-smmu 3da0000.iommu: 	coherent table walk

[    2.202835] arm-smmu 3da0000.iommu: 	stream matching with 6 register groups

[    2.202848] arm-smmu 3da0000.iommu: 	7 context banks (0 stage-2 only)

[    2.202862] arm-smmu 3da0000.iommu: 	Supported page sizes: 0x61311000

[    2.202863] arm-smmu 3da0000.iommu: 	Stage-1: 48-bit VA -> 36-bit IPA

[    2.202914] arm-smmu 3da0000.iommu: 	preserved 0 boot mappings

[    2.203570] platform 3d00000.gpu: Adding to iommu group 0

[    2.203650] platform 3d6a000.gmu: Adding to iommu group 1

[    2.205147] arm-smmu 15000000.iommu: probing hardware configuration...

[    2.205149] arm-smmu 15000000.iommu: SMMUv2 with:

[    2.205155] arm-smmu 15000000.iommu: 	stage 1 translation

[    2.205156] arm-smmu 15000000.iommu: 	coherent table walk

[    2.205157] arm-smmu 15000000.iommu: 	stream matching with 77 register groups

[    2.205162] arm-smmu 15000000.iommu: 	61 context banks (0 stage-2 only)

[    2.205445] arm-smmu 15000000.iommu: 	Supported page sizes: 0x61311000

[    2.205490] vreg_s7b_0p536: Setting 536000-1120000uV

[    2.205534] vreg_s8b_1p2: Setting 1200000-1496000uV

[    2.205601] vreg_l1b_0p912: Setting 832000-920000uV

[    2.205666] vreg_l2b_3p072: Setting 2704000-3544000uV

[    2.205719] vreg_l6b_1p2: Setting 1200000-1256000uV

[    2.205776] vreg_l7b_2p96: Setting 2960000-2960000uV

[    2.205827] vreg_l9b_1p2: Setting 1200000-1304000uV

[    2.205885] vreg_l17b_1p8: Setting 1800000-1896000uV

[    2.205950] vreg_l18b_1p8: Setting 1800000-2000000uV

[    2.206054] vreg_l19b_1p8: Setting 1800000-2000000uV

[    2.210684] vreg_l6c_2p96: Setting 1650000-3544000uV

[    2.214654] arm-smmu 15000000.iommu: 	Stage-1: 36-bit VA -> 36-bit IPA

[    2.214677] arm-smmu 15000000.iommu: 	preserved 0 boot mappings

[    2.219479] vreg_l9c_2p96: Setting 2704000-3544000uV

[    2.224266] platform 7c4000.mmc: Adding to iommu group 2

[    2.230333] vreg_l10c_0p88: Setting 720000-1048000uV

[    2.234959] platform 900000.dma-controller: Adding to iommu group 3

[    2.240570] vreg_bob_3p296: Setting 3032000-3960000uV

[    2.245883] platform 9c0000.geniqup: Adding to iommu group 4

[    2.435134] platform a00000.dma-controller: Adding to iommu group 5

[    2.441624] platform ac0000.geniqup: Adding to iommu group 6

[    2.447498] platform 1dc4000.dma-controller: Adding to iommu group 7

[    2.454063] platform 1dfa000.crypto: Adding to iommu group 7

[    2.459925] platform 8804000.mmc: Adding to iommu group 8

[    2.465506] platform 8c00000.usb: Adding to iommu group 9

[    2.471092] platform a600000.usb: Adding to iommu group 10

[    2.476769] platform aa00000.video-codec: Adding to iommu group 11

[    2.483157] platform ae00000.display-subsystem: Adding to iommu group 12

[    2.491231] amba 6048000.etr: Adding to iommu group 13

[    2.499271] megasas: 07.734.00.00-rc1

[    2.503166] Key type psk registered

[    2.508081] spmi_pmic_arb c440000.spmi: PMIC arbiter version v5 (0x50020000)

[    2.527327] usbcore: registered new device driver onboard-usb-dev

[    2.538906] i2c_dev: i2c /dev entries driver

[    2.544954] thermal thermal_zone0: power_allocator: sustainable_power will be estimated

[    2.553281] thermal thermal_zone1: power_allocator: sustainable_power will be estimated

[    2.561588] thermal thermal_zone2: power_allocator: sustainable_power will be estimated

[    2.569887] thermal thermal_zone3: power_allocator: sustainable_power will be estimated

[    2.578185] thermal thermal_zone4: power_allocator: sustainable_power will be estimated

[    2.586498] thermal thermal_zone5: power_allocator: sustainable_power will be estimated

[    2.594801] thermal thermal_zone6: power_allocator: sustainable_power will be estimated

[    2.603098] thermal thermal_zone7: power_allocator: sustainable_power will be estimated

[    2.611400] thermal thermal_zone8: power_allocator: sustainable_power will be estimated

[    2.619697] thermal thermal_zone9: power_allocator: sustainable_power will be estimated

[    2.627994] thermal thermal_zone10: power_allocator: sustainable_power will be estimated

[    2.636380] thermal thermal_zone11: power_allocator: sustainable_power will be estimated

[    2.644767] thermal thermal_zone12: power_allocator: sustainable_power will be estimated

[    2.653153] thermal thermal_zone13: power_allocator: sustainable_power will be estimated

[    2.661543] thermal thermal_zone14: power_allocator: sustainable_power will be estimated

[    2.670201] thermal thermal_zone15: power_allocator: sustainable_power will be estimated

[    2.678603] thermal thermal_zone16: power_allocator: sustainable_power will be estimated

[    2.687002] thermal thermal_zone17: power_allocator: sustainable_power will be estimated

[    2.695396] thermal thermal_zone18: power_allocator: sustainable_power will be estimated

[    2.703782] thermal thermal_zone19: power_allocator: sustainable_power will be estimated

[    2.712168] thermal thermal_zone20: power_allocator: sustainable_power will be estimated

[    2.720555] thermal thermal_zone21: power_allocator: sustainable_power will be estimated

[    2.728941] thermal thermal_zone22: power_allocator: sustainable_power will be estimated

[    2.737329] thermal thermal_zone23: power_allocator: sustainable_power will be estimated

[    2.745723] thermal thermal_zone24: power_allocator: sustainable_power will be estimated

[    2.754111] thermal thermal_zone25: power_allocator: sustainable_power will be estimated

[    2.762498] thermal thermal_zone26: power_allocator: sustainable_power will be estimated

[    2.771801] EDAC DEVICE0: Giving out device to module qcom_llcc_edac controller llcc: DEV qcom_llcc_edac (INTERRUPT)

[    2.783288] sdhci: Secure Digital Host Controller Interface driver

[    2.789647] sdhci: Copyright(c) Pierre Ossman

[    2.794405] Synopsys Designware Multimedia Card Interface Driver

[    2.800900] sdhci-pltfm: SDHCI platform and OF driver helper

[    2.807972] simple-framebuffer simple-framebuffer.0: [drm] Registered 1 planes with drm panic

[    2.816725] [drm] Initialized simpledrm 1.0.0 for simple-framebuffer.0 on minor 0

[    2.826174] Console: switching to colour frame buffer device 128x37

[    2.833741] simple-framebuffer simple-framebuffer.0: [drm] fb0: simpledrmdrmfb frame buffer device

[    2.843921] efivars: Registered efivars operations

[    2.844025] clocksource: arch_mmio_counter: mask: 0xffffffffffffff max_cycles: 0x46d987e47, max_idle_ns: 440795202767 ns

[    2.860069] arch-timer-mmio 17c20000.timer: mmio timer running at 19.20MHz (virt)

[    2.867884] hid: raw HID events driver (C) Jiri Kosina

[    2.873237] usbcore: registered new interface driver usbhid

[    2.878973] usbhid: USB HID core driver

[    2.887979] hw perfevents: enabled with armv8_cortex_a55 PMU driver, 7 (0,8000003f) counters available

[    2.899863] hw perfevents: enabled with armv8_cortex_a78 PMU driver, 7 (0,8000003f) counters available

[    2.910108] watchdog: NMI not fully supported

[    2.914749] watchdog: Hard watchdog permanently disabled

[    2.921209] qcom,qfprom 784000.efuse: supply vcc not found, using dummy regulator

[    2.956844] NET: Registered PF_PACKET protocol family

[    2.963216] 9pnet: Installing 9P2000 support

[    2.967777] Key type dns_resolver registered

[    2.975726] registered taskstats version 1

[    2.980490] Loading compiled-in X.509 certificates

[    2.989948] zswap: loaded using pool zstd

[    2.994944] Demotion targets for Node 0: null

[    3.001245] Key type .fscrypt registered

[    3.006371] Key type fscrypt-provisioning registered

[    3.012636] Key type big_key registered

[    3.027107] cpu cpu0: EM: OPP:1804800 is inefficient

[    3.032445] cpu cpu0: EM: OPP:300000 is inefficient

[    3.037969] cpu cpu0: EM: created perf domain

[    3.049665] cpu cpu4: EM: OPP:2131200 is inefficient

[    3.054973] cpu cpu4: EM: OPP:2054400 is inefficient

[    3.060540] cpu cpu4: EM: created perf domain

[    3.070999] cpu cpu7: EM: OPP:2380800 is inefficient

[    3.078398] cpu cpu7: EM: created perf domain

[    3.083226] energy_model: updating cpu0 cpu_cap=382 old capacity=528

[    3.090103] cpu cpu0: EM: OPP:1804800 is inefficient

[    3.095331] cpu cpu0: EM: OPP:300000 is inefficient

[    3.100626] energy_model: updating cpu4 cpu_cap=889 old capacity=1003

[    3.107536] cpu cpu4: EM: OPP:2131200 is inefficient

[    3.112752] cpu cpu4: EM: OPP:2054400 is inefficient

[    3.129418] 994000.serial: ttyMSM0 at MMIO 0x994000 (irq = 138, base_baud = 0) is a MSM

[    3.138782] printk: legacy console [ttyMSM0] enabled

[    3.138782] printk: legacy console [ttyMSM0] enabled

[    3.180751] /soc@0/display-subsystem@ae00000/display-controller@ae01000: Fixed dependency cycle(s) with /soc@0/display-subsystem@ae00000/displayport-controller@ae90000

[    3.180751] /soc@0/display-subsystem@ae00000/display-controller@ae01000: Fixed dependency cycle(s) with /soc@0/display-subsystem@ae00000/displayport-controller@ae90000

[    3.215847] /soc@0/phy@88e8000: Fixed dependency cycle(s) with /soc@0/display-subsystem@ae00000/displayport-controller@ae90000

[    3.215847] /soc@0/phy@88e8000: Fixed dependency cycle(s) with /soc@0/display-subsystem@ae00000/displayport-controller@ae90000

[    3.240095] /soc@0/display-subsystem@ae00000/displayport-controller@ae90000: Fixed dependency cycle(s) with /soc@0/phy@88e8000

[    3.240095] /soc@0/display-subsystem@ae00000/displayport-controller@ae90000: Fixed dependency cycle(s) with /soc@0/phy@88e8000

[    3.265048] [drm:msm_dp_display_probe] *ERROR* init sub module failed

[    3.265048] [drm:msm_dp_display_probe] *ERROR* init sub module failed

[    3.291113] sdhci_msm 8804000.mmc: Got CD GPIO

[    3.292605] [drm:msm_dp_display_probe] *ERROR* init sub module failed

[    3.291113] sdhci_msm 8804000.mmc: Got CD GPIO

[    3.294055] mmc0: CQHCI version 5.10

[    3.292605] [drm:msm_dp_display_probe] *ERROR* init sub module failed

[    3.294055] mmc0: CQHCI version 5.10

[    3.323339] [drm:msm_dp_display_probe] *ERROR* init sub module failed

[    3.323339] [drm:msm_dp_display_probe] *ERROR* init sub module failed

[    3.337838] clk: Disabling unused clocks

[    3.337838] clk: Disabling unused clocks

[    3.346994] PM: genpd: Disabling unused power domains

[    3.346994] PM: genpd: Disabling unused power domains

[    3.358209] mmc0: SDHCI controller on 7c4000.mmc [7c4000.mmc] using ADMA 64-bit

[    3.358915] mmc1: SDHCI controller on 8804000.mmc [8804000.mmc] using ADMA 64-bit

[    3.365762] sdhci_msm 7c4000.mmc: mmc0: CQE init: success

[    3.375871] [drm:msm_dp_display_probe] *ERROR* init sub module failed

[    3.382959] Freeing unused kernel memory: 14080K

[    3.385188] mmc0: Failed to initialize a non-removable card

[    3.358209] mmc0: SDHCI controller on 7c4000.mmc [7c4000.mmc] using ADMA 64-bit

[    3.387784] [drm:msm_dp_display_probe] *ERROR* init sub module failed

[    3.358915] mmc1: SDHCI controller on 8804000.mmc [8804000.mmc] using ADMA 64-bit

[    3.418137] Checked W+X mappings: passed, no W+X pages found

[    3.365762] sdhci_msm 7c4000.mmc: mmc0: CQE init: success

[    3.375871] [drm:msm_dp_display_probe] *ERROR* init sub module failed

[    3.382959] Freeing unused kernel memory: 14080K

[    3.441100] mmc1: new UHS-I speed SDR104 SDXC card at address aaaa

[    3.441318] rodata_test: all tests were successful

[    3.448648] mmcblk1: mmc1:aaaa SR256 238 GiB

[    3.452613] Run /init as init process

[    3.385188] mmc0: Failed to initialize a non-removable card

[    3.463021]  mmcblk1: p1 p2 p3 p4 p5 p6 p7 p8 p9 p10 p11 p12 p13

[    3.387784] [drm:msm_dp_display_probe] *ERROR* init sub module failed

[    3.466486]   with arguments:

[    3.418137] Checked W+X mappings: passed, no W+X pages found

[    3.466488]     /init

[    3.466489]   with environment:

[    3.441100] mmc1: new UHS-I speed SDR104 SDXC card at address aaaa

[    3.466490]     HOME=/

[    3.441318] rodata_test: all tests were successful

[    3.466491]     TERM=linux

[    3.448648] mmcblk1: mmc1:aaaa SR256 238 GiB

[    3.472806] init: init first stage started!

[    3.452613] Run /init as init process

[    3.485249] [drm:msm_dp_display_probe] *ERROR* init sub module failed

[    3.463021]  mmcblk1: p1 p2 p3 p4 p5 p6 p7 p8 p9 p10 p11 p12 p13

[    3.489021] init: Loading module /lib/modules/dm-mod.ko with args ''

[    3.466486]   with arguments:

[    3.466488]     /init

[    3.466489]   with environment:

[    3.466490]     HOME=/

[    3.466491]     TERM=linux

[    3.472806] init: init first stage started!

[    3.485249] [drm:msm_dp_display_probe] *ERROR* init sub module failed

[    3.489021] init: Loading module /lib/modules/dm-mod.ko with args ''

[    3.578205] device-mapper: uevent: version 1.0.3

[    3.578205] device-mapper: uevent: version 1.0.3

[    3.588694] device-mapper: ioctl: 4.50.0-ioctl (2025-04-28) initialised: dm-devel@lists.linux.dev

[    3.588694] device-mapper: ioctl: 4.50.0-ioctl (2025-04-28) initialised: dm-devel@lists.linux.dev

[    3.607366] init: Loaded kernel module /lib/modules/dm-mod.ko

[    3.607366] init: Loaded kernel module /lib/modules/dm-mod.ko

[    3.619557] init: Loading module /lib/modules/dm-bufio.ko with args ''

[    3.619557] init: Loading module /lib/modules/dm-bufio.ko with args ''

[    3.636023] init: Loaded kernel module /lib/modules/dm-bufio.ko

[    3.636023] init: Loaded kernel module /lib/modules/dm-bufio.ko

[    3.648650] init: Loading module /lib/modules/dm-snapshot.ko with args ''

[    3.648650] init: Loading module /lib/modules/dm-snapshot.ko with args ''

[    3.667601] init: Loaded kernel module /lib/modules/dm-snapshot.ko

[    3.667601] init: Loaded kernel module /lib/modules/dm-snapshot.ko

[    3.681109] init: Loading module /lib/modules/reed_solomon.ko with args ''

[    3.681109] init: Loading module /lib/modules/reed_solomon.ko with args ''

[    3.697534] init: Loaded kernel module /lib/modules/reed_solomon.ko

[    3.697534] init: Loaded kernel module /lib/modules/reed_solomon.ko

[    3.711009] init: Loading module /lib/modules/dm-verity.ko with args ''

[    3.711009] init: Loading module /lib/modules/dm-verity.ko with args ''

[    3.729468] init: Loaded kernel module /lib/modules/dm-verity.ko

[    3.729468] init: Loaded kernel module /lib/modules/dm-verity.ko

[    3.742453] init: Loading module /lib/modules/loop.ko with args ''

[    3.742453] init: Loading module /lib/modules/loop.ko with args ''

[    3.766325] loop: module loaded

[    3.766325] loop: module loaded

[    3.773483] init: Loaded kernel module /lib/modules/loop.ko

[    3.773483] init: Loaded kernel module /lib/modules/loop.ko

[    3.785374] init: Loading module /lib/modules/quota_tree.ko with args ''

[    3.785374] init: Loading module /lib/modules/quota_tree.ko with args ''

[    3.801555] init: Loaded kernel module /lib/modules/quota_tree.ko

[    3.801555] init: Loaded kernel module /lib/modules/quota_tree.ko

[    3.814726] init: Loading module /lib/modules/quota_v2.ko with args ''

[    3.814726] init: Loading module /lib/modules/quota_v2.ko with args ''

[    3.832577] init: Loaded kernel module /lib/modules/quota_v2.ko

[    3.832577] init: Loaded kernel module /lib/modules/quota_v2.ko

[    3.845504] init: Loading module /lib/modules/aux-bridge.ko with args ''

[    3.845504] init: Loading module /lib/modules/aux-bridge.ko with args ''

[    3.861666] init: Loaded kernel module /lib/modules/aux-bridge.ko

[    3.861666] init: Loaded kernel module /lib/modules/aux-bridge.ko

[    3.874591] init: Loading module /lib/modules/phy-qcom-qmp-combo.ko with args ''

[    3.874591] init: Loading module /lib/modules/phy-qcom-qmp-combo.ko with args ''

[    3.894412] init: Loaded kernel module /lib/modules/phy-qcom-qmp-combo.ko

[    3.899933] msm_dpu ae01000.display-controller: bound ae90000.displayport-controller (ops msm_dp_display_comp_ops)

[    3.901474] init: Loading module /lib/modules/fuse.ko with args ''

[    3.894412] init: Loaded kernel module /lib/modules/phy-qcom-qmp-combo.ko

[    3.899933] msm_dpu ae01000.display-controller: bound ae90000.displayport-controller (ops msm_dp_display_comp_ops)

[    3.901474] init: Loading module /lib/modules/fuse.ko with args ''

[    3.944536] adreno 3d00000.gpu: supply vdd not found, using dummy regulator

[    3.944536] adreno 3d00000.gpu: supply vdd not found, using dummy regulator

[    3.959090] adreno 3d00000.gpu: supply vddcx not found, using dummy regulator

[    3.959846] fuse: init (API version 7.45)

[    3.959090] adreno 3d00000.gpu: supply vddcx not found, using dummy regulator

[    3.959846] fuse: init (API version 7.45)

[    3.978405] msm_dpu ae01000.display-controller: bound 3d00000.gpu (ops a3xx_ops)

[    3.983197] init: Loaded kernel module /lib/modules/fuse.ko

[    3.978405] msm_dpu ae01000.display-controller: bound 3d00000.gpu (ops a3xx_ops)

[    3.983197] init: Loaded kernel module /lib/modules/fuse.ko

[    4.009705] init: Loading module /lib/modules/nf_socket_ipv4.ko with args ''

[    4.009705] init: Loading module /lib/modules/nf_socket_ipv4.ko with args ''

[    4.024967] Console: switching to colour dummy device 80x25

[    4.024967] Console: switching to colour dummy device 80x25

[    4.036592] init: Loaded kernel module /lib/modules/nf_socket_ipv4.ko

[    4.036592] init: Loaded kernel module /lib/modules/nf_socket_ipv4.ko

[    4.049886] init: Loading module /lib/modules/crc-ccitt.ko with args ''

[    4.049886] init: Loading module /lib/modules/crc-ccitt.ko with args ''

[    4.064888] init: Loaded kernel module /lib/modules/crc-ccitt.ko

[    4.066603] [drm:dpu_kms_hw_init:1173] dpu hardware revision:0x70020000

[    4.071094] init: Loading module /lib/modules/ipv6.ko with args ''

[    4.078278] [drm] forcing HDMI-A-1 connector on

[    4.064888] init: Loaded kernel module /lib/modules/crc-ccitt.ko

[    4.066603] [drm:dpu_kms_hw_init:1173] dpu hardware revision:0x70020000

[    4.071094] init: Loading module /lib/modules/ipv6.ko with args ''

[    4.078278] [drm] forcing HDMI-A-1 connector on

[    4.114771] NET: Registered PF_INET6 protocol family

[    4.116463] [drm] Initialized msm 1.13.0 for ae01000.display-controller on minor 1

[    4.121025] Segment Routing with IPv6

[    4.128931] msm_dpu ae01000.display-controller: [drm:adreno_request_fw] loaded qcom/a660_sqe.fw from new location

[    4.131442] RPL Segment Routing with IPv6

[    4.131475] In-situ OAM (IOAM) with IPv6

[    4.142069] msm_dpu ae01000.display-controller: [drm:adreno_request_fw] loaded qcom/a660_gmu.bin from new location

[    4.146725] init: Loaded kernel module /lib/modules/ipv6.ko

[    4.151208] [drm] Loaded GMU firmware v3.1.10

[    4.160812] init: Loading module /lib/modules/nf_socket_ipv6.ko with args ''

[    4.114771] NET: Registered PF_INET6 protocol family

[    4.169908] adreno 3d00000.gpu: [drm:adreno_zap_shader_load] *ERROR* Unable to load qcom/qcs6490/a660_zap.mbn

[    4.116463] [drm] Initialized msm 1.13.0 for ae01000.display-controller on minor 1

[    4.121025] Segment Routing with IPv6

[    4.128931] msm_dpu ae01000.display-controller: [drm:adreno_request_fw] loaded qcom/a660_sqe.fw from new location

[    4.205192] init: Loaded kernel module /lib/modules/nf_socket_ipv6.ko

[    4.215566] msm_dpu ae01000.display-controller: [drm:adreno_load_gpu] *ERROR* gpu hw init failed: -2

[    4.222509] init: Loading module /lib/modules/x_tables.ko with args ''

[    4.131442] RPL Segment Routing with IPv6

[    4.241624] platform 3d6a000.gmu: [drm:a6xx_gmu_set_oob] *ERROR* Timeout waiting for GMU OOB set GPU_SET: 0x0

[    4.131475] In-situ OAM (IOAM) with IPv6

[    4.142069] msm_dpu ae01000.display-controller: [drm:adreno_request_fw] loaded qcom/a660_gmu.bin from new location

[    4.146725] init: Loaded kernel module /lib/modules/ipv6.ko

[    4.151208] [drm] Loaded GMU firmware v3.1.10

[    4.160812] init: Loading module /lib/modules/nf_socket_ipv6.ko with args ''

[    4.277662] init: Loaded kernel module /lib/modules/x_tables.ko

[    4.169908] adreno 3d00000.gpu: [drm:adreno_zap_shader_load] *ERROR* Unable to load qcom/qcs6490/a660_zap.mbn

[    4.205192] init: Loaded kernel module /lib/modules/nf_socket_ipv6.ko

[    4.215566] msm_dpu ae01000.display-controller: [drm:adreno_load_gpu] *ERROR* gpu hw init failed: -2

[    4.222509] init: Loading module /lib/modules/x_tables.ko with args ''

[    4.241624] platform 3d6a000.gmu: [drm:a6xx_gmu_set_oob] *ERROR* Timeout waiting for GMU OOB set GPU_SET: 0x0

[    4.277662] init: Loaded kernel module /lib/modules/x_tables.ko

[    4.340308] init: Loading module /lib/modules/nf_defrag_ipv6.ko with args ''

[    4.340308] init: Loading module /lib/modules/nf_defrag_ipv6.ko with args ''

[    4.343485] init: Loaded kernel module /lib/modules/nf_defrag_ipv6.ko

[    4.343485] init: Loaded kernel module /lib/modules/nf_defrag_ipv6.ko

[    4.343526] init: Loading module /lib/modules/nf_defrag_ipv4.ko with args ''

[    4.345307] init: Loaded kernel module /lib/modules/nf_defrag_ipv4.ko

[    4.345327] init: Loading module /lib/modules/xt_socket.ko with args ''

[    4.343526] init: Loading module /lib/modules/nf_defrag_ipv4.ko with args ''

[    4.346856] init: Loaded kernel module /lib/modules/xt_socket.ko

[    4.345307] init: Loaded kernel module /lib/modules/nf_defrag_ipv4.ko

[    4.346873] init: Loading module /lib/modules/xt_comment.ko with args ''

[    4.345327] init: Loading module /lib/modules/xt_socket.ko with args ''

[    4.348341] init: Loaded kernel module /lib/modules/xt_comment.ko

[    4.346856] init: Loaded kernel module /lib/modules/xt_socket.ko

[    4.348358] init: Loading module /lib/modules/xt_length.ko with args ''

[    4.346873] init: Loading module /lib/modules/xt_comment.ko with args ''

[    4.349926] init: Loaded kernel module /lib/modules/xt_length.ko

[    4.348341] init: Loaded kernel module /lib/modules/xt_comment.ko

[    4.349940] init: Loading module /lib/modules/xt_bpf.ko with args ''

[    4.348358] init: Loading module /lib/modules/xt_length.ko with args ''

[    4.351786] init: Loaded kernel module /lib/modules/xt_bpf.ko

[    4.349926] init: Loaded kernel module /lib/modules/xt_length.ko

[    4.351801] init: Loading module /lib/modules/ip6_tables.ko with args ''

[    4.349940] init: Loading module /lib/modules/xt_bpf.ko with args ''

[    4.353676] init: Loaded kernel module /lib/modules/ip6_tables.ko

[    4.351786] init: Loaded kernel module /lib/modules/xt_bpf.ko

[    4.353692] init: Loading module /lib/modules/ip6table_filter.ko with args ''

[    4.351801] init: Loading module /lib/modules/ip6_tables.ko with args ''

[    4.354318] fb0: sys_imageblit: framebuffer is not in virtual address space.

[    4.353676] init: Loaded kernel module /lib/modules/ip6_tables.ko

[    4.355370] init: Loaded kernel module /lib/modules/ip6table_filter.ko

[    4.353692] init: Loading module /lib/modules/ip6table_filter.ko with args ''

[    4.355400] init: Loading module /lib/modules/ip_tables.ko with args ''

[    4.354318] fb0: sys_imageblit: framebuffer is not in virtual address space.

[    4.357524] init: Loaded kernel module /lib/modules/ip_tables.ko

[    4.355370] init: Loaded kernel module /lib/modules/ip6table_filter.ko

[    4.357540] init: Loading module /lib/modules/iptable_filter.ko with args ''

[    4.355400] init: Loading module /lib/modules/ip_tables.ko with args ''

[    4.359342] init: Loaded kernel module /lib/modules/iptable_filter.ko

[    4.357524] init: Loaded kernel module /lib/modules/ip_tables.ko

[    4.359357] init: Loading module /lib/modules/ip6table_raw.ko with args ''

[    4.357540] init: Loading module /lib/modules/iptable_filter.ko with args ''

[    4.361139] init: Loaded kernel module /lib/modules/ip6table_raw.ko

[    4.359342] init: Loaded kernel module /lib/modules/iptable_filter.ko

[    4.361155] init: Loading module /lib/modules/nf_conntrack.ko with args ''

[    4.359357] init: Loading module /lib/modules/ip6table_raw.ko with args ''

[    4.364151] init: Loaded kernel module /lib/modules/nf_conntrack.ko

[    4.361139] init: Loaded kernel module /lib/modules/ip6table_raw.ko

[    4.364189] init: Loading module /lib/modules/nf_nat.ko with args ''

[    4.361155] init: Loading module /lib/modules/nf_conntrack.ko with args ''

[    4.366620] init: Loaded kernel module /lib/modules/nf_nat.ko

[    4.364151] init: Loaded kernel module /lib/modules/nf_conntrack.ko

[    4.366658] init: Loading module /lib/modules/xt_nat.ko with args ''

[    4.364189] init: Loading module /lib/modules/nf_nat.ko with args ''

[    4.368452] init: Loaded kernel module /lib/modules/xt_nat.ko

[    4.366620] init: Loaded kernel module /lib/modules/nf_nat.ko

[    4.368482] init: Loading module /lib/modules/ip6table_nat.ko with args ''

[    4.366658] init: Loading module /lib/modules/xt_nat.ko with args ''

[    4.370392] init: Loaded kernel module /lib/modules/ip6table_nat.ko

[    4.368452] init: Loaded kernel module /lib/modules/xt_nat.ko

[    4.370407] init: Loading module /lib/modules/nf_reject_ipv4.ko with args ''

[    4.368482] init: Loading module /lib/modules/ip6table_nat.ko with args ''

[    4.371976] Console: switching to colour frame buffer device 160x45

[    4.370392] init: Loaded kernel module /lib/modules/ip6table_nat.ko

[    4.372110] init: Loaded kernel module /lib/modules/nf_reject_ipv4.ko

[    4.370407] init: Loading module /lib/modules/nf_reject_ipv4.ko with args ''

[    4.372127] init: Loading module /lib/modules/xt_state.ko with args ''

[    4.371976] Console: switching to colour frame buffer device 160x45

[    4.373750] init: Loaded kernel module /lib/modules/xt_state.ko

[    4.372110] init: Loaded kernel module /lib/modules/nf_reject_ipv4.ko

[    4.373765] init: Loading module /lib/modules/xt_multiport.ko with args ''

[    4.372127] init: Loading module /lib/modules/xt_state.ko with args ''

[    4.375893] init: Loaded kernel module /lib/modules/xt_multiport.ko

[    4.373750] init: Loaded kernel module /lib/modules/xt_state.ko

[    4.375907] init: Loading module /lib/modules/nf_tproxy_ipv4.ko with args ''

[    4.373765] init: Loading module /lib/modules/xt_multiport.ko with args ''

[    4.378019] init: Loaded kernel module /lib/modules/nf_tproxy_ipv4.ko

[    4.375893] init: Loaded kernel module /lib/modules/xt_multiport.ko

[    4.378034] init: Loading module /lib/modules/xt_hl.ko with args ''

[    4.375907] init: Loading module /lib/modules/nf_tproxy_ipv4.ko with args ''

[    4.379765] init: Loaded kernel module /lib/modules/xt_hl.ko

[    4.378019] init: Loaded kernel module /lib/modules/nf_tproxy_ipv4.ko

[    4.379779] init: Loading module /lib/modules/xt_recent.ko with args ''

[    4.378034] init: Loading module /lib/modules/xt_hl.ko with args ''

[    4.382070] init: Loaded kernel module /lib/modules/xt_recent.ko

[    4.379765] init: Loaded kernel module /lib/modules/xt_hl.ko

[    4.382090] init: Loading module /lib/modules/xt_REDIRECT.ko with args ''

[    4.379779] init: Loading module /lib/modules/xt_recent.ko with args ''

[    4.384142] init: Loaded kernel module /lib/modules/xt_REDIRECT.ko

[    4.382070] init: Loaded kernel module /lib/modules/xt_recent.ko

[    4.384157] init: Loading module /lib/modules/xt_pkttype.ko with args ''

[    4.382090] init: Loading module /lib/modules/xt_REDIRECT.ko with args ''

[    4.386017] init: Loaded kernel module /lib/modules/xt_pkttype.ko

[    4.384142] init: Loaded kernel module /lib/modules/xt_REDIRECT.ko

[    4.386032] init: Loading module /lib/modules/xt_dscp.ko with args ''

[    4.384157] init: Loading module /lib/modules/xt_pkttype.ko with args ''

[    4.387869] init: Loaded kernel module /lib/modules/xt_dscp.ko

[    4.386017] init: Loaded kernel module /lib/modules/xt_pkttype.ko

[    4.387886] init: Loading module /lib/modules/xt_MASQUERADE.ko with args ''

[    4.386032] init: Loading module /lib/modules/xt_dscp.ko with args ''

[    4.410127] init: Loaded kernel module /lib/modules/xt_MASQUERADE.ko

[    4.387869] init: Loaded kernel module /lib/modules/xt_dscp.ko

[    4.415905] msm_dpu ae01000.display-controller: [drm] fb0: msmdrmfb frame buffer device

[    4.387886] init: Loading module /lib/modules/xt_MASQUERADE.ko with args ''

[    4.423414] init: Loading module /lib/modules/xt_policy.ko with args ''

[    4.410127] init: Loaded kernel module /lib/modules/xt_MASQUERADE.ko

[    4.697541] fb0: sys_fillrect: framebuffer is not in virtual address space.

[    4.415905] msm_dpu ae01000.display-controller: [drm] fb0: msmdrmfb frame buffer device

[    4.423414] init: Loading module /lib/modules/xt_policy.ko with args ''

[    4.697541] fb0: sys_fillrect: framebuffer is not in virtual address space.

[    5.140287] init: Loaded kernel module /lib/modules/xt_policy.ko

[    5.140287] init: Loaded kernel module /lib/modules/xt_policy.ko

[    5.153606] init: Loading module /lib/modules/xt_CT.ko with args ''

[    5.153606] init: Loading module /lib/modules/xt_CT.ko with args ''

[    5.168791] init: Loaded kernel module /lib/modules/xt_CT.ko

[    5.168791] init: Loaded kernel module /lib/modules/xt_CT.ko

[    5.181055] init: Loading module /lib/modules/ip6table_mangle.ko with args ''

[    5.181055] init: Loading module /lib/modules/ip6table_mangle.ko with args ''

[    5.197692] init: Loaded kernel module /lib/modules/ip6table_mangle.ko

[    5.197692] init: Loaded kernel module /lib/modules/ip6table_mangle.ko

[    5.211568] init: Loading module /lib/modules/nf_tproxy_ipv6.ko with args ''

[    5.211568] init: Loading module /lib/modules/nf_tproxy_ipv6.ko with args ''

[    5.229498] init: Loaded kernel module /lib/modules/nf_tproxy_ipv6.ko

[    5.229498] init: Loaded kernel module /lib/modules/nf_tproxy_ipv6.ko

[    5.243346] init: Loading module /lib/modules/xt_TPROXY.ko with args ''

[    5.243346] init: Loading module /lib/modules/xt_TPROXY.ko with args ''

[    5.258989] init: Loaded kernel module /lib/modules/xt_TPROXY.ko

[    5.258989] init: Loaded kernel module /lib/modules/xt_TPROXY.ko

[    5.271511] init: Loading module /lib/modules/nf_reject_ipv6.ko with args ''

[    5.271511] init: Loading module /lib/modules/nf_reject_ipv6.ko with args ''

[    5.288340] init: Loaded kernel module /lib/modules/nf_reject_ipv6.ko

[    5.288340] init: Loaded kernel module /lib/modules/nf_reject_ipv6.ko

[    5.301755] init: Loading module /lib/modules/iptable_mangle.ko with args ''

[    5.301755] init: Loading module /lib/modules/iptable_mangle.ko with args ''

[    5.318051] init: Loaded kernel module /lib/modules/iptable_mangle.ko

[    5.318051] init: Loaded kernel module /lib/modules/iptable_mangle.ko

[    5.331479] init: Loading module /lib/modules/xt_LOG.ko with args ''

[    5.331479] init: Loading module /lib/modules/xt_LOG.ko with args ''

[    5.346749] init: Loaded kernel module /lib/modules/xt_LOG.ko

[    5.346749] init: Loaded kernel module /lib/modules/xt_LOG.ko

[    5.358742] init: Loading module /lib/modules/xt_ecn.ko with args ''

[    5.358742] init: Loading module /lib/modules/xt_ecn.ko with args ''

[    5.373795] init: Loaded kernel module /lib/modules/xt_ecn.ko

[    5.373795] init: Loaded kernel module /lib/modules/xt_ecn.ko

[    5.385789] init: Loading module /lib/modules/xt_DSCP.ko with args ''

[    5.385789] init: Loading module /lib/modules/xt_DSCP.ko with args ''

[    5.400783] init: Loaded kernel module /lib/modules/xt_DSCP.ko

[    5.400783] init: Loaded kernel module /lib/modules/xt_DSCP.ko

[    5.412995] init: Loading module /lib/modules/xt_conntrack.ko with args ''

[    5.412995] init: Loading module /lib/modules/xt_conntrack.ko with args ''

[    5.429249] init: Loaded kernel module /lib/modules/xt_conntrack.ko

[    5.429249] init: Loaded kernel module /lib/modules/xt_conntrack.ko

[    5.442591] init: Loading module /lib/modules/xt_owner.ko with args ''

[    5.442591] init: Loading module /lib/modules/xt_owner.ko with args ''

[    5.460529] init: Loaded kernel module /lib/modules/xt_owner.ko

[    5.460529] init: Loaded kernel module /lib/modules/xt_owner.ko

[    5.473060] init: Loading module /lib/modules/xt_string.ko with args ''

[    5.473060] init: Loading module /lib/modules/xt_string.ko with args ''

[    5.490589] init: Loaded kernel module /lib/modules/xt_string.ko

[    5.490589] init: Loaded kernel module /lib/modules/xt_string.ko

[    5.503191] init: Loading module /lib/modules/ip6t_REJECT.ko with args ''

[    5.503191] init: Loading module /lib/modules/ip6t_REJECT.ko with args ''

[    5.519172] init: Loaded kernel module /lib/modules/ip6t_REJECT.ko

[    5.519172] init: Loaded kernel module /lib/modules/ip6t_REJECT.ko

[    5.532101] init: Loading module /lib/modules/xt_mark.ko with args ''

[    5.532101] init: Loading module /lib/modules/xt_mark.ko with args ''

[    5.548539] init: Loaded kernel module /lib/modules/xt_mark.ko

[    5.548539] init: Loaded kernel module /lib/modules/xt_mark.ko

[    5.561443] init: Loading module /lib/modules/xt_IDLETIMER.ko with args ''

[    5.561443] init: Loading module /lib/modules/xt_IDLETIMER.ko with args ''

[    5.578327] init: Loaded kernel module /lib/modules/xt_IDLETIMER.ko

[    5.578327] init: Loaded kernel module /lib/modules/xt_IDLETIMER.ko

[    5.591418] init: Loading module /lib/modules/xt_u32.ko with args ''

[    5.591418] init: Loading module /lib/modules/xt_u32.ko with args ''

[    5.606380] init: Loaded kernel module /lib/modules/xt_u32.ko

[    5.606380] init: Loaded kernel module /lib/modules/xt_u32.ko

[    5.618403] init: Loading module /lib/modules/xt_quota.ko with args ''

[    5.618403] init: Loading module /lib/modules/xt_quota.ko with args ''

[    5.633685] init: Loaded kernel module /lib/modules/xt_quota.ko

[    5.633685] init: Loaded kernel module /lib/modules/xt_quota.ko

[    5.646045] init: Loading module /lib/modules/xt_TCPMSS.ko with args ''

[    5.646045] init: Loading module /lib/modules/xt_TCPMSS.ko with args ''

[    5.661493] init: Loaded kernel module /lib/modules/xt_TCPMSS.ko

[    5.661493] init: Loaded kernel module /lib/modules/xt_TCPMSS.ko

[    5.674044] init: Loading module /lib/modules/xt_connmark.ko with args ''

[    5.674044] init: Loading module /lib/modules/xt_connmark.ko with args ''

[    5.690026] init: Loaded kernel module /lib/modules/xt_connmark.ko

[    5.690026] init: Loaded kernel module /lib/modules/xt_connmark.ko

[    5.702927] init: Loading module /lib/modules/xt_HL.ko with args ''

[    5.702927] init: Loading module /lib/modules/xt_HL.ko with args ''

[    5.717690] init: Loaded kernel module /lib/modules/xt_HL.ko

[    5.717690] init: Loaded kernel module /lib/modules/xt_HL.ko

[    5.729529] init: Loading module /lib/modules/xt_tcpudp.ko with args ''

[    5.729529] init: Loading module /lib/modules/xt_tcpudp.ko with args ''

[    5.745998] init: Loaded kernel module /lib/modules/xt_tcpudp.ko

[    5.745998] init: Loaded kernel module /lib/modules/xt_tcpudp.ko

[    5.758637] init: Loading module /lib/modules/xt_addrtype.ko with args ''

[    5.758637] init: Loading module /lib/modules/xt_addrtype.ko with args ''

[    5.775051] init: Loaded kernel module /lib/modules/xt_addrtype.ko

[    5.775051] init: Loaded kernel module /lib/modules/xt_addrtype.ko

[    5.787952] init: Loading module /lib/modules/ip6table_security.ko with args ''

[    5.787952] init: Loading module /lib/modules/ip6table_security.ko with args ''

[    5.804950] init: Loaded kernel module /lib/modules/ip6table_security.ko

[    5.804950] init: Loaded kernel module /lib/modules/ip6table_security.ko

[    5.818914] init: Loading module /lib/modules/iptable_raw.ko with args ''

[    5.818914] init: Loading module /lib/modules/iptable_raw.ko with args ''

[    5.834979] init: Loaded kernel module /lib/modules/iptable_raw.ko

[    5.834979] init: Loaded kernel module /lib/modules/iptable_raw.ko

[    5.847870] init: Loading module /lib/modules/ipt_REJECT.ko with args ''

[    5.847870] init: Loading module /lib/modules/ipt_REJECT.ko with args ''

[    5.863563] init: Loaded kernel module /lib/modules/ipt_REJECT.ko

[    5.863563] init: Loaded kernel module /lib/modules/ipt_REJECT.ko

[    5.876297] init: Loading module /lib/modules/nfnetlink.ko with args ''

[    5.876297] init: Loading module /lib/modules/nfnetlink.ko with args ''

[    5.891917] init: Loaded kernel module /lib/modules/nfnetlink.ko

[    5.891917] init: Loaded kernel module /lib/modules/nfnetlink.ko

[    5.904457] init: Loading module /lib/modules/xt_limit.ko with args ''

[    5.904457] init: Loading module /lib/modules/xt_limit.ko with args ''

[    5.919782] init: Loaded kernel module /lib/modules/xt_limit.ko

[    5.919782] init: Loaded kernel module /lib/modules/xt_limit.ko

[    5.932146] init: Loading module /lib/modules/iptable_security.ko with args ''

[    5.932146] init: Loading module /lib/modules/iptable_security.ko with args ''

[    5.949009] init: Loaded kernel module /lib/modules/iptable_security.ko

[    5.949009] init: Loaded kernel module /lib/modules/iptable_security.ko

[    5.962775] init: Loading module /lib/modules/iptable_nat.ko with args ''

[    5.962775] init: Loading module /lib/modules/iptable_nat.ko with args ''

[    5.978588] init: Loaded kernel module /lib/modules/iptable_nat.ko

[    5.978588] init: Loaded kernel module /lib/modules/iptable_nat.ko

[    5.991487] init: Loading module /lib/modules/xt_tcpmss.ko with args ''

[    5.991487] init: Loading module /lib/modules/xt_tcpmss.ko with args ''

[    6.007055] init: Loaded kernel module /lib/modules/xt_tcpmss.ko

[    6.007055] init: Loaded kernel module /lib/modules/xt_tcpmss.ko

[    6.019643] init: Loaded 72 kernel modules took 2530 ms

[    6.019643] init: Loaded 72 kernel modules took 2530 ms

[    6.030654] init: Copied ramdisk prop to /second_stage_resources/system/etc/ramdisk/build.prop

[    6.030654] init: Copied ramdisk prop to /second_stage_resources/system/etc/ramdisk/build.prop

[    6.048530] init: Not moving /system/bin/snapuserd because it cannot be accessed: No such file or directory

[    6.048530] init: Not moving /system/bin/snapuserd because it cannot be accessed: No such file or directory

[    6.068810] init: Switching root to '/first_stage_ramdisk'

[    6.068810] init: Switching root to '/first_stage_ramdisk'

[    6.080373] init: [libfs_mgr]ReadFstabFromDt(): failed to read fstab from dt

[    6.080373] init: [libfs_mgr]ReadFstabFromDt(): failed to read fstab from dt

[    6.095277] init: Using Android DT directory /proc/device-tree/firmware/android/

[    6.095277] init: Using Android DT directory /proc/device-tree/firmware/android/

[    6.110648] init: Failed to read vbmeta partitions.

[    6.110648] init: Failed to read vbmeta partitions.

[    6.127041] init: [libfs_mgr]Invalid ext4 superblock on '/dev/block/by-name/metadata'

[    6.127041] init: [libfs_mgr]Invalid ext4 superblock on '/dev/block/by-name/metadata'

[    6.145559] init: [libfs_mgr]Created logical partition system_a on device /dev/block/dm-0

[    6.145559] init: [libfs_mgr]Created logical partition system_a on device /dev/block/dm-0

[    6.163374] init: [libfs_mgr]Created logical partition system_b on device /dev/block/dm-1

