S - Format: Log Type - Time(microsec) - Message - Optional Info
S - Log Type: B - Since Boot(Power On Reset),  D - Delta,  S - Statistic
S - QC_IMAGE_VERSION_STRING=BOOT.MXF.1.0.1-00549-KODIAKWP-1
S - IMAGE_VARIANT_STRING=SocKodiakWP
S - OEM_IMAGE_VERSION_STRING=wa-lxc
S - Boot Interface: SPI
S - Secure Boot: Off
S - Boot Config @ 0x00786070 = 0x000000c9
S - JTAG ID @ 0x00786130 = 0x001980e1
S - OEM ID @ 0x00786138 = 0x00000000
S - Serial Number @ 0x00786134 = 0x8dbddd5e
S - OEM Config Row 0 @ 0x007841c0 = 0x0000000000000000
S - OEM Config Row 1 @ 0x007841c8 = 0x0000000000000000
S - Feature Config Row 0 @ 0x00784148 = 0x0000000000000000
S - Feature Config Row 1 @ 0x00784150 = 0x0000000000000000
S - Core 0 Frequency, 1516 MHz
S - PBL Patch Ver: 1
D -      6613 - pbl_apps_init_timestamp
D -      3435 - bootable_media_detect_timestamp
D -       811 - bl_elf_metadata_loading_timestamp
D -       706 - bl_hash_seg_auth_timestamp
D -     26498 - bl_elf_loadable_segment_loading_timestamp
D -      4619 - bl_elf_segs_hash_verify_timestamp
D -     17367 - bl_sec_hash_seg_auth_timestamp
D -       824 - bl_sec_segs_hash_verify_timestamp
D -        30 - pbl_populate_shared_data_and_exit_timestamp
S -     60903 - PBL, End
B -     68747 - SBL1, Start
B -    195108 - SBL1 BUILD @ 21:01:04 on Jan 20 2026
B -    199165 - usb: eud_serial_upd , 0x8dbddd5e
D -    202459 - sbl1_hw_init
D -     10705 - boot_media_init
D -         0 - smss_load_cancel
B -    220484 - SMSS -  Image Load, Start
D -      2989 - SMSS -  Image Loaded, Delta - (0 Bytes)
D -       915 - Auth Metadata
D -      5947 - sbl1_xblconfig_init
B -    235033 - XBL Config -  Image Load, Start
D -         0 - shrm_load_cancel
B -    242627 - SHRM -  Image Load, Start
D -       549 - Auth Metadata
D -      1250 - Segments hash check
D -     12139 - SHRM -  Image Loaded, Delta - (39616 Bytes)
D -         0 - boot_default_cdt_init
D -       366 - boot_cdt_init
B -    266875 - CDT -  Image Load, Start
B -    269620 - CDT Version:3,Platform ID:32,Major ID:1,Minor ID:0,Subtype:7
D -     16348 - sbl1_hw_platform_pre_ddr
D -         0 - devcfg init
B -    295301 - PMIC A:2.0 B:1.0 C:2.2 I:1.0
B -    297070 - PM: PM8 0x4
B -    299388 - PM: xVdd reset
B -    301950 - PM: PON by PWR key DEB
B -    557967 - PM: SET_VAL:Skip
B -    559492 - PM: PSI: b0x06_v0x3f
B -    563579 - PM: Device Init # SPMI Transn: 15424
D -    278465 - pm_device_init, Delta
B -    569252 - pm_driver_init, Start
B -    580445 - PM: Driver Init # SPMI Transn: 504
D -      7716 - pm_driver_init, Delta
B -    585325 - PM: damsink err_flag = 0x0
B -    588589 - PM: dam aicl err_flag = 0x0
B -    593347 - PM: Battery ID: 10036Ohm
B -    596549 - PM: debug board connected
B -    600301 - vsense_init, Start
D -         0 - vsense_init, Delta
D -    322141 - sbl1_hw_pre_ddr_init
D -         0 - boot_dload_handle_forced_dload_timeout
D -      2989 - sbl1_load_ddr_training_data
B -    618997 - Pre_DDR_clock_init, Start
D -       244 - Pre_DDR_clock_init, Delta
D -     12902 - sbl1_ddr_set_params
B -    630709 - sbl1_ddr_init, Start
B -    634095 - LP5 DDR detected
D -     15769 - sbl1_ddr_init, Delta
B -    649833 - DSF version = 262.0.47
B -    653188 - Manufacturer ID = 13, Device Type = 8
B -    656787 - Rank 0 size = 4096 MB, Rank 1 size = 4096 MB
D -     31202 - sbl1_ddr_init
D -         0 - boot_pre_ddi_entry
B -    669993 - do_ddr_training, Start
B -    711168 - DDR: Start of DDR Training Restore
B -    714798 - Current DDR Freq = 2096 MHz
B -    715835 - Max enabled DDR Freq = 2736 MHz
B -    719861 - DDR: End of DDR Training Restore
D -     51057 - do_ddr_training, Delta
D -     58865 - sbl1_do_ddr_training
D -       732 - boot_ddi_entry
B -    735690 - Pimem init cmd, entry
D -      9211 - Pimem init cmd, exit
B -    748195 - External heap init, Start
B -    751184 - External heap init, End
D -     23211 - sbl1_post_ddr_init
D -       122 - sbl1_hw_init_secondary
B -    762164 - DDR -  Image Load, Start
B -    765916 - usb: emmc_parti_unavail
B -    769484 - usb: sdc_parti_unavail
B -    773175 - usb: Serial - 8dbddd5e
B -    776774 - usb: fedl, vbus_low
D -     14549 - boot_fedl_check
B -    783636 - APDP -  Image Load, Start
D -      3203 - APDP -  Image Loaded, Delta - (64 Bytes)
D -         0 - boot_dload_dump_security_regions
D -         0 - ramdump_load_cancel
B -    800076 - RamDump -  Image Load, Start
D -      3294 - RamDump -  Image Loaded, Delta - (0 Bytes)
D -        31 - boot_update_abnormal_reset_status
D -         0 - boot_cache_set_memory_barrier
D -         0 - boot_smem_debug_init
D -       549 - boot_smem_init
D -        31 - boot_smem_alloc_for_minidump
D -        92 - boot_smem_store_pon_status
D -        30 - sbl1_hw_platform_smem
D -        92 - boot_ddr_share_data_to_aop
D -       488 - boot_clock_init_rpm
D -        30 - boot_vsense_copy_to_smem
D -        31 - boot_populate_ram_partition_table
D -        30 - boot_populate_ddr_details_shared_table
D -         0 - sbl1_tlmm_init
D -         0 - sbl1_efs_handle_cookies
B -    862845 - OEM_MISC -  Image Load, Start
D -       732 - Auth Metadata
D -       274 - Segments hash check
D -     10644 - OEM_MISC -  Image Loaded, Delta - (7512 Bytes)
B -    876814 - QTI_MISC -  Image Load, Start
D -      5703 - QTI_MISC -  Image Loaded, Delta - (0 Bytes)
B -    892033 - PM: PM Total Mem Allocated: 2340 
D -      5459 - sbl1_pm_aop_pre_init_wrapper
B -    896700 - AOP -  Image Load, Start
D -       732 - Auth Metadata
D -      1586 - Segments hash check
D -     18361 - AOP -  Image Loaded, Delta - (203304 Bytes)
B -    918355 - QSEE Dev Config -  Image Load, Start
D -       610 - Auth Metadata
D -       458 - Segments hash check
D -     13054 - QSEE Dev Config -  Image Loaded, Delta - (41144 Bytes)
B -    940437 - QSEE -  Image Load, Start
D -     17751 - Auth Metadata
D -     21930 - Segments hash check
D -    230183 - QSEE -  Image Loaded, Delta - (3734195 Bytes)
D -        31 - sbl1_hw_play_vibr
B -   1179557 - SEC -  Image Load, Start
D -      3324 - SEC -  Image Loaded, Delta - (64 Bytes)
B -   1186450 - CPUCPFW -  Image Load, Start
D -     17050 - Auth Metadata
D -     17660 - Segments hash check
D -     52796 - CPUCPFW -  Image Loaded, Delta - (171300 Bytes)
B -   1248243 - QHEE -  Image Load, Start
D -     17324 - Auth Metadata
D -      5185 - Segments hash check
D -     41175 - QHEE -  Image Loaded, Delta - (432112 Bytes)
B -   1292742 - APPSBL -  Image Load, Start
D -       824 - Auth Metadata
D -     15464 - Segments hash check
D -    170739 - APPSBL -  Image Loaded, Delta - (3620864 Bytes)
D -         0 - sbl1_save_appsbl_index
B -   1472692 - SBL1, End
D -   1407453 - SBL1, Delta
S - Flash Throughput, 23235 KB/s  (8411417 Bytes,  362793 us)
S - DDR Frequency, 1555 MHz
?S - Format: Log Type - Time(microsec) - Message - Optional Info
S - Log Type: B - Since Boot(Power On Reset),  D - Delta,  S - Statistic
S - QC_IMAGE_VERSION_STRING=BOOT.MXF.1.0.1-00549-KODIAKWP-1
S - IMAGE_VARIANT_STRING=SocKodiakWP
S - OEM_IMAGE_VERSION_STRING=wa-lxc
S - Boot Interface: SPI
S - Secure Boot: Off
S - Boot Config @ 0x00786070 = 0x000000c9
S - JTAG ID @ 0x00786130 = 0x001980e1
S - OEM ID @ 0x00786138 = 0x00000000
S - Serial Number @ 0x00786134 = 0x8dbddd5e
S - OEM Config Row 0 @ 0x007841c0 = 0x0000000000000000
S - OEM Config Row 1 @ 0x007841c8 = 0x0000000000000000
S - Feature Config Row 0 @ 0x00784148 = 0x0000000000000000
S - Feature Config Row 1 @ 0x00784150 = 0x0000000000000000
S - Core 0 Frequency, 1516 MHz
S - PBL Patch Ver: 1
D -      6626 - pbl_apps_init_timestamp
D -      3433 - bootable_media_detect_timestamp
D -       810 - bl_elf_metadata_loading_timestamp
D -       705 - bl_hash_seg_auth_timestamp
D -     26496 - bl_elf_loadable_segment_loading_timestamp
D -      4620 - bl_elf_segs_hash_verify_timestamp
D -     17367 - bl_sec_hash_seg_auth_timestamp
D -       822 - bl_sec_segs_hash_verify_timestamp
D -        30 - pbl_populate_shared_data_and_exit_timestamp
S -     60909 - PBL, End
B -     69723 - SBL1, Start
B -    197853 - SBL1 BUILD @ 21:01:04 on Jan 20 2026
B -    201971 - usb: eud_serial_upd , 0x8dbddd5e
D -    205295 - sbl1_hw_init
D -     10858 - boot_media_init
D -         0 - smss_load_cancel
B -    223565 - SMSS -  Image Load, Start
D -      3050 - SMSS -  Image Loaded, Delta - (0 Bytes)
D -       885 - Auth Metadata
D -      6039 - sbl1_xblconfig_init
B -    238327 - XBL Config -  Image Load, Start
D -         0 - shrm_load_cancel
B -    246013 - SHRM -  Image Load, Start
D -       610 - Auth Metadata
D -      1281 - Segments hash check
D -     12322 - SHRM -  Image Loaded, Delta - (39616 Bytes)
D -         0 - boot_default_cdt_init
D -       397 - boot_cdt_init
B -    270565 - CDT -  Image Load, Start
B -    273371 - CDT Version:3,Platform ID:32,Major ID:1,Minor ID:0,Subtype:7
D -     16562 - sbl1_hw_platform_pre_ddr
D -         0 - devcfg init
B -    299388 - PMIC A:2.0 B:1.0 C:2.2 I:1.0
B -    301126 - PM: Reset by PSHOLD
B -    303505 - PM: Reset Type: Hard Reset
B -    558668 - PM: SET_VAL:Skip
B -    560224 - PM: PSI: b0x06_v0x3f
B -    564280 - PM: Device Init # SPMI Transn: 15297
D -    275201 - pm_device_init, Delta
B -    569953 - pm_driver_init, Start
B -    581147 - PM: Driver Init # SPMI Transn: 504
D -      7717 - pm_driver_init, Delta
B -    586027 - PM: damsink err_flag = 0x0
B -    589321 - PM: dam aicl err_flag = 0x0
B -    594048 - PM: Battery ID: 10036Ohm
B -    597251 - PM: debug board connected
B -    601002 - vsense_init, Start
D -         0 - vsense_init, Delta
D -    318877 - sbl1_hw_pre_ddr_init
D -        30 - boot_dload_handle_forced_dload_timeout
D -      2989 - sbl1_load_ddr_training_data
B -    619699 - Pre_DDR_clock_init, Start
D -       213 - Pre_DDR_clock_init, Delta
D -     12901 - sbl1_ddr_set_params
B -    631411 - sbl1_ddr_init, Start
B -    634796 - LP5 DDR detected
D -     15768 - sbl1_ddr_init, Delta
B -    650534 - DSF version = 262.0.47
B -    653889 - Manufacturer ID = 13, Device Type = 8
B -    657488 - Rank 0 size = 4096 MB, Rank 1 size = 4096 MB
D -     31201 - sbl1_ddr_init
D -         0 - boot_pre_ddi_entry
B -    670695 - do_ddr_training, Start
B -    711870 - DDR: Start of DDR Training Restore
B -    715499 - Current DDR Freq = 2096 MHz
B -    716536 - Max enabled DDR Freq = 2736 MHz
B -    720562 - DDR: End of DDR Training Restore
D -     51057 - do_ddr_training, Delta
D -     58865 - sbl1_do_ddr_training
D -       732 - boot_ddi_entry
B -    736392 - Pimem init cmd, entry
D -      9211 - Pimem init cmd, exit
B -    748897 - External heap init, Start
B -    751886 - External heap init, End
D -     23241 - sbl1_post_ddr_init
D -        91 - sbl1_hw_init_secondary
B -    762866 - DDR -  Image Load, Start
B -    766617 - usb: emmc_parti_unavail
B -    770186 - usb: sdc_parti_unavail
B -    773846 - usb: Serial - 8dbddd5e
B -    777475 - usb: fedl, vbus_low
D -     14548 - boot_fedl_check
B -    784307 - APDP -  Image Load, Start
D -      3233 - APDP -  Image Loaded, Delta - (64 Bytes)
D -         0 - boot_dload_dump_security_regions
D -         0 - ramdump_load_cancel
B -    800777 - RamDump -  Image Load, Start
D -      3294 - RamDump -  Image Loaded, Delta - (0 Bytes)
D -        30 - boot_update_abnormal_reset_status
D -         0 - boot_cache_set_memory_barrier
D -         0 - boot_smem_debug_init
D -       549 - boot_smem_init
D -        30 - boot_smem_alloc_for_minidump
D -        91 - boot_smem_store_pon_status
D -        31 - sbl1_hw_platform_smem
D -        91 - boot_ddr_share_data_to_aop
D -       488 - boot_clock_init_rpm
D -        31 - boot_vsense_copy_to_smem
D -        30 - boot_populate_ram_partition_table
D -        31 - boot_populate_ddr_details_shared_table
D -         0 - sbl1_tlmm_init
D -        30 - sbl1_efs_handle_cookies
B -    863546 - OEM_MISC -  Image Load, Start
D -       763 - Auth Metadata
D -       244 - Segments hash check
D -     10645 - OEM_MISC -  Image Loaded, Delta - (7512 Bytes)
B -    877485 - QTI_MISC -  Image Load, Start
D -      5703 - QTI_MISC -  Image Loaded, Delta - (0 Bytes)
B -    892735 - PM: PM Total Mem Allocated: 2340 
D -      5460 - sbl1_pm_aop_pre_init_wrapper
B -    897401 - AOP -  Image Load, Start
D -       702 - Auth Metadata
D -      1647 - Segments hash check
D -     18392 - AOP -  Image Loaded, Delta - (203304 Bytes)
B -    919117 - QSEE Dev Config -  Image Load, Start
D -       579 - Auth Metadata
D -       488 - Segments hash check
D -     13024 - QSEE Dev Config -  Image Loaded, Delta - (41144 Bytes)
B -    941169 - QSEE -  Image Load, Start
D -     17751 - Auth Metadata
D -     22113 - Segments hash check
D -    230397 - QSEE -  Image Loaded, Delta - (3734195 Bytes)
D -         0 - sbl1_hw_play_vibr
B -   1180502 - SEC -  Image Load, Start
D -      3355 - SEC -  Image Loaded, Delta - (64 Bytes)
B -   1187395 - CPUCPFW -  Image Load, Start
D -     17080 - Auth Metadata
D -     17690 - Segments hash check
D -     52887 - CPUCPFW -  Image Loaded, Delta - (171300 Bytes)
B -   1249310 - QHEE -  Image Load, Start
D -     17294 - Auth Metadata
D -      5185 - Segments hash check
D -     41145 - QHEE -  Image Loaded, Delta - (432112 Bytes)
B -   1293779 - APPSBL -  Image Load, Start
D -       763 - Auth Metadata
D -     15525 - Segments hash check
D -    170770 - APPSBL -  Image Loaded, Delta - (3620864 Bytes)
D -         0 - sbl1_save_appsbl_index
B -   1473790 - SBL1, End
D -   1407544 - SBL1, Delta
S - Flash Throughput, 23235 KB/s  (8411417 Bytes,  362828 us)
S - DDR Frequency, 1555 MHz


UEFI Start     [ 1685]
 - 0x09F001000 [ 1687] Sec.efi
ASLR        : OFF [WARNING]
DEP         : ON (RTB)
Timer Delta : +1 mS
RAM Entry 0 : Base 0x0080000000  Size 0x003B600000
RAM Entry 1 : Base 0x0180000000  Size 0x0100000000
RAM Entry 2 : Base 0x00C0000000  Size 0x00C0000000
Total Available RAM : 8118 MB (0x01FB600000)
Total Installed RAM : 8192 MB (0x0200000000)
Init 7 aux cores of 7
Init CPU core 1
Init CPU core 2
Init CPU core 3
Init CPU core 4
Init CPU core 5
Init CPU core 6
Init CPU core 7
  > Scheduler up on Core 1
Continue booting UEFI on Core 0
  > Scheduler up on Core 2
  > Scheduler up on Core 3
UEFI Ver    : 6.0.260120.BOOT.MXF.1.0.1-00549-KODIAKWP-1
Build Info  : 64b Jan 20 2026 21:01:25
Boot Device : NVME
PROD Mode   : TRUE
Retail      : TRUE
  > Scheduler up on Core 7
  > Scheduler up on Core 6
  > Scheduler up on Core 5
  > Scheduler up on Core 4
tz_armv8_smc_call failed, TzStatus = 0xFFFFFFFE,  SmcId = 0x32000403  
QseeResponse->result = 0xFFFFFF0F
Status = 0x7
Scm command failed to get RPMB provisioning State, Status: 0x00000007
TpmType returned from TZ (LoadApps.c)= 0x6654504D. 
tz_armv8_smc_call failed, TzStatus = 0xFFFFFFFE,  SmcId = 0x32000109  
QseeResponse->result = 0xFFFFFFFF
Status = 0x7
ActivateTzEmbeddedSecureImage Failed
tz_armv8_smc_call failed, TzStatus = 0xFFFFFFFE,  SmcId = 0x32000109  
QseeResponse->result = 0xFFFFFFFF
Status = 0x7
ActivateTzEmbeddedSecureImage Failed
Card Detection FAILED! Handle 0, Slot 0
eMMC module not found
HW Wdog Setting from PCD : Disabled
UFS GPIO7 value is 1
Skipping UFS initialization
PM0: 47, PM1: 63, PM2: 49, PM8: 46, 
Module cannot re-initialize DAL module environment
QcomChargerDxe:: QcomChargerInitialize Unsupported platform or PMIC. 
UsbConfigInit: Device isSku1Variant: 0
UsbConfigInit: SchgPmicInfo.PmicIndex =  (0x8)
UsbStartController: Starting Core 0 in mode: 1
SSUsbSetPhyMode: MuxValue:3, CCOutStatus:1
SSUsbSetPhyMode: CoreNum:0, MuxValue:3, CCOutStatus:1
UsbStartController: Starting Core 1 in mode: 1
UsbEnumeratePort: new device connected at port 0, HubIfc =0xFA9D8C18 
DisplayDxe: External Panel Mode#0 1024x600 59Hz selected.
Device booted from NVME/SPI_NORUsbEnumNewDevRootHub: HIGH on port 0
 UsbEnumNewDevRootHub: vid = 0x1A40 pid = 0x0101, Addr = 1
TpmCmdMaxSize  4096  TpmRspMaxSize  4096  
TpmManufacturerID  0x4D4F4351  
TpmHashAlgoBitmap  0x7  TpmActivePcrBanks 0x2 
ActivePcrBanks     0x2 
IndexArray 0x1  0xFF  0xFF 

UpdateMemoryArrayInfoTable: DDR Details: Manufacturer ID: 19, Device Type: 8, Num Channels: 2
tz_armv8_smc_call failed, TzStatus = 0xFFFFFFFE,  SmcId = 0x32000401  
QseeResponse->result = 0xFFFFFF03
Status = 0x7
UsbEnumeratePort: new device connected at port 1, HubIfc =0xFA9BEC98 
RpmbAutoProvisionMain: RPMB is already provisioned.
PCIE Port 0 Configuration Found! 
PCIE Port 1 Configuration Found! 
PCIe enum (0x3) start : 3670
Training start : 3699
Wait for link up start : 3719
PCIe Link up on port 0
UsbEnumNewDevHub: FULL on port 1
UsbSelectConfig: failed to connect driver Not Found, ignored
UsbEnumeratePort: new device connected at port 3, HubIfc =0xFA9BEC98 
Link up Failed..!! PCIe1, PARF_LTSSM: 0x0 
Training complete : 3969
Port 0 : x1, Gen 1
PCIe Links ready : 3970
PCIe Links setup in 300 ms
[EC] [FmpDeviceInit 1209] EC device is not initialized, Platform is 6490_IOT_industrial_kit or Dragon_Q6A
[EC] [FmpDeviceGetImageTypeIdGuidPtr 226] EC device is not active, returning Unsupported
[EC] [FmpDeviceGetVersion 563] EC device is not active, returning Unsupported
[EC] [FmpDeviceGetVersion 563] EC device is not active, returning Unsupported
[EC] [FmpDeviceGetLowestSupportedVersion 352] EC device is not yet initialized!
[KB] [I2CKeyboardEntryPoint 1882] - Unsupported platform type  32
 Could not find the Reset Data region .
UsbEnumNewDevHub: HIGH on port 3
UsbSelectConfig: failed to connect driver Not Found, ignored
[=3h[2J[0m[35m[40m ConnectConsoles Delta : 53610 micro sec
WaitParallelThreads InIt [ 4060] 
UEFI Ver           : 6.0.260120.BOOT.MXF.1.0.1-00549-KODIAKWP-1
Platform           : IOT
SKUVersion         : 32
Subtype            : 7
Boot Device        : NVME
Chip Name          : QCS6490
Chip Ver           : 1.0
Chip Num           : 0x8DBDDD5E
Chip ECID          : 0x042F8DBDDD5E
-----------------------------
 PlatformBdsPostConsoleInit Delta : 2433 micro sec
Continuing with BDS initialization
[QcomBds] No default boot app specified
 PlatformSecurityInit Delta : 382 micro sec
Block IO handles of partition /'C12A7328-F81F-11D2-BA4B-00A0C93EC93B/' not found
Failed to get block size of EFI partition. Status: Not Found
InitStoragePointersForCapsuleRawFile returned - Not Found!
InitCapsuleStoragePointers returned - Not Found.
DoCapsuleUpdate Delta : 1765 micro sec
ACPI: Loaded 1 tables
AML: AmlUpdateSjtg FEATURE_ID buffer is 0
AML: AmlUpdateSjtg JTAG_ID buffer is 1671393
Attempting to start: Firmware provisioning
: DppProtocol->GetDPP returned Not Found
 HandleMorPpi delta: 1
Platform Init End : 4079
-----------------------------
 PlatBdsSocPostProc Delta : 14511 micro sec
WARNING: TPM2 Event log has HashAlg unsupported by PCR bank (0x4)
WARNING: TPM2 Event log has HashAlg unsupported by PCR bank (0xC)
Get Smbios ---, Status = (0x800000000000000E)
GetEmmcHandle failed, Status = 0x0
 PlatBdsPostFwConfigSec Delta : 10445 micro sec
 Entered MeasurePeImg...
/local/mnt/workspace/CRMBuilds/BOOT.MXF.1.0.1-00549-KODIAKWP-1_20250921_095415/b/boot_images/boot/QcomPkg/Drivers/TrEEDxe/TrEEDxe.c..HashLogExtendEvent:480 Failed! input = 0x2  
/local/mnt/workspace/CRMBuilds/BOOT.MXF.1.0.1-00549-KODIAKWP-1_20250921_095415/b/boot_images/boot/QcomPkg/Drivers/MeasureBootDxe/MeasureBootDxe.c..HashExtendLogTreeEvent: 319 Failed! input = 0x1  
/local/mnt/workspace/CRMBuilds/BOOT.MXF.1.0.1-00549-KODIAKWP-1_20250921_095415/b/boot_images/boot/QcomPkg/Drivers/MeasureBootDxe/MeasureBootDxe.c..MeasurePeImgAll: 1290 Failed! input = 0x1  
/local/mnt/workspace/CRMBuilds/BOOT.MXF.1.0.1-00549-KODIAKWP-1_20250921_095415/b/boot_images/boot/QcomPkg/Drivers/MeasureBootDxe/MeasureBootDxe.c..MeasureBootVariables:782 Failed! input = 0xE  
/local/mnt/workspace/CRMBuilds/BOOT.MXF.1.0.1-00549-KODIAKWP-1_20250921_095415/b/boot_images/boot/QcomPkg/Drivers/MeasureBootDxe/MeasureBootDxe.c..MeasurePeImgAll: 1293 Failed! input = 0x1  
Press F2 to enter Setup, F5 to enter UEFI Shell, F12 to enter Boot menu
Auto boot in 5 seconds
Auto boot in 4 seconds
Auto boot in 3 seconds
Auto boot in 2 seconds
Auto boot in 1 seconds
UEFI Total : 7821 ms
POST Time      [ 9506] OS Loader
[QcomBds] Could not find bootable handle
UEFI Total : 8215 ms
POST Time      [ 9900] OS Loader
[QcomBds] Could not find bootable handle
[QcomBds] Boot Device Order:
[QcomBds]   [0]: USB
[QcomBds]   [1]: SD
[QcomBds]   [2]: NVMe
[QcomBds]   [3]: eMMC
[QcomBds]   [4]: UFS
[QcomBds] Trying device 0: USB
[QcomBds] Trying device 1: SD
UEFI Total : 10711 ms
POST Time      [12396] OS Loader
 Entered MeasurePeImg...
/local/mnt/workspace/CRMBuilds/BOOT.MXF.1.0.1-00549-KODIAKWP-1_20250921_095415/b/boot_images/boot/QcomPkg/Drivers/TrEEDxe/TrEEDxe.c..HashLogExtendEvent:480 Failed! input = 0x2  
/local/mnt/workspace/CRMBuilds/BOOT.MXF.1.0.1-00549-KODIAKWP-1_20250921_095415/b/boot_images/boot/QcomPkg/Drivers/MeasureBootDxe/MeasureBootDxe.c..HashExtendLogTreeEvent: 319 Failed! input = 0x1  
/local/mnt/workspace/CRMBuilds/BOOT.MXF.1.0.1-00549-KODIAKWP-1_20250921_095415/b/boot_images/boot/QcomPkg/Drivers/MeasureBootDxe/MeasureBootDxe.c..MeasurePeImgAll: 1290 Failed! input = 0x1  
[0m[37m[40m[INFO] efi_main: embloader (Embedded Bootloader) version 0.4.r1.9f8e74b
[DEBUG] efi_main: function efi_main at 0xf0383678
[WARNING] find_embloader_folder: embloader folder not found
[DEBUG] efi_main: Final configuration:
[DEBUG] config: {}
[INFO] efi_main: parsing smbios
[WARNING] efi_main: no matched device found in config
[INFO] sdboot_boot_load_menu: loading systemd-boot menu
[INFO] sdboot_check_fs: Found systemd-boot folder in VenHw(D1531D41-3F80-4091-8D0A-541F59236D66)/HD(
1,GPT,C1732562-6DA2-46B1-811B-94B3FD594248,0x800,0x80000)
[INFO] sdboot_boot_load_file: loading sdboot boot config from file /loader/loader.conf
[INFO] sdboot_boot_load_file: loading sdboot boot config from file android.conf
[DEBUG] sdboot_boot_load_file: created sdboot loader android
[DEBUG] sdboot_boot_load_root: use timeout value 5 from sdboot config
[DEBUG] sdboot_boot_load_root: found default entry android.conf in sdboot config
[DEBUG] sdboot_boot_load_root: use default entry android.conf from sdboot config
[INFO] sdboot_boot_load_menu: loaded systemd-boot menu from current device
[Warn]	(0.000, +0)	 lv_uefi_simple_pointer_indev_add_handle: [lv_uefi] The SIMPLE_POINTER inter
face is not valid. lv_uefi_indev_pointer.c:124

Embedded Boot Loader GUI Menu Serial Alternative
[INFO] embloader_gui_menu_start: lvgl gui menu started
[WARNING] load_xml_from: failed to read XML file menu-main.xml for menu-main: Invalid Parameter
[WARNING] filter_supports: disabled for Qualcomm UEFI
[WARNING] embloader_tui_menu_start: this platform have bad console, skip TUI menu

========================================
= Embedded Bootloader menu
========================================
  1. Android 13 ??? Dragon Q6A
  2. Reboot Into Firmware Interface
========================================
Menu timeout: 5 seconds
Default option: (1) Android 13 ??? Dragon Q6A
Select an option (1-2) or press Enter to boot default: 
Timeout
Booting default option (1) Android 13 ??? Dragon Q6A

[INFO] embloader_loader_boot: booting Android 13 ??? Dragon Q6A (android) ...
[INFO] embloader_loader_boot_sdboot: booting sdboot loader Android 13 ??? Dragon Q6A ...
[INFO] linux_load_kernel: loading kernel /Android/Image
[INFO] linux_load_kernel: loaded kernel /Android/Image size 61.25MiB (64223744 bytes)
[INFO] linux_load_kernel: kernel /Android/Image at 0xf6374000 with 15680 pages
[INFO] linux_load_initramfs: loading initramfs /Android/ramdisk.img
[INFO] linux_load_initramfs: loaded initramfs /Android/ramdisk.img size 15.90MiB (15823511 bytes)
[INFO] linux_load_initramfs: loaded 1 initramfs size 15.90MiB (15823511 bytes)
[INFO] linux_load_initramfs: initramfs collections (1) at 0xef00b000 with 3864 pages
[INFO] linux_load_bootargs: loaded bootargs console=tty0 console=ttyMSM0,115200n8 earlycon=qcom_geni
,0x00994000 fbcon=nodefer video=efifb:keep video=HDMI-A-1:e drm.edid_firmware=HDMI-A-1:edid/waveshar
e_edid.bin keep_bootcon ignore_loglevel loglevel=8 modprobe.blacklist=msm panic=10 coherent_pool=2M 
firmware_class.path=/vendor/firmware irqchip.gicv3_pseudo_nmi=0 psi=1 selinux=1 androidboot.force_no
rmal_boot=1 androidboot.slot_suffix=_a androidboot.hardware=dragon_q6a androidboot.selinux=permissiv
e androidboot.boot_devices=soc@0/8804000.mmc lsm=landlock,lockdown,yama,integrity,selinux,bpf printk
.devkmsg=on
[DEBUG] linux_try_load_dtb: try load dtb /Android/qcs6490-radxa-dragon-q6a.dtb
[INFO] linux_try_load_dtb: read dtb /Android/qcs6490-radxa-dragon-q6a.dtb size 180.70KiB (184388 byt
es)
[INFO] linux_try_load_dtb: load dtb /Android/qcs6490-radxa-dragon-q6a.dtb successfully
[INFO] linux_try_load_dtb: dtb model: Radxa Dragon Q6A
[INFO] linux_try_load_dtb: dtb compatible: radxa,dragon-q6a
[DEBUG] linux_data_load: linux boot data prepared
[DEBUG] efi_dtfixup: applying efi dtfixup protocol
[INFO] efi_dtfixup: efi dtfixup applied successfully
[INFO] embloader_start_efi: load efi image at 0xf6374000...
 Entered MeasurePeImg...
/local/mnt/workspace/CRMBuilds/BOOT.MXF.1.0.1-00549-KODIAKWP-1_20250921_095415/b/boot_images/boot/QcomPkg/Drivers/TrEEDxe/TrEEDxe.c..HashLogExtendEvent:480 Failed! input = 0x2  
/local/mnt/workspace/CRMBuilds/BOOT.MXF.1.0.1-00549-KODIAKWP-1_20250921_095415/b/boot_images/boot/QcomPkg/Drivers/MeasureBootDxe/MeasureBootDxe.c..HashExtendLogTreeEvent: 319 Failed! input = 0x1  
/local/mnt/workspace/CRMBuilds/BOOT.MXF.1.0.1-00549-KODIAKWP-1_20250921_095415/b/boot_images/boot/QcomPkg/Drivers/MeasureBootDxe/MeasureBootDxe.c..MeasurePeImgAll: 1290 Failed! input = 0x1  
DetectLinuxKernelVersion Delta : 42508 micro sec
[INFO] embloader_start_efi: use cmdline console=tty0 console=ttyMSM0,115200n8 earlycon=qcom_geni,0x0
0994000 fbcon=nodefer video=efifb:keep video=HDMI-A-1:e drm.edid_firmware=HDMI-A-1:edid/waveshare_ed
id.bin keep_bootcon ignore_loglevel loglevel=8 modprobe.blacklist=msm panic=10 coherent_pool=2M firm
ware_class.path=/vendor/firmware irqchip.gicv3_pseudo_nmi=0 psi=1 selinux=1 androidboot.force_normal
_boot=1 androidboot.slot_suffix=_a androidboot.hardware=dragon_q6a androidboot.selinux=permissive an
droidboot.boot_devices=soc@0/8804000.mmc lsm=landlock,lockdown,yama,integrity,selinux,bpf printk.dev
kmsg=on
[INFO] embloader_start_efi: start efi image...
Start EBS        [23072] 
Start EBS        [23075] 
ScmArmV8ExitBootServicesHandler, Status = 0x0. 
Exit EBS        [23808] UEFI End
[    0.000000] printk: debug: ignoring loglevel setting.
[    0.000000] efi: EFI v2.7 by Qualcomm Technologies, Inc.
[    0.000000] efi: ACPI 2.0=0xffffd000 MEMATTR=0xfa3eb018 ESRT=0xfa30ee98 SMBIOS=0xffed1000 TPMEventLog=0xfffc6018 INITRD=0xf0075f98 RNG=0xfffc6e98 MEMRESERVE=0xf0075d18 
[    0.000000] random: crng init done
[    0.000000] TPM Final Events table not present
[    0.000000] esrt: Reserving ESRT space from 0x00000000fa30ee98 to 0x00000000fa30eef8.
[    0.000000] OF: reserved mem: 0x0000000080000000..0x00000000805fffff (6144 KiB) nomap non-reusable hyp@80000000
[    0.000000] OF: reserved mem: 0x0000000080600000..0x00000000807fffff (2048 KiB) nomap non-reusable xbl@80600000
[    0.000000] OF: reserved mem: 0x0000000080800000..0x000000008085ffff (384 KiB) nomap non-reusable aop@80800000
[    0.000000] OF: reserved mem: 0x0000000080860000..0x000000008087ffff (128 KiB) nomap non-reusable aop-cmd-db@80860000
[    0.000000] OF: reserved mem: 0x0000000080884000..0x0000000080893fff (64 KiB) nomap non-reusable xbl-uefi-res@80880000
[    0.000000] OF: reserved mem: 0x00000000808ff000..0x00000000808fffff (4 KiB) nomap non-reusable sec-apps@808ff000
[    0.000000] OF: reserved mem: 0x0000000080900000..0x0000000080afffff (2048 KiB) nomap non-reusable smem@80900000
[    0.000000] OF: reserved mem: 0x0000000080b00000..0x0000000080bfffff (1024 KiB) nomap non-reusable cpucp@80b00000
[    0.000000] OF: reserved mem: 0x0000000081800000..0x00000000826fffff (15360 KiB) nomap non-reusable lpass-ml@81800000
[    0.000000] OF: reserved mem: 0x0000000082700000..0x000000008270ffff (64 KiB) nomap non-reusable cdsp-secure-heap@82700000
[    0.000000] OF: reserved mem: 0x000000008b800000..0x000000008dffffff (40960 KiB) nomap non-reusable adsp@8b800000
[    0.000000] OF: reserved mem: 0x000000008e000000..0x000000008fdfffff (30720 KiB) nomap non-reusable cdsp@8e000000
[    0.000000] OF: reserved mem: 0x000000008fe00000..0x00000000902fffff (5120 KiB) nomap non-reusable video@8fe00000
[    0.000000] OF: reserved mem: 0x0000000090300000..0x0000000090304fff (20 KiB) nomap non-reusable zap@90300000
[    0.000000] OF: reserved mem: 0x00000000c0000000..0x00000000c00fffff (1024 KiB) nomap non-reusable tz-stat@c0000000
[    0.000000] OF: reserved mem: 0x00000000c0100000..0x00000000c12fffff (18432 KiB) nomap non-reusable tags@c0100000
[    0.000000] OF: reserved mem: 0x00000000c1300000..0x00000000c17fffff (5120 KiB) nomap non-reusable qtee@c1300000
[    0.000000] OF: reserved mem: 0x00000000c1800000..0x00000000c39fffff (34816 KiB) nomap non-reusable trusted-apps@c1800000
[    0.000000] OF: reserved mem: 0x00000000c6500000..0x00000000c6cfffff (8192 KiB) nomap non-reusable adsp-rpc-remote-heap@c6500000
[    0.000000] NUMA: Faking a node at [mem 0x0000000080000000-0x000000027fffffff]
[    0.000000] NODE_DATA(0) allocated [mem 0x27eda9c00-0x27edad37f]
[    0.000000] Zone ranges:
[    0.000000]   DMA      [mem 0x0000000080000000-0x00000000ffffffff]
[    0.000000]   DMA32    empty
[    0.000000]   Normal   [mem 0x0000000100000000-0x000000027fffffff]
[    0.000000]   Device   empty
[    0.000000] Movable zone start for each node
[    0.000000] Early memory node ranges
[    0.000000]   node   0: [mem 0x0000000080000000-0x00000000807fffff]
[    0.000000]   node   0: [mem 0x0000000080884000-0x00000000808b3fff]
[    0.000000]   node   0: [mem 0x00000000808b4000-0x00000000808fefff]
[    0.000000]   node   0: [mem 0x00000000808ff000-0x00000000808fffff]
[    0.000000]   node   0: [mem 0x0000000080b00000-0x000000008270ffff]
[    0.000000]   node   0: [mem 0x0000000082710000-0x00000000842fffff]
[    0.000000]   node   0: [mem 0x0000000084800000-0x000000008b7fffff]
[    0.000000]   node   0: [mem 0x0000000090309000-0x000000009f5f6fff]
[    0.000000]   node   0: [mem 0x000000009f5f7000-0x000000009f5fffff]
[    0.000000]   node   0: [mem 0x000000009f600000-0x000000009fffffff]
[    0.000000]   node   0: [mem 0x00000000a0000000-0x00000000a0001fff]
[    0.000000]   node   0: [mem 0x00000000a0002000-0x00000000a07fffff]
[    0.000000]   node   0: [mem 0x00000000a0800000-0x00000000a0afffff]
[    0.000000]   node   0: [mem 0x00000000a0b00000-0x00000000bb5fffff]
[    0.000000]   node   0: [mem 0x00000000c3a00000-0x00000000c50fffff]
[    0.000000]   node   0: [mem 0x00000000c6000000-0x00000000c64fffff]
[    0.000000]   node   0: [mem 0x00000000c6d00000-0x00000000c90fffff]
[    0.000000]   node   0: [mem 0x00000000c9100000-0x00000000eedfffff]
[    0.000000]   node   0: [mem 0x00000000eee00000-0x00000000eeffffff]
[    0.000000]   node   0: [mem 0x00000000ef000000-0x00000000ffa75fff]
[    0.000000]   node   0: [mem 0x00000000ffa76000-0x00000000fff21fff]
[    0.000000]   node   0: [mem 0x00000000fff22000-0x000000027fffffff]
[    0.000000] Initmem setup node 0 [mem 0x0000000080000000-0x000000027fffffff]
[    0.000000] On node 0, zone DMA: 132 pages in unavailable ranges
[    0.000000] On node 0, zone DMA: 512 pages in unavailable ranges
[    0.000000] On node 0, zone DMA: 1280 pages in unavailable ranges
[    0.000000] On node 0, zone DMA: 19209 pages in unavailable ranges
[    0.000000] On node 0, zone DMA: 33792 pages in unavailable ranges
[    0.000000] On node 0, zone DMA: 3840 pages in unavailable ranges
[    0.000000] On node 0, zone DMA: 2048 pages in unavailable ranges
[    0.000000] cma: Reserved 32 MiB at 0x00000000fda00000
[    0.000000] psci: probing for conduit method from DT.
[    0.000000] psci: PSCIv1.1 detected in firmware.
[    0.000000] psci: Using standard PSCI v0.2 function IDs
[    0.000000] psci: MIGRATE_INFO_TYPE not supported.
[    0.000000] psci: SMC Calling Convention v1.1
[    0.000000] psci: OSI mode supported.
[    0.000000] psci: [Firmware Bug]: failed to set PC mode: -3
[    0.000000] percpu: Embedded 26 pages/cpu s66328 r8192 d31976 u106496
[    0.000000] pcpu-alloc: s66328 r8192 d31976 u106496 alloc=26*4096
[    0.000000] pcpu-alloc: [0] 0 [0] 1 [0] 2 [0] 3 [0] 4 [0] 5 [0] 6 [0] 7 
[    0.000000] Detected VIPT I-cache on CPU0
[    0.000000] CPU features: detected: GICv3 CPU interface
[    0.000000] CPU features: kernel page table isolation forced ON by KASLR
[    0.000000] CPU features: detected: Kernel page table isolation (KPTI)
[    0.000000] CPU features: detected: Qualcomm erratum 1009, or ARM erratum 1286807, 2441009
[    0.000000] CPU features: detected: ARM errata 1165522, 1319367, or 1530923
[    0.000000] alternatives: applying boot alternatives
[    0.000000] Kernel command line: console=tty0 console=ttyMSM0,115200n8 earlycon=qcom_geni,0x00994000 fbcon=nodefer video=efifb:keep video=HDMI-A-1:e drm.edid_firmware=HDMI-A-1:edid/waveshare_edid.bin keep_bootcon ignore_loglevel loglevel=8 modprobe.blacklist=msm panic=10 coherent_pool=2M firmware_class.path=/vendor/firmware irqchip.gicv3_pseudo_nmi=0 psi=1 selinux=1 androidboot.force_normal_boot=1 androidboot.slot_suffix=_a androidboot.hardware=dragon_q6a androidboot.selinux=permissive androidboot.boot_devices=soc@0/8804000.mmc lsm=landlock,lockdown,yama,integrity,selinux,bpf printk.devkmsg=on
[    0.000000] printk: log buffer data + meta data: 2097152 + 7340032 = 9437184 bytes
[    0.000000] Dentry cache hash table entries: 1048576 (order: 11, 8388608 bytes, linear)
[    0.000000] Inode-cache hash table entries: 524288 (order: 10, 4194304 bytes, linear)
[    0.000000] software IO TLB: area num 8.
[    0.000000] software IO TLB: mapped [mem 0x00000000f630e000-0x00000000fa30e000] (64MB)
[    0.000000] Fallback order for Node 0: 0 
[    0.000000] Built 1 zonelists, mobility grouping on.  Total pages: 2036339
[    0.000000] Policy zone: Normal
[    0.000000] mem auto-init: stack:all(zero), heap alloc:on, heap free:off
[    0.000000] stackdepot: allocating hash table via alloc_large_system_hash
[    0.000000] stackdepot hash table entries: 524288 (order: 11, 8388608 bytes, linear)
[    0.000000] stackdepot: allocating space for 8192 stack pools via memblock
[    0.000000] SLUB: HWalign=64, Order=0-3, MinObjects=0, CPUs=8, Nodes=1
[    0.000000] Dynamic Preempt: voluntary
[    0.000000] rcu: Preemptible hierarchical RCU implementation.
[    0.000000] rcu: 	RCU restricting CPUs from NR_CPUS=512 to nr_cpu_ids=8.
[    0.000000] rcu: 	RCU priority boosting: priority 1 delay 500 ms.
[    0.000000] 	Trampoline variant of Tasks RCU enabled.
[    0.000000] 	Tracing variant of Tasks RCU enabled.
[    0.000000] rcu: RCU calculated value of scheduler-enlistment delay is 100 jiffies.
[    0.000000] rcu: Adjusting geometry for rcu_fanout_leaf=16, nr_cpu_ids=8
[    0.000000] RCU Tasks: Setting shift to 3 and lim to 1 rcu_task_cb_adjust=1 rcu_task_cpu_ids=8.
[    0.000000] RCU Tasks Trace: Setting shift to 3 and lim to 1 rcu_task_cb_adjust=1 rcu_task_cpu_ids=8.
[    0.000000] NR_IRQS: 64, nr_irqs: 64, preallocated irqs: 0
[    0.000000] GICv3: 928 SPIs implemented
[    0.000000] GICv3: 0 Extended SPIs implemented
[    0.000000] GICv3: MBI range [832:959]
[    0.000000] GICv3: Using MBI frame 0x0000000017a10000
[    0.000000] Root IRQ handler: gic_handle_irq
[    0.000000] GICv3: GICv3 features: 16 PPIs
[    0.000000] GICv3: GICD_CTLR.DS=0, SCR_EL3.FIQ=1
[    0.000000] GICv3: CPU0: found redistributor 0 region 0:0x0000000017a60000
[    0.000000] ITS: No ITS available, not enabling LPIs
[    0.000000] rcu: srcu_init: Setting srcu_struct sizes based on contention.
[    0.000000] arch_timer: cp15 timer running at 19.20MHz (virt).
[    0.000000] clocksource: arch_sys_counter: mask: 0xffffffffffffff max_cycles: 0x46d987e47, max_idle_ns: 440795202767 ns
[    0.000000] sched_clock: 56 bits at 19MHz, resolution 52ns, wraps every 4398046511078ns
[    0.008775] kfence: initialized - using 2097152 bytes for 255 objects at 0x(____ptrval____)-0x(____ptrval____)
[    0.019197] Console: colour dummy device 80x25
[    0.023774] printk: legacy console [tty0] enabled
[    0.029318] Calibrating delay loop (skipped), value calculated using timer frequency.. 38.40 BogoMIPS (lpj=19200)
[    0.039868] pid_max: default: 32768 minimum: 301
[    0.044743] LSM: initializing lsm=capability,landlock,yama,selinux
[    0.051221] landlock: Up and running.
[    0.055004] Yama: becoming mindful.
[    0.058611] SELinux:  Initializing.
[    0.062685] Mount-cache hash table entries: 16384 (order: 5, 131072 bytes, linear)
[    0.070484] Mountpoint-cache hash table entries: 16384 (order: 5, 131072 bytes, linear)
[    0.080847] rcu: Hierarchical SRCU implementation.
[    0.085788] rcu: 	Max phase no-delay instances is 400.
[    0.091289] Timer migration: 1 hierarchy levels; 8 children per group; 1 crossnode level
[    0.105314] Remapping and enabling EFI services.
[    0.110397] smp: Bringing up secondary CPUs ...
[    0.115701] Detected VIPT I-cache on CPU1
[    0.115841] GICv3: CPU1: found redistributor 100 region 0:0x0000000017a80000
[    0.115879] CPU1: Booted secondary processor 0x0000000100 [0x412fd050]
[    0.116567] Detected VIPT I-cache on CPU2
[    0.116696] GICv3: CPU2: found redistributor 200 region 0:0x0000000017aa0000
[    0.116724] CPU2: Booted secondary processor 0x0000000200 [0x412fd050]
[    0.117305] Detected VIPT I-cache on CPU3
[    0.117426] GICv3: CPU3: found redistributor 300 region 0:0x0000000017ac0000
[    0.117451] CPU3: Booted secondary processor 0x0000000300 [0x412fd050]
[    0.118539] CPU features: detected: Spectre-v4
[    0.118542] CPU features: detected: Spectre-BHB
[    0.118544] CPU features: detected: SSBS not fully self-synchronizing
[    0.118546] Detected PIPT I-cache on CPU4
[    0.118587] GICv3: CPU4: found redistributor 400 region 0:0x0000000017ae0000
[    0.118600] CPU4: Booted secondary processor 0x0000000400 [0x411fd411]
[    0.119157] Detected PIPT I-cache on CPU5
[    0.119200] GICv3: CPU5: found redistributor 500 region 0:0x0000000017b00000
[    0.119212] CPU5: Booted secondary processor 0x0000000500 [0x411fd411]
[    0.119775] Detected PIPT I-cache on CPU6
[    0.119819] GICv3: CPU6: found redistributor 600 region 0:0x0000000017b20000
[    0.119831] CPU6: Booted secondary processor 0x0000000600 [0x411fd411]
[    0.120464] Detected PIPT I-cache on CPU7
[    0.120504] GICv3: CPU7: found redistributor 700 region 0:0x0000000017b40000
[    0.120516] CPU7: Booted secondary processor 0x0000000700 [0x411fd411]
[    0.120574] smp: Brought up 1 node, 8 CPUs
[    0.267212] SMP: Total of 8 processors activated.
[    0.272059] CPU: All CPU(s) started at EL1
[    0.276290] CPU features: detected: 32-bit EL0 Support
[    0.281581] CPU features: detected: Data cache clean to the PoU not required for I/D coherence
[    0.290427] CPU features: detected: Common not Private translations
[    0.296872] CPU features: detected: CRC32 instructions
[    0.302161] CPU features: detected: Data cache clean to Point of Persistence
[    0.309416] CPU features: detected: RCpc load-acquire (LDAPR)
[    0.315333] CPU features: detected: LSE atomic instructions
[    0.321062] CPU features: detected: Privileged Access Never
[    0.326792] CPU features: detected: PMUv3
[    0.330918] CPU features: detected: RAS Extension Support
[    0.336480] CPU features: detected: Speculative Store Bypassing Safe (SSBS)
[    0.343686] alternatives: applying system-wide alternatives
[    0.353216] CPU features: detected: Hardware dirty bit management on CPU4-7
[    0.360705] Memory: 7702156K/8145356K available (19776K kernel code, 12414K rwdata, 16268K rodata, 14080K init, 3096K bss, 404300K reserved, 32768K cma-reserved)
[    0.377301] devtmpfs: initialized
[    0.385913] clocksource: jiffies: mask: 0xffffffff max_cycles: 0xffffffff, max_idle_ns: 1911260446275000 ns
[    0.395944] posixtimers hash table entries: 4096 (order: 4, 65536 bytes, linear)
[    0.403558] futex hash table entries: 2048 (131072 bytes on 1 NUMA nodes, total 128 KiB, linear).
[    0.412795] 2G module region forced by RANDOMIZE_MODULE_REGION_FULL
[    0.419231] 0 pages in range for non-PLT usage
[    0.419232] 507808 pages in range for PLT usage
[    0.424012] pinctrl core: initialized pinctrl subsystem
[    0.434950] SMBIOS 3.3 present.
[    0.438188] DMI: Radxa Computer Co., Ltd. Radxa Dragon Q6A/Radxa Dragon Q6A, BIOS 6.0.260120.BOOT.MXF.1.0.1-00549-KODIAKWP-1 01/20/2026
[    0.450679] DMI: Memory slots populated: 1/1
[    0.456360] NET: Registered PF_NETLINK/PF_ROUTE protocol family
[    0.463057] DMA: preallocated 2048 KiB GFP_KERNEL pool for atomic allocations
[    0.470657] DMA: preallocated 2048 KiB GFP_KERNEL|GFP_DMA pool for atomic allocations
[    0.478957] DMA: preallocated 2048 KiB GFP_KERNEL|GFP_DMA32 pool for atomic allocations
[    0.487209] audit: initializing netlink subsys (disabled)
[    0.492874] audit: type=2000 audit(0.185:1): state=initialized audit_enabled=0 res=1
[    0.493412] thermal_sys: Registered thermal governor 'fair_share'
[    0.500829] thermal_sys: Registered thermal governor 'step_wise'
[    0.507092] thermal_sys: Registered thermal governor 'user_space'
[    0.513266] thermal_sys: Registered thermal governor 'power_allocator'
[    0.519551] cpuidle: using governor ladder
[    0.530479] cpuidle: using governor menu
[    0.534545] NET: Registered PF_QIPCRTR protocol family
[    0.539964] hw-breakpoint: found 6 breakpoint and 4 watchpoint registers.
[    0.547031] ASID allocator initialised with 32768 entries
[    0.553210] Serial: AMBA PL011 UART driver
[    0.558732] CPUidle PSCI: Initialized CPU PM domain topology using OSI mode
[    0.568770] /soc@0/stm@6002000: Fixed dependency cycle(s) with /soc@0/funnel@6041000
[    0.576736] /soc@0/funnel@6041000: Fixed dependency cycle(s) with /soc@0/stm@6002000
[    0.584702] /soc@0/funnel@6041000: Fixed dependency cycle(s) with /soc@0/funnel@6045000
[    0.592927] /soc@0/funnel@6042000: Fixed dependency cycle(s) with /soc@0/funnel@7810000
[    0.601150] /soc@0/funnel@6042000: Fixed dependency cycle(s) with /soc@0/funnel@6045000
[    0.609375] /soc@0/funnel@6045000: Fixed dependency cycle(s) with /soc@0/funnel@6042000
[    0.617595] /soc@0/funnel@6045000: Fixed dependency cycle(s) with /soc@0/funnel@6041000
[    0.625815] /soc@0/funnel@6045000: Fixed dependency cycle(s) with /soc@0/funnel@6b04000
[    0.634042] /soc@0/replicator@6046000: Fixed dependency cycle(s) with /soc@0/replicator@6b06000
[    0.642974] /soc@0/replicator@6046000: Fixed dependency cycle(s) with /soc@0/etr@6048000
[    0.651290] /soc@0/etr@6048000: Fixed dependency cycle(s) with /soc@0/replicator@6046000
[    0.659603] /soc@0/funnel@6b04000: Fixed dependency cycle(s) with /soc@0/funnel@6045000
[    0.667824] /soc@0/funnel@6b04000: Fixed dependency cycle(s) with /soc@0/etf@6b05000
[    0.675781] /soc@0/etf@6b05000: Fixed dependency cycle(s) with /soc@0/funnel@6b04000
[    0.683733] /soc@0/etf@6b05000: Fixed dependency cycle(s) with /soc@0/replicator@6b06000
[    0.692047] /soc@0/replicator@6b06000: Fixed dependency cycle(s) with /soc@0/etf@6b05000
[    0.700356] /soc@0/replicator@6b06000: Fixed dependency cycle(s) with /soc@0/replicator@6046000
[    0.709295] /soc@0/etm@7040000: Fixed dependency cycle(s) with /soc@0/funnel@7800000
[    0.717255] /soc@0/etm@7140000: Fixed dependency cycle(s) with /soc@0/funnel@7800000
[    0.725212] /soc@0/etm@7240000: Fixed dependency cycle(s) with /soc@0/funnel@7800000
[    0.733172] /soc@0/etm@7340000: Fixed dependency cycle(s) with /soc@0/funnel@7800000
[    0.741130] /soc@0/etm@7440000: Fixed dependency cycle(s) with /soc@0/funnel@7800000
[    0.749088] /soc@0/etm@7540000: Fixed dependency cycle(s) with /soc@0/funnel@7800000
[    0.757047] /soc@0/etm@7640000: Fixed dependency cycle(s) with /soc@0/funnel@7800000
[    0.765011] /soc@0/etm@7740000: Fixed dependency cycle(s) with /soc@0/funnel@7800000
[    0.772964] /soc@0/funnel@7800000: Fixed dependency cycle(s) with /soc@0/etm@7740000
[    0.780916] /soc@0/funnel@7800000: Fixed dependency cycle(s) with /soc@0/etm@7640000
[    0.788865] /soc@0/funnel@7800000: Fixed dependency cycle(s) with /soc@0/etm@7540000
[    0.796818] /soc@0/funnel@7800000: Fixed dependency cycle(s) with /soc@0/etm@7440000
[    0.804768] /soc@0/funnel@7800000: Fixed dependency cycle(s) with /soc@0/etm@7340000
[    0.812720] /soc@0/funnel@7800000: Fixed dependency cycle(s) with /soc@0/etm@7240000
[    0.820671] /soc@0/funnel@7800000: Fixed dependency cycle(s) with /soc@0/etm@7140000
[    0.828622] /soc@0/funnel@7800000: Fixed dependency cycle(s) with /soc@0/etm@7040000
[    0.836577] /soc@0/funnel@7800000: Fixed dependency cycle(s) with /soc@0/funnel@7810000
[    0.844800] /soc@0/funnel@7810000: Fixed dependency cycle(s) with /soc@0/funnel@7800000
[    0.853023] /soc@0/funnel@7810000: Fixed dependency cycle(s) with /soc@0/funnel@6042000
[    0.861262] /soc@0/phy@88e8000: Fixed dependency cycle(s) with /soc@0/display-subsystem@ae00000/displayport-controller@ae90000
[    0.872954] /soc@0/phy@88e8000: Fixed dependency cycle(s) with /soc@0/usb@a600000
[    0.880667] /soc@0/usb@a600000: Fixed dependency cycle(s) with /soc@0/phy@88e8000
[    0.888368] /soc@0/clock-controller@af00000: Fixed dependency cycle(s) with /soc@0/phy@88e8000
[    0.897211] /soc@0/display-subsystem@ae00000: Fixed dependency cycle(s) with /soc@0/clock-controller@af00000
[    0.907310] /soc@0/display-subsystem@ae00000/display-controller@ae01000: Fixed dependency cycle(s) with /soc@0/display-subsystem@ae00000/displayport-controller@ae90000
[    0.922659] /soc@0/display-subsystem@ae00000/display-controller@ae01000: Fixed dependency cycle(s) with /soc@0/display-subsystem@ae00000
[    0.935249] /soc@0/display-subsystem@ae00000/display-controller@ae01000: Fixed dependency cycle(s) with /soc@0/clock-controller@af00000
[    0.947748] /soc@0/display-subsystem@ae00000/displayport-controller@ae90000: Fixed dependency cycle(s) with /soc@0/display-subsystem@ae00000/display-controller@ae01000
[    0.963094] /soc@0/display-subsystem@ae00000/displayport-controller@ae90000: Fixed dependency cycle(s) with /soc@0/phy@88e8000
[    0.974787] /soc@0/display-subsystem@ae00000/displayport-controller@ae90000: Fixed dependency cycle(s) with /soc@0/clock-controller@af00000
[    0.987635] /soc@0/display-subsystem@ae00000/displayport-controller@ae90000: Fixed dependency cycle(s) with /soc@0/display-subsystem@ae00000
[    1.000606] /soc@0/interrupt-controller@17a00000: Fixed dependency cycle(s) with /soc@0/interrupt-controller@17a00000
[    1.014475] /soc@0/stm@6002000: Fixed dependency cycle(s) with /soc@0/funnel@6041000
[    1.022471] /soc@0/stm@6002000: Fixed dependency cycle(s) with /soc@0/funnel@6041000
[    1.030442] /soc@0/funnel@6041000: Fixed dependency cycle(s) with /soc@0/stm@6002000
[    1.038412] /soc@0/funnel@6041000: Fixed dependency cycle(s) with /soc@0/funnel@6045000
[    1.046657] /soc@0/funnel@6042000: Fixed dependency cycle(s) with /soc@0/funnel@7810000
[    1.054882] /soc@0/funnel@6042000: Fixed dependency cycle(s) with /soc@0/funnel@6045000
[    1.063122] /soc@0/funnel@6042000: Fixed dependency cycle(s) with /soc@0/funnel@6045000
[    1.071357] /soc@0/funnel@6041000: Fixed dependency cycle(s) with /soc@0/funnel@6045000
[    1.079589] /soc@0/funnel@6045000: Fixed dependency cycle(s) with /soc@0/funnel@6042000
[    1.087817] /soc@0/funnel@6045000: Fixed dependency cycle(s) with /soc@0/funnel@6041000
[    1.096046] /soc@0/funnel@6045000: Fixed dependency cycle(s) with /soc@0/funnel@6b04000
[    1.104288] /soc@0/replicator@6046000: Fixed dependency cycle(s) with /soc@0/replicator@6b06000
[    1.113222] /soc@0/replicator@6046000: Fixed dependency cycle(s) with /soc@0/etr@6048000
[    1.121543] /soc@0/replicator@6046000: Fixed dependency cycle(s) with /soc@0/etr@6048000
[    1.129866] /soc@0/etr@6048000: Fixed dependency cycle(s) with /soc@0/replicator@6046000
[    1.138199] /soc@0/funnel@6045000: Fixed dependency cycle(s) with /soc@0/funnel@6b04000
[    1.146433] /soc@0/funnel@6b04000: Fixed dependency cycle(s) with /soc@0/funnel@6045000
[    1.154660] /soc@0/funnel@6b04000: Fixed dependency cycle(s) with /soc@0/etf@6b05000
[    1.162630] /soc@0/funnel@6b04000: Fixed dependency cycle(s) with /soc@0/etf@6b05000
[    1.170597] /soc@0/etf@6b05000: Fixed dependency cycle(s) with /soc@0/funnel@6b04000
[    1.178559] /soc@0/etf@6b05000: Fixed dependency cycle(s) with /soc@0/replicator@6b06000
[    1.186884] /soc@0/etf@6b05000: Fixed dependency cycle(s) with /soc@0/replicator@6b06000
[    1.195207] /soc@0/replicator@6046000: Fixed dependency cycle(s) with /soc@0/replicator@6b06000
[    1.204156] /soc@0/replicator@6b06000: Fixed dependency cycle(s) with /soc@0/etf@6b05000
[    1.212474] /soc@0/replicator@6b06000: Fixed dependency cycle(s) with /soc@0/replicator@6046000
[    1.221434] /soc@0/etm@7040000: Fixed dependency cycle(s) with /soc@0/funnel@7800000
[    1.229406] /soc@0/etm@7140000: Fixed dependency cycle(s) with /soc@0/funnel@7800000
[    1.237377] /soc@0/etm@7240000: Fixed dependency cycle(s) with /soc@0/funnel@7800000
[    1.245350] /soc@0/etm@7340000: Fixed dependency cycle(s) with /soc@0/funnel@7800000
[    1.253321] /soc@0/etm@7440000: Fixed dependency cycle(s) with /soc@0/funnel@7800000
[    1.261294] /soc@0/etm@7540000: Fixed dependency cycle(s) with /soc@0/funnel@7800000
[    1.269266] /soc@0/etm@7640000: Fixed dependency cycle(s) with /soc@0/funnel@7800000
[    1.277238] /soc@0/etm@7740000: Fixed dependency cycle(s) with /soc@0/funnel@7800000
[    1.285214] /soc@0/etm@7740000: Fixed dependency cycle(s) with /soc@0/funnel@7800000
[    1.293184] /soc@0/etm@7640000: Fixed dependency cycle(s) with /soc@0/funnel@7800000
[    1.301149] /soc@0/etm@7540000: Fixed dependency cycle(s) with /soc@0/funnel@7800000
[    1.309114] /soc@0/etm@7440000: Fixed dependency cycle(s) with /soc@0/funnel@7800000
[    1.317080] /soc@0/etm@7340000: Fixed dependency cycle(s) with /soc@0/funnel@7800000
[    1.325042] /soc@0/etm@7240000: Fixed dependency cycle(s) with /soc@0/funnel@7800000
[    1.333011] /soc@0/etm@7140000: Fixed dependency cycle(s) with /soc@0/funnel@7800000
[    1.340975] /soc@0/etm@7040000: Fixed dependency cycle(s) with /soc@0/funnel@7800000
[    1.348937] /soc@0/funnel@7800000: Fixed dependency cycle(s) with /soc@0/etm@7740000
[    1.356897] /soc@0/funnel@7800000: Fixed dependency cycle(s) with /soc@0/etm@7640000
[    1.364857] /soc@0/funnel@7800000: Fixed dependency cycle(s) with /soc@0/etm@7540000
[    1.372815] /soc@0/funnel@7800000: Fixed dependency cycle(s) with /soc@0/etm@7440000
[    1.380775] /soc@0/funnel@7800000: Fixed dependency cycle(s) with /soc@0/etm@7340000
[    1.388735] /soc@0/funnel@7800000: Fixed dependency cycle(s) with /soc@0/etm@7240000
[    1.396693] /soc@0/funnel@7800000: Fixed dependency cycle(s) with /soc@0/etm@7140000
[    1.404652] /soc@0/funnel@7800000: Fixed dependency cycle(s) with /soc@0/etm@7040000
[    1.412614] /soc@0/funnel@7800000: Fixed dependency cycle(s) with /soc@0/funnel@7810000
[    1.420857] /soc@0/funnel@7800000: Fixed dependency cycle(s) with /soc@0/funnel@7810000
[    1.429089] /soc@0/funnel@6042000: Fixed dependency cycle(s) with /soc@0/funnel@7810000
[    1.437319] /soc@0/funnel@7810000: Fixed dependency cycle(s) with /soc@0/funnel@7800000
[    1.445548] /soc@0/funnel@7810000: Fixed dependency cycle(s) with /soc@0/funnel@6042000
[    1.454042] /soc@0/phy@88e8000: Fixed dependency cycle(s) with /soc@0/display-subsystem@ae00000/displayport-controller@ae90000
[    1.465740] /soc@0/phy@88e8000: Fixed dependency cycle(s) with /soc@0/usb@a600000
[    1.474132] /soc@0/phy@88e8000: Fixed dependency cycle(s) with /soc@0/usb@a600000
[    1.481837] /soc@0/usb@a600000: Fixed dependency cycle(s) with /soc@0/phy@88e8000
[    1.489831] /soc@0/clock-controller@af00000: Fixed dependency cycle(s) with /soc@0/phy@88e8000
[    1.498801] /soc@0/display-subsystem@ae00000: Fixed dependency cycle(s) with /soc@0/clock-controller@af00000
[    1.508916] /soc@0/display-subsystem@ae00000/display-controller@ae01000: Fixed dependency cycle(s) with /soc@0/display-subsystem@ae00000/displayport-controller@ae90000
[    1.524266] /soc@0/display-subsystem@ae00000/display-controller@ae01000: Fixed dependency cycle(s) with /soc@0/display-subsystem@ae00000
[    1.536857] /soc@0/display-subsystem@ae00000/display-controller@ae01000: Fixed dependency cycle(s) with /soc@0/clock-controller@af00000
[    1.549364] /soc@0/display-subsystem@ae00000/displayport-controller@ae90000: Fixed dependency cycle(s) with /soc@0/display-subsystem@ae00000/display-controller@ae01000
[    1.564712] /soc@0/display-subsystem@ae00000/displayport-controller@ae90000: Fixed dependency cycle(s) with /soc@0/phy@88e8000
[    1.576414] /soc@0/display-subsystem@ae00000/displayport-controller@ae90000: Fixed dependency cycle(s) with /soc@0/clock-controller@af00000
[    1.589262] /soc@0/display-subsystem@ae00000/displayport-controller@ae90000: Fixed dependency cycle(s) with /soc@0/display-subsystem@ae00000
[    1.605500] /soc@0/rsc@18200000/regulators-0: Fixed dependency cycle(s) with /soc@0/rsc@18200000/regulators-0/smps1
[    1.616233] /soc@0/rsc@18200000/regulators-0: Fixed dependency cycle(s) with /soc@0/rsc@18200000/regulators-0/smps8
[    1.626951] /soc@0/rsc@18200000/regulators-0: Fixed dependency cycle(s) with /soc@0/rsc@18200000/regulators-0/smps7
[    1.637737] /soc@0/rsc@18200000/regulators-1: Fixed dependency cycle(s) with /soc@0/rsc@18200000/regulators-0/smps7
[    1.648455] /soc@0/rsc@18200000/regulators-1: Fixed dependency cycle(s) with /soc@0/rsc@18200000/regulators-1/bob
[    1.658993] /soc@0/rsc@18200000/regulators-1: Fixed dependency cycle(s) with /soc@0/rsc@18200000/regulators-0/smps1
[    1.670224] /soc@0/usb@8c00000/hub@1: Fixed dependency cycle(s) with /connector-0
[    1.677937] /connector-0: Fixed dependency cycle(s) with /soc@0/usb@8c00000/hub@1
[    1.685690] /soc@0/usb@8c00000/hub@1: Fixed dependency cycle(s) with /connector-1
[    1.693394] /connector-1: Fixed dependency cycle(s) with /soc@0/usb@8c00000/hub@1
[    1.701133] /soc@0/usb@8c00000/hub@1: Fixed dependency cycle(s) with /connector-2
[    1.708835] /connector-2: Fixed dependency cycle(s) with /soc@0/usb@8c00000/hub@1
[    1.716594] /soc@0/usb@a600000: Fixed dependency cycle(s) with /connector
[    1.723584] /soc@0/phy@88e8000: Fixed dependency cycle(s) with /connector
[    1.730574] /connector: Fixed dependency cycle(s) with /soc@0/phy@88e8000
[    1.737567] /connector: Fixed dependency cycle(s) with /soc@0/usb@a600000
[    1.744627] /soc@0/phy@88e8000: Fixed dependency cycle(s) with /hdmi-bridge
[    1.751803] /hdmi-bridge: Fixed dependency cycle(s) with /soc@0/phy@88e8000
[    1.759020] /hdmi-bridge: Fixed dependency cycle(s) with /hdmi-connector
[    1.765935] /hdmi-connector: Fixed dependency cycle(s) with /hdmi-bridge
[    1.773697] HugeTLB: registered 1.00 GiB page size, pre-allocated 0 pages
[    1.780671] HugeTLB: 0 KiB vmemmap can be freed for a 1.00 GiB page
[    1.787104] HugeTLB: registered 32.0 MiB page size, pre-allocated 0 pages
[    1.794071] HugeTLB: 0 KiB vmemmap can be freed for a 32.0 MiB page
[    1.800504] HugeTLB: registered 2.00 MiB page size, pre-allocated 0 pages
[    1.807474] HugeTLB: 0 KiB vmemmap can be freed for a 2.00 MiB page
[    1.813904] HugeTLB: registered 64.0 KiB page size, pre-allocated 0 pages
[    1.820873] HugeTLB: 0 KiB vmemmap can be freed for a 64.0 KiB page
[    1.828275] ACPI: Interpreter disabled.
[    1.834327] iommu: Default domain type: Translated
[    1.839258] iommu: DMA domain TLB invalidation policy: strict mode
[    1.845914] SCSI subsystem initialized
[    1.849856] libata version 3.00 loaded.
[    1.853878] usbcore: registered new interface driver usbfs
[    1.859523] usbcore: registered new interface driver hub
[    1.864985] usbcore: registered new device driver usb
[    1.870463] pps_core: LinuxPPS API ver. 1 registered
[    1.875572] pps_core: Software ver. 5.3.6 - Copyright 2005-2007 Rodolfo Giometti <giometti@linux.it>
[    1.884947] PTP clock support registered
[    1.889009] EDAC MC: Ver: 3.0.0
[    1.892528] scmi_core: SCMI protocol bus registered
[    1.897703] qcom_scm: convention: smc arm 64
[    1.902622] qcom_scm firmware:scm: qseecom: found qseecom with version 0x1402000
[    1.910707] qcom_scm firmware:scm: scm storage size 33554432 bytes
[    1.917237] qcom_qseecom qcom_qseecom: setting up client for qcom.tz.uefisecapp
[    1.925040] FPGA manager framework
[    1.928771] NetLabel: Initializing
[    1.932278] NetLabel:  domain hash size = 128
[    1.936759] NetLabel:  protocols = UNLABELED CIPSOv4 CALIPSO
[    1.942578] NetLabel:  unlabeled traffic allowed by default
[    1.948300] mctp: management component transport protocol core
[    1.954290] NET: Registered PF_MCTP protocol family
[    1.959496] vgaarb: loaded
[    1.962563] clocksource: Switched to clocksource arch_sys_counter
[    1.968950] VFS: Disk quotas dquot_6.6.0
[    1.972998] VFS: Dquot-cache hash table entries: 512 (order 0, 4096 bytes)
[    1.980218] netfs: FS-Cache loaded
[    1.983778] pnp: PnP ACPI: disabled
[    1.990539] NET: Registered PF_INET protocol family
[    1.995635] IP idents hash table entries: 131072 (order: 8, 1048576 bytes, linear)
[    2.004690] tcp_listen_portaddr_hash hash table entries: 4096 (order: 4, 65536 bytes, linear)
[    2.013461] Table-perturb hash table entries: 65536 (order: 6, 262144 bytes, linear)
[    2.021465] TCP established hash table entries: 65536 (order: 7, 524288 bytes, linear)
[    2.029757] TCP bind hash table entries: 65536 (order: 9, 2097152 bytes, linear)
[    2.037857] TCP: Hash tables configured (established 65536 bind 65536)
[    2.044690] MPTCP token hash table entries: 8192 (order: 6, 196608 bytes, linear)
[    2.052422] UDP hash table entries: 4096 (order: 6, 262144 bytes, linear)
[    2.059428] UDP-Lite hash table entries: 4096 (order: 6, 262144 bytes, linear)
[    2.066921] NET: Registered PF_UNIX/PF_LOCAL protocol family
[    2.072741] NET: Registered PF_XDP protocol family
[    2.077674] PCI: CLS 0 bytes, default 64
[    2.081932] Trying to unpack rootfs image as initramfs...
[    2.087681] kvm [1]: HYP mode not available
[    2.092457] Initialise system trusted keyrings
[    2.097196] workingset: timestamp_bits=42 max_order=21 bucket_order=0
[    2.113867] Key type asymmetric registered
[    2.118108] Asymmetric key parser 'x509' registered
[    2.123173] Block layer SCSI generic (bsg) driver version 0.4 loaded (major 239)
[    2.130925] io scheduler mq-deadline registered
[    2.135598] io scheduler kyber registered
[    2.139761] io scheduler bfq registered
[    2.152635] ledtrig-cpu: registered to indicate activity on CPUs
[    2.167237] /soc@0/display-subsystem@ae00000/displayport-controller@ae90000: Fixed dependency cycle(s) with /soc@0/clock-controller@af00000
[    2.167936] Freeing initrd memory: 15452K
[    2.180130] /soc@0/display-subsystem@ae00000/display-controller@ae01000: Fixed dependency cycle(s) with /soc@0/clock-controller@af00000
[    2.202344] vreg_s1b_1p84: Setting 1840000-2040000uV
[    2.202470] vreg_l1c_1p8: Setting 1800000-1976000uV
[    2.203406] msm_serial: driver initialized
[    2.203523] SuperH (H)SCI(F) driver initialized
[    2.203602] STM32 USART driver initialized
[    2.204880] arm-smmu 3da0000.iommu: probing hardware configuration...
[    2.204882] arm-smmu 3da0000.iommu: SMMUv2 with:
[    2.204902] arm-smmu 3da0000.iommu: 	stage 1 translation
[    2.204903] arm-smmu 3da0000.iommu: 	coherent table walk
[    2.204904] arm-smmu 3da0000.iommu: 	stream matching with 6 register groups
[    2.204917] arm-smmu 3da0000.iommu: 	7 context banks (0 stage-2 only)
[    2.204931] arm-smmu 3da0000.iommu: 	Supported page sizes: 0x61311000
[    2.204932] arm-smmu 3da0000.iommu: 	Stage-1: 48-bit VA -> 36-bit IPA
[    2.204980] arm-smmu 3da0000.iommu: 	preserved 0 boot mappings
[    2.205643] platform 3d00000.gpu: Adding to iommu group 0
[    2.205705] platform 3d6a000.gmu: Adding to iommu group 1
[    2.207149] arm-smmu 15000000.iommu: probing hardware configuration...
[    2.207150] arm-smmu 15000000.iommu: SMMUv2 with:
[    2.207157] arm-smmu 15000000.iommu: 	stage 1 translation
[    2.207158] arm-smmu 15000000.iommu: 	coherent table walk
[    2.207159] arm-smmu 15000000.iommu: 	stream matching with 77 register groups
[    2.207164] arm-smmu 15000000.iommu: 	61 context banks (0 stage-2 only)
[    2.207442] arm-smmu 15000000.iommu: 	Supported page sizes: 0x61311000
[    2.207444] arm-smmu 15000000.iommu: 	Stage-1: 36-bit VA -> 36-bit IPA
[    2.207461] arm-smmu 15000000.iommu: 	preserved 0 boot mappings
[    2.207525] vreg_s7b_0p536: Setting 536000-1120000uV
[    2.207578] vreg_s8b_1p2: Setting 1200000-1496000uV
[    2.207640] vreg_l1b_0p912: Setting 832000-920000uV
[    2.207697] vreg_l2b_3p072: Setting 2704000-3544000uV
[    2.207751] vreg_l6b_1p2: Setting 1200000-1256000uV
[    2.207810] vreg_l7b_2p96: Setting 2960000-2960000uV
[    2.207864] vreg_l9b_1p2: Setting 1200000-1304000uV
[    2.207920] vreg_l17b_1p8: Setting 1800000-1896000uV
[    2.207985] vreg_l18b_1p8: Setting 1800000-2000000uV
[    2.208085] vreg_l19b_1p8: Setting 1800000-2000000uV
[    2.212722] vreg_l6c_2p96: Setting 1650000-3544000uV
[    2.217423] platform 7c4000.mmc: Adding to iommu group 2
[    2.221515] vreg_l9c_2p96: Setting 2704000-3544000uV
[    2.225613] platform 900000.dma-controller: Adding to iommu group 3
[    2.232367] vreg_l10c_0p88: Setting 720000-1048000uV
[    2.236982] platform 9c0000.geniqup: Adding to iommu group 4
[    2.242606] vreg_bob_3p296: Setting 3032000-3960000uV
[    2.247916] platform a00000.dma-controller: Adding to iommu group 5
[    2.443584] platform ac0000.geniqup: Adding to iommu group 6
[    2.449466] platform 1dc4000.dma-controller: Adding to iommu group 7
[    2.456033] platform 1dfa000.crypto: Adding to iommu group 7
[    2.461896] platform 8804000.mmc: Adding to iommu group 8
[    2.467477] platform 8c00000.usb: Adding to iommu group 9
[    2.473065] platform a600000.usb: Adding to iommu group 10
[    2.478744] platform aa00000.video-codec: Adding to iommu group 11
[    2.485134] platform ae00000.display-subsystem: Adding to iommu group 12
[    2.493078] amba 6048000.etr: Adding to iommu group 13
[    2.501148] megasas: 07.734.00.00-rc1
[    2.505041] Key type psk registered
[    2.509946] spmi_pmic_arb c440000.spmi: PMIC arbiter version v5 (0x50020000)
[    2.529260] usbcore: registered new device driver onboard-usb-dev
[    2.540731] i2c_dev: i2c /dev entries driver
[    2.546775] thermal thermal_zone0: power_allocator: sustainable_power will be estimated
[    2.555112] thermal thermal_zone1: power_allocator: sustainable_power will be estimated
[    2.563420] thermal thermal_zone2: power_allocator: sustainable_power will be estimated
[    2.571717] thermal thermal_zone3: power_allocator: sustainable_power will be estimated
[    2.580018] thermal thermal_zone4: power_allocator: sustainable_power will be estimated
[    2.588331] thermal thermal_zone5: power_allocator: sustainable_power will be estimated
[    2.596634] thermal thermal_zone6: power_allocator: sustainable_power will be estimated
[    2.604929] thermal thermal_zone7: power_allocator: sustainable_power will be estimated
[    2.613228] thermal thermal_zone8: power_allocator: sustainable_power will be estimated
[    2.621523] thermal thermal_zone9: power_allocator: sustainable_power will be estimated
[    2.629819] thermal thermal_zone10: power_allocator: sustainable_power will be estimated
[    2.638205] thermal thermal_zone11: power_allocator: sustainable_power will be estimated
[    2.646594] thermal thermal_zone12: power_allocator: sustainable_power will be estimated
[    2.654979] thermal thermal_zone13: power_allocator: sustainable_power will be estimated
[    2.663364] thermal thermal_zone14: power_allocator: sustainable_power will be estimated
[    2.672027] thermal thermal_zone15: power_allocator: sustainable_power will be estimated
[    2.680430] thermal thermal_zone16: power_allocator: sustainable_power will be estimated
[    2.688829] thermal thermal_zone17: power_allocator: sustainable_power will be estimated
[    2.697221] thermal thermal_zone18: power_allocator: sustainable_power will be estimated
[    2.705610] thermal thermal_zone19: power_allocator: sustainable_power will be estimated
[    2.713997] thermal thermal_zone20: power_allocator: sustainable_power will be estimated
[    2.722383] thermal thermal_zone21: power_allocator: sustainable_power will be estimated
[    2.730772] thermal thermal_zone22: power_allocator: sustainable_power will be estimated
[    2.739159] thermal thermal_zone23: power_allocator: sustainable_power will be estimated
[    2.747550] thermal thermal_zone24: power_allocator: sustainable_power will be estimated
[    2.755936] thermal thermal_zone25: power_allocator: sustainable_power will be estimated
[    2.764323] thermal thermal_zone26: power_allocator: sustainable_power will be estimated
[    2.773615] EDAC DEVICE0: Giving out device to module qcom_llcc_edac controller llcc: DEV qcom_llcc_edac (INTERRUPT)
[    2.785110] sdhci: Secure Digital Host Controller Interface driver
[    2.791469] sdhci: Copyright(c) Pierre Ossman
[    2.796223] Synopsys Designware Multimedia Card Interface Driver
[    2.802715] sdhci-pltfm: SDHCI platform and OF driver helper
[    2.809799] simple-framebuffer simple-framebuffer.0: [drm] Registered 1 planes with drm panic
[    2.818554] [drm] Initialized simpledrm 1.0.0 for simple-framebuffer.0 on minor 0
[    2.828032] Console: switching to colour frame buffer device 128x37
[    2.835651] simple-framebuffer simple-framebuffer.0: [drm] fb0: simpledrmdrmfb frame buffer device
[    2.845956] clocksource: arch_mmio_counter: mask: 0xffffffffffffff max_cycles: 0x46d987e47, max_idle_ns: 440795202767 ns
[    2.846051] efivars: Registered efivars operations
[    2.857121] arch-timer-mmio 17c20000.timer: mmio timer running at 19.20MHz (virt)
[    2.869898] hid: raw HID events driver (C) Jiri Kosina
[    2.875255] usbcore: registered new interface driver usbhid
[    2.880993] usbhid: USB HID core driver
[    2.890299] hw perfevents: enabled with armv8_cortex_a55 PMU driver, 7 (0,8000003f) counters available
[    2.902202] hw perfevents: enabled with armv8_cortex_a78 PMU driver, 7 (0,8000003f) counters available
[    2.912436] watchdog: NMI not fully supported
[    2.917078] watchdog: Hard watchdog permanently disabled
[    2.919890] qcom,qfprom 784000.efuse: supply vcc not found, using dummy regulator
[    2.952674] NET: Registered PF_PACKET protocol family
[    2.959176] 9pnet: Installing 9P2000 support
[    2.963765] Key type dns_resolver registered
[    2.971694] registered taskstats version 1
[    2.976466] Loading compiled-in X.509 certificates
[    2.987275] zswap: loaded using pool zstd
[    2.993021] Demotion targets for Node 0: null
[    2.998135] Key type .fscrypt registered
[    3.002522] Key type fscrypt-provisioning registered
[    3.007989] Key type big_key registered
[    3.022405] cpu cpu0: EM: OPP:1804800 is inefficient
[    3.028109] cpu cpu0: EM: OPP:300000 is inefficient
[    3.034585] cpu cpu0: EM: created perf domain
[    3.054659] cpu cpu4: EM: OPP:2131200 is inefficient
[    3.060980] cpu cpu4: EM: OPP:2054400 is inefficient
[    3.068192] cpu cpu4: EM: created perf domain
[    3.080617] cpu cpu7: EM: OPP:2380800 is inefficient
[    3.088084] cpu cpu7: EM: created perf domain
[    3.093129] energy_model: updating cpu0 cpu_cap=382 old capacity=528
[    3.100065] cpu cpu0: EM: OPP:1804800 is inefficient
[    3.105282] cpu cpu0: EM: OPP:300000 is inefficient
[    3.110591] energy_model: updating cpu4 cpu_cap=889 old capacity=1003
[    3.117485] cpu cpu4: EM: OPP:2131200 is inefficient
[    3.122692] cpu cpu4: EM: OPP:2054400 is inefficient
[    3.136406] 994000.serial: ttyMSM0 at MMIO 0x994000 (irq = 138, base_baud = 0) is a MSM
[    3.145986] printk: legacy console [ttyMSM0] enabled
[    3.145986] printk: legacy console [ttyMSM0] enabled
[    3.187969] /soc@0/display-subsystem@ae00000/display-controller@ae01000: Fixed dependency cycle(s) with /soc@0/display-subsystem@ae00000/displayport-controller@ae90000
[    3.187969] /soc@0/display-subsystem@ae00000/display-controller@ae01000: Fixed dependency cycle(s) with /soc@0/display-subsystem@ae00000/displayport-controller@ae90000
[    3.225433] /soc@0/phy@88e8000: Fixed dependency cycle(s) with /soc@0/display-subsystem@ae00000/displayport-controller@ae90000
[    3.225433] /soc@0/phy@88e8000: Fixed dependency cycle(s) with /soc@0/display-subsystem@ae00000/displayport-controller@ae90000
[    3.250285] /soc@0/display-subsystem@ae00000/displayport-controller@ae90000: Fixed dependency cycle(s) with /soc@0/phy@88e8000
[    3.250285] /soc@0/display-subsystem@ae00000/displayport-controller@ae90000: Fixed dependency cycle(s) with /soc@0/phy@88e8000
[    3.277263] [drm:msm_dp_display_probe] *ERROR* init sub module failed
[    3.277263] [drm:msm_dp_display_probe] *ERROR* init sub module failed
[    3.296267] mmc0: CQHCI version 5.10
[    3.298657] [drm:msm_dp_display_probe] *ERROR* init sub module failed
[    3.296267] mmc0: CQHCI version 5.10
[    3.298840] sdhci_msm 8804000.mmc: Got CD GPIO
[    3.298657] [drm:msm_dp_display_probe] *ERROR* init sub module failed
[    3.298840] sdhci_msm 8804000.mmc: Got CD GPIO
[    3.328785] [drm:msm_dp_display_probe] *ERROR* init sub module failed
[    3.328785] [drm:msm_dp_display_probe] *ERROR* init sub module failed
[    3.342985] clk: Disabling unused clocks
[    3.342985] clk: Disabling unused clocks
[    3.352210] PM: genpd: Disabling unused power domains
[    3.352210] PM: genpd: Disabling unused power domains
[    3.360974] mmc0: SDHCI controller on 7c4000.mmc [7c4000.mmc] using ADMA 64-bit
[    3.366358] mmc1: SDHCI controller on 8804000.mmc [8804000.mmc] using ADMA 64-bit
[    3.370107] sdhci_msm 7c4000.mmc: mmc0: CQE init: success
[    3.360974] mmc0: SDHCI controller on 7c4000.mmc [7c4000.mmc] using ADMA 64-bit
[    3.371652] [drm:msm_dp_display_probe] *ERROR* init sub module failed
[    3.366358] mmc1: SDHCI controller on 8804000.mmc [8804000.mmc] using ADMA 64-bit
[    3.370107] sdhci_msm 7c4000.mmc: mmc0: CQE init: success
[    3.371652] [drm:msm_dp_display_probe] *ERROR* init sub module failed
[    3.376551] mmc0: Failed to initialize a non-removable card
[    3.421366] [drm:msm_dp_display_probe] *ERROR* init sub module failed
[    3.376551] mmc0: Failed to initialize a non-removable card
[    3.423437] Freeing unused kernel memory: 14080K
[    3.421366] [drm:msm_dp_display_probe] *ERROR* init sub module failed
[    3.423437] Freeing unused kernel memory: 14080K
[    3.456202] mmc1: new UHS-I speed SDR104 SDXC card at address aaaa
[    3.456202] mmc1: new UHS-I speed SDR104 SDXC card at address aaaa
[    3.471548] mmcblk1: mmc1:aaaa SR256 238 GiB
[    3.471548] mmcblk1: mmc1:aaaa SR256 238 GiB
[    3.480354] Checked W+X mappings: passed, no W+X pages found
[    3.480354] Checked W+X mappings: passed, no W+X pages found
[    3.480359] rodata_test: all tests were successful
[    3.489556]  mmcblk1: p1 p2 p3 p4 p5 p6 p7 p8 p9 p10 p11 p12 p13
[    3.480359] rodata_test: all tests were successful
[    3.492721] Run /init as init process
[    3.489556]  mmcblk1: p1 p2 p3 p4 p5 p6 p7 p8 p9 p10 p11 p12 p13
[    3.504669] [drm:msm_dp_display_probe] *ERROR* init sub module failed
[    3.492721] Run /init as init process
[    3.508510]   with arguments:
[    3.504669] [drm:msm_dp_display_probe] *ERROR* init sub module failed
[    3.508512]     /init
[    3.508510]   with arguments:
[    3.508513]   with environment:
[    3.508512]     /init
[    3.508514]     HOME=/
[    3.508513]   with environment:
[    3.508514]     TERM=linux
[    3.508514]     HOME=/
[    3.525831] init: init first stage started!
[    3.508514]     TERM=linux
[    3.525831] init: init first stage started!
[    3.577647] init: Loading module /lib/modules/dm-mod.ko with args ''
[    3.577647] init: Loading module /lib/modules/dm-mod.ko with args ''
[    3.594111] device-mapper: uevent: version 1.0.3
[    3.594111] device-mapper: uevent: version 1.0.3
[    3.604869] device-mapper: ioctl: 4.50.0-ioctl (2025-04-28) initialised: dm-devel@lists.linux.dev
[    3.604869] device-mapper: ioctl: 4.50.0-ioctl (2025-04-28) initialised: dm-devel@lists.linux.dev
[    3.623742] init: Loaded kernel module /lib/modules/dm-mod.ko
[    3.623742] init: Loaded kernel module /lib/modules/dm-mod.ko
[    3.636322] init: Loading module /lib/modules/dm-bufio.ko with args ''
[    3.636322] init: Loading module /lib/modules/dm-bufio.ko with args ''
[    3.653584] init: Loaded kernel module /lib/modules/dm-bufio.ko
[    3.653584] init: Loaded kernel module /lib/modules/dm-bufio.ko
[    3.666499] init: Loading module /lib/modules/dm-snapshot.ko with args ''
[    3.666499] init: Loading module /lib/modules/dm-snapshot.ko with args ''
[    3.684539] init: Loaded kernel module /lib/modules/dm-snapshot.ko
[    3.684539] init: Loaded kernel module /lib/modules/dm-snapshot.ko
[    3.698090] init: Loading module /lib/modules/reed_solomon.ko with args ''
[    3.698090] init: Loading module /lib/modules/reed_solomon.ko with args ''
[    3.715913] init: Loaded kernel module /lib/modules/reed_solomon.ko
[    3.715913] init: Loaded kernel module /lib/modules/reed_solomon.ko
[    3.729611] init: Loading module /lib/modules/dm-verity.ko with args ''
[    3.729611] init: Loading module /lib/modules/dm-verity.ko with args ''
[    3.746104] init: Loaded kernel module /lib/modules/dm-verity.ko
[    3.746104] init: Loaded kernel module /lib/modules/dm-verity.ko
[    3.759007] init: Loading module /lib/modules/loop.ko with args ''
[    3.759007] init: Loading module /lib/modules/loop.ko with args ''
[    3.781902] loop: module loaded
[    3.781902] loop: module loaded
[    3.789066] init: Loaded kernel module /lib/modules/loop.ko
[    3.789066] init: Loaded kernel module /lib/modules/loop.ko
[    3.800997] init: Loading module /lib/modules/quota_tree.ko with args ''
[    3.800997] init: Loading module /lib/modules/quota_tree.ko with args ''
[    3.817463] init: Loaded kernel module /lib/modules/quota_tree.ko
[    3.817463] init: Loaded kernel module /lib/modules/quota_tree.ko
[    3.830419] init: Loading module /lib/modules/quota_v2.ko with args ''
[    3.830419] init: Loading module /lib/modules/quota_v2.ko with args ''
[    3.846045] init: Loaded kernel module /lib/modules/quota_v2.ko
[    3.846045] init: Loaded kernel module /lib/modules/quota_v2.ko
[    3.858753] init: Loading module /lib/modules/aux-bridge.ko with args ''
[    3.858753] init: Loading module /lib/modules/aux-bridge.ko with args ''
[    3.876870] init: Loaded kernel module /lib/modules/aux-bridge.ko
[    3.876870] init: Loaded kernel module /lib/modules/aux-bridge.ko
[    3.890154] init: Loading module /lib/modules/phy-qcom-qmp-combo.ko with args ''
[    3.890154] init: Loading module /lib/modules/phy-qcom-qmp-combo.ko with args ''
[    3.909144] init: Loaded kernel module /lib/modules/phy-qcom-qmp-combo.ko
[    3.913164] msm_dpu ae01000.display-controller: bound ae90000.displayport-controller (ops msm_dp_display_comp_ops)
[    3.916196] init: Loading module /lib/modules/fuse.ko with args ''
[    3.927816] adreno 3d00000.gpu: supply vdd not found, using dummy regulator
[    3.909144] init: Loaded kernel module /lib/modules/phy-qcom-qmp-combo.ko
[    3.913164] msm_dpu ae01000.display-controller: bound ae90000.displayport-controller (ops msm_dp_display_comp_ops)
[    3.916196] init: Loading module /lib/modules/fuse.ko with args ''
[    3.927816] adreno 3d00000.gpu: supply vdd not found, using dummy regulator
[    3.965390] fuse: init (API version 7.45)
[    3.972213] adreno 3d00000.gpu: supply vddcx not found, using dummy regulator
[    3.977249] init: Loaded kernel module /lib/modules/fuse.ko
[    3.965390] fuse: init (API version 7.45)
[    3.972213] adreno 3d00000.gpu: supply vddcx not found, using dummy regulator
[    3.997145] msm_dpu ae01000.display-controller: bound 3d00000.gpu (ops a3xx_ops)
[    4.001229] init: Loading module /lib/modules/nf_socket_ipv4.ko with args ''
[    3.977249] init: Loaded kernel module /lib/modules/fuse.ko
[    3.997145] msm_dpu ae01000.display-controller: bound 3d00000.gpu (ops a3xx_ops)
[    4.001229] init: Loading module /lib/modules/nf_socket_ipv4.ko with args ''
[    4.044551] init: Loaded kernel module /lib/modules/nf_socket_ipv4.ko
[    4.044551] init: Loaded kernel module /lib/modules/nf_socket_ipv4.ko
[    4.058361] init: Loading module /lib/modules/crc-ccitt.ko with args ''
[    4.058361] init: Loading module /lib/modules/crc-ccitt.ko with args ''
[    4.072401] Console: switching to colour dummy device 80x25
[    4.072401] Console: switching to colour dummy device 80x25
[    4.085491] init: Loaded kernel module /lib/modules/crc-ccitt.ko
[    4.085491] init: Loaded kernel module /lib/modules/crc-ccitt.ko
[    4.098162] init: Loading module /lib/modules/ipv6.ko with args ''
[    4.098162] init: Loading module /lib/modules/ipv6.ko with args ''
[    4.119477] NET: Registered PF_INET6 protocol family
[    4.120463] [drm:dpu_kms_hw_init:1173] dpu hardware revision:0x70020000
[    4.126162] Segment Routing with IPv6
[    4.132004] [drm] forcing HDMI-A-1 connector on
[    4.135161] RPL Segment Routing with IPv6
[    4.119477] NET: Registered PF_INET6 protocol family
[    4.135195] In-situ OAM (IOAM) with IPv6
[    4.120463] [drm:dpu_kms_hw_init:1173] dpu hardware revision:0x70020000
[    4.126162] Segment Routing with IPv6
[    4.132004] [drm] forcing HDMI-A-1 connector on
[    4.135161] RPL Segment Routing with IPv6
[    4.135195] In-situ OAM (IOAM) with IPv6
[    4.176667] init: Loaded kernel module /lib/modules/ipv6.ko
[    4.181530] [drm] Initialized msm 1.13.0 for ae01000.display-controller on minor 1
[    4.182881] init: Loading module /lib/modules/nf_socket_ipv6.ko with args ''
[    4.191425] msm_dpu ae01000.display-controller: [drm:adreno_request_fw] loaded qcom/a660_sqe.fw from new location
[    4.176667] init: Loaded kernel module /lib/modules/ipv6.ko
[    4.181530] [drm] Initialized msm 1.13.0 for ae01000.display-controller on minor 1
[    4.182881] init: Loading module /lib/modules/nf_socket_ipv6.ko with args ''
[    4.191425] msm_dpu ae01000.display-controller: [drm:adreno_request_fw] loaded qcom/a660_sqe.fw from new location
[    4.239307] msm_dpu ae01000.display-controller: [drm:adreno_request_fw] loaded qcom/a660_gmu.bin from new location
[    4.240096] init: Loaded kernel module /lib/modules/nf_socket_ipv6.ko
[    4.251045] [drm] Loaded GMU firmware v3.1.10
[    4.256614] init: Loading module /lib/modules/x_tables.ko with args ''
[    4.264442] adreno 3d00000.gpu: [drm:adreno_zap_shader_load] *ERROR* Unable to load qcom/qcs6490/a660_zap.mbn
[    4.239307] msm_dpu ae01000.display-controller: [drm:adreno_request_fw] loaded qcom/a660_gmu.bin from new location
[    4.240096] init: Loaded kernel module /lib/modules/nf_socket_ipv6.ko
[    4.251045] [drm] Loaded GMU firmware v3.1.10
[    4.256614] init: Loading module /lib/modules/x_tables.ko with args ''
[    4.264442] adreno 3d00000.gpu: [drm:adreno_zap_shader_load] *ERROR* Unable to load qcom/qcs6490/a660_zap.mbn
[    4.306525] init: Loaded kernel module /lib/modules/x_tables.ko
[    4.316522] msm_dpu ae01000.display-controller: [drm:adreno_load_gpu] *ERROR* gpu hw init failed: -2
[    4.322621] init: Loading module /lib/modules/nf_defrag_ipv6.ko with args ''
[    4.306525] init: Loaded kernel module /lib/modules/x_tables.ko
[    4.342207] platform 3d6a000.gmu: [drm:a6xx_gmu_set_oob] *ERROR* Timeout waiting for GMU OOB set GPU_SET: 0x0
[    4.316522] msm_dpu ae01000.display-controller: [drm:adreno_load_gpu] *ERROR* gpu hw init failed: -2
[    4.322621] init: Loading module /lib/modules/nf_defrag_ipv6.ko with args ''
[    4.342207] platform 3d6a000.gmu: [drm:a6xx_gmu_set_oob] *ERROR* Timeout waiting for GMU OOB set GPU_SET: 0x0
[    4.382988] init: Loaded kernel module /lib/modules/nf_defrag_ipv6.ko
[    4.382988] init: Loaded kernel module /lib/modules/nf_defrag_ipv6.ko
[    4.396848] init: Loading module /lib/modules/nf_defrag_ipv4.ko with args ''
[    4.396848] init: Loading module /lib/modules/nf_defrag_ipv4.ko with args ''
[    4.398745] init: Loaded kernel module /lib/modules/nf_defrag_ipv4.ko
[    4.398745] init: Loaded kernel module /lib/modules/nf_defrag_ipv4.ko
[    4.398785] init: Loading module /lib/modules/xt_socket.ko with args ''
[    4.398785] init: Loading module /lib/modules/xt_socket.ko with args ''
[    4.400706] init: Loaded kernel module /lib/modules/xt_socket.ko
[    4.400706] init: Loaded kernel module /lib/modules/xt_socket.ko
[    4.400729] init: Loading module /lib/modules/xt_comment.ko with args ''
[    4.400729] init: Loading module /lib/modules/xt_comment.ko with args ''
[    4.402448] init: Loaded kernel module /lib/modules/xt_comment.ko
[    4.402448] init: Loaded kernel module /lib/modules/xt_comment.ko
[    4.402467] init: Loading module /lib/modules/xt_length.ko with args ''
[    4.402467] init: Loading module /lib/modules/xt_length.ko with args ''
[    4.404219] init: Loaded kernel module /lib/modules/xt_length.ko
[    4.404219] init: Loaded kernel module /lib/modules/xt_length.ko
[    4.404236] init: Loading module /lib/modules/xt_bpf.ko with args ''
[    4.404236] init: Loading module /lib/modules/xt_bpf.ko with args ''
[    4.406199] init: Loaded kernel module /lib/modules/xt_bpf.ko
[    4.406199] init: Loaded kernel module /lib/modules/xt_bpf.ko
[    4.406214] init: Loading module /lib/modules/ip6_tables.ko with args ''
[    4.406214] init: Loading module /lib/modules/ip6_tables.ko with args ''
[    4.408197] init: Loaded kernel module /lib/modules/ip6_tables.ko
[    4.408197] init: Loaded kernel module /lib/modules/ip6_tables.ko
[    4.408213] init: Loading module /lib/modules/ip6table_filter.ko with args ''
[    4.408213] init: Loading module /lib/modules/ip6table_filter.ko with args ''
[    4.409739] init: Loaded kernel module /lib/modules/ip6table_filter.ko
[    4.409739] init: Loaded kernel module /lib/modules/ip6table_filter.ko
[    4.409769] init: Loading module /lib/modules/ip_tables.ko with args ''
[    4.409769] init: Loading module /lib/modules/ip_tables.ko with args ''
[    4.411667] init: Loaded kernel module /lib/modules/ip_tables.ko
[    4.411667] init: Loaded kernel module /lib/modules/ip_tables.ko
[    4.411684] init: Loading module /lib/modules/iptable_filter.ko with args ''
[    4.411684] init: Loading module /lib/modules/iptable_filter.ko with args ''
[    4.411920] fb0: sys_fillrect: framebuffer is not in virtual address space.
[    4.411920] fb0: sys_fillrect: framebuffer is not in virtual address space.
[    4.411931] fb0: sys_imageblit: framebuffer is not in virtual address space.
[    4.411931] fb0: sys_imageblit: framebuffer is not in virtual address space.
[    4.413111] init: Loaded kernel module /lib/modules/iptable_filter.ko
[    4.413111] init: Loaded kernel module /lib/modules/iptable_filter.ko
[    4.413127] init: Loading module /lib/modules/ip6table_raw.ko with args ''
[    4.413127] init: Loading module /lib/modules/ip6table_raw.ko with args ''
[    4.414803] init: Loaded kernel module /lib/modules/ip6table_raw.ko
[    4.414803] init: Loaded kernel module /lib/modules/ip6table_raw.ko
[    4.414818] init: Loading module /lib/modules/nf_conntrack.ko with args ''
[    4.414818] init: Loading module /lib/modules/nf_conntrack.ko with args ''
[    4.417634] init: Loaded kernel module /lib/modules/nf_conntrack.ko
[    4.417634] init: Loaded kernel module /lib/modules/nf_conntrack.ko
[    4.417665] init: Loading module /lib/modules/nf_nat.ko with args ''
[    4.417665] init: Loading module /lib/modules/nf_nat.ko with args ''
[    4.420095] init: Loaded kernel module /lib/modules/nf_nat.ko
[    4.420095] init: Loaded kernel module /lib/modules/nf_nat.ko
[    4.420130] init: Loading module /lib/modules/xt_nat.ko with args ''
[    4.420130] init: Loading module /lib/modules/xt_nat.ko with args ''
[    4.421953] init: Loaded kernel module /lib/modules/xt_nat.ko
[    4.421953] init: Loaded kernel module /lib/modules/xt_nat.ko
[    4.421973] init: Loading module /lib/modules/ip6table_nat.ko with args ''
[    4.421973] init: Loading module /lib/modules/ip6table_nat.ko with args ''
[    4.423542] init: Loaded kernel module /lib/modules/ip6table_nat.ko
[    4.423542] init: Loaded kernel module /lib/modules/ip6table_nat.ko
[    4.423557] init: Loading module /lib/modules/nf_reject_ipv4.ko with args ''
[    4.423557] init: Loading module /lib/modules/nf_reject_ipv4.ko with args ''
[    4.425253] init: Loaded kernel module /lib/modules/nf_reject_ipv4.ko
[    4.425253] init: Loaded kernel module /lib/modules/nf_reject_ipv4.ko
[    4.425270] init: Loading module /lib/modules/xt_state.ko with args ''
[    4.425270] init: Loading module /lib/modules/xt_state.ko with args ''
[    4.427062] init: Loaded kernel module /lib/modules/xt_state.ko
[    4.427062] init: Loaded kernel module /lib/modules/xt_state.ko
[    4.427090] init: Loading module /lib/modules/xt_multiport.ko with args ''
[    4.427090] init: Loading module /lib/modules/xt_multiport.ko with args ''
[    4.428263] Console: switching to colour frame buffer device 128x37
[    4.428263] Console: switching to colour frame buffer device 128x37
[    4.429143] init: Loaded kernel module /lib/modules/xt_multiport.ko
[    4.429143] init: Loaded kernel module /lib/modules/xt_multiport.ko
[    4.429157] init: Loading module /lib/modules/nf_tproxy_ipv4.ko with args ''
[    4.429157] init: Loading module /lib/modules/nf_tproxy_ipv4.ko with args ''
[    4.431200] init: Loaded kernel module /lib/modules/nf_tproxy_ipv4.ko
[    4.431200] init: Loaded kernel module /lib/modules/nf_tproxy_ipv4.ko
[    4.431214] init: Loading module /lib/modules/xt_hl.ko with args ''
[    4.431214] init: Loading module /lib/modules/xt_hl.ko with args ''
[    4.432965] init: Loaded kernel module /lib/modules/xt_hl.ko
[    4.432965] init: Loaded kernel module /lib/modules/xt_hl.ko
[    4.432981] init: Loading module /lib/modules/xt_recent.ko with args ''
[    4.432981] init: Loading module /lib/modules/xt_recent.ko with args ''
[    4.435052] init: Loaded kernel module /lib/modules/xt_recent.ko
[    4.435052] init: Loaded kernel module /lib/modules/xt_recent.ko
[    4.435075] init: Loading module /lib/modules/xt_REDIRECT.ko with args ''
[    4.435075] init: Loading module /lib/modules/xt_REDIRECT.ko with args ''
[    4.437166] init: Loaded kernel module /lib/modules/xt_REDIRECT.ko
[    4.437166] init: Loaded kernel module /lib/modules/xt_REDIRECT.ko
[    4.437181] init: Loading module /lib/modules/xt_pkttype.ko with args ''
[    4.437181] init: Loading module /lib/modules/xt_pkttype.ko with args ''
[    4.438728] init: Loaded kernel module /lib/modules/xt_pkttype.ko
[    4.438728] init: Loaded kernel module /lib/modules/xt_pkttype.ko
[    4.438742] init: Loading module /lib/modules/xt_dscp.ko with args ''
[    4.438742] init: Loading module /lib/modules/xt_dscp.ko with args ''
[    4.440418] init: Loaded kernel module /lib/modules/xt_dscp.ko
[    4.440418] init: Loaded kernel module /lib/modules/xt_dscp.ko
[    4.440432] init: Loading module /lib/modules/xt_MASQUERADE.ko with args ''
[    4.440432] init: Loading module /lib/modules/xt_MASQUERADE.ko with args ''
[    4.442497] init: Loaded kernel module /lib/modules/xt_MASQUERADE.ko
[    4.442497] init: Loaded kernel module /lib/modules/xt_MASQUERADE.ko
[    4.442512] init: Loading module /lib/modules/xt_policy.ko with args ''
[    4.442512] init: Loading module /lib/modules/xt_policy.ko with args ''
[    4.444088] init: Loaded kernel module /lib/modules/xt_policy.ko
[    4.444088] init: Loaded kernel module /lib/modules/xt_policy.ko
[    4.444104] init: Loading module /lib/modules/xt_CT.ko with args ''
[    4.444104] init: Loading module /lib/modules/xt_CT.ko with args ''
[    4.452482] init: Loaded kernel module /lib/modules/xt_CT.ko
[    4.452482] init: Loaded kernel module /lib/modules/xt_CT.ko
[    4.459639] msm_dpu ae01000.display-controller: [drm] fb0: msmdrmfb frame buffer device
[    4.459639] msm_dpu ae01000.display-controller: [drm] fb0: msmdrmfb frame buffer device
[    5.192822] init: Loading module /lib/modules/ip6table_mangle.ko with args ''
[    5.192822] init: Loading module /lib/modules/ip6table_mangle.ko with args ''
[    5.211166] init: Loaded kernel module /lib/modules/ip6table_mangle.ko
[    5.211166] init: Loaded kernel module /lib/modules/ip6table_mangle.ko
[    5.225121] init: Loading module /lib/modules/nf_tproxy_ipv6.ko with args ''
[    5.225121] init: Loading module /lib/modules/nf_tproxy_ipv6.ko with args ''
[    5.241789] init: Loaded kernel module /lib/modules/nf_tproxy_ipv6.ko
[    5.241789] init: Loaded kernel module /lib/modules/nf_tproxy_ipv6.ko
[    5.255179] init: Loading module /lib/modules/xt_TPROXY.ko with args ''
[    5.255179] init: Loading module /lib/modules/xt_TPROXY.ko with args ''
[    5.270544] init: Loaded kernel module /lib/modules/xt_TPROXY.ko
[    5.270544] init: Loaded kernel module /lib/modules/xt_TPROXY.ko
[    5.283049] init: Loading module /lib/modules/nf_reject_ipv6.ko with args ''
[    5.283049] init: Loading module /lib/modules/nf_reject_ipv6.ko with args ''
[    5.299876] init: Loaded kernel module /lib/modules/nf_reject_ipv6.ko
[    5.299876] init: Loaded kernel module /lib/modules/nf_reject_ipv6.ko
[    5.313275] init: Loading module /lib/modules/iptable_mangle.ko with args ''
[    5.313275] init: Loading module /lib/modules/iptable_mangle.ko with args ''
[    5.329621] init: Loaded kernel module /lib/modules/iptable_mangle.ko
[    5.329621] init: Loaded kernel module /lib/modules/iptable_mangle.ko
[    5.343035] init: Loading module /lib/modules/xt_LOG.ko with args ''
[    5.343035] init: Loading module /lib/modules/xt_LOG.ko with args ''
[    5.358306] init: Loaded kernel module /lib/modules/xt_LOG.ko
[    5.358306] init: Loaded kernel module /lib/modules/xt_LOG.ko
[    5.370288] init: Loading module /lib/modules/xt_ecn.ko with args ''
[    5.370288] init: Loading module /lib/modules/xt_ecn.ko with args ''
[    5.385293] init: Loaded kernel module /lib/modules/xt_ecn.ko
[    5.385293] init: Loaded kernel module /lib/modules/xt_ecn.ko
[    5.397263] init: Loading module /lib/modules/xt_DSCP.ko with args ''
[    5.397263] init: Loading module /lib/modules/xt_DSCP.ko with args ''
[    5.412316] init: Loaded kernel module /lib/modules/xt_DSCP.ko
[    5.412316] init: Loaded kernel module /lib/modules/xt_DSCP.ko
[    5.424482] init: Loading module /lib/modules/xt_conntrack.ko with args ''
[    5.424482] init: Loading module /lib/modules/xt_conntrack.ko with args ''
[    5.440535] init: Loaded kernel module /lib/modules/xt_conntrack.ko
[    5.440535] init: Loaded kernel module /lib/modules/xt_conntrack.ko
[    5.453585] init: Loading module /lib/modules/xt_owner.ko with args ''
[    5.453585] init: Loading module /lib/modules/xt_owner.ko with args ''
[    5.468656] init: Loaded kernel module /lib/modules/xt_owner.ko
[    5.468656] init: Loaded kernel module /lib/modules/xt_owner.ko
[    5.480990] init: Loading module /lib/modules/xt_string.ko with args ''
[    5.480990] init: Loading module /lib/modules/xt_string.ko with args ''
[    5.496456] init: Loaded kernel module /lib/modules/xt_string.ko
[    5.496456] init: Loaded kernel module /lib/modules/xt_string.ko
[    5.508970] init: Loading module /lib/modules/ip6t_REJECT.ko with args ''
[    5.508970] init: Loading module /lib/modules/ip6t_REJECT.ko with args ''
[    5.524800] init: Loaded kernel module /lib/modules/ip6t_REJECT.ko
[    5.524800] init: Loaded kernel module /lib/modules/ip6t_REJECT.ko
[    5.537667] init: Loading module /lib/modules/xt_mark.ko with args ''
[    5.537667] init: Loading module /lib/modules/xt_mark.ko with args ''
[    5.552794] init: Loaded kernel module /lib/modules/xt_mark.ko
[    5.552794] init: Loaded kernel module /lib/modules/xt_mark.ko
[    5.564940] init: Loading module /lib/modules/xt_IDLETIMER.ko with args ''
[    5.564940] init: Loading module /lib/modules/xt_IDLETIMER.ko with args ''
[    5.581372] init: Loaded kernel module /lib/modules/xt_IDLETIMER.ko
[    5.581372] init: Loaded kernel module /lib/modules/xt_IDLETIMER.ko
[    5.594422] init: Loading module /lib/modules/xt_u32.ko with args ''
[    5.594422] init: Loading module /lib/modules/xt_u32.ko with args ''
[    5.609267] init: Loaded kernel module /lib/modules/xt_u32.ko
[    5.609267] init: Loaded kernel module /lib/modules/xt_u32.ko
[    5.621252] init: Loading module /lib/modules/xt_quota.ko with args ''
[    5.621252] init: Loading module /lib/modules/xt_quota.ko with args ''
[    5.636537] init: Loaded kernel module /lib/modules/xt_quota.ko
[    5.636537] init: Loaded kernel module /lib/modules/xt_quota.ko
[    5.648880] init: Loading module /lib/modules/xt_TCPMSS.ko with args ''
[    5.648880] init: Loading module /lib/modules/xt_TCPMSS.ko with args ''
[    5.664491] init: Loaded kernel module /lib/modules/xt_TCPMSS.ko
[    5.664491] init: Loaded kernel module /lib/modules/xt_TCPMSS.ko
[    5.677007] init: Loading module /lib/modules/xt_connmark.ko with args ''
[    5.677007] init: Loading module /lib/modules/xt_connmark.ko with args ''
[    5.692844] init: Loaded kernel module /lib/modules/xt_connmark.ko
[    5.692844] init: Loaded kernel module /lib/modules/xt_connmark.ko
[    5.705719] init: Loading module /lib/modules/xt_HL.ko with args ''
[    5.705719] init: Loading module /lib/modules/xt_HL.ko with args ''
[    5.720454] init: Loaded kernel module /lib/modules/xt_HL.ko
[    5.720454] init: Loaded kernel module /lib/modules/xt_HL.ko
[    5.732260] init: Loading module /lib/modules/xt_tcpudp.ko with args ''
[    5.732260] init: Loading module /lib/modules/xt_tcpudp.ko with args ''
[    5.748061] init: Loaded kernel module /lib/modules/xt_tcpudp.ko
[    5.748061] init: Loaded kernel module /lib/modules/xt_tcpudp.ko
[    5.760577] init: Loading module /lib/modules/xt_addrtype.ko with args ''
[    5.760577] init: Loading module /lib/modules/xt_addrtype.ko with args ''
[    5.776459] init: Loaded kernel module /lib/modules/xt_addrtype.ko
[    5.776459] init: Loaded kernel module /lib/modules/xt_addrtype.ko
[    5.789323] init: Loading module /lib/modules/ip6table_security.ko with args ''
[    5.789323] init: Loading module /lib/modules/ip6table_security.ko with args ''
[    5.806280] init: Loaded kernel module /lib/modules/ip6table_security.ko
[    5.806280] init: Loaded kernel module /lib/modules/ip6table_security.ko
[    5.820209] init: Loading module /lib/modules/iptable_raw.ko with args ''
[    5.820209] init: Loading module /lib/modules/iptable_raw.ko with args ''
[    5.836074] init: Loaded kernel module /lib/modules/iptable_raw.ko
[    5.836074] init: Loaded kernel module /lib/modules/iptable_raw.ko
[    5.848939] init: Loading module /lib/modules/ipt_REJECT.ko with args ''
[    5.848939] init: Loading module /lib/modules/ipt_REJECT.ko with args ''
[    5.864717] init: Loaded kernel module /lib/modules/ipt_REJECT.ko
[    5.864717] init: Loaded kernel module /lib/modules/ipt_REJECT.ko
[    5.877403] init: Loading module /lib/modules/nfnetlink.ko with args ''
[    5.877403] init: Loading module /lib/modules/nfnetlink.ko with args ''
[    5.892945] init: Loaded kernel module /lib/modules/nfnetlink.ko
[    5.892945] init: Loaded kernel module /lib/modules/nfnetlink.ko
[    5.905463] init: Loading module /lib/modules/xt_limit.ko with args ''
[    5.905463] init: Loading module /lib/modules/xt_limit.ko with args ''
[    5.920764] init: Loaded kernel module /lib/modules/xt_limit.ko
[    5.920764] init: Loaded kernel module /lib/modules/xt_limit.ko
[    5.933097] init: Loading module /lib/modules/iptable_security.ko with args ''
[    5.933097] init: Loading module /lib/modules/iptable_security.ko with args ''
[    5.949759] init: Loaded kernel module /lib/modules/iptable_security.ko
[    5.949759] init: Loaded kernel module /lib/modules/iptable_security.ko
[    5.963513] init: Loading module /lib/modules/iptable_nat.ko with args ''
[    5.963513] init: Loading module /lib/modules/iptable_nat.ko with args ''
[    5.979364] init: Loaded kernel module /lib/modules/iptable_nat.ko
[    5.979364] init: Loaded kernel module /lib/modules/iptable_nat.ko
[    5.992229] init: Loading module /lib/modules/xt_tcpmss.ko with args ''
[    5.992229] init: Loading module /lib/modules/xt_tcpmss.ko with args ''
[    6.007657] init: Loaded kernel module /lib/modules/xt_tcpmss.ko
[    6.007657] init: Loaded kernel module /lib/modules/xt_tcpmss.ko
[    6.020183] init: Loaded 72 kernel modules took 2442 ms
[    6.020183] init: Loaded 72 kernel modules took 2442 ms
[    6.031159] init: Copied ramdisk prop to /second_stage_resources/system/etc/ramdisk/build.prop
[    6.031159] init: Copied ramdisk prop to /second_stage_resources/system/etc/ramdisk/build.prop
[    6.049006] init: Not moving /system/bin/snapuserd because it cannot be accessed: No such file or directory
[    6.049006] init: Not moving /system/bin/snapuserd because it cannot be accessed: No such file or directory
[    6.069228] init: Switching root to '/first_stage_ramdisk'
[    6.069228] init: Switching root to '/first_stage_ramdisk'
[    6.080766] init: [libfs_mgr]ReadFstabFromDt(): failed to read fstab from dt
[    6.080766] init: [libfs_mgr]ReadFstabFromDt(): failed to read fstab from dt
[    6.095659] init: Using Android DT directory /proc/device-tree/firmware/android/
[    6.095659] init: Using Android DT directory /proc/device-tree/firmware/android/
[    6.111005] init: Failed to read vbmeta partitions.
[    6.111005] init: Failed to read vbmeta partitions.
[    6.127083] init: [libfs_mgr]superblock s_max_mnt_count:65535,/dev/block/by-name/metadata
[    6.127083] init: [libfs_mgr]superblock s_max_mnt_count:65535,/dev/block/by-name/metadata
[    6.144092] init: [libfs_mgr]Filesystem on /dev/block/by-name/metadata was not cleanly shutdown; state flags: 0x1, incompat feature flags: 0x46
[    6.144092] init: [libfs_mgr]Filesystem on /dev/block/by-name/metadata was not cleanly shutdown; state flags: 0x1, incompat feature flags: 0x46
[    6.170825] EXT4-fs: Ignoring removed nomblk_io_submit option
[    6.170825] EXT4-fs: Ignoring removed nomblk_io_submit option
[    6.281766] EXT4-fs (mmcblk1p11): recovery complete
[    6.281766] EXT4-fs (mmcblk1p11): recovery complete
[    6.294425] EXT4-fs (mmcblk1p11): mounted filesystem fd538aa8-efd6-4fbd-bb98-86f1e28e60b3 r/w with ordered data mode. Quota mode: none.
[    6.294425] EXT4-fs (mmcblk1p11): mounted filesystem fd538aa8-efd6-4fbd-bb98-86f1e28e60b3 r/w with ordered data mode. Quota mode: none.
[    6.319803] init: [libfs_mgr]check_fs(): mount(/dev/block/by-name/metadata,/metadata,ext4)=0: Success
[    6.319803] init: [libfs_mgr]check_fs(): mount(/dev/block/by-name/metadata,/metadata,ext4)=0: Success
[    6.340345] EXT4-fs (mmcblk1p11): unmounting filesystem fd538aa8-efd6-4fbd-bb98-86f1e28e60b3.
[    6.340345] EXT4-fs (mmcblk1p11): unmounting filesystem fd538aa8-efd6-4fbd-bb98-86f1e28e60b3.
[    6.363628] init: [libfs_mgr]umount_retry(): unmount(/metadata) succeeded
[    6.363628] init: [libfs_mgr]umount_retry(): unmount(/metadata) succeeded
[    6.378104] init: [libfs_mgr]Not running /system/bin/e2fsck on /dev/block/mmcblk1p11 (executable not in system image)
[    6.378104] init: [libfs_mgr]Not running /system/bin/e2fsck on /dev/block/mmcblk1p11 (executable not in system image)
