S - Format: Log Type - Time(microsec) - Message - Optional Info
S - Log Type: B - Since Boot(Power On Reset),  D - Delta,  S - Statistic
S - QC_IMAGE_VERSION_STRING=BOOT.MXF.1.0.1-00549-KODIAKWP-1
S - IMAGE_VARIANT_STRING=SocKodiakWP
S - OEM_IMAGE_VERSION_STRING=wa-lxc
S - Boot Interface: SPI
S - Secure Boot: Off
S - Boot Config @ 0x00786070 = 0x000000c9
S - JTAG ID @ 0x00786130 = 0x001980e1
S - OEM ID @ 0x00786138 = 0x00000000
S - Serial Number @ 0x00786134 = 0x8dbddd5e
S - OEM Config Row 0 @ 0x007841c0 = 0x0000000000000000
S - OEM Config Row 1 @ 0x007841c8 = 0x0000000000000000
S - Feature Config Row 0 @ 0x00784148 = 0x0000000000000000
S - Feature Config Row 1 @ 0x00784150 = 0x0000000000000000
S - Core 0 Frequency, 1516 MHz
S - PBL Patch Ver: 1
D -      6613 - pbl_apps_init_timestamp
D -      3433 - bootable_media_detect_timestamp
D -       811 - bl_elf_metadata_loading_timestamp
D -       707 - bl_hash_seg_auth_timestamp
D -     26496 - bl_elf_loadable_segment_loading_timestamp
D -      4621 - bl_elf_segs_hash_verify_timestamp
D -     17365 - bl_sec_hash_seg_auth_timestamp
D -       824 - bl_sec_segs_hash_verify_timestamp
D -        30 - pbl_populate_shared_data_and_exit_timestamp
S -     60900 - PBL, End
B -     68381 - SBL1, Start
B -    194193 - SBL1 BUILD @ 21:01:04 on Jan 20 2026
B -    198250 - usb: eud_serial_upd , 0x8dbddd5e
D -    201513 - sbl1_hw_init
D -     10645 - boot_media_init
D -         0 - smss_load_cancel
B -    219478 - SMSS -  Image Load, Start
D -      2989 - SMSS -  Image Loaded, Delta - (0 Bytes)
D -       824 - Auth Metadata
D -      5947 - sbl1_xblconfig_init
B -    233965 - XBL Config -  Image Load, Start
D -         0 - shrm_load_cancel
B -    241529 - SHRM -  Image Load, Start
D -       579 - Auth Metadata
D -      1250 - Segments hash check
D -     12109 - SHRM -  Image Loaded, Delta - (39616 Bytes)
D -         0 - boot_default_cdt_init
D -       397 - boot_cdt_init
B -    265655 - CDT -  Image Load, Start
B -    268369 - CDT Version:3,Platform ID:32,Major ID:1,Minor ID:0,Subtype:7
D -     16287 - sbl1_hw_platform_pre_ddr
D -         0 - devcfg init
B -    293959 - PMIC A:2.0 B:1.0 C:2.2 I:1.0
B -    295728 - PM: PM8 0x4
B -    298015 - PM: xVdd reset
B -    300547 - PM: PON by PWR key DEB
B -    556533 - PM: SET_VAL:Skip
B -    558058 - PM: PSI: b0x06_v0x3f
B -    562145 - PM: Device Init # SPMI Transn: 15424
D -    278343 - pm_device_init, Delta
B -    567818 - pm_driver_init, Start
B -    579012 - PM: Driver Init # SPMI Transn: 504
D -      7717 - pm_driver_init, Delta
B -    583892 - PM: damsink err_flag = 0x0
B -    587186 - PM: dam aicl err_flag = 0x0
B -    591913 - PM: Battery ID: 10048Ohm
B -    595116 - PM: debug board connected
B -    598867 - vsense_init, Start
D -         0 - vsense_init, Delta
D -    322019 - sbl1_hw_pre_ddr_init
D -         0 - boot_dload_handle_forced_dload_timeout
D -      2989 - sbl1_load_ddr_training_data
B -    617564 - Pre_DDR_clock_init, Start
D -       213 - Pre_DDR_clock_init, Delta
D -     12901 - sbl1_ddr_set_params
B -    629276 - sbl1_ddr_init, Start
B -    632661 - LP5 DDR detected
D -     15768 - sbl1_ddr_init, Delta
B -    648399 - DSF version = 262.0.47
B -    651754 - Manufacturer ID = 13, Device Type = 8
B -    655353 - Rank 0 size = 4096 MB, Rank 1 size = 4096 MB
D -     31201 - sbl1_ddr_init
D -         0 - boot_pre_ddi_entry
B -    668560 - do_ddr_training, Start
B -    709735 - DDR: Start of DDR Training Restore
B -    713364 - Current DDR Freq = 2096 MHz
B -    714401 - Max enabled DDR Freq = 2736 MHz
B -    718427 - DDR: End of DDR Training Restore
D -     51057 - do_ddr_training, Delta
D -     58865 - sbl1_do_ddr_training
D -       732 - boot_ddi_entry
B -    734257 - Pimem init cmd, entry
D -      9180 - Pimem init cmd, exit
B -    746762 - External heap init, Start
B -    749751 - External heap init, End
D -     23241 - sbl1_post_ddr_init
D -       122 - sbl1_hw_init_secondary
B -    760731 - DDR -  Image Load, Start
B -    764482 - usb: emmc_parti_unavail
B -    768051 - usb: sdc_parti_unavail
B -    771741 - usb: Serial - 8dbddd5e
B -    775340 - usb: fedl, vbus_low
D -     14548 - boot_fedl_check
B -    782203 - APDP -  Image Load, Start
D -      3202 - APDP -  Image Loaded, Delta - (64 Bytes)
D -         0 - boot_dload_dump_security_regions
D -         0 - ramdump_load_cancel
B -    798642 - RamDump -  Image Load, Start
D -      3294 - RamDump -  Image Loaded, Delta - (0 Bytes)
D -        30 - boot_update_abnormal_reset_status
D -         0 - boot_cache_set_memory_barrier
D -         0 - boot_smem_debug_init
D -       580 - boot_smem_init
D -        30 - boot_smem_alloc_for_minidump
D -        91 - boot_smem_store_pon_status
D -        31 - sbl1_hw_platform_smem
D -        91 - boot_ddr_share_data_to_aop
D -       488 - boot_clock_init_rpm
D -         0 - boot_vsense_copy_to_smem
D -        30 - boot_populate_ram_partition_table
D -        31 - boot_populate_ddr_details_shared_table
D -         0 - sbl1_tlmm_init
D -         0 - sbl1_efs_handle_cookies
B -    861411 - OEM_MISC -  Image Load, Start
D -       793 - Auth Metadata
D -       244 - Segments hash check
D -     10645 - OEM_MISC -  Image Loaded, Delta - (7512 Bytes)
B -    875380 - QTI_MISC -  Image Load, Start
D -      5734 - QTI_MISC -  Image Loaded, Delta - (0 Bytes)
B -    890600 - PM: PM Total Mem Allocated: 2340 
D -      5460 - sbl1_pm_aop_pre_init_wrapper
B -    895266 - AOP -  Image Load, Start
D -       671 - Auth Metadata
D -      1586 - Segments hash check
D -     18361 - AOP -  Image Loaded, Delta - (203304 Bytes)
B -    916952 - QSEE Dev Config -  Image Load, Start
D -       610 - Auth Metadata
D -       457 - Segments hash check
D -     13023 - QSEE Dev Config -  Image Loaded, Delta - (41144 Bytes)
B -    939003 - QSEE -  Image Load, Start
D -     17690 - Auth Metadata
D -     22143 - Segments hash check
D -    230306 - QSEE -  Image Loaded, Delta - (3734195 Bytes)
D -         0 - sbl1_hw_play_vibr
B -   1178245 - SEC -  Image Load, Start
D -      3355 - SEC -  Image Loaded, Delta - (64 Bytes)
B -   1185138 - CPUCPFW -  Image Load, Start
D -     17111 - Auth Metadata
D -     17660 - Segments hash check
D -     52887 - CPUCPFW -  Image Loaded, Delta - (171300 Bytes)
B -   1247053 - QHEE -  Image Load, Start
D -     17354 - Auth Metadata
D -      5155 - Segments hash check
D -     41236 - QHEE -  Image Loaded, Delta - (432112 Bytes)
B -   1291583 - APPSBL -  Image Load, Start
D -       732 - Auth Metadata
D -     15494 - Segments hash check
D -    170800 - APPSBL -  Image Loaded, Delta - (3620864 Bytes)
D -         0 - sbl1_save_appsbl_index
B -   1471594 - SBL1, End
D -   1406721 - SBL1, Delta
S - Flash Throughput, 23235 KB/s  (8411417 Bytes,  362769 us)
S - DDR Frequency, 1555 MHz
?S - Format: Log Type - Time(microsec) - Message - Optional Info
S - Log Type: B - Since Boot(Power On Reset),  D - Delta,  S - Statistic
S - QC_IMAGE_VERSION_STRING=BOOT.MXF.1.0.1-00549-KODIAKWP-1
S - IMAGE_VARIANT_STRING=SocKodiakWP
S - OEM_IMAGE_VERSION_STRING=wa-lxc
S - Boot Interface: SPI
S - Secure Boot: Off
S - Boot Config @ 0x00786070 = 0x000000c9
S - JTAG ID @ 0x00786130 = 0x001980e1
S - OEM ID @ 0x00786138 = 0x00000000
S - Serial Number @ 0x00786134 = 0x8dbddd5e
S - OEM Config Row 0 @ 0x007841c0 = 0x0000000000000000
S - OEM Config Row 1 @ 0x007841c8 = 0x0000000000000000
S - Feature Config Row 0 @ 0x00784148 = 0x0000000000000000
S - Feature Config Row 1 @ 0x00784150 = 0x0000000000000000
S - Core 0 Frequency, 1516 MHz
S - PBL Patch Ver: 1
D -      6614 - pbl_apps_init_timestamp
D -      3434 - bootable_media_detect_timestamp
D -       811 - bl_elf_metadata_loading_timestamp
D -       703 - bl_hash_seg_auth_timestamp
D -     26494 - bl_elf_loadable_segment_loading_timestamp
D -      4620 - bl_elf_segs_hash_verify_timestamp
D -     17368 - bl_sec_hash_seg_auth_timestamp
D -       822 - bl_sec_segs_hash_verify_timestamp
D -        29 - pbl_populate_shared_data_and_exit_timestamp
S -     60895 - PBL, End
B -     69692 - SBL1, Start
B -    197823 - SBL1 BUILD @ 21:01:04 on Jan 20 2026
B -    201940 - usb: eud_serial_upd , 0x8dbddd5e
D -    205295 - sbl1_hw_init
D -     10828 - boot_media_init
D -         0 - smss_load_cancel
B -    223565 - SMSS -  Image Load, Start
D -      3019 - SMSS -  Image Loaded, Delta - (0 Bytes)
D -       885 - Auth Metadata
D -      6039 - sbl1_xblconfig_init
B -    238296 - XBL Config -  Image Load, Start
D -         0 - shrm_load_cancel
B -    246013 - SHRM -  Image Load, Start
D -       549 - Auth Metadata
D -      1250 - Segments hash check
D -     12322 - SHRM -  Image Loaded, Delta - (39616 Bytes)
D -         0 - boot_default_cdt_init
D -       396 - boot_cdt_init
B -    270565 - CDT -  Image Load, Start
B -    273341 - CDT Version:3,Platform ID:32,Major ID:1,Minor ID:0,Subtype:7
D -     16561 - sbl1_hw_platform_pre_ddr
D -         0 - devcfg init
B -    299357 - PMIC A:2.0 B:1.0 C:2.2 I:1.0
B -    301126 - PM: Reset by PSHOLD
B -    303505 - PM: Reset Type: Hard Reset
B -    558638 - PM: SET_VAL:Skip
B -    560193 - PM: PSI: b0x06_v0x3f
B -    564280 - PM: Device Init # SPMI Transn: 15297
D -    275171 - pm_device_init, Delta
B -    569923 - pm_driver_init, Start
B -    581116 - PM: Driver Init # SPMI Transn: 504
D -      7717 - pm_driver_init, Delta
B -    586027 - PM: damsink err_flag = 0x0
B -    589290 - PM: dam aicl err_flag = 0x0
B -    594048 - PM: Battery ID: 10049Ohm
B -    597251 - PM: debug board connected
B -    601002 - vsense_init, Start
D -         0 - vsense_init, Delta
D -    318877 - sbl1_hw_pre_ddr_init
D -         0 - boot_dload_handle_forced_dload_timeout
D -      2989 - sbl1_load_ddr_training_data
B -    619699 - Pre_DDR_clock_init, Start
D -       214 - Pre_DDR_clock_init, Delta
D -     12901 - sbl1_ddr_set_params
B -    631411 - sbl1_ddr_init, Start
B -    634796 - LP5 DDR detected
D -     15768 - sbl1_ddr_init, Delta
B -    650534 - DSF version = 262.0.47
B -    653889 - Manufacturer ID = 13, Device Type = 8
B -    657488 - Rank 0 size = 4096 MB, Rank 1 size = 4096 MB
D -     31232 - sbl1_ddr_init
D -         0 - boot_pre_ddi_entry
B -    670695 - do_ddr_training, Start
B -    711870 - DDR: Start of DDR Training Restore
B -    715499 - Current DDR Freq = 2096 MHz
B -    716536 - Max enabled DDR Freq = 2736 MHz
B -    720562 - DDR: End of DDR Training Restore
D -     51057 - do_ddr_training, Delta
D -     58865 - sbl1_do_ddr_training
D -       732 - boot_ddi_entry
B -    736361 - Pimem init cmd, entry
D -      9211 - Pimem init cmd, exit
B -    748897 - External heap init, Start
B -    751886 - External heap init, End
D -     23241 - sbl1_post_ddr_init
D -        91 - sbl1_hw_init_secondary
B -    762866 - DDR -  Image Load, Start
B -    766617 - usb: emmc_parti_unavail
B -    770186 - usb: sdc_parti_unavail
B -    773846 - usb: Serial - 8dbddd5e
B -    777475 - usb: fedl, vbus_low
D -     14548 - boot_fedl_check
B -    784307 - APDP -  Image Load, Start
D -      3233 - APDP -  Image Loaded, Delta - (64 Bytes)
D -         0 - boot_dload_dump_security_regions
D -        30 - ramdump_load_cancel
B -    800777 - RamDump -  Image Load, Start
D -      3294 - RamDump -  Image Loaded, Delta - (0 Bytes)
D -        30 - boot_update_abnormal_reset_status
D -         0 - boot_cache_set_memory_barrier
D -         0 - boot_smem_debug_init
D -       549 - boot_smem_init
D -        30 - boot_smem_alloc_for_minidump
D -        91 - boot_smem_store_pon_status
D -        31 - sbl1_hw_platform_smem
D -        61 - boot_ddr_share_data_to_aop
D -       488 - boot_clock_init_rpm
D -         0 - boot_vsense_copy_to_smem
D -        30 - boot_populate_ram_partition_table
D -        31 - boot_populate_ddr_details_shared_table
D -         0 - sbl1_tlmm_init
D -         0 - sbl1_efs_handle_cookies
B -    863546 - OEM_MISC -  Image Load, Start
D -       793 - Auth Metadata
D -       244 - Segments hash check
D -     10645 - OEM_MISC -  Image Loaded, Delta - (7512 Bytes)
B -    877485 - QTI_MISC -  Image Load, Start
D -      5703 - QTI_MISC -  Image Loaded, Delta - (0 Bytes)
B -    892735 - PM: PM Total Mem Allocated: 2340 
D -      5460 - sbl1_pm_aop_pre_init_wrapper
B -    897401 - AOP -  Image Load, Start
D -       702 - Auth Metadata
D -      1586 - Segments hash check
D -     18361 - AOP -  Image Loaded, Delta - (203304 Bytes)
B -    919087 - QSEE Dev Config -  Image Load, Start
D -       580 - Auth Metadata
D -       488 - Segments hash check
D -     13054 - QSEE Dev Config -  Image Loaded, Delta - (41144 Bytes)
B -    941138 - QSEE -  Image Load, Start
D -     17721 - Auth Metadata
D -     22113 - Segments hash check
D -    230306 - QSEE -  Image Loaded, Delta - (3734195 Bytes)
D -         0 - sbl1_hw_play_vibr
B -   1180380 - SEC -  Image Load, Start
D -      3355 - SEC -  Image Loaded, Delta - (64 Bytes)
B -   1187273 - CPUCPFW -  Image Load, Start
D -     17080 - Auth Metadata
D -     17629 - Segments hash check
D -     52826 - CPUCPFW -  Image Loaded, Delta - (171300 Bytes)
B -   1249127 - QHEE -  Image Load, Start
D -     17324 - Auth Metadata
D -      5154 - Segments hash check
D -     41206 - QHEE -  Image Loaded, Delta - (432112 Bytes)
B -   1293627 - APPSBL -  Image Load, Start
D -       763 - Auth Metadata
D -     15494 - Segments hash check
D -    170800 - APPSBL -  Image Loaded, Delta - (3620864 Bytes)
D -         0 - sbl1_save_appsbl_index
B -   1473638 - SBL1, End
D -   1407423 - SBL1, Delta
S - Flash Throughput, 23235 KB/s  (8411417 Bytes,  362892 us)
S - DDR Frequency, 1555 MHz


UEFI Start     [ 1685]
 - 0x09F001000 [ 1687] Sec.efi
ASLR        : OFF [WARNING]
DEP         : ON (RTB)
Timer Delta : +2 mS
RAM Entry 0 : Base 0x0080000000  Size 0x003B600000
RAM Entry 1 : Base 0x0180000000  Size 0x0100000000
RAM Entry 2 : Base 0x00C0000000  Size 0x00C0000000
Total Available RAM : 8118 MB (0x01FB600000)
Total Installed RAM : 8192 MB (0x0200000000)
Init 7 aux cores of 7
Init CPU core 1
Init CPU core 2
Init CPU core 3
Init CPU core 4
Init CPU core 5
Init CPU core 6
Init CPU core 7
  > Scheduler up on Core 1
Continue booting UEFI on Core 0
  > Scheduler up on Core 2
  > Scheduler up on Core 3
UEFI Ver    : 6.0.260120.BOOT.MXF.1.0.1-00549-KODIAKWP-1
Build Info  : 64b Jan 20 2026 21:01:25
Boot Device : NVME
PROD Mode   : TRUE
Retail      : TRUE
  > Scheduler up on Core 7
  > Scheduler up on Core 5
  > Scheduler up on Core 4
  > Scheduler up on Core 6
tz_armv8_smc_call failed, TzStatus = 0xFFFFFFFE,  SmcId = 0x32000403  
QseeResponse->result = 0xFFFFFF0F
Status = 0x7
Scm command failed to get RPMB provisioning State, Status: 0x00000007
TpmType returned from TZ (LoadApps.c)= 0x6654504D. 
tz_armv8_smc_call failed, TzStatus = 0xFFFFFFFE,  SmcId = 0x32000109  
QseeResponse->result = 0xFFFFFFFF
Status = 0x7
ActivateTzEmbeddedSecureImage Failed
tz_armv8_smc_call failed, TzStatus = 0xFFFFFFFE,  SmcId = 0x32000109  
QseeResponse->result = 0xFFFFFFFF
Status = 0x7
ActivateTzEmbeddedSecureImage Failed
Card Detection FAILED! Handle 0, Slot 0
eMMC module not found
HW Wdog Setting from PCD : Disabled
UFS GPIO7 value is 1
Skipping UFS initialization
PM0: 47, PM1: 63, PM2: 49, PM8: 46, 
Module cannot re-initialize DAL module environment
QcomChargerDxe:: QcomChargerInitialize Unsupported platform or PMIC. 
UsbConfigInit: Device isSku1Variant: 0
UsbConfigInit: SchgPmicInfo.PmicIndex =  (0x8)
UsbStartController: Starting Core 0 in mode: 1
SSUsbSetPhyMode: MuxValue:3, CCOutStatus:1
SSUsbSetPhyMode: CoreNum:0, MuxValue:3, CCOutStatus:1
UsbStartController: Starting Core 1 in mode: 1
UsbEnumeratePort: new device connected at port 0, HubIfc =0xFA9D8C18 
DisplayDxe: External Panel Mode#0 1024x600 59Hz selected.
Device booted from NVME/SPI_NORUsbEnumNewDevRootHub: HIGH on port 0
 UsbEnumNewDevRootHub: vid = 0x1A40 pid = 0x0101, Addr = 1
TpmCmdMaxSize  4096  TpmRspMaxSize  4096  
TpmManufacturerID  0x4D4F4351  
TpmHashAlgoBitmap  0x7  TpmActivePcrBanks 0x2 
ActivePcrBanks     0x2 
IndexArray 0x1  0xFF  0xFF 

UpdateMemoryArrayInfoTable: DDR Details: Manufacturer ID: 19, Device Type: 8, Num Channels: 2
UsbEnumeratePort: new device connected at port 1, HubIfc =0xFA9BEC98 
tz_armv8_smc_call failed, TzStatus = 0xFFFFFFFE,  SmcId = 0x32000401  
QseeResponse->result = 0xFFFFFF03
Status = 0x7
RpmbAutoProvisionMain: RPMB is already provisioned.
PCIE Port 0 Configuration Found! 
PCIE Port 1 Configuration Found! 
PCIe enum (0x3) start : 3684
Training start : 3719
UsbEnumNewDevHub: FULL on port 1
UsbSelectConfig: failed to connect driver Not Found, ignored
Wait for link up start : 3768
PCIe Link up on port 0
UsbEnumeratePort: new device connected at port 3, HubIfc =0xFA9BEC98 
UsbEnumNewDevHub: HIGH on port 3
UsbSelectConfig: failed to connect driver Not Found, ignored
Link up Failed..!! PCIe1, PARF_LTSSM: 0x0 
Training complete : 4019
Port 0 : x1, Gen 1
PCIe Links ready : 4020
PCIe Links setup in 336 ms
[EC] [FmpDeviceInit 1209] EC device is not initialized, Platform is 6490_IOT_industrial_kit or Dragon_Q6A
[EC] [FmpDeviceGetImageTypeIdGuidPtr 226] EC device is not active, returning Unsupported
[EC] [FmpDeviceGetVersion 563] EC device is not active, returning Unsupported
[EC] [FmpDeviceGetVersion 563] EC device is not active, returning Unsupported
[EC] [FmpDeviceGetLowestSupportedVersion 352] EC device is not yet initialized!
[KB] [I2CKeyboardEntryPoint 1882] - Unsupported platform type  32
 Could not find the Reset Data region .
[=3h[2J[0m[35m[40m ConnectConsoles Delta : 50865 micro sec
WaitParallelThreads InIt [ 4107] 
UEFI Ver           : 6.0.260120.BOOT.MXF.1.0.1-00549-KODIAKWP-1
Platform           : IOT
SKUVersion         : 32
Subtype            : 7
Boot Device        : NVME
Chip Name          : QCS6490
Chip Ver           : 1.0
Chip Num           : 0x8DBDDD5E
Chip ECID          : 0x042F8DBDDD5E
-----------------------------
 PlatformBdsPostConsoleInit Delta : 2297 micro sec
Continuing with BDS initialization
[QcomBds] No default boot app specified
 PlatformSecurityInit Delta : 370 micro sec
Block IO handles of partition /'C12A7328-F81F-11D2-BA4B-00A0C93EC93B/' not found
Failed to get block size of EFI partition. Status: Not Found
InitStoragePointersForCapsuleRawFile returned - Not Found!
InitCapsuleStoragePointers returned - Not Found.
DoCapsuleUpdate Delta : 1853 micro sec
ACPI: Loaded 1 tables
AML: AmlUpdateSjtg FEATURE_ID buffer is 0
AML: AmlUpdateSjtg JTAG_ID buffer is 1671393
Attempting to start: Firmware provisioning
: DppProtocol->GetDPP returned Not Found
 HandleMorPpi delta: 1
Platform Init End : 4126
-----------------------------
 PlatBdsSocPostProc Delta : 14438 micro sec
WARNING: TPM2 Event log has HashAlg unsupported by PCR bank (0x4)
WARNING: TPM2 Event log has HashAlg unsupported by PCR bank (0xC)
Get Smbios ---, Status = (0x800000000000000E)
GetEmmcHandle failed, Status = 0x0
 PlatBdsPostFwConfigSec Delta : 10537 micro sec
 Entered MeasurePeImg...
/local/mnt/workspace/CRMBuilds/BOOT.MXF.1.0.1-00549-KODIAKWP-1_20250921_095415/b/boot_images/boot/QcomPkg/Drivers/TrEEDxe/TrEEDxe.c..HashLogExtendEvent:480 Failed! input = 0x2  
/local/mnt/workspace/CRMBuilds/BOOT.MXF.1.0.1-00549-KODIAKWP-1_20250921_095415/b/boot_images/boot/QcomPkg/Drivers/MeasureBootDxe/MeasureBootDxe.c..HashExtendLogTreeEvent: 319 Failed! input = 0x1  
/local/mnt/workspace/CRMBuilds/BOOT.MXF.1.0.1-00549-KODIAKWP-1_20250921_095415/b/boot_images/boot/QcomPkg/Drivers/MeasureBootDxe/MeasureBootDxe.c..MeasurePeImgAll: 1290 Failed! input = 0x1  
/local/mnt/workspace/CRMBuilds/BOOT.MXF.1.0.1-00549-KODIAKWP-1_20250921_095415/b/boot_images/boot/QcomPkg/Drivers/MeasureBootDxe/MeasureBootDxe.c..MeasureBootVariables:782 Failed! input = 0xE  
/local/mnt/workspace/CRMBuilds/BOOT.MXF.1.0.1-00549-KODIAKWP-1_20250921_095415/b/boot_images/boot/QcomPkg/Drivers/MeasureBootDxe/MeasureBootDxe.c..MeasurePeImgAll: 1293 Failed! input = 0x1  
Press F2 to enter Setup, F5 to enter UEFI Shell, F12 to enter Boot menu
Auto boot in 5 seconds
Auto boot in 4 seconds
Auto boot in 3 seconds
Auto boot in 2 seconds
Auto boot in 1 seconds
UEFI Total : 7871 ms
POST Time      [ 9556] OS Loader
[QcomBds] Could not find bootable handle
UEFI Total : 8264 ms
POST Time      [ 9949] OS Loader
[QcomBds] Could not find bootable handle
[QcomBds] Boot Device Order:
[QcomBds]   [0]: USB
[QcomBds]   [1]: SD
[QcomBds]   [2]: NVMe
[QcomBds]   [3]: eMMC
[QcomBds]   [4]: UFS
[QcomBds] Trying device 0: USB
[QcomBds] Trying device 1: SD
UEFI Total : 10753 ms
POST Time      [12438] OS Loader
 Entered MeasurePeImg...
/local/mnt/workspace/CRMBuilds/BOOT.MXF.1.0.1-00549-KODIAKWP-1_20250921_095415/b/boot_images/boot/QcomPkg/Drivers/TrEEDxe/TrEEDxe.c..HashLogExtendEvent:480 Failed! input = 0x2  
/local/mnt/workspace/CRMBuilds/BOOT.MXF.1.0.1-00549-KODIAKWP-1_20250921_095415/b/boot_images/boot/QcomPkg/Drivers/MeasureBootDxe/MeasureBootDxe.c..HashExtendLogTreeEvent: 319 Failed! input = 0x1  
/local/mnt/workspace/CRMBuilds/BOOT.MXF.1.0.1-00549-KODIAKWP-1_20250921_095415/b/boot_images/boot/QcomPkg/Drivers/MeasureBootDxe/MeasureBootDxe.c..MeasurePeImgAll: 1290 Failed! input = 0x1  
[0m[37m[40m[INFO] efi_main: embloader (Embedded Bootloader) version 0.4.r1.9f8e74b
[DEBUG] efi_main: function efi_main at 0xf0383678
[WARNING] find_embloader_folder: embloader folder not found
[DEBUG] efi_main: Final configuration:
[DEBUG] config: {}
[INFO] efi_main: parsing smbios
[WARNING] efi_main: no matched device found in config
[INFO] sdboot_boot_load_menu: loading systemd-boot menu
[INFO] sdboot_check_fs: Found systemd-boot folder in VenHw(D1531D41-3F80-4091-8D0A-541F59236D66)/HD(
1,GPT,C1732562-6DA2-46B1-811B-94B3FD594248,0x800,0x80000)
[INFO] sdboot_boot_load_file: loading sdboot boot config from file /loader/loader.conf
[INFO] sdboot_boot_load_file: loading sdboot boot config from file android.conf
[DEBUG] sdboot_boot_load_file: created sdboot loader android
[DEBUG] sdboot_boot_load_root: use timeout value 5 from sdboot config
[DEBUG] sdboot_boot_load_root: found default entry android.conf in sdboot config
[DEBUG] sdboot_boot_load_root: use default entry android.conf from sdboot config
[INFO] sdboot_boot_load_menu: loaded systemd-boot menu from current device
[Warn]	(0.000, +0)	 lv_uefi_simple_pointer_indev_add_handle: [lv_uefi] The SIMPLE_POINTER inter
face is not valid. lv_uefi_indev_pointer.c:124

Embedded Boot Loader GUI Menu Serial Alternative
[INFO] embloader_gui_menu_start: lvgl gui menu started
[WARNING] load_xml_from: failed to read XML file menu-main.xml for menu-main: Invalid Parameter
[WARNING] filter_supports: disabled for Qualcomm UEFI
[WARNING] embloader_tui_menu_start: this platform have bad console, skip TUI menu

========================================
= Embedded Bootloader menu
========================================
  1. Android 13 ??? Dragon Q6A
  2. Reboot Into Firmware Interface
========================================
Menu timeout: 5 seconds
Default option: (1) Android 13 ??? Dragon Q6A
Select an option (1-2) or press Enter to boot default: 
Timeout
Booting default option (1) Android 13 ??? Dragon Q6A

[INFO] embloader_loader_boot: booting Android 13 ??? Dragon Q6A (android) ...
[INFO] embloader_loader_boot_sdboot: booting sdboot loader Android 13 ??? Dragon Q6A ...
[INFO] linux_load_kernel: loading kernel /Android/Image
[INFO] linux_load_kernel: loaded kernel /Android/Image size 61.25MiB (64223744 bytes)
[INFO] linux_load_kernel: kernel /Android/Image at 0xf6374000 with 15680 pages
[INFO] linux_load_initramfs: loading initramfs /Android/ramdisk.img
[INFO] linux_load_initramfs: loaded initramfs /Android/ramdisk.img size 15.90MiB (15823297 bytes)
[INFO] linux_load_initramfs: loaded 1 initramfs size 15.90MiB (15823297 bytes)
[INFO] linux_load_initramfs: initramfs collections (1) at 0xef00b000 with 3864 pages
[INFO] linux_load_bootargs: loaded bootargs console=tty0 console=ttyMSM0,115200n8 earlycon=qcom_geni
,0x00994000 fbcon=nodefer video=efifb:keep video=HDMI-A-1:1280x720@60e keep_bootcon ignore_loglevel 
loglevel=8 modprobe.blacklist=msm panic=10 coherent_pool=2M firmware_class.path=/vendor/firmware irq
chip.gicv3_pseudo_nmi=0 psi=1 selinux=1 androidboot.force_normal_boot=1 androidboot.slot_suffix=_a a
ndroidboot.hardware=dragon_q6a androidboot.selinux=permissive androidboot.boot_devices=soc@0/8804000
.mmc lsm=landlock,lockdown,yama,integrity,selinux,bpf printk.devkmsg=on
[DEBUG] linux_try_load_dtb: try load dtb /Android/qcs6490-radxa-dragon-q6a.dtb
[INFO] linux_try_load_dtb: read dtb /Android/qcs6490-radxa-dragon-q6a.dtb size 180.70KiB (184388 byt
es)
[INFO] linux_try_load_dtb: load dtb /Android/qcs6490-radxa-dragon-q6a.dtb successfully
[INFO] linux_try_load_dtb: dtb model: Radxa Dragon Q6A
[INFO] linux_try_load_dtb: dtb compatible: radxa,dragon-q6a
[DEBUG] linux_data_load: linux boot data prepared
[DEBUG] efi_dtfixup: applying efi dtfixup protocol
[INFO] efi_dtfixup: efi dtfixup applied successfully
[INFO] embloader_start_efi: load efi image at 0xf6374000...
 Entered MeasurePeImg...
/local/mnt/workspace/CRMBuilds/BOOT.MXF.1.0.1-00549-KODIAKWP-1_20250921_095415/b/boot_images/boot/QcomPkg/Drivers/TrEEDxe/TrEEDxe.c..HashLogExtendEvent:480 Failed! input = 0x2  
/local/mnt/workspace/CRMBuilds/BOOT.MXF.1.0.1-00549-KODIAKWP-1_20250921_095415/b/boot_images/boot/QcomPkg/Drivers/MeasureBootDxe/MeasureBootDxe.c..HashExtendLogTreeEvent: 319 Failed! input = 0x1  
/local/mnt/workspace/CRMBuilds/BOOT.MXF.1.0.1-00549-KODIAKWP-1_20250921_095415/b/boot_images/boot/QcomPkg/Drivers/MeasureBootDxe/MeasureBootDxe.c..MeasurePeImgAll: 1290 Failed! input = 0x1  
DetectLinuxKernelVersion Delta : 42507 micro sec
[INFO] embloader_start_efi: use cmdline console=tty0 console=ttyMSM0,115200n8 earlycon=qcom_geni,0x0
0994000 fbcon=nodefer video=efifb:keep video=HDMI-A-1:1280x720@60e keep_bootcon ignore_loglevel logl
evel=8 modprobe.blacklist=msm panic=10 coherent_pool=2M firmware_class.path=/vendor/firmware irqchip
.gicv3_pseudo_nmi=0 psi=1 selinux=1 androidboot.force_normal_boot=1 androidboot.slot_suffix=_a andro
idboot.hardware=dragon_q6a androidboot.selinux=permissive androidboot.boot_devices=soc@0/8804000.mmc
 lsm=landlock,lockdown,yama,integrity,selinux,bpf printk.devkmsg=on
[INFO] embloader_start_efi: start efi image...
Start EBS        [23059] 
Start EBS        [23062] 
ScmArmV8ExitBootServicesHandler, Status = 0x0. 
Exit EBS        [24001] UEFI End
[    0.000000] printk: debug: ignoring loglevel setting.
[    0.000000] efi: EFI v2.7 by Qualcomm Technologies, Inc.
[    0.000000] efi: ACPI 2.0=0xffffd000 MEMATTR=0xfa462018 ESRT=0xfa236e98 SMBIOS=0xffed1000 TPMEventLog=0xfffc6018 INITRD=0xf0075f98 RNG=0xfffc6e98 MEMRESERVE=0xf0075d18 
[    0.000000] random: crng init done
[    0.000000] TPM Final Events table not present
[    0.000000] esrt: Reserving ESRT space from 0x00000000fa236e98 to 0x00000000fa236ef8.
[    0.000000] OF: reserved mem: 0x0000000080000000..0x00000000805fffff (6144 KiB) nomap non-reusable hyp@80000000
[    0.000000] OF: reserved mem: 0x0000000080600000..0x00000000807fffff (2048 KiB) nomap non-reusable xbl@80600000
[    0.000000] OF: reserved mem: 0x0000000080800000..0x000000008085ffff (384 KiB) nomap non-reusable aop@80800000
[    0.000000] OF: reserved mem: 0x0000000080860000..0x000000008087ffff (128 KiB) nomap non-reusable aop-cmd-db@80860000
[    0.000000] OF: reserved mem: 0x0000000080884000..0x0000000080893fff (64 KiB) nomap non-reusable xbl-uefi-res@80880000
[    0.000000] OF: reserved mem: 0x00000000808ff000..0x00000000808fffff (4 KiB) nomap non-reusable sec-apps@808ff000
[    0.000000] OF: reserved mem: 0x0000000080900000..0x0000000080afffff (2048 KiB) nomap non-reusable smem@80900000
[    0.000000] OF: reserved mem: 0x0000000080b00000..0x0000000080bfffff (1024 KiB) nomap non-reusable cpucp@80b00000
[    0.000000] OF: reserved mem: 0x0000000081800000..0x00000000826fffff (15360 KiB) nomap non-reusable lpass-ml@81800000
[    0.000000] OF: reserved mem: 0x0000000082700000..0x000000008270ffff (64 KiB) nomap non-reusable cdsp-secure-heap@82700000
[    0.000000] OF: reserved mem: 0x000000008b800000..0x000000008dffffff (40960 KiB) nomap non-reusable adsp@8b800000
[    0.000000] OF: reserved mem: 0x000000008e000000..0x000000008fdfffff (30720 KiB) nomap non-reusable cdsp@8e000000
[    0.000000] OF: reserved mem: 0x000000008fe00000..0x00000000902fffff (5120 KiB) nomap non-reusable video@8fe00000
[    0.000000] OF: reserved mem: 0x0000000090300000..0x0000000090304fff (20 KiB) nomap non-reusable zap@90300000
[    0.000000] OF: reserved mem: 0x00000000c0000000..0x00000000c00fffff (1024 KiB) nomap non-reusable tz-stat@c0000000
[    0.000000] OF: reserved mem: 0x00000000c0100000..0x00000000c12fffff (18432 KiB) nomap non-reusable tags@c0100000
[    0.000000] OF: reserved mem: 0x00000000c1300000..0x00000000c17fffff (5120 KiB) nomap non-reusable qtee@c1300000
[    0.000000] OF: reserved mem: 0x00000000c1800000..0x00000000c39fffff (34816 KiB) nomap non-reusable trusted-apps@c1800000
[    0.000000] OF: reserved mem: 0x00000000c6500000..0x00000000c6cfffff (8192 KiB) nomap non-reusable adsp-rpc-remote-heap@c6500000
[    0.000000] NUMA: Faking a node at [mem 0x0000000080000000-0x000000027fffffff]
[    0.000000] NODE_DATA(0) allocated [mem 0x27eda9c00-0x27edad37f]
[    0.000000] Zone ranges:
[    0.000000]   DMA      [mem 0x0000000080000000-0x00000000ffffffff]
[    0.000000]   DMA32    empty
[    0.000000]   Normal   [mem 0x0000000100000000-0x000000027fffffff]
[    0.000000]   Device   empty
[    0.000000] Movable zone start for each node
[    0.000000] Early memory node ranges
[    0.000000]   node   0: [mem 0x0000000080000000-0x00000000807fffff]
[    0.000000]   node   0: [mem 0x0000000080884000-0x00000000808b3fff]
[    0.000000]   node   0: [mem 0x00000000808b4000-0x00000000808fefff]
[    0.000000]   node   0: [mem 0x00000000808ff000-0x00000000808fffff]
[    0.000000]   node   0: [mem 0x0000000080b00000-0x000000008270ffff]
[    0.000000]   node   0: [mem 0x0000000082710000-0x00000000842fffff]
[    0.000000]   node   0: [mem 0x0000000084800000-0x000000008b7fffff]
[    0.000000]   node   0: [mem 0x0000000090309000-0x000000009f5f6fff]
[    0.000000]   node   0: [mem 0x000000009f5f7000-0x000000009f5fffff]
[    0.000000]   node   0: [mem 0x000000009f600000-0x000000009fffffff]
[    0.000000]   node   0: [mem 0x00000000a0000000-0x00000000a0001fff]
[    0.000000]   node   0: [mem 0x00000000a0002000-0x00000000a07fffff]
[    0.000000]   node   0: [mem 0x00000000a0800000-0x00000000a0afffff]
[    0.000000]   node   0: [mem 0x00000000a0b00000-0x00000000bb5fffff]
[    0.000000]   node   0: [mem 0x00000000c3a00000-0x00000000c50fffff]
[    0.000000]   node   0: [mem 0x00000000c6000000-0x00000000c64fffff]
[    0.000000]   node   0: [mem 0x00000000c6d00000-0x00000000c90fffff]
[    0.000000]   node   0: [mem 0x00000000c9100000-0x00000000eedfffff]
[    0.000000]   node   0: [mem 0x00000000eee00000-0x00000000eeffffff]
[    0.000000]   node   0: [mem 0x00000000ef000000-0x00000000ffa75fff]
[    0.000000]   node   0: [mem 0x00000000ffa76000-0x00000000fff21fff]
[    0.000000]   node   0: [mem 0x00000000fff22000-0x000000027fffffff]
[    0.000000] Initmem setup node 0 [mem 0x0000000080000000-0x000000027fffffff]
[    0.000000] On node 0, zone DMA: 132 pages in unavailable ranges
[    0.000000] On node 0, zone DMA: 512 pages in unavailable ranges
[    0.000000] On node 0, zone DMA: 1280 pages in unavailable ranges
[    0.000000] On node 0, zone DMA: 19209 pages in unavailable ranges
[    0.000000] On node 0, zone DMA: 33792 pages in unavailable ranges
[    0.000000] On node 0, zone DMA: 3840 pages in unavailable ranges
[    0.000000] On node 0, zone DMA: 2048 pages in unavailable ranges
[    0.000000] cma: Reserved 32 MiB at 0x00000000fda00000
[    0.000000] psci: probing for conduit method from DT.
[    0.000000] psci: PSCIv1.1 detected in firmware.
[    0.000000] psci: Using standard PSCI v0.2 function IDs
[    0.000000] psci: MIGRATE_INFO_TYPE not supported.
[    0.000000] psci: SMC Calling Convention v1.1
[    0.000000] psci: OSI mode supported.
[    0.000000] psci: [Firmware Bug]: failed to set PC mode: -3
[    0.000000] percpu: Embedded 26 pages/cpu s66328 r8192 d31976 u106496
[    0.000000] pcpu-alloc: s66328 r8192 d31976 u106496 alloc=26*4096
[    0.000000] pcpu-alloc: [0] 0 [0] 1 [0] 2 [0] 3 [0] 4 [0] 5 [0] 6 [0] 7 
[    0.000000] Detected VIPT I-cache on CPU0
[    0.000000] CPU features: detected: GICv3 CPU interface
[    0.000000] CPU features: kernel page table isolation forced ON by KASLR
[    0.000000] CPU features: detected: Kernel page table isolation (KPTI)
[    0.000000] CPU features: detected: Qualcomm erratum 1009, or ARM erratum 1286807, 2441009
[    0.000000] CPU features: detected: ARM errata 1165522, 1319367, or 1530923
[    0.000000] alternatives: applying boot alternatives
[    0.000000] Kernel command line: console=tty0 console=ttyMSM0,115200n8 earlycon=qcom_geni,0x00994000 fbcon=nodefer video=efifb:keep video=HDMI-A-1:1280x720@60e keep_bootcon ignore_loglevel loglevel=8 modprobe.blacklist=msm panic=10 coherent_pool=2M firmware_class.path=/vendor/firmware irqchip.gicv3_pseudo_nmi=0 psi=1 selinux=1 androidboot.force_normal_boot=1 androidboot.slot_suffix=_a androidboot.hardware=dragon_q6a androidboot.selinux=permissive androidboot.boot_devices=soc@0/8804000.mmc lsm=landlock,lockdown,yama,integrity,selinux,bpf printk.devkmsg=on
[    0.000000] printk: log buffer data + meta data: 2097152 + 7340032 = 9437184 bytes
[    0.000000] Dentry cache hash table entries: 1048576 (order: 11, 8388608 bytes, linear)
[    0.000000] Inode-cache hash table entries: 524288 (order: 10, 4194304 bytes, linear)
[    0.000000] software IO TLB: area num 8.
[    0.000000] software IO TLB: mapped [mem 0x00000000f6236000-0x00000000fa236000] (64MB)
[    0.000000] Fallback order for Node 0: 0 
[    0.000000] Built 1 zonelists, mobility grouping on.  Total pages: 2036339
[    0.000000] Policy zone: Normal
[    0.000000] mem auto-init: stack:all(zero), heap alloc:on, heap free:off
[    0.000000] stackdepot: allocating hash table via alloc_large_system_hash
[    0.000000] stackdepot hash table entries: 524288 (order: 11, 8388608 bytes, linear)
[    0.000000] stackdepot: allocating space for 8192 stack pools via memblock
[    0.000000] SLUB: HWalign=64, Order=0-3, MinObjects=0, CPUs=8, Nodes=1
[    0.000000] Dynamic Preempt: voluntary
[    0.000000] rcu: Preemptible hierarchical RCU implementation.
[    0.000000] rcu: 	RCU restricting CPUs from NR_CPUS=512 to nr_cpu_ids=8.
[    0.000000] rcu: 	RCU priority boosting: priority 1 delay 500 ms.
[    0.000000] 	Trampoline variant of Tasks RCU enabled.
[    0.000000] 	Tracing variant of Tasks RCU enabled.
[    0.000000] rcu: RCU calculated value of scheduler-enlistment delay is 100 jiffies.
[    0.000000] rcu: Adjusting geometry for rcu_fanout_leaf=16, nr_cpu_ids=8
[    0.000000] RCU Tasks: Setting shift to 3 and lim to 1 rcu_task_cb_adjust=1 rcu_task_cpu_ids=8.
[    0.000000] RCU Tasks Trace: Setting shift to 3 and lim to 1 rcu_task_cb_adjust=1 rcu_task_cpu_ids=8.
[    0.000000] NR_IRQS: 64, nr_irqs: 64, preallocated irqs: 0
[    0.000000] GICv3: 928 SPIs implemented
[    0.000000] GICv3: 0 Extended SPIs implemented
[    0.000000] GICv3: MBI range [832:959]
[    0.000000] GICv3: Using MBI frame 0x0000000017a10000
[    0.000000] Root IRQ handler: gic_handle_irq
[    0.000000] GICv3: GICv3 features: 16 PPIs
[    0.000000] GICv3: GICD_CTLR.DS=0, SCR_EL3.FIQ=1
[    0.000000] GICv3: CPU0: found redistributor 0 region 0:0x0000000017a60000
[    0.000000] ITS: No ITS available, not enabling LPIs
[    0.000000] rcu: srcu_init: Setting srcu_struct sizes based on contention.
[    0.000000] arch_timer: cp15 timer running at 19.20MHz (virt).
[    0.000000] clocksource: arch_sys_counter: mask: 0xffffffffffffff max_cycles: 0x46d987e47, max_idle_ns: 440795202767 ns
[    0.000000] sched_clock: 56 bits at 19MHz, resolution 52ns, wraps every 4398046511078ns
[    0.008778] kfence: initialized - using 2097152 bytes for 255 objects at 0x(____ptrval____)-0x(____ptrval____)
[    0.019203] Console: colour dummy device 80x25
[    0.023779] printk: legacy console [tty0] enabled
[    0.029321] Calibrating delay loop (skipped), value calculated using timer frequency.. 38.40 BogoMIPS (lpj=19200)
[    0.039869] pid_max: default: 32768 minimum: 301
[    0.044743] LSM: initializing lsm=capability,landlock,yama,selinux
[    0.051221] landlock: Up and running.
[    0.054993] Yama: becoming mindful.
[    0.058600] SELinux:  Initializing.
[    0.062672] Mount-cache hash table entries: 16384 (order: 5, 131072 bytes, linear)
[    0.070472] Mountpoint-cache hash table entries: 16384 (order: 5, 131072 bytes, linear)
[    0.080850] rcu: Hierarchical SRCU implementation.
[    0.085792] rcu: 	Max phase no-delay instances is 400.
[    0.091306] Timer migration: 1 hierarchy levels; 8 children per group; 1 crossnode level
[    0.105325] Remapping and enabling EFI services.
[    0.110407] smp: Bringing up secondary CPUs ...
[    0.115772] Detected VIPT I-cache on CPU1
[    0.115913] GICv3: CPU1: found redistributor 100 region 0:0x0000000017a80000
[    0.115952] CPU1: Booted secondary processor 0x0000000100 [0x412fd050]
[    0.116591] Detected VIPT I-cache on CPU2
[    0.116708] GICv3: CPU2: found redistributor 200 region 0:0x0000000017aa0000
[    0.116731] CPU2: Booted secondary processor 0x0000000200 [0x412fd050]
[    0.117300] Detected VIPT I-cache on CPU3
[    0.117414] GICv3: CPU3: found redistributor 300 region 0:0x0000000017ac0000
[    0.117435] CPU3: Booted secondary processor 0x0000000300 [0x412fd050]
[    0.118523] CPU features: detected: Spectre-v4
[    0.118527] CPU features: detected: Spectre-BHB
[    0.118529] CPU features: detected: SSBS not fully self-synchronizing
[    0.118530] Detected PIPT I-cache on CPU4
[    0.118572] GICv3: CPU4: found redistributor 400 region 0:0x0000000017ae0000
[    0.118584] CPU4: Booted secondary processor 0x0000000400 [0x411fd411]
[    0.119146] Detected PIPT I-cache on CPU5
[    0.119189] GICv3: CPU5: found redistributor 500 region 0:0x0000000017b00000
[    0.119202] CPU5: Booted secondary processor 0x0000000500 [0x411fd411]
[    0.119764] Detected PIPT I-cache on CPU6
[    0.119807] GICv3: CPU6: found redistributor 600 region 0:0x0000000017b20000
[    0.119820] CPU6: Booted secondary processor 0x0000000600 [0x411fd411]
[    0.120455] Detected PIPT I-cache on CPU7
[    0.120494] GICv3: CPU7: found redistributor 700 region 0:0x0000000017b40000
[    0.120506] CPU7: Booted secondary processor 0x0000000700 [0x411fd411]
[    0.120564] smp: Brought up 1 node, 8 CPUs
[    0.267227] SMP: Total of 8 processors activated.
[    0.272065] CPU: All CPU(s) started at EL1
[    0.276297] CPU features: detected: 32-bit EL0 Support
[    0.281587] CPU features: detected: Data cache clean to the PoU not required for I/D coherence
[    0.290433] CPU features: detected: Common not Private translations
[    0.296877] CPU features: detected: CRC32 instructions
[    0.302166] CPU features: detected: Data cache clean to Point of Persistence
[    0.309410] CPU features: detected: RCpc load-acquire (LDAPR)
[    0.315326] CPU features: detected: LSE atomic instructions
[    0.321056] CPU features: detected: Privileged Access Never
[    0.326786] CPU features: detected: PMUv3
[    0.330922] CPU features: detected: RAS Extension Support
[    0.336487] CPU features: detected: Speculative Store Bypassing Safe (SSBS)
[    0.343692] alternatives: applying system-wide alternatives
[    0.353234] CPU features: detected: Hardware dirty bit management on CPU4-7
[    0.360721] Memory: 7702156K/8145356K available (19776K kernel code, 12414K rwdata, 16268K rodata, 14080K init, 3096K bss, 404300K reserved, 32768K cma-reserved)
[    0.377320] devtmpfs: initialized
[    0.385905] clocksource: jiffies: mask: 0xffffffff max_cycles: 0xffffffff, max_idle_ns: 1911260446275000 ns
[    0.395934] posixtimers hash table entries: 4096 (order: 4, 65536 bytes, linear)
[    0.403550] futex hash table entries: 2048 (131072 bytes on 1 NUMA nodes, total 128 KiB, linear).
[    0.412784] 2G module region forced by RANDOMIZE_MODULE_REGION_FULL
[    0.419219] 0 pages in range for non-PLT usage
[    0.419220] 507808 pages in range for PLT usage
[    0.424000] pinctrl core: initialized pinctrl subsystem
[    0.434901] SMBIOS 3.3 present.
[    0.438141] DMI: Radxa Computer Co., Ltd. Radxa Dragon Q6A/Radxa Dragon Q6A, BIOS 6.0.260120.BOOT.MXF.1.0.1-00549-KODIAKWP-1 01/20/2026
[    0.450631] DMI: Memory slots populated: 1/1
[    0.456311] NET: Registered PF_NETLINK/PF_ROUTE protocol family
[    0.463001] DMA: preallocated 2048 KiB GFP_KERNEL pool for atomic allocations
[    0.470601] DMA: preallocated 2048 KiB GFP_KERNEL|GFP_DMA pool for atomic allocations
[    0.478899] DMA: preallocated 2048 KiB GFP_KERNEL|GFP_DMA32 pool for atomic allocations
[    0.487155] audit: initializing netlink subsys (disabled)
[    0.492817] audit: type=2000 audit(0.185:1): state=initialized audit_enabled=0 res=1
[    0.493402] thermal_sys: Registered thermal governor 'fair_share'
[    0.500772] thermal_sys: Registered thermal governor 'step_wise'
[    0.507035] thermal_sys: Registered thermal governor 'user_space'
[    0.513208] thermal_sys: Registered thermal governor 'power_allocator'
[    0.519492] cpuidle: using governor ladder
[    0.530421] cpuidle: using governor menu
[    0.534488] NET: Registered PF_QIPCRTR protocol family
[    0.539908] hw-breakpoint: found 6 breakpoint and 4 watchpoint registers.
[    0.546974] ASID allocator initialised with 32768 entries
[    0.553146] Serial: AMBA PL011 UART driver
[    0.558689] CPUidle PSCI: Initialized CPU PM domain topology using OSI mode
[    0.568754] /soc@0/stm@6002000: Fixed dependency cycle(s) with /soc@0/funnel@6041000
[    0.576722] /soc@0/funnel@6041000: Fixed dependency cycle(s) with /soc@0/stm@6002000
[    0.584688] /soc@0/funnel@6041000: Fixed dependency cycle(s) with /soc@0/funnel@6045000
[    0.592914] /soc@0/funnel@6042000: Fixed dependency cycle(s) with /soc@0/funnel@7810000
[    0.601136] /soc@0/funnel@6042000: Fixed dependency cycle(s) with /soc@0/funnel@6045000
[    0.609362] /soc@0/funnel@6045000: Fixed dependency cycle(s) with /soc@0/funnel@6042000
[    0.617580] /soc@0/funnel@6045000: Fixed dependency cycle(s) with /soc@0/funnel@6041000
[    0.625803] /soc@0/funnel@6045000: Fixed dependency cycle(s) with /soc@0/funnel@6b04000
[    0.634028] /soc@0/replicator@6046000: Fixed dependency cycle(s) with /soc@0/replicator@6b06000
[    0.642963] /soc@0/replicator@6046000: Fixed dependency cycle(s) with /soc@0/etr@6048000
[    0.651277] /soc@0/etr@6048000: Fixed dependency cycle(s) with /soc@0/replicator@6046000
[    0.659591] /soc@0/funnel@6b04000: Fixed dependency cycle(s) with /soc@0/funnel@6045000
[    0.667811] /soc@0/funnel@6b04000: Fixed dependency cycle(s) with /soc@0/etf@6b05000
[    0.675769] /soc@0/etf@6b05000: Fixed dependency cycle(s) with /soc@0/funnel@6b04000
[    0.683720] /soc@0/etf@6b05000: Fixed dependency cycle(s) with /soc@0/replicator@6b06000
[    0.692035] /soc@0/replicator@6b06000: Fixed dependency cycle(s) with /soc@0/etf@6b05000
[    0.700342] /soc@0/replicator@6b06000: Fixed dependency cycle(s) with /soc@0/replicator@6046000
[    0.709281] /soc@0/etm@7040000: Fixed dependency cycle(s) with /soc@0/funnel@7800000
[    0.717240] /soc@0/etm@7140000: Fixed dependency cycle(s) with /soc@0/funnel@7800000
[    0.725200] /soc@0/etm@7240000: Fixed dependency cycle(s) with /soc@0/funnel@7800000
[    0.733159] /soc@0/etm@7340000: Fixed dependency cycle(s) with /soc@0/funnel@7800000
[    0.741118] /soc@0/etm@7440000: Fixed dependency cycle(s) with /soc@0/funnel@7800000
[    0.749077] /soc@0/etm@7540000: Fixed dependency cycle(s) with /soc@0/funnel@7800000
[    0.757035] /soc@0/etm@7640000: Fixed dependency cycle(s) with /soc@0/funnel@7800000
[    0.764997] /soc@0/etm@7740000: Fixed dependency cycle(s) with /soc@0/funnel@7800000
[    0.772950] /soc@0/funnel@7800000: Fixed dependency cycle(s) with /soc@0/etm@7740000
[    0.780900] /soc@0/funnel@7800000: Fixed dependency cycle(s) with /soc@0/etm@7640000
[    0.788853] /soc@0/funnel@7800000: Fixed dependency cycle(s) with /soc@0/etm@7540000
[    0.796803] /soc@0/funnel@7800000: Fixed dependency cycle(s) with /soc@0/etm@7440000
[    0.804755] /soc@0/funnel@7800000: Fixed dependency cycle(s) with /soc@0/etm@7340000
[    0.812706] /soc@0/funnel@7800000: Fixed dependency cycle(s) with /soc@0/etm@7240000
[    0.820656] /soc@0/funnel@7800000: Fixed dependency cycle(s) with /soc@0/etm@7140000
[    0.828608] /soc@0/funnel@7800000: Fixed dependency cycle(s) with /soc@0/etm@7040000
[    0.836563] /soc@0/funnel@7800000: Fixed dependency cycle(s) with /soc@0/funnel@7810000
[    0.844788] /soc@0/funnel@7810000: Fixed dependency cycle(s) with /soc@0/funnel@7800000
[    0.853009] /soc@0/funnel@7810000: Fixed dependency cycle(s) with /soc@0/funnel@6042000
[    0.861249] /soc@0/phy@88e8000: Fixed dependency cycle(s) with /soc@0/display-subsystem@ae00000/displayport-controller@ae90000
[    0.872942] /soc@0/phy@88e8000: Fixed dependency cycle(s) with /soc@0/usb@a600000
[    0.880655] /soc@0/usb@a600000: Fixed dependency cycle(s) with /soc@0/phy@88e8000
[    0.888357] /soc@0/clock-controller@af00000: Fixed dependency cycle(s) with /soc@0/phy@88e8000
[    0.897211] /soc@0/display-subsystem@ae00000: Fixed dependency cycle(s) with /soc@0/clock-controller@af00000
[    0.907312] /soc@0/display-subsystem@ae00000/display-controller@ae01000: Fixed dependency cycle(s) with /soc@0/display-subsystem@ae00000/displayport-controller@ae90000
[    0.922660] /soc@0/display-subsystem@ae00000/display-controller@ae01000: Fixed dependency cycle(s) with /soc@0/display-subsystem@ae00000
[    0.935250] /soc@0/display-subsystem@ae00000/display-controller@ae01000: Fixed dependency cycle(s) with /soc@0/clock-controller@af00000
[    0.947751] /soc@0/display-subsystem@ae00000/displayport-controller@ae90000: Fixed dependency cycle(s) with /soc@0/display-subsystem@ae00000/display-controller@ae01000
[    0.963087] /soc@0/display-subsystem@ae00000/displayport-controller@ae90000: Fixed dependency cycle(s) with /soc@0/phy@88e8000
[    0.974781] /soc@0/display-subsystem@ae00000/displayport-controller@ae90000: Fixed dependency cycle(s) with /soc@0/clock-controller@af00000
[    0.987628] /soc@0/display-subsystem@ae00000/displayport-controller@ae90000: Fixed dependency cycle(s) with /soc@0/display-subsystem@ae00000
[    1.000599] /soc@0/interrupt-controller@17a00000: Fixed dependency cycle(s) with /soc@0/interrupt-controller@17a00000
[    1.014460] /soc@0/stm@6002000: Fixed dependency cycle(s) with /soc@0/funnel@6041000
[    1.022457] /soc@0/stm@6002000: Fixed dependency cycle(s) with /soc@0/funnel@6041000
[    1.030428] /soc@0/funnel@6041000: Fixed dependency cycle(s) with /soc@0/stm@6002000
[    1.038400] /soc@0/funnel@6041000: Fixed dependency cycle(s) with /soc@0/funnel@6045000
[    1.046643] /soc@0/funnel@6042000: Fixed dependency cycle(s) with /soc@0/funnel@7810000
[    1.054868] /soc@0/funnel@6042000: Fixed dependency cycle(s) with /soc@0/funnel@6045000
[    1.063108] /soc@0/funnel@6042000: Fixed dependency cycle(s) with /soc@0/funnel@6045000
[    1.071342] /soc@0/funnel@6041000: Fixed dependency cycle(s) with /soc@0/funnel@6045000
[    1.079574] /soc@0/funnel@6045000: Fixed dependency cycle(s) with /soc@0/funnel@6042000
[    1.087803] /soc@0/funnel@6045000: Fixed dependency cycle(s) with /soc@0/funnel@6041000
[    1.096032] /soc@0/funnel@6045000: Fixed dependency cycle(s) with /soc@0/funnel@6b04000
[    1.104273] /soc@0/replicator@6046000: Fixed dependency cycle(s) with /soc@0/replicator@6b06000
[    1.113208] /soc@0/replicator@6046000: Fixed dependency cycle(s) with /soc@0/etr@6048000
[    1.121530] /soc@0/replicator@6046000: Fixed dependency cycle(s) with /soc@0/etr@6048000
[    1.129854] /soc@0/etr@6048000: Fixed dependency cycle(s) with /soc@0/replicator@6046000
[    1.138189] /soc@0/funnel@6045000: Fixed dependency cycle(s) with /soc@0/funnel@6b04000
[    1.146421] /soc@0/funnel@6b04000: Fixed dependency cycle(s) with /soc@0/funnel@6045000
[    1.154649] /soc@0/funnel@6b04000: Fixed dependency cycle(s) with /soc@0/etf@6b05000
[    1.162620] /soc@0/funnel@6b04000: Fixed dependency cycle(s) with /soc@0/etf@6b05000
[    1.170586] /soc@0/etf@6b05000: Fixed dependency cycle(s) with /soc@0/funnel@6b04000
[    1.178548] /soc@0/etf@6b05000: Fixed dependency cycle(s) with /soc@0/replicator@6b06000
[    1.186872] /soc@0/etf@6b05000: Fixed dependency cycle(s) with /soc@0/replicator@6b06000
[    1.195197] /soc@0/replicator@6046000: Fixed dependency cycle(s) with /soc@0/replicator@6b06000
[    1.204144] /soc@0/replicator@6b06000: Fixed dependency cycle(s) with /soc@0/etf@6b05000
[    1.212462] /soc@0/replicator@6b06000: Fixed dependency cycle(s) with /soc@0/replicator@6046000
[    1.221422] /soc@0/etm@7040000: Fixed dependency cycle(s) with /soc@0/funnel@7800000
[    1.229394] /soc@0/etm@7140000: Fixed dependency cycle(s) with /soc@0/funnel@7800000
[    1.237365] /soc@0/etm@7240000: Fixed dependency cycle(s) with /soc@0/funnel@7800000
[    1.245337] /soc@0/etm@7340000: Fixed dependency cycle(s) with /soc@0/funnel@7800000
[    1.253307] /soc@0/etm@7440000: Fixed dependency cycle(s) with /soc@0/funnel@7800000
[    1.261281] /soc@0/etm@7540000: Fixed dependency cycle(s) with /soc@0/funnel@7800000
[    1.269251] /soc@0/etm@7640000: Fixed dependency cycle(s) with /soc@0/funnel@7800000
[    1.277224] /soc@0/etm@7740000: Fixed dependency cycle(s) with /soc@0/funnel@7800000
[    1.285198] /soc@0/etm@7740000: Fixed dependency cycle(s) with /soc@0/funnel@7800000
[    1.293169] /soc@0/etm@7640000: Fixed dependency cycle(s) with /soc@0/funnel@7800000
[    1.301133] /soc@0/etm@7540000: Fixed dependency cycle(s) with /soc@0/funnel@7800000
[    1.309100] /soc@0/etm@7440000: Fixed dependency cycle(s) with /soc@0/funnel@7800000
[    1.317064] /soc@0/etm@7340000: Fixed dependency cycle(s) with /soc@0/funnel@7800000
[    1.325028] /soc@0/etm@7240000: Fixed dependency cycle(s) with /soc@0/funnel@7800000
[    1.332995] /soc@0/etm@7140000: Fixed dependency cycle(s) with /soc@0/funnel@7800000
[    1.340961] /soc@0/etm@7040000: Fixed dependency cycle(s) with /soc@0/funnel@7800000
[    1.348922] /soc@0/funnel@7800000: Fixed dependency cycle(s) with /soc@0/etm@7740000
[    1.356882] /soc@0/funnel@7800000: Fixed dependency cycle(s) with /soc@0/etm@7640000
[    1.364841] /soc@0/funnel@7800000: Fixed dependency cycle(s) with /soc@0/etm@7540000
[    1.372801] /soc@0/funnel@7800000: Fixed dependency cycle(s) with /soc@0/etm@7440000
[    1.380760] /soc@0/funnel@7800000: Fixed dependency cycle(s) with /soc@0/etm@7340000
[    1.388720] /soc@0/funnel@7800000: Fixed dependency cycle(s) with /soc@0/etm@7240000
[    1.396679] /soc@0/funnel@7800000: Fixed dependency cycle(s) with /soc@0/etm@7140000
[    1.404638] /soc@0/funnel@7800000: Fixed dependency cycle(s) with /soc@0/etm@7040000
[    1.412601] /soc@0/funnel@7800000: Fixed dependency cycle(s) with /soc@0/funnel@7810000
[    1.420843] /soc@0/funnel@7800000: Fixed dependency cycle(s) with /soc@0/funnel@7810000
[    1.429076] /soc@0/funnel@6042000: Fixed dependency cycle(s) with /soc@0/funnel@7810000
[    1.437305] /soc@0/funnel@7810000: Fixed dependency cycle(s) with /soc@0/funnel@7800000
[    1.445537] /soc@0/funnel@7810000: Fixed dependency cycle(s) with /soc@0/funnel@6042000
[    1.454027] /soc@0/phy@88e8000: Fixed dependency cycle(s) with /soc@0/display-subsystem@ae00000/displayport-controller@ae90000
[    1.465724] /soc@0/phy@88e8000: Fixed dependency cycle(s) with /soc@0/usb@a600000
[    1.474114] /soc@0/phy@88e8000: Fixed dependency cycle(s) with /soc@0/usb@a600000
[    1.481819] /soc@0/usb@a600000: Fixed dependency cycle(s) with /soc@0/phy@88e8000
[    1.489817] /soc@0/clock-controller@af00000: Fixed dependency cycle(s) with /soc@0/phy@88e8000
[    1.498787] /soc@0/display-subsystem@ae00000: Fixed dependency cycle(s) with /soc@0/clock-controller@af00000
[    1.508903] /soc@0/display-subsystem@ae00000/display-controller@ae01000: Fixed dependency cycle(s) with /soc@0/display-subsystem@ae00000/displayport-controller@ae90000
[    1.524252] /soc@0/display-subsystem@ae00000/display-controller@ae01000: Fixed dependency cycle(s) with /soc@0/display-subsystem@ae00000
[    1.536841] /soc@0/display-subsystem@ae00000/display-controller@ae01000: Fixed dependency cycle(s) with /soc@0/clock-controller@af00000
[    1.549349] /soc@0/display-subsystem@ae00000/displayport-controller@ae90000: Fixed dependency cycle(s) with /soc@0/display-subsystem@ae00000/display-controller@ae01000
[    1.564695] /soc@0/display-subsystem@ae00000/displayport-controller@ae90000: Fixed dependency cycle(s) with /soc@0/phy@88e8000
[    1.576398] /soc@0/display-subsystem@ae00000/displayport-controller@ae90000: Fixed dependency cycle(s) with /soc@0/clock-controller@af00000
[    1.589246] /soc@0/display-subsystem@ae00000/displayport-controller@ae90000: Fixed dependency cycle(s) with /soc@0/display-subsystem@ae00000
[    1.605488] /soc@0/rsc@18200000/regulators-0: Fixed dependency cycle(s) with /soc@0/rsc@18200000/regulators-0/smps1
[    1.616220] /soc@0/rsc@18200000/regulators-0: Fixed dependency cycle(s) with /soc@0/rsc@18200000/regulators-0/smps8
[    1.626936] /soc@0/rsc@18200000/regulators-0: Fixed dependency cycle(s) with /soc@0/rsc@18200000/regulators-0/smps7
[    1.637723] /soc@0/rsc@18200000/regulators-1: Fixed dependency cycle(s) with /soc@0/rsc@18200000/regulators-0/smps7
[    1.648437] /soc@0/rsc@18200000/regulators-1: Fixed dependency cycle(s) with /soc@0/rsc@18200000/regulators-1/bob
[    1.658963] /soc@0/rsc@18200000/regulators-1: Fixed dependency cycle(s) with /soc@0/rsc@18200000/regulators-0/smps1
[    1.670200] /soc@0/usb@8c00000/hub@1: Fixed dependency cycle(s) with /connector-0
[    1.677913] /connector-0: Fixed dependency cycle(s) with /soc@0/usb@8c00000/hub@1
[    1.685666] /soc@0/usb@8c00000/hub@1: Fixed dependency cycle(s) with /connector-1
[    1.693372] /connector-1: Fixed dependency cycle(s) with /soc@0/usb@8c00000/hub@1
[    1.701108] /soc@0/usb@8c00000/hub@1: Fixed dependency cycle(s) with /connector-2
[    1.708813] /connector-2: Fixed dependency cycle(s) with /soc@0/usb@8c00000/hub@1
[    1.716572] /soc@0/usb@a600000: Fixed dependency cycle(s) with /connector
[    1.723563] /soc@0/phy@88e8000: Fixed dependency cycle(s) with /connector
[    1.730555] /connector: Fixed dependency cycle(s) with /soc@0/phy@88e8000
[    1.737546] /connector: Fixed dependency cycle(s) with /soc@0/usb@a600000
[    1.744607] /soc@0/phy@88e8000: Fixed dependency cycle(s) with /hdmi-bridge
[    1.751793] /hdmi-bridge: Fixed dependency cycle(s) with /soc@0/phy@88e8000
[    1.759015] /hdmi-bridge: Fixed dependency cycle(s) with /hdmi-connector
[    1.765929] /hdmi-connector: Fixed dependency cycle(s) with /hdmi-bridge
[    1.773704] HugeTLB: registered 1.00 GiB page size, pre-allocated 0 pages
[    1.780677] HugeTLB: 0 KiB vmemmap can be freed for a 1.00 GiB page
[    1.787110] HugeTLB: registered 32.0 MiB page size, pre-allocated 0 pages
[    1.794079] HugeTLB: 0 KiB vmemmap can be freed for a 32.0 MiB page
[    1.800510] HugeTLB: registered 2.00 MiB page size, pre-allocated 0 pages
[    1.807483] HugeTLB: 0 KiB vmemmap can be freed for a 2.00 MiB page
[    1.813914] HugeTLB: registered 64.0 KiB page size, pre-allocated 0 pages
[    1.820882] HugeTLB: 0 KiB vmemmap can be freed for a 64.0 KiB page
[    1.828293] ACPI: Interpreter disabled.
[    1.834353] iommu: Default domain type: Translated
[    1.839285] iommu: DMA domain TLB invalidation policy: strict mode
[    1.845941] SCSI subsystem initialized
[    1.849883] libata version 3.00 loaded.
[    1.853905] usbcore: registered new interface driver usbfs
[    1.859549] usbcore: registered new interface driver hub
[    1.865023] usbcore: registered new device driver usb
[    1.870511] pps_core: LinuxPPS API ver. 1 registered
[    1.875609] pps_core: Software ver. 5.3.6 - Copyright 2005-2007 Rodolfo Giometti <giometti@linux.it>
[    1.884982] PTP clock support registered
[    1.889044] EDAC MC: Ver: 3.0.0
[    1.892561] scmi_core: SCMI protocol bus registered
[    1.897737] qcom_scm: convention: smc arm 64
[    1.902649] qcom_scm firmware:scm: qseecom: found qseecom with version 0x1402000
[    1.910726] qcom_scm firmware:scm: scm storage size 33554432 bytes
[    1.917253] qcom_qseecom qcom_qseecom: setting up client for qcom.tz.uefisecapp
[    1.925058] FPGA manager framework
[    1.928791] NetLabel: Initializing
[    1.932298] NetLabel:  domain hash size = 128
[    1.936779] NetLabel:  protocols = UNLABELED CIPSOv4 CALIPSO
[    1.942601] NetLabel:  unlabeled traffic allowed by default
[    1.948322] mctp: management component transport protocol core
[    1.954312] NET: Registered PF_MCTP protocol family
[    1.959514] vgaarb: loaded
[    1.962583] clocksource: Switched to clocksource arch_sys_counter
[    1.968973] VFS: Disk quotas dquot_6.6.0
[    1.973020] VFS: Dquot-cache hash table entries: 512 (order 0, 4096 bytes)
[    1.980249] netfs: FS-Cache loaded
[    1.983809] pnp: PnP ACPI: disabled
[    1.990583] NET: Registered PF_INET protocol family
[    1.995672] IP idents hash table entries: 131072 (order: 8, 1048576 bytes, linear)
[    2.004724] tcp_listen_portaddr_hash hash table entries: 4096 (order: 4, 65536 bytes, linear)
[    2.013495] Table-perturb hash table entries: 65536 (order: 6, 262144 bytes, linear)
[    2.021501] TCP established hash table entries: 65536 (order: 7, 524288 bytes, linear)
[    2.029793] TCP bind hash table entries: 65536 (order: 9, 2097152 bytes, linear)
[    2.037917] TCP: Hash tables configured (established 65536 bind 65536)
[    2.044749] MPTCP token hash table entries: 8192 (order: 6, 196608 bytes, linear)
[    2.052479] UDP hash table entries: 4096 (order: 6, 262144 bytes, linear)
[    2.059487] UDP-Lite hash table entries: 4096 (order: 6, 262144 bytes, linear)
[    2.066981] NET: Registered PF_UNIX/PF_LOCAL protocol family
[    2.072803] NET: Registered PF_XDP protocol family
[    2.077735] PCI: CLS 0 bytes, default 64
[    2.081980] Trying to unpack rootfs image as initramfs...
[    2.087890] kvm [1]: HYP mode not available
[    2.092699] Initialise system trusted keyrings
[    2.097361] workingset: timestamp_bits=42 max_order=21 bucket_order=0
[    2.114018] Key type asymmetric registered
[    2.118260] Asymmetric key parser 'x509' registered
[    2.123324] Block layer SCSI generic (bsg) driver version 0.4 loaded (major 239)
[    2.131034] io scheduler mq-deadline registered
[    2.135709] io scheduler kyber registered
[    2.139876] io scheduler bfq registered
[    2.149233] ledtrig-cpu: registered to indicate activity on CPUs
[    2.163106] /soc@0/display-subsystem@ae00000/displayport-controller@ae90000: Fixed dependency cycle(s) with /soc@0/clock-controller@af00000
[    2.166833] Freeing initrd memory: 15452K
[    2.176022] /soc@0/display-subsystem@ae00000/display-controller@ae01000: Fixed dependency cycle(s) with /soc@0/clock-controller@af00000
[    2.197979] vreg_s1b_1p84: Setting 1840000-2040000uV
[    2.198081] vreg_l1c_1p8: Setting 1800000-1976000uV
[    2.199029] msm_serial: driver initialized
[    2.199141] SuperH (H)SCI(F) driver initialized
[    2.199203] STM32 USART driver initialized
[    2.200601] arm-smmu 3da0000.iommu: probing hardware configuration...
[    2.200603] arm-smmu 3da0000.iommu: SMMUv2 with:
[    2.200623] arm-smmu 3da0000.iommu: 	stage 1 translation
[    2.200624] arm-smmu 3da0000.iommu: 	coherent table walk
[    2.200625] arm-smmu 3da0000.iommu: 	stream matching with 6 register groups
[    2.200639] arm-smmu 3da0000.iommu: 	7 context banks (0 stage-2 only)
[    2.200653] arm-smmu 3da0000.iommu: 	Supported page sizes: 0x61311000
[    2.200654] arm-smmu 3da0000.iommu: 	Stage-1: 48-bit VA -> 36-bit IPA
[    2.200709] arm-smmu 3da0000.iommu: 	preserved 0 boot mappings
[    2.201367] platform 3d00000.gpu: Adding to iommu group 0
[    2.201432] platform 3d6a000.gmu: Adding to iommu group 1
[    2.202885] arm-smmu 15000000.iommu: probing hardware configuration...
[    2.202887] arm-smmu 15000000.iommu: SMMUv2 with:
[    2.202893] arm-smmu 15000000.iommu: 	stage 1 translation
[    2.202894] arm-smmu 15000000.iommu: 	coherent table walk
[    2.202896] arm-smmu 15000000.iommu: 	stream matching with 77 register groups
[    2.202901] arm-smmu 15000000.iommu: 	61 context banks (0 stage-2 only)
[    2.203174] vreg_s7b_0p536: Setting 536000-1120000uV
[    2.203183] arm-smmu 15000000.iommu: 	Supported page sizes: 0x61311000
[    2.203184] arm-smmu 15000000.iommu: 	Stage-1: 36-bit VA -> 36-bit IPA
[    2.203204] arm-smmu 15000000.iommu: 	preserved 0 boot mappings
[    2.203929] platform 7c4000.mmc: Adding to iommu group 2
[    2.203964] platform 900000.dma-controller: Adding to iommu group 3
[    2.203999] platform 9c0000.geniqup: Adding to iommu group 4
[    2.204035] platform a00000.dma-controller: Adding to iommu group 5
[    2.204068] platform ac0000.geniqup: Adding to iommu group 6
[    2.204124] platform 1dc4000.dma-controller: Adding to iommu group 7
[    2.204158] platform 1dfa000.crypto: Adding to iommu group 7
[    2.204199] platform 8804000.mmc: Adding to iommu group 8
[    2.204235] platform 8c00000.usb: Adding to iommu group 9
[    2.204276] platform a600000.usb: Adding to iommu group 10
[    2.204309] platform aa00000.video-codec: Adding to iommu group 11
[    2.204344] platform ae00000.display-subsystem: Adding to iommu group 12
[    2.205628] amba 6048000.etr: Adding to iommu group 13
[    2.208407] vreg_l6c_2p96: Setting 1650000-3544000uV
[    2.212429] vreg_s8b_1p2: Setting 1200000-1496000uV
[    2.213021] megasas: 07.734.00.00-rc1
[    2.213135] Key type psk registered
[    2.214543] spmi_pmic_arb c440000.spmi: PMIC arbiter version v5 (0x50020000)
[    2.217229] vreg_l9c_2p96: Setting 2704000-3544000uV
[    2.221329] vreg_l1b_0p912: Setting 832000-920000uV
[    2.228094] vreg_l10c_0p88: Setting 720000-1048000uV
[    2.229847] usbcore: registered new device driver onboard-usb-dev
[    2.232693] vreg_l2b_3p072: Setting 2704000-3544000uV
[    2.235099] i2c_dev: i2c /dev entries driver
[    2.236894] thermal thermal_zone0: power_allocator: sustainable_power will be estimated
[    2.237009] thermal thermal_zone1: power_allocator: sustainable_power will be estimated
[    2.237098] thermal thermal_zone2: power_allocator: sustainable_power will be estimated
[    2.237184] thermal thermal_zone3: power_allocator: sustainable_power will be estimated
[    2.237268] thermal thermal_zone4: power_allocator: sustainable_power will be estimated
[    2.237366] thermal thermal_zone5: power_allocator: sustainable_power will be estimated
[    2.237453] thermal thermal_zone6: power_allocator: sustainable_power will be estimated
[    2.237535] thermal thermal_zone7: power_allocator: sustainable_power will be estimated
[    2.237632] thermal thermal_zone8: power_allocator: sustainable_power will be estimated
[    2.237715] thermal thermal_zone9: power_allocator: sustainable_power will be estimated
[    2.237797] thermal thermal_zone10: power_allocator: sustainable_power will be estimated
[    2.237883] thermal thermal_zone11: power_allocator: sustainable_power will be estimated
[    2.237966] thermal thermal_zone12: power_allocator: sustainable_power will be estimated
[    2.238047] thermal thermal_zone13: power_allocator: sustainable_power will be estimated
[    2.238130] thermal thermal_zone14: power_allocator: sustainable_power will be estimated
[    2.238258] vreg_bob_3p296: Setting 3032000-3960000uV
[    2.243638] vreg_l6b_1p2: Setting 1200000-1256000uV
[    2.251176] thermal thermal_zone15: power_allocator: sustainable_power will be estimated
[    2.257404] vreg_l7b_2p96: Setting 2960000-2960000uV
[    2.264044] thermal thermal_zone16: power_allocator: sustainable_power will be estimated
[    2.270627] vreg_l9b_1p2: Setting 1200000-1304000uV
[    2.276653] thermal thermal_zone17: power_allocator: sustainable_power will be estimated
[    2.282160] vreg_l17b_1p8: Setting 1800000-1896000uV
[    2.287733] thermal thermal_zone18: power_allocator: sustainable_power will be estimated
[    2.294422] vreg_l18b_1p8: Setting 1800000-2000000uV
[    2.299270] thermal thermal_zone19: power_allocator: sustainable_power will be estimated
[    2.304839] vreg_l19b_1p8: Setting 1800000-2000000uV
[    2.310357] thermal thermal_zone20: power_allocator: sustainable_power will be estimated
[    2.691466] thermal thermal_zone21: power_allocator: sustainable_power will be estimated
[    2.699866] thermal thermal_zone22: power_allocator: sustainable_power will be estimated
[    2.708265] thermal thermal_zone23: power_allocator: sustainable_power will be estimated
[    2.716664] thermal thermal_zone24: power_allocator: sustainable_power will be estimated
[    2.725061] thermal thermal_zone25: power_allocator: sustainable_power will be estimated
[    2.733453] thermal thermal_zone26: power_allocator: sustainable_power will be estimated
[    2.742942] EDAC DEVICE0: Giving out device to module qcom_llcc_edac controller llcc: DEV qcom_llcc_edac (INTERRUPT)
[    2.754408] sdhci: Secure Digital Host Controller Interface driver
[    2.760772] sdhci: Copyright(c) Pierre Ossman
[    2.765545] Synopsys Designware Multimedia Card Interface Driver
[    2.772037] sdhci-pltfm: SDHCI platform and OF driver helper
[    2.779161] simple-framebuffer simple-framebuffer.0: [drm] Registered 1 planes with drm panic
[    2.787926] [drm] Initialized simpledrm 1.0.0 for simple-framebuffer.0 on minor 0
[    2.797396] Console: switching to colour frame buffer device 128x37
[    2.804965] simple-framebuffer simple-framebuffer.0: [drm] fb0: simpledrmdrmfb frame buffer device
[    2.815245] clocksource: arch_mmio_counter: mask: 0xffffffffffffff max_cycles: 0x46d987e47, max_idle_ns: 440795202767 ns
[    2.815361] efivars: Registered efivars operations
[    2.826411] arch-timer-mmio 17c20000.timer: mmio timer running at 19.20MHz (virt)
[    2.826521] hid: raw HID events driver (C) Jiri Kosina
[    2.844432] usbcore: registered new interface driver usbhid
[    2.850171] usbhid: USB HID core driver
[    2.859486] hw perfevents: enabled with armv8_cortex_a55 PMU driver, 7 (0,8000003f) counters available
[    2.874969] hw perfevents: enabled with armv8_cortex_a78 PMU driver, 7 (0,8000003f) counters available
[    2.885242] watchdog: NMI not fully supported
[    2.889884] watchdog: Hard watchdog permanently disabled
[    2.896147] qcom,qfprom 784000.efuse: supply vcc not found, using dummy regulator
[    2.931025] NET: Registered PF_PACKET protocol family
[    2.937161] 9pnet: Installing 9P2000 support
[    2.941941] Key type dns_resolver registered
[    2.949864] registered taskstats version 1
[    2.954706] Loading compiled-in X.509 certificates
[    2.963489] zswap: loaded using pool zstd
[    2.969302] Demotion targets for Node 0: null
[    2.974393] Key type .fscrypt registered
[    2.978777] Key type fscrypt-provisioning registered
[    2.984235] Key type big_key registered
[    2.995744] cpu cpu0: EM: OPP:1804800 is inefficient
[    3.001084] cpu cpu0: EM: OPP:300000 is inefficient
[    3.006666] cpu cpu0: EM: created perf domain
[    3.017568] cpu cpu4: EM: OPP:2131200 is inefficient
[    3.022871] cpu cpu4: EM: OPP:2054400 is inefficient
[    3.028442] cpu cpu4: EM: created perf domain
[    3.038995] cpu cpu7: EM: OPP:2380800 is inefficient
[    3.044645] cpu cpu7: EM: created perf domain
[    3.049452] energy_model: updating cpu0 cpu_cap=382 old capacity=528
[    3.056269] cpu cpu0: EM: OPP:1804800 is inefficient
[    3.061469] cpu cpu0: EM: OPP:300000 is inefficient
[    3.066728] energy_model: updating cpu4 cpu_cap=889 old capacity=1003
[    3.073586] cpu cpu4: EM: OPP:2131200 is inefficient
[    3.078774] cpu cpu4: EM: OPP:2054400 is inefficient
[    3.091786] 994000.serial: ttyMSM0 at MMIO 0x994000 (irq = 138, base_baud = 0) is a MSM
[    3.101171] printk: legacy console [ttyMSM0] enabled
[    3.101171] printk: legacy console [ttyMSM0] enabled
[    3.145269] /soc@0/display-subsystem@ae00000/display-controller@ae01000: Fixed dependency cycle(s) with /soc@0/display-subsystem@ae00000/displayport-controller@ae90000
[    3.145269] /soc@0/display-subsystem@ae00000/display-controller@ae01000: Fixed dependency cycle(s) with /soc@0/display-subsystem@ae00000/displayport-controller@ae90000
[    3.179421] /soc@0/phy@88e8000: Fixed dependency cycle(s) with /soc@0/display-subsystem@ae00000/displayport-controller@ae90000
[    3.179421] /soc@0/phy@88e8000: Fixed dependency cycle(s) with /soc@0/display-subsystem@ae00000/displayport-controller@ae90000
[    3.203511] /soc@0/display-subsystem@ae00000/displayport-controller@ae90000: Fixed dependency cycle(s) with /soc@0/phy@88e8000
[    3.203511] /soc@0/display-subsystem@ae00000/displayport-controller@ae90000: Fixed dependency cycle(s) with /soc@0/phy@88e8000
[    3.229190] [drm:msm_dp_display_probe] *ERROR* init sub module failed
[    3.229190] [drm:msm_dp_display_probe] *ERROR* init sub module failed
[    3.249440] sdhci_msm 8804000.mmc: Got CD GPIO
[    3.250004] [drm:msm_dp_display_probe] *ERROR* init sub module failed
[    3.249440] sdhci_msm 8804000.mmc: Got CD GPIO
[    3.252516] mmc0: CQHCI version 5.10
[    3.250004] [drm:msm_dp_display_probe] *ERROR* init sub module failed
[    3.252516] mmc0: CQHCI version 5.10
[    3.283596] [drm:msm_dp_display_probe] *ERROR* init sub module failed
[    3.283596] [drm:msm_dp_display_probe] *ERROR* init sub module failed
[    3.297932] clk: Disabling unused clocks
[    3.297932] clk: Disabling unused clocks
[    3.306846] PM: genpd: Disabling unused power domains
[    3.306846] PM: genpd: Disabling unused power domains
[    3.312841] mmc0: SDHCI controller on 7c4000.mmc [7c4000.mmc] using ADMA 64-bit
[    3.318011] mmc1: SDHCI controller on 8804000.mmc [8804000.mmc] using ADMA 64-bit
[    3.324787] sdhci_msm 7c4000.mmc: mmc0: CQE init: success
[    3.312841] mmc0: SDHCI controller on 7c4000.mmc [7c4000.mmc] using ADMA 64-bit
[    3.340246] [drm:msm_dp_display_probe] *ERROR* init sub module failed
[    3.318011] mmc1: SDHCI controller on 8804000.mmc [8804000.mmc] using ADMA 64-bit
[    3.352185] mmc0: Failed to initialize a non-removable card
[    3.324787] sdhci_msm 7c4000.mmc: mmc0: CQE init: success
[    3.356149] [drm:msm_dp_display_probe] *ERROR* init sub module failed
[    3.340246] [drm:msm_dp_display_probe] *ERROR* init sub module failed
[    3.352185] mmc0: Failed to initialize a non-removable card
[    3.356149] [drm:msm_dp_display_probe] *ERROR* init sub module failed
[    3.403943] Freeing unused kernel memory: 14080K
[    3.403943] Freeing unused kernel memory: 14080K
[    3.429947] Checked W+X mappings: passed, no W+X pages found
[    3.429947] Checked W+X mappings: passed, no W+X pages found
[    3.441752] rodata_test: all tests were successful
[    3.441752] rodata_test: all tests were successful
[    3.451986] Run /init as init process
[    3.451986] Run /init as init process
[    3.459666]   with arguments:
[    3.459666]   with arguments:
[    3.465895]     /init
[    3.465895]     /init
[    3.470699]   with environment:
[    3.470699]   with environment:
[    3.475225] mmc1: new UHS-I speed SDR104 SDXC card at address aaaa
[    3.475225] mmc1: new UHS-I speed SDR104 SDXC card at address aaaa
[    3.477162]     HOME=/
[    3.477163]     TERM=linux
[    3.483722] init: init first stage started!
[    3.477162]     HOME=/
[    3.490870] mmcblk1: mmc1:aaaa SR256 238 GiB
[    3.492800] init: Loading module /lib/modules/dm-mod.ko with args ''
[    3.477163]     TERM=linux
[    3.502708]  mmcblk1: p1 p2 p3 p4 p5 p6 p7 p8 p9 p10 p11 p12 p13
[    3.517932] device-mapper: uevent: version 1.0.3
[    3.483722] init: init first stage started!
[    3.529882] [drm:msm_dp_display_probe] *ERROR* init sub module failed
[    3.532551] device-mapper: ioctl: 4.50.0-ioctl (2025-04-28) initialised: dm-devel@lists.linux.dev
[    3.490870] mmcblk1: mmc1:aaaa SR256 238 GiB
[    3.492800] init: Loading module /lib/modules/dm-mod.ko with args ''
[    3.502708]  mmcblk1: p1 p2 p3 p4 p5 p6 p7 p8 p9 p10 p11 p12 p13
[    3.517932] device-mapper: uevent: version 1.0.3
[    3.529882] [drm:msm_dp_display_probe] *ERROR* init sub module failed
[    3.532551] device-mapper: ioctl: 4.50.0-ioctl (2025-04-28) initialised: dm-devel@lists.linux.dev
[    3.587110] init: Loaded kernel module /lib/modules/dm-mod.ko
[    3.587110] init: Loaded kernel module /lib/modules/dm-mod.ko
[    3.599375] init: Loading module /lib/modules/dm-bufio.ko with args ''
[    3.599375] init: Loading module /lib/modules/dm-bufio.ko with args ''
[    3.615791] init: Loaded kernel module /lib/modules/dm-bufio.ko
[    3.615791] init: Loaded kernel module /lib/modules/dm-bufio.ko
[    3.628568] init: Loading module /lib/modules/dm-snapshot.ko with args ''
[    3.628568] init: Loading module /lib/modules/dm-snapshot.ko with args ''
[    3.647650] init: Loaded kernel module /lib/modules/dm-snapshot.ko
[    3.647650] init: Loaded kernel module /lib/modules/dm-snapshot.ko
[    3.661118] init: Loading module /lib/modules/reed_solomon.ko with args ''
[    3.661118] init: Loading module /lib/modules/reed_solomon.ko with args ''
[    3.677569] init: Loaded kernel module /lib/modules/reed_solomon.ko
[    3.677569] init: Loaded kernel module /lib/modules/reed_solomon.ko
[    3.690861] init: Loading module /lib/modules/dm-verity.ko with args ''
[    3.690861] init: Loading module /lib/modules/dm-verity.ko with args ''
[    3.709962] init: Loaded kernel module /lib/modules/dm-verity.ko
[    3.709962] init: Loaded kernel module /lib/modules/dm-verity.ko
[    3.723069] init: Loading module /lib/modules/loop.ko with args ''
[    3.723069] init: Loading module /lib/modules/loop.ko with args ''
[    3.745898] loop: module loaded
[    3.745898] loop: module loaded
[    3.753105] init: Loaded kernel module /lib/modules/loop.ko
[    3.753105] init: Loaded kernel module /lib/modules/loop.ko
[    3.765154] init: Loading module /lib/modules/quota_tree.ko with args ''
[    3.765154] init: Loading module /lib/modules/quota_tree.ko with args ''
[    3.782665] init: Loaded kernel module /lib/modules/quota_tree.ko
[    3.782665] init: Loaded kernel module /lib/modules/quota_tree.ko
[    3.796472] init: Loading module /lib/modules/quota_v2.ko with args ''
[    3.796472] init: Loading module /lib/modules/quota_v2.ko with args ''
[    3.813838] init: Loaded kernel module /lib/modules/quota_v2.ko
[    3.813838] init: Loaded kernel module /lib/modules/quota_v2.ko
[    3.826752] init: Loading module /lib/modules/aux-bridge.ko with args ''
[    3.826752] init: Loading module /lib/modules/aux-bridge.ko with args ''
[    3.843129] init: Loaded kernel module /lib/modules/aux-bridge.ko
[    3.843129] init: Loaded kernel module /lib/modules/aux-bridge.ko
[    3.856150] init: Loading module /lib/modules/phy-qcom-qmp-combo.ko with args ''
[    3.856150] init: Loading module /lib/modules/phy-qcom-qmp-combo.ko with args ''
[    3.875094] init: Loaded kernel module /lib/modules/phy-qcom-qmp-combo.ko
[    3.879336] msm_dpu ae01000.display-controller: bound ae90000.displayport-controller (ops msm_dp_display_comp_ops)
[    3.882156] init: Loading module /lib/modules/fuse.ko with args ''
[    3.893996] adreno 3d00000.gpu: supply vdd not found, using dummy regulator
[    3.875094] init: Loaded kernel module /lib/modules/phy-qcom-qmp-combo.ko
[    3.879336] msm_dpu ae01000.display-controller: bound ae90000.displayport-controller (ops msm_dp_display_comp_ops)
[    3.882156] init: Loading module /lib/modules/fuse.ko with args ''
[    3.893996] adreno 3d00000.gpu: supply vdd not found, using dummy regulator
[    3.931348] fuse: init (API version 7.45)
[    3.938203] adreno 3d00000.gpu: supply vddcx not found, using dummy regulator
[    3.943057] init: Loaded kernel module /lib/modules/fuse.ko
[    3.931348] fuse: init (API version 7.45)
[    3.938203] adreno 3d00000.gpu: supply vddcx not found, using dummy regulator
[    3.943057] init: Loaded kernel module /lib/modules/fuse.ko
[    3.973861] init: Loading module /lib/modules/nf_socket_ipv4.ko with args ''
[    3.973861] init: Loading module /lib/modules/nf_socket_ipv4.ko with args ''
[    3.990329] msm_dpu ae01000.display-controller: bound 3d00000.gpu (ops a3xx_ops)
[    3.990329] msm_dpu ae01000.display-controller: bound 3d00000.gpu (ops a3xx_ops)
[    4.006263] init: Loaded kernel module /lib/modules/nf_socket_ipv4.ko
[    4.006263] init: Loaded kernel module /lib/modules/nf_socket_ipv4.ko
[    4.020053] init: Loading module /lib/modules/crc-ccitt.ko with args ''
[    4.020053] init: Loading module /lib/modules/crc-ccitt.ko with args ''
[    4.037269] init: Loaded kernel module /lib/modules/crc-ccitt.ko
[    4.037269] init: Loaded kernel module /lib/modules/crc-ccitt.ko
[    4.050446] init: Loading module /lib/modules/ipv6.ko with args ''
[    4.050446] init: Loading module /lib/modules/ipv6.ko with args ''
[    4.064448] Console: switching to colour dummy device 80x25
[    4.064448] Console: switching to colour dummy device 80x25
[    4.078628] NET: Registered PF_INET6 protocol family
[    4.078628] NET: Registered PF_INET6 protocol family
[    4.090493] Segment Routing with IPv6
[    4.090493] Segment Routing with IPv6
[    4.098042] RPL Segment Routing with IPv6
[    4.098042] RPL Segment Routing with IPv6
[    4.106317] In-situ OAM (IOAM) with IPv6
[    4.106317] In-situ OAM (IOAM) with IPv6
[    4.110454] [drm:dpu_kms_hw_init:1173] dpu hardware revision:0x70020000
[    4.114467] init: Loaded kernel module /lib/modules/ipv6.ko
[    4.121821] [drm] forcing HDMI-A-1 connector on
[    4.126973] init: Loading module /lib/modules/nf_socket_ipv6.ko with args ''
[    4.110454] [drm:dpu_kms_hw_init:1173] dpu hardware revision:0x70020000
[    4.114467] init: Loaded kernel module /lib/modules/ipv6.ko
[    4.121821] [drm] forcing HDMI-A-1 connector on
[    4.126973] init: Loading module /lib/modules/nf_socket_ipv6.ko with args ''
[    4.165409] init: Loaded kernel module /lib/modules/nf_socket_ipv6.ko
[    4.167528] [drm] Initialized msm 1.13.0 for ae01000.display-controller on minor 1
[    4.172063] init: Loading module /lib/modules/x_tables.ko with args ''
[    4.181045] msm_dpu ae01000.display-controller: [drm:adreno_request_fw] loaded qcom/a660_sqe.fw from new location
[    4.165409] init: Loaded kernel module /lib/modules/nf_socket_ipv6.ko
[    4.167528] [drm] Initialized msm 1.13.0 for ae01000.display-controller on minor 1
[    4.172063] init: Loading module /lib/modules/x_tables.ko with args ''
[    4.181045] msm_dpu ae01000.display-controller: [drm:adreno_request_fw] loaded qcom/a660_sqe.fw from new location
[    4.228749] msm_dpu ae01000.display-controller: [drm:adreno_request_fw] loaded qcom/a660_gmu.bin from new location
[    4.229087] init: Loaded kernel module /lib/modules/x_tables.ko
[    4.240291] [drm] Loaded GMU firmware v3.1.10
[    4.245508] init: Loading module /lib/modules/nf_defrag_ipv6.ko with args ''
[    4.253392] adreno 3d00000.gpu: [drm:adreno_zap_shader_load] *ERROR* Unable to load qcom/qcs6490/a660_zap.mbn
[    4.228749] msm_dpu ae01000.display-controller: [drm:adreno_request_fw] loaded qcom/a660_gmu.bin from new location
[    4.229087] init: Loaded kernel module /lib/modules/x_tables.ko
[    4.240291] [drm] Loaded GMU firmware v3.1.10
[    4.245508] init: Loading module /lib/modules/nf_defrag_ipv6.ko with args ''
[    4.253392] adreno 3d00000.gpu: [drm:adreno_zap_shader_load] *ERROR* Unable to load qcom/qcs6490/a660_zap.mbn
[    4.296821] init: Loaded kernel module /lib/modules/nf_defrag_ipv6.ko
[    4.305959] msm_dpu ae01000.display-controller: [drm:adreno_load_gpu] *ERROR* gpu hw init failed: -2
[    4.312917] init: Loading module /lib/modules/nf_defrag_ipv4.ko with args ''
[    4.296821] init: Loaded kernel module /lib/modules/nf_defrag_ipv6.ko
[    4.332038] platform 3d6a000.gmu: [drm:a6xx_gmu_set_oob] *ERROR* Timeout waiting for GMU OOB set GPU_SET: 0x0
[    4.305959] msm_dpu ae01000.display-controller: [drm:adreno_load_gpu] *ERROR* gpu hw init failed: -2
[    4.312917] init: Loading module /lib/modules/nf_defrag_ipv4.ko with args ''
[    4.332038] platform 3d6a000.gmu: [drm:a6xx_gmu_set_oob] *ERROR* Timeout waiting for GMU OOB set GPU_SET: 0x0
[    4.363227] init: Loaded kernel module /lib/modules/nf_defrag_ipv4.ko
[    4.363227] init: Loaded kernel module /lib/modules/nf_defrag_ipv4.ko
[    4.386246] init: Loading module /lib/modules/xt_socket.ko with args ''
[    4.386246] init: Loading module /lib/modules/xt_socket.ko with args ''
[    4.388041] init: Loaded kernel module /lib/modules/xt_socket.ko
[    4.388070] init: Loading module /lib/modules/xt_comment.ko with args ''
[    4.389851] init: Loaded kernel module /lib/modules/xt_comment.ko
[    4.389869] init: Loading module /lib/modules/xt_length.ko with args ''
[    4.388041] init: Loaded kernel module /lib/modules/xt_socket.ko
[    4.391543] init: Loaded kernel module /lib/modules/xt_length.ko
[    4.388070] init: Loading module /lib/modules/xt_comment.ko with args ''
[    4.391558] init: Loading module /lib/modules/xt_bpf.ko with args ''
[    4.389851] init: Loaded kernel module /lib/modules/xt_comment.ko
[    4.393562] init: Loaded kernel module /lib/modules/xt_bpf.ko
[    4.389869] init: Loading module /lib/modules/xt_length.ko with args ''
[    4.393576] init: Loading module /lib/modules/ip6_tables.ko with args ''
[    4.391543] init: Loaded kernel module /lib/modules/xt_length.ko
[    4.395657] init: Loaded kernel module /lib/modules/ip6_tables.ko
[    4.391558] init: Loading module /lib/modules/xt_bpf.ko with args ''
[    4.395674] init: Loading module /lib/modules/ip6table_filter.ko with args ''
[    4.393562] init: Loaded kernel module /lib/modules/xt_bpf.ko
[    4.397296] init: Loaded kernel module /lib/modules/ip6table_filter.ko
[    4.393576] init: Loading module /lib/modules/ip6_tables.ko with args ''
[    4.397324] init: Loading module /lib/modules/ip_tables.ko with args ''
[    4.395657] init: Loaded kernel module /lib/modules/ip6_tables.ko
[    4.399294] init: Loaded kernel module /lib/modules/ip_tables.ko
[    4.395674] init: Loading module /lib/modules/ip6table_filter.ko with args ''
[    4.399310] init: Loading module /lib/modules/iptable_filter.ko with args ''
[    4.397296] init: Loaded kernel module /lib/modules/ip6table_filter.ko
[    4.399491] fb0: sys_imageblit: framebuffer is not in virtual address space.
[    4.397324] init: Loading module /lib/modules/ip_tables.ko with args ''
[    4.400832] init: Loaded kernel module /lib/modules/iptable_filter.ko
[    4.399294] init: Loaded kernel module /lib/modules/ip_tables.ko
[    4.400848] init: Loading module /lib/modules/ip6table_raw.ko with args ''
[    4.399310] init: Loading module /lib/modules/iptable_filter.ko with args ''
[    4.402529] init: Loaded kernel module /lib/modules/ip6table_raw.ko
[    4.399491] fb0: sys_imageblit: framebuffer is not in virtual address space.
[    4.402543] init: Loading module /lib/modules/nf_conntrack.ko with args ''
[    4.400832] init: Loaded kernel module /lib/modules/iptable_filter.ko
[    4.405540] init: Loaded kernel module /lib/modules/nf_conntrack.ko
[    4.400848] init: Loading module /lib/modules/ip6table_raw.ko with args ''
[    4.405573] init: Loading module /lib/modules/nf_nat.ko with args ''
[    4.402529] init: Loaded kernel module /lib/modules/ip6table_raw.ko
[    4.408058] init: Loaded kernel module /lib/modules/nf_nat.ko
[    4.402543] init: Loading module /lib/modules/nf_conntrack.ko with args ''
[    4.408107] init: Loading module /lib/modules/xt_nat.ko with args ''
[    4.405540] init: Loaded kernel module /lib/modules/nf_conntrack.ko
[    4.409888] init: Loaded kernel module /lib/modules/xt_nat.ko
[    4.405573] init: Loading module /lib/modules/nf_nat.ko with args ''
[    4.409909] init: Loading module /lib/modules/ip6table_nat.ko with args ''
[    4.408058] init: Loaded kernel module /lib/modules/nf_nat.ko
[    4.411776] init: Loaded kernel module /lib/modules/ip6table_nat.ko
[    4.408107] init: Loading module /lib/modules/xt_nat.ko with args ''
[    4.411791] init: Loading module /lib/modules/nf_reject_ipv4.ko with args ''
[    4.409888] init: Loaded kernel module /lib/modules/xt_nat.ko
[    4.413673] init: Loaded kernel module /lib/modules/nf_reject_ipv4.ko
[    4.409909] init: Loading module /lib/modules/ip6table_nat.ko with args ''
[    4.413689] init: Loading module /lib/modules/xt_state.ko with args ''
[    4.411776] init: Loaded kernel module /lib/modules/ip6table_nat.ko
[    4.415403] init: Loaded kernel module /lib/modules/xt_state.ko
[    4.411791] init: Loading module /lib/modules/nf_reject_ipv4.ko with args ''
[    4.415426] init: Loading module /lib/modules/xt_multiport.ko with args ''
[    4.413673] init: Loaded kernel module /lib/modules/nf_reject_ipv4.ko
[    4.417348] init: Loaded kernel module /lib/modules/xt_multiport.ko
[    4.413689] init: Loading module /lib/modules/xt_state.ko with args ''
[    4.417362] init: Loading module /lib/modules/nf_tproxy_ipv4.ko with args ''
[    4.415403] init: Loaded kernel module /lib/modules/xt_state.ko
[    4.419305] Console: switching to colour frame buffer device 160x45
[    4.415426] init: Loading module /lib/modules/xt_multiport.ko with args ''
[    4.419400] init: Loaded kernel module /lib/modules/nf_tproxy_ipv4.ko
[    4.417348] init: Loaded kernel module /lib/modules/xt_multiport.ko
[    4.419416] init: Loading module /lib/modules/xt_hl.ko with args ''
[    4.417362] init: Loading module /lib/modules/nf_tproxy_ipv4.ko with args ''
[    4.421010] init: Loaded kernel module /lib/modules/xt_hl.ko
[    4.419305] Console: switching to colour frame buffer device 160x45
[    4.421025] init: Loading module /lib/modules/xt_recent.ko with args ''
[    4.419400] init: Loaded kernel module /lib/modules/nf_tproxy_ipv4.ko
[    4.423091] init: Loaded kernel module /lib/modules/xt_recent.ko
[    4.419416] init: Loading module /lib/modules/xt_hl.ko with args ''
[    4.423107] init: Loading module /lib/modules/xt_REDIRECT.ko with args ''
[    4.421010] init: Loaded kernel module /lib/modules/xt_hl.ko
[    4.425097] init: Loaded kernel module /lib/modules/xt_REDIRECT.ko
[    4.421025] init: Loading module /lib/modules/xt_recent.ko with args ''
[    4.425112] init: Loading module /lib/modules/xt_pkttype.ko with args ''
[    4.423091] init: Loaded kernel module /lib/modules/xt_recent.ko
[    4.426845] init: Loaded kernel module /lib/modules/xt_pkttype.ko
[    4.423107] init: Loading module /lib/modules/xt_REDIRECT.ko with args ''
[    4.426860] init: Loading module /lib/modules/xt_dscp.ko with args ''
[    4.425097] init: Loaded kernel module /lib/modules/xt_REDIRECT.ko
[    4.428508] init: Loaded kernel module /lib/modules/xt_dscp.ko
[    4.425112] init: Loading module /lib/modules/xt_pkttype.ko with args ''
[    4.428523] init: Loading module /lib/modules/xt_MASQUERADE.ko with args ''
[    4.426845] init: Loaded kernel module /lib/modules/xt_pkttype.ko
[    4.430447] init: Loaded kernel module /lib/modules/xt_MASQUERADE.ko
[    4.426860] init: Loading module /lib/modules/xt_dscp.ko with args ''
[    4.430467] init: Loading module /lib/modules/xt_policy.ko with args ''
[    4.428508] init: Loaded kernel module /lib/modules/xt_dscp.ko
[    4.432122] init: Loaded kernel module /lib/modules/xt_policy.ko
[    4.428523] init: Loading module /lib/modules/xt_MASQUERADE.ko with args ''
[    4.432138] init: Loading module /lib/modules/xt_CT.ko with args ''
[    4.430447] init: Loaded kernel module /lib/modules/xt_MASQUERADE.ko
[    4.433807] init: Loaded kernel module /lib/modules/xt_CT.ko
[    4.430467] init: Loading module /lib/modules/xt_policy.ko with args ''
[    4.433826] init: Loading module /lib/modules/ip6table_mangle.ko with args ''
[    4.432122] init: Loaded kernel module /lib/modules/xt_policy.ko
[    4.448141] init: Loaded kernel module /lib/modules/ip6table_mangle.ko
[    4.432138] init: Loading module /lib/modules/xt_CT.ko with args ''
[    4.453977] msm_dpu ae01000.display-controller: [drm] fb0: msmdrmfb frame buffer device
[    4.433807] init: Loaded kernel module /lib/modules/xt_CT.ko
[    4.460833] init: Loading module /lib/modules/nf_tproxy_ipv6.ko with args ''
[    4.433826] init: Loading module /lib/modules/ip6table_mangle.ko with args ''
[    4.732595] fb0: sys_fillrect: framebuffer is not in virtual address space.
[    4.448141] init: Loaded kernel module /lib/modules/ip6table_mangle.ko
[    4.453977] msm_dpu ae01000.display-controller: [drm] fb0: msmdrmfb frame buffer device
[    4.460833] init: Loading module /lib/modules/nf_tproxy_ipv6.ko with args ''
[    4.732595] fb0: sys_fillrect: framebuffer is not in virtual address space.
[    5.199225] init: Loaded kernel module /lib/modules/nf_tproxy_ipv6.ko
[    5.199225] init: Loaded kernel module /lib/modules/nf_tproxy_ipv6.ko
[    5.213294] init: Loading module /lib/modules/xt_TPROXY.ko with args ''
[    5.213294] init: Loading module /lib/modules/xt_TPROXY.ko with args ''
[    5.230071] init: Loaded kernel module /lib/modules/xt_TPROXY.ko
[    5.230071] init: Loaded kernel module /lib/modules/xt_TPROXY.ko
[    5.243356] init: Loading module /lib/modules/nf_reject_ipv6.ko with args ''
[    5.243356] init: Loading module /lib/modules/nf_reject_ipv6.ko with args ''
[    5.261320] init: Loaded kernel module /lib/modules/nf_reject_ipv6.ko
[    5.261320] init: Loaded kernel module /lib/modules/nf_reject_ipv6.ko
[    5.275370] init: Loading module /lib/modules/iptable_mangle.ko with args ''
[    5.275370] init: Loading module /lib/modules/iptable_mangle.ko with args ''
[    5.294036] init: Loaded kernel module /lib/modules/iptable_mangle.ko
[    5.294036] init: Loaded kernel module /lib/modules/iptable_mangle.ko
[    5.307740] init: Loading module /lib/modules/xt_LOG.ko with args ''
[    5.307740] init: Loading module /lib/modules/xt_LOG.ko with args ''
[    5.323158] init: Loaded kernel module /lib/modules/xt_LOG.ko
[    5.323158] init: Loaded kernel module /lib/modules/xt_LOG.ko
[    5.335185] init: Loading module /lib/modules/xt_ecn.ko with args ''
[    5.335185] init: Loading module /lib/modules/xt_ecn.ko with args ''
[    5.350243] init: Loaded kernel module /lib/modules/xt_ecn.ko
[    5.350243] init: Loaded kernel module /lib/modules/xt_ecn.ko
[    5.362254] init: Loading module /lib/modules/xt_DSCP.ko with args ''
[    5.362254] init: Loading module /lib/modules/xt_DSCP.ko with args ''
[    5.377444] init: Loaded kernel module /lib/modules/xt_DSCP.ko
[    5.377444] init: Loaded kernel module /lib/modules/xt_DSCP.ko
[    5.389635] init: Loading module /lib/modules/xt_conntrack.ko with args ''
[    5.389635] init: Loading module /lib/modules/xt_conntrack.ko with args ''
[    5.405673] init: Loaded kernel module /lib/modules/xt_conntrack.ko
[    5.405673] init: Loaded kernel module /lib/modules/xt_conntrack.ko
[    5.418753] init: Loading module /lib/modules/xt_owner.ko with args ''
[    5.418753] init: Loading module /lib/modules/xt_owner.ko with args ''
[    5.434081] init: Loaded kernel module /lib/modules/xt_owner.ko
[    5.434081] init: Loaded kernel module /lib/modules/xt_owner.ko
[    5.446450] init: Loading module /lib/modules/xt_string.ko with args ''
[    5.446450] init: Loading module /lib/modules/xt_string.ko with args ''
[    5.462048] init: Loaded kernel module /lib/modules/xt_string.ko
[    5.462048] init: Loaded kernel module /lib/modules/xt_string.ko
[    5.474604] init: Loading module /lib/modules/ip6t_REJECT.ko with args ''
[    5.474604] init: Loading module /lib/modules/ip6t_REJECT.ko with args ''
[    5.490418] init: Loaded kernel module /lib/modules/ip6t_REJECT.ko
[    5.490418] init: Loaded kernel module /lib/modules/ip6t_REJECT.ko
[    5.503305] init: Loading module /lib/modules/xt_mark.ko with args ''
[    5.503305] init: Loading module /lib/modules/xt_mark.ko with args ''
[    5.518405] init: Loaded kernel module /lib/modules/xt_mark.ko
[    5.518405] init: Loaded kernel module /lib/modules/xt_mark.ko
[    5.530585] init: Loading module /lib/modules/xt_IDLETIMER.ko with args ''
[    5.530585] init: Loading module /lib/modules/xt_IDLETIMER.ko with args ''
[    5.547078] init: Loaded kernel module /lib/modules/xt_IDLETIMER.ko
[    5.547078] init: Loaded kernel module /lib/modules/xt_IDLETIMER.ko
[    5.560149] init: Loading module /lib/modules/xt_u32.ko with args ''
[    5.560149] init: Loading module /lib/modules/xt_u32.ko with args ''
[    5.575189] init: Loaded kernel module /lib/modules/xt_u32.ko
[    5.575189] init: Loaded kernel module /lib/modules/xt_u32.ko
[    5.587177] init: Loading module /lib/modules/xt_quota.ko with args ''
[    5.587177] init: Loading module /lib/modules/xt_quota.ko with args ''
[    5.602497] init: Loaded kernel module /lib/modules/xt_quota.ko
[    5.602497] init: Loaded kernel module /lib/modules/xt_quota.ko
[    5.614838] init: Loading module /lib/modules/xt_TCPMSS.ko with args ''
[    5.614838] init: Loading module /lib/modules/xt_TCPMSS.ko with args ''
[    5.630251] init: Loaded kernel module /lib/modules/xt_TCPMSS.ko
[    5.630251] init: Loaded kernel module /lib/modules/xt_TCPMSS.ko
[    5.642773] init: Loading module /lib/modules/xt_connmark.ko with args ''
[    5.642773] init: Loading module /lib/modules/xt_connmark.ko with args ''
[    5.658646] init: Loaded kernel module /lib/modules/xt_connmark.ko
[    5.658646] init: Loaded kernel module /lib/modules/xt_connmark.ko
[    5.671548] init: Loading module /lib/modules/xt_HL.ko with args ''
[    5.671548] init: Loading module /lib/modules/xt_HL.ko with args ''
[    5.686384] init: Loaded kernel module /lib/modules/xt_HL.ko
[    5.686384] init: Loaded kernel module /lib/modules/xt_HL.ko
[    5.698194] init: Loading module /lib/modules/xt_tcpudp.ko with args ''
[    5.698194] init: Loading module /lib/modules/xt_tcpudp.ko with args ''
[    5.714069] init: Loaded kernel module /lib/modules/xt_tcpudp.ko
[    5.714069] init: Loaded kernel module /lib/modules/xt_tcpudp.ko
[    5.726594] init: Loading module /lib/modules/xt_addrtype.ko with args ''
[    5.726594] init: Loading module /lib/modules/xt_addrtype.ko with args ''
[    5.742628] init: Loaded kernel module /lib/modules/xt_addrtype.ko
[    5.742628] init: Loaded kernel module /lib/modules/xt_addrtype.ko
[    5.755505] init: Loading module /lib/modules/ip6table_security.ko with args ''
[    5.755505] init: Loading module /lib/modules/ip6table_security.ko with args ''
[    5.772481] init: Loaded kernel module /lib/modules/ip6table_security.ko
[    5.772481] init: Loaded kernel module /lib/modules/ip6table_security.ko
[    5.786440] init: Loading module /lib/modules/iptable_raw.ko with args ''
[    5.786440] init: Loading module /lib/modules/iptable_raw.ko with args ''
[    5.803728] init: Loaded kernel module /lib/modules/iptable_raw.ko
[    5.803728] init: Loaded kernel module /lib/modules/iptable_raw.ko
[    5.817027] init: Loading module /lib/modules/ipt_REJECT.ko with args ''
[    5.817027] init: Loading module /lib/modules/ipt_REJECT.ko with args ''
[    5.832876] init: Loaded kernel module /lib/modules/ipt_REJECT.ko
[    5.832876] init: Loaded kernel module /lib/modules/ipt_REJECT.ko
[    5.845841] init: Loading module /lib/modules/nfnetlink.ko with args ''
[    5.845841] init: Loading module /lib/modules/nfnetlink.ko with args ''
[    5.864157] init: Loaded kernel module /lib/modules/nfnetlink.ko
[    5.864157] init: Loaded kernel module /lib/modules/nfnetlink.ko
[    5.877100] init: Loading module /lib/modules/xt_limit.ko with args ''
[    5.877100] init: Loading module /lib/modules/xt_limit.ko with args ''
[    5.892507] init: Loaded kernel module /lib/modules/xt_limit.ko
[    5.892507] init: Loaded kernel module /lib/modules/xt_limit.ko
[    5.904849] init: Loading module /lib/modules/iptable_security.ko with args ''
[    5.904849] init: Loading module /lib/modules/iptable_security.ko with args ''
[    5.921745] init: Loaded kernel module /lib/modules/iptable_security.ko
[    5.921745] init: Loaded kernel module /lib/modules/iptable_security.ko
[    5.935507] init: Loading module /lib/modules/iptable_nat.ko with args ''
[    5.935507] init: Loading module /lib/modules/iptable_nat.ko with args ''
[    5.951445] init: Loaded kernel module /lib/modules/iptable_nat.ko
[    5.951445] init: Loaded kernel module /lib/modules/iptable_nat.ko
[    5.964316] init: Loading module /lib/modules/xt_tcpmss.ko with args ''
[    5.964316] init: Loading module /lib/modules/xt_tcpmss.ko with args ''
[    5.979893] init: Loaded kernel module /lib/modules/xt_tcpmss.ko
[    5.979893] init: Loaded kernel module /lib/modules/xt_tcpmss.ko
[    5.992438] init: Loaded 72 kernel modules took 2500 ms
[    5.992438] init: Loaded 72 kernel modules took 2500 ms
[    6.003454] init: Copied ramdisk prop to /second_stage_resources/system/etc/ramdisk/build.prop
[    6.003454] init: Copied ramdisk prop to /second_stage_resources/system/etc/ramdisk/build.prop
[    6.021314] init: Not moving /system/bin/snapuserd because it cannot be accessed: No such file or directory
[    6.021314] init: Not moving /system/bin/snapuserd because it cannot be accessed: No such file or directory
[    6.041563] init: Switching root to '/first_stage_ramdisk'
[    6.041563] init: Switching root to '/first_stage_ramdisk'
[    6.053123] init: [libfs_mgr]ReadFstabFromDt(): failed to read fstab from dt
[    6.053123] init: [libfs_mgr]ReadFstabFromDt(): failed to read fstab from dt
[    6.068034] init: Using Android DT directory /proc/device-tree/firmware/android/
[    6.068034] init: Using Android DT directory /proc/device-tree/firmware/android/
[    6.083408] init: Failed to read vbmeta partitions.
[    6.083408] init: Failed to read vbmeta partitions.
[    6.099649] init: [libfs_mgr]Invalid ext4 superblock on '/dev/block/by-name/metadata'
[    6.099649] init: [libfs_mgr]Invalid ext4 superblock on '/dev/block/by-name/metadata'
[    6.118602] init: [libfs_mgr]Created logical partition system_a on device /dev/block/dm-0
[    6.118602] init: [libfs_mgr]Created logical partition system_a on device /dev/block/dm-0
[    6.136676] init: [libfs_mgr]Created logical partition system_b on device /dev/block/dm-1
[    6.136676] init: [libfs_mgr]Created logical partition system_b on device /dev/block/dm-1
[    6.154885] init: [libfs_mgr]Created logical partition system_ext_a on device /dev/block/dm-2
[    6.154885] init: [libfs_mgr]Created logical partition system_ext_a on device /dev/block/dm-2
[    6.172724] init: [libfs_mgr]Skipping zero-length logical partition: system_ext_b
[    6.172724] init: [libfs_mgr]Skipping zero-length logical partition: system_ext_b
[    6.190149] init: [libfs_mgr]Created logical partition vendor_a on device /dev/block/dm-3
[    6.190149] init: [libfs_mgr]Created logical partition vendor_a on device /dev/block/dm-3
[    6.207271] init: [libfs_mgr]Skipping zero-length logical partition: vendor_b
[    6.207271] init: [libfs_mgr]Skipping zero-length logical partition: vendor_b
[    6.223287] init: [libfs_mgr]Created logical partition product_a on device /dev/block/dm-4
[    6.223287] init: [libfs_mgr]Created logical partition product_a on device /dev/block/dm-4
[    6.240446] init: [libfs_mgr]Skipping zero-length logical partition: product_b
[    6.240446] init: [libfs_mgr]Skipping zero-length logical partition: product_b
[    6.256915] init: [libfs_mgr]Created logical partition vendor_dlkm_a on device /dev/block/dm-5
[    6.256915] init: [libfs_mgr]Created logical partition vendor_dlkm_a on device /dev/block/dm-5
[    6.274922] init: [libfs_mgr]Skipping zero-length logical partition: vendor_dlkm_b
[    6.274922] init: [libfs_mgr]Skipping zero-length logical partition: vendor_dlkm_b
