S - Format: Log Type - Time(microsec) - Message - Optional Info

S - Log Type: B - Since Boot(Power On Reset),  D - Delta,  S - Statistic

S - QC_IMAGE_VERSION_STRING=BOOT.MXF.1.0.1-00549-KODIAKWP-1

S - IMAGE_VARIANT_STRING=SocKodiakWP

S - OEM_IMAGE_VERSION_STRING=wa-lxc

S - Boot Interface: SPI

S - Secure Boot: Off

S - Boot Config @ 0x00786070 = 0x000000c9

S - JTAG ID @ 0x00786130 = 0x001980e1

S - OEM ID @ 0x00786138 = 0x00000000

S - Serial Number @ 0x00786134 = 0x8dbddd5e

S - OEM Config Row 0 @ 0x007841c0 = 0x0000000000000000

S - OEM Config Row 1 @ 0x007841c8 = 0x0000000000000000

S - Feature Config Row 0 @ 0x00784148 = 0x0000000000000000

S - Feature Config Row 1 @ 0x00784150 = 0x0000000000000000

S - Core 0 Frequency, 1516 MHz

S - PBL Patch Ver: 1

D -      6620 - pbl_apps_init_timestamp

D -      3435 - bootable_media_detect_timestamp

D -       812 - bl_elf_metadata_loading_timestamp

D -       704 - bl_hash_seg_auth_timestamp

D -     26498 - bl_elf_loadable_segment_loading_timestamp

D -      4618 - bl_elf_segs_hash_verify_timestamp

D -     17366 - bl_sec_hash_seg_auth_timestamp

D -       822 - bl_sec_segs_hash_verify_timestamp

D -        30 - pbl_populate_shared_data_and_exit_timestamp

S -     60905 - PBL, End

B -     68747 - SBL1, Start

B -    195139 - SBL1 BUILD @ 21:01:04 on Jan 20 2026

B -    199195 - usb: eud_serial_upd , 0x8dbddd5e

D -    202489 - sbl1_hw_init

D -     10705 - boot_media_init

D -         0 - smss_load_cancel

B -    220484 - SMSS -  Image Load, Start

D -      2989 - SMSS -  Image Loaded, Delta - (0 Bytes)

D -       854 - Auth Metadata

D -      5978 - sbl1_xblconfig_init

B -    235033 - XBL Config -  Image Load, Start

D -         0 - shrm_load_cancel

B -    242627 - SHRM -  Image Load, Start

D -       580 - Auth Metadata

D -      1250 - Segments hash check

D -     12170 - SHRM -  Image Loaded, Delta - (39616 Bytes)

D -         0 - boot_default_cdt_init

D -       366 - boot_cdt_init

B -    266875 - CDT -  Image Load, Start

B -    269620 - CDT Version:3,Platform ID:32,Major ID:1,Minor ID:0,Subtype:7

D -     16348 - sbl1_hw_platform_pre_ddr

D -         0 - devcfg init

B -    295301 - PMIC A:2.0 B:1.0 C:2.2 I:1.0

B -    297070 - PM: PM8 0x4

B -    299388 - PM: xVdd reset

B -    301950 - PM: PON by PWR key DEB

B -    557936 - PM: SET_VAL:Skip

B -    559461 - PM: PSI: b0x06_v0x3f

B -    563548 - PM: Device Init # SPMI Transn: 15424

D -    278434 - pm_device_init, Delta

B -    569221 - pm_driver_init, Start

B -    580415 - PM: Driver Init # SPMI Transn: 504

D -      7717 - pm_driver_init, Delta

B -    585295 - PM: damsink err_flag = 0x0

B -    588558 - PM: dam aicl err_flag = 0x0

B -    593316 - PM: Battery ID: 10038Ohm

B -    596519 - PM: debug board connected

B -    600270 - vsense_init, Start

D -         0 - vsense_init, Delta

D -    322110 - sbl1_hw_pre_ddr_init

D -         0 - boot_dload_handle_forced_dload_timeout

D -      2989 - sbl1_load_ddr_training_data

B -    618967 - Pre_DDR_clock_init, Start

D -       244 - Pre_DDR_clock_init, Delta

D -     12901 - sbl1_ddr_set_params

B -    630679 - sbl1_ddr_init, Start

B -    634064 - LP5 DDR detected

D -     15768 - sbl1_ddr_init, Delta

B -    649802 - DSF version = 262.0.47

B -    653157 - Manufacturer ID = 13, Device Type = 8

B -    656756 - Rank 0 size = 4096 MB, Rank 1 size = 4096 MB

D -     31201 - sbl1_ddr_init

D -         0 - boot_pre_ddi_entry

B -    669963 - do_ddr_training, Start

B -    711138 - DDR: Start of DDR Training Restore

B -    714767 - Current DDR Freq = 2096 MHz

B -    715804 - Max enabled DDR Freq = 2736 MHz

B -    719830 - DDR: End of DDR Training Restore

D -     51057 - do_ddr_training, Delta

D -     58865 - sbl1_do_ddr_training

D -       732 - boot_ddi_entry

B -    735629 - Pimem init cmd, entry

D -      9211 - Pimem init cmd, exit

B -    748165 - External heap init, Start

B -    751154 - External heap init, End

D -     23241 - sbl1_post_ddr_init

D -        91 - sbl1_hw_init_secondary

B -    762134 - DDR -  Image Load, Start

B -    765885 - usb: emmc_parti_unavail

B -    769454 - usb: sdc_parti_unavail

B -    773144 - usb: Serial - 8dbddd5e

B -    776743 - usb: fedl, vbus_low

D -     14548 - boot_fedl_check

B -    783606 - APDP -  Image Load, Start

D -      3233 - APDP -  Image Loaded, Delta - (64 Bytes)

D -         0 - boot_dload_dump_security_regions

D -         0 - ramdump_load_cancel

B -    800045 - RamDump -  Image Load, Start

D -      3294 - RamDump -  Image Loaded, Delta - (0 Bytes)

D -        30 - boot_update_abnormal_reset_status

D -         0 - boot_cache_set_memory_barrier

D -         0 - boot_smem_debug_init

D -       580 - boot_smem_init

D -        30 - boot_smem_alloc_for_minidump

D -        91 - boot_smem_store_pon_status

D -        31 - sbl1_hw_platform_smem

D -        91 - boot_ddr_share_data_to_aop

D -       458 - boot_clock_init_rpm

D -         0 - boot_vsense_copy_to_smem

D -        30 - boot_populate_ram_partition_table

D -        31 - boot_populate_ddr_details_shared_table

D -         0 - sbl1_tlmm_init

D -         0 - sbl1_efs_handle_cookies

B -    862814 - OEM_MISC -  Image Load, Start

D -       763 - Auth Metadata

D -       214 - Segments hash check

D -     10645 - OEM_MISC -  Image Loaded, Delta - (7512 Bytes)

B -    876783 - QTI_MISC -  Image Load, Start

D -      5704 - QTI_MISC -  Image Loaded, Delta - (0 Bytes)

B -    892003 - PM: PM Total Mem Allocated: 2340 

D -      5429 - sbl1_pm_aop_pre_init_wrapper

B -    896669 - AOP -  Image Load, Start

D -       671 - Auth Metadata

D -      1586 - Segments hash check

D -     18361 - AOP -  Image Loaded, Delta - (203304 Bytes)

B -    918324 - QSEE Dev Config -  Image Load, Start

D -       640 - Auth Metadata

D -       519 - Segments hash check

D -     13054 - QSEE Dev Config -  Image Loaded, Delta - (41144 Bytes)

B -    940406 - QSEE -  Image Load, Start

D -     17690 - Auth Metadata

D -     22051 - Segments hash check

D -    230245 - QSEE -  Image Loaded, Delta - (3734195 Bytes)

D -         0 - sbl1_hw_play_vibr

B -   1179587 - SEC -  Image Load, Start

D -      3325 - SEC -  Image Loaded, Delta - (64 Bytes)

B -   1186450 - CPUCPFW -  Image Load, Start

D -     17110 - Auth Metadata

D -     17629 - Segments hash check

D -     52856 - CPUCPFW -  Image Loaded, Delta - (171300 Bytes)

B -   1248334 - QHEE -  Image Load, Start

D -     17324 - Auth Metadata

D -      5154 - Segments hash check

D -     41206 - QHEE -  Image Loaded, Delta - (432112 Bytes)

B -   1292834 - APPSBL -  Image Load, Start

D -       763 - Auth Metadata

D -     15494 - Segments hash check

D -    170800 - APPSBL -  Image Loaded, Delta - (3620864 Bytes)

D -        31 - sbl1_save_appsbl_index

B -   1472845 - SBL1, End

D -   1407575 - SBL1, Delta

S - Flash Throughput, 23235 KB/s  (8411417 Bytes,  362799 us)

S - DDR Frequency, 1555 MHz

?S - Format: Log Type - Time(microsec) - Message - Optional Info

S - Log Type: B - Since Boot(Power On Reset),  D - Delta,  S - Statistic

S - QC_IMAGE_VERSION_STRING=BOOT.MXF.1.0.1-00549-KODIAKWP-1

S - IMAGE_VARIANT_STRING=SocKodiakWP

S - OEM_IMAGE_VERSION_STRING=wa-lxc

S - Boot Interface: SPI

S - Secure Boot: Off

S - Boot Config @ 0x00786070 = 0x000000c9

S - JTAG ID @ 0x00786130 = 0x001980e1

S - OEM ID @ 0x00786138 = 0x00000000

S - Serial Number @ 0x00786134 = 0x8dbddd5e

S - OEM Config Row 0 @ 0x007841c0 = 0x0000000000000000

S - OEM Config Row 1 @ 0x007841c8 = 0x0000000000000000

S - Feature Config Row 0 @ 0x00784148 = 0x0000000000000000

S - Feature Config Row 1 @ 0x00784150 = 0x0000000000000000

S - Core 0 Frequency, 1516 MHz

S - PBL Patch Ver: 1

D -      6620 - pbl_apps_init_timestamp

D -      3435 - bootable_media_detect_timestamp

D -       810 - bl_elf_metadata_loading_timestamp

D -       704 - bl_hash_seg_auth_timestamp

D -     26494 - bl_elf_loadable_segment_loading_timestamp

D -      4619 - bl_elf_segs_hash_verify_timestamp

D -     17369 - bl_sec_hash_seg_auth_timestamp

D -       824 - bl_sec_segs_hash_verify_timestamp

D -        30 - pbl_populate_shared_data_and_exit_timestamp

S -     60905 - PBL, End

B -     69723 - SBL1, Start

B -    197853 - SBL1 BUILD @ 21:01:04 on Jan 20 2026

B -    201971 - usb: eud_serial_upd , 0x8dbddd5e

D -    205295 - sbl1_hw_init

D -     10858 - boot_media_init

D -         0 - smss_load_cancel

B -    223565 - SMSS -  Image Load, Start

D -      3050 - SMSS -  Image Loaded, Delta - (0 Bytes)

D -       946 - Auth Metadata

D -      6039 - sbl1_xblconfig_init

B -    238327 - XBL Config -  Image Load, Start

D -         0 - shrm_load_cancel

B -    246013 - SHRM -  Image Load, Start

D -       549 - Auth Metadata

D -      1250 - Segments hash check

D -     12322 - SHRM -  Image Loaded, Delta - (39616 Bytes)

D -         0 - boot_default_cdt_init

D -       366 - boot_cdt_init

B -    270565 - CDT -  Image Load, Start

B -    273371 - CDT Version:3,Platform ID:32,Major ID:1,Minor ID:0,Subtype:7

D -     16592 - sbl1_hw_platform_pre_ddr

D -         0 - devcfg init

B -    299388 - PMIC A:2.0 B:1.0 C:2.2 I:1.0

B -    301126 - PM: Reset by PSHOLD

B -    303505 - PM: Reset Type: Hard Reset

B -    558638 - PM: SET_VAL:Skip

B -    560193 - PM: PSI: b0x06_v0x3f

B -    564280 - PM: Device Init # SPMI Transn: 15297

D -    275171 - pm_device_init, Delta

B -    569923 - pm_driver_init, Start

B -    581116 - PM: Driver Init # SPMI Transn: 504

D -      7717 - pm_driver_init, Delta

B -    585996 - PM: damsink err_flag = 0x0

B -    589290 - PM: dam aicl err_flag = 0x0

B -    594018 - PM: Battery ID: 10042Ohm

B -    597251 - PM: debug board connected

B -    600972 - vsense_init, Start

D -         0 - vsense_init, Delta

D -    318847 - sbl1_hw_pre_ddr_init

D -         0 - boot_dload_handle_forced_dload_timeout

D -      2958 - sbl1_load_ddr_training_data

B -    619668 - Pre_DDR_clock_init, Start

D -       214 - Pre_DDR_clock_init, Delta

D -     12902 - sbl1_ddr_set_params

B -    631380 - sbl1_ddr_init, Start

B -    634796 - LP5 DDR detected

D -     15768 - sbl1_ddr_init, Delta

B -    650534 - DSF version = 262.0.47

B -    653889 - Manufacturer ID = 13, Device Type = 8

B -    657488 - Rank 0 size = 4096 MB, Rank 1 size = 4096 MB

D -     31232 - sbl1_ddr_init

D -         0 - boot_pre_ddi_entry

B -    670695 - do_ddr_training, Start

B -    711870 - DDR: Start of DDR Training Restore

B -    715499 - Current DDR Freq = 2096 MHz

B -    716536 - Max enabled DDR Freq = 2736 MHz

B -    720562 - DDR: End of DDR Training Restore

D -     51057 - do_ddr_training, Delta

D -     58865 - sbl1_do_ddr_training

D -       732 - boot_ddi_entry

B -    736361 - Pimem init cmd, entry

D -      9211 - Pimem init cmd, exit

B -    748897 - External heap init, Start

B -    751886 - External heap init, End

D -     23241 - sbl1_post_ddr_init

D -        91 - sbl1_hw_init_secondary

B -    762835 - DDR -  Image Load, Start

B -    766617 - usb: emmc_parti_unavail

B -    770186 - usb: sdc_parti_unavail

B -    773846 - usb: Serial - 8dbddd5e

B -    777475 - usb: fedl, vbus_low

D -     14548 - boot_fedl_check

B -    784307 - APDP -  Image Load, Start

D -      3233 - APDP -  Image Loaded, Delta - (64 Bytes)

D -         0 - boot_dload_dump_security_regions

D -         0 - ramdump_load_cancel

B -    800777 - RamDump -  Image Load, Start

D -      3294 - RamDump -  Image Loaded, Delta - (0 Bytes)

D -        30 - boot_update_abnormal_reset_status

D -         0 - boot_cache_set_memory_barrier

D -         0 - boot_smem_debug_init

D -       580 - boot_smem_init

D -         0 - boot_smem_alloc_for_minidump

D -        91 - boot_smem_store_pon_status

D -        31 - sbl1_hw_platform_smem

D -        61 - boot_ddr_share_data_to_aop

D -       488 - boot_clock_init_rpm

D -         0 - boot_vsense_copy_to_smem

D -        30 - boot_populate_ram_partition_table

D -        31 - boot_populate_ddr_details_shared_table

D -         0 - sbl1_tlmm_init

D -         0 - sbl1_efs_handle_cookies

B -    863516 - OEM_MISC -  Image Load, Start

D -       763 - Auth Metadata

D -       214 - Segments hash check

D -     10675 - OEM_MISC -  Image Loaded, Delta - (7512 Bytes)

B -    877485 - QTI_MISC -  Image Load, Start

D -      5703 - QTI_MISC -  Image Loaded, Delta - (0 Bytes)

B -    892735 - PM: PM Total Mem Allocated: 2340 

D -      5460 - sbl1_pm_aop_pre_init_wrapper

B -    897401 - AOP -  Image Load, Start

D -       702 - Auth Metadata

D -      1616 - Segments hash check

D -     18392 - AOP -  Image Loaded, Delta - (203304 Bytes)

B -    919087 - QSEE Dev Config -  Image Load, Start

D -       640 - Auth Metadata

D -       488 - Segments hash check

D -     13054 - QSEE Dev Config -  Image Loaded, Delta - (41144 Bytes)

B -    941169 - QSEE -  Image Load, Start

D -     17720 - Auth Metadata

D -     22173 - Segments hash check

D -    230397 - QSEE -  Image Loaded, Delta - (3734195 Bytes)

D -         0 - sbl1_hw_play_vibr

B -   1180502 - SEC -  Image Load, Start

D -      3355 - SEC -  Image Loaded, Delta - (64 Bytes)

B -   1187395 - CPUCPFW -  Image Load, Start

D -     17080 - Auth Metadata

D -     17629 - Segments hash check

D -     52826 - CPUCPFW -  Image Loaded, Delta - (171300 Bytes)

B -   1249249 - QHEE -  Image Load, Start

D -     17354 - Auth Metadata

D -      5185 - Segments hash check

D -     41206 - QHEE -  Image Loaded, Delta - (432112 Bytes)

B -   1293779 - APPSBL -  Image Load, Start

D -       793 - Auth Metadata

D -     15525 - Segments hash check

D -    170770 - APPSBL -  Image Loaded, Delta - (3620864 Bytes)

D -         0 - sbl1_save_appsbl_index

B -   1473790 - SBL1, End

D -   1407544 - SBL1, Delta

S - Flash Throughput, 23235 KB/s  (8411417 Bytes,  362890 us)

S - DDR Frequency, 1555 MHz





UEFI Start     [ 1685]

 - 0x09F001000 [ 1687] Sec.efi

ASLR        : OFF [WARNING]

DEP         : ON (RTB)

Timer Delta : +1 mS

RAM Entry 0 : Base 0x0080000000  Size 0x003B600000

RAM Entry 1 : Base 0x0180000000  Size 0x0100000000

RAM Entry 2 : Base 0x00C0000000  Size 0x00C0000000

Total Available RAM : 8118 MB (0x01FB600000)

Total Installed RAM : 8192 MB (0x0200000000)

Init 7 aux cores of 7

Init CPU core 1

Init CPU core 2

Init CPU core 3

Init CPU core 4

Init CPU core 5

Init CPU core 6

Init CPU core 7

  > Scheduler up on Core 1

Continue booting UEFI on Core 0

  > Scheduler up on Core 2

  > Scheduler up on Core 3

UEFI Ver    : 6.0.260120.BOOT.MXF.1.0.1-00549-KODIAKWP-1

Build Info  : 64b Jan 20 2026 21:01:25

Boot Device : NVME

PROD Mode   : TRUE

Retail      : TRUE

  > Scheduler up on Core 7

  > Scheduler up on Core 6

  > Scheduler up on Core 4

  > Scheduler up on Core 5

tz_armv8_smc_call failed, TzStatus = 0xFFFFFFFE,  SmcId = 0x32000403  

QseeResponse->result = 0xFFFFFF0F

Status = 0x7

Scm command failed to get RPMB provisioning State, Status: 0x00000007

TpmType returned from TZ (LoadApps.c)= 0x6654504D. 

tz_armv8_smc_call failed, TzStatus = 0xFFFFFFFE,  SmcId = 0x32000109  

QseeResponse->result = 0xFFFFFFFF

Status = 0x7

ActivateTzEmbeddedSecureImage Failed

tz_armv8_smc_call failed, TzStatus = 0xFFFFFFFE,  SmcId = 0x32000109  

QseeResponse->result = 0xFFFFFFFF

Status = 0x7

ActivateTzEmbeddedSecureImage Failed

Card Detection FAILED! Handle 0, Slot 0

eMMC module not found

 Valid primary but incorrect AlternateLBA.

 Restore backup partition table by the primary

 Restore backup partition table success

HW Wdog Setting from PCD : Disabled

UFS GPIO7 value is 1

Skipping UFS initialization

PM0: 47, PM1: 63, PM2: 49, PM8: 46, 

Module cannot re-initialize DAL module environment

QcomChargerDxe:: QcomChargerInitialize Unsupported platform or PMIC. 

UsbConfigInit: Device isSku1Variant: 0

UsbConfigInit: SchgPmicInfo.PmicIndex =  (0x8)

UsbStartController: Starting Core 0 in mode: 1

SSUsbSetPhyMode: MuxValue:3, CCOutStatus:1

SSUsbSetPhyMode: CoreNum:0, MuxValue:3, CCOutStatus:1

UsbStartController: Starting Core 1 in mode: 1

UsbEnumeratePort: new device connected at port 0, HubIfc =0xFA9D8C18 

DisplayDxe: External Panel Mode#0 1024x600 59Hz selected.

Device booted from NVME/SPI_NORUsbEnumNewDevRootHub: HIGH on port 0

 UsbEnumNewDevRootHub: vid = 0x1A40 pid = 0x0101, Addr = 1

TpmCmdMaxSize  4096  TpmRspMaxSize  4096  

TpmManufacturerID  0x4D4F4351  

TpmHashAlgoBitmap  0x7  TpmActivePcrBanks 0x2 

ActivePcrBanks     0x2 

IndexArray 0x1  0xFF  0xFF 



UpdateMemoryArrayInfoTable: DDR Details: Manufacturer ID: 19, Device Type: 8, Num Channels: 2

UsbEnumeratePort: new device connected at port 1, HubIfc =0xFA9BEC98 

tz_armv8_smc_call failed, TzStatus = 0xFFFFFFFE,  SmcId = 0x32000401  

QseeResponse->result = 0xFFFFFF03

Status = 0x7

RpmbAutoProvisionMain: RPMB is already provisioned.

PCIE Port 0 Configuration Found! 

PCIE Port 1 Configuration Found! 

PCIe enum (0x3) start : 3653

Training start : 3687

UsbEnumNewDevHub: FULL on port 1

UsbSelectConfig: failed to connect driver Not Found, ignored

Wait for link up start : 3737

PCIe Link up on port 0

UsbEnumeratePort: new device connected at port 3, HubIfc =0xFA9BEC98 

UsbEnumNewDevHub: HIGH on port 3

UsbSelectConfig: failed to connect driver Not Found, ignored

Link up Failed..!! PCIe1, PARF_LTSSM: 0x0 

Training complete : 3987

Port 0 : x1, Gen 1

PCIe Links ready : 3988

PCIe Links setup in 335 ms

[EC] [FmpDeviceInit 1209] EC device is not initialized, Platform is 6490_IOT_industrial_kit or Dragon_Q6A

[EC] [FmpDeviceGetImageTypeIdGuidPtr 226] EC device is not active, returning Unsupported

[EC] [FmpDeviceGetVersion 563] EC device is not active, returning Unsupported

[EC] [FmpDeviceGetVersion 563] EC device is not active, returning Unsupported

[EC] [FmpDeviceGetLowestSupportedVersion 352] EC device is not yet initialized!

[KB] [I2CKeyboardEntryPoint 1882] - Unsupported platform type  32

 Could not find the Reset Data region .

[=3h[2J[0m[35m[40m ConnectConsoles Delta : 49918 micro sec

WaitParallelThreads InIt [ 4074] 

UEFI Ver           : 6.0.260120.BOOT.MXF.1.0.1-00549-KODIAKWP-1

Platform           : IOT

SKUVersion         : 32

Subtype            : 7

Boot Device        : NVME

Chip Name          : QCS6490

Chip Ver           : 1.0

Chip Num           : 0x8DBDDD5E

Chip ECID          : 0x042F8DBDDD5E

-----------------------------

 PlatformBdsPostConsoleInit Delta : 2236 micro sec

Continuing with BDS initialization

[QcomBds] No default boot app specified

 PlatformSecurityInit Delta : 375 micro sec

Block IO handles of partition /'C12A7328-F81F-11D2-BA4B-00A0C93EC93B/' not found

Failed to get block size of EFI partition. Status: Not Found

InitStoragePointersForCapsuleRawFile returned - Not Found!

InitCapsuleStoragePointers returned - Not Found.

DoCapsuleUpdate Delta : 1758 micro sec

ACPI: Loaded 1 tables

AML: AmlUpdateSjtg FEATURE_ID buffer is 0

AML: AmlUpdateSjtg JTAG_ID buffer is 1671393

Attempting to start: Firmware provisioning

: DppProtocol->GetDPP returned Not Found

 HandleMorPpi delta: 1

Platform Init End : 4093

-----------------------------

 PlatBdsSocPostProc Delta : 14420 micro sec

WARNING: TPM2 Event log has HashAlg unsupported by PCR bank (0x4)

WARNING: TPM2 Event log has HashAlg unsupported by PCR bank (0xC)

Get Smbios ---, Status = (0x800000000000000E)

GetEmmcHandle failed, Status = 0x0

 PlatBdsPostFwConfigSec Delta : 10464 micro sec

 Entered MeasurePeImg...

/local/mnt/workspace/CRMBuilds/BOOT.MXF.1.0.1-00549-KODIAKWP-1_20250921_095415/b/boot_images/boot/QcomPkg/Drivers/TrEEDxe/TrEEDxe.c..HashLogExtendEvent:480 Failed! input = 0x2  

/local/mnt/workspace/CRMBuilds/BOOT.MXF.1.0.1-00549-KODIAKWP-1_20250921_095415/b/boot_images/boot/QcomPkg/Drivers/MeasureBootDxe/MeasureBootDxe.c..HashExtendLogTreeEvent: 319 Failed! input = 0x1  

/local/mnt/workspace/CRMBuilds/BOOT.MXF.1.0.1-00549-KODIAKWP-1_20250921_095415/b/boot_images/boot/QcomPkg/Drivers/MeasureBootDxe/MeasureBootDxe.c..MeasurePeImgAll: 1290 Failed! input = 0x1  

/local/mnt/workspace/CRMBuilds/BOOT.MXF.1.0.1-00549-KODIAKWP-1_20250921_095415/b/boot_images/boot/QcomPkg/Drivers/MeasureBootDxe/MeasureBootDxe.c..MeasureBootVariables:782 Failed! input = 0xE  

/local/mnt/workspace/CRMBuilds/BOOT.MXF.1.0.1-00549-KODIAKWP-1_20250921_095415/b/boot_images/boot/QcomPkg/Drivers/MeasureBootDxe/MeasureBootDxe.c..MeasurePeImgAll: 1293 Failed! input = 0x1  

Press F2 to enter Setup, F5 to enter UEFI Shell, F12 to enter Boot menu

Auto boot in 5 seconds

Auto boot in 4 seconds

Auto boot in 3 seconds

Auto boot in 2 seconds

Auto boot in 1 seconds

UEFI Total : 7831 ms

POST Time      [ 9516] OS Loader

 Valid primary but incorrect AlternateLBA.

 Restore backup partition table by the primary

 Restore backup partition table success

[QcomBds] Could not find bootable handle

UEFI Total : 8224 ms

POST Time      [ 9909] OS Loader

 Valid primary but incorrect AlternateLBA.

 Restore backup partition table by the primary

 Restore backup partition table success

 Valid primary but incorrect AlternateLBA.

 Restore backup partition table by the primary

 Restore backup partition table success

[QcomBds] Could not find bootable handle

[QcomBds] Boot Device Order:

[QcomBds]   [0]: USB

[QcomBds]   [1]: SD

[QcomBds]   [2]: NVMe

[QcomBds]   [3]: eMMC

[QcomBds]   [4]: UFS

[QcomBds] Trying device 0: USB

 Valid primary but incorrect AlternateLBA.

 Restore backup partition table by the primary

 Restore backup partition table success

 Valid primary but incorrect AlternateLBA.

 Restore backup partition table by the primary

 Restore backup partition table success

 Valid primary but incorrect AlternateLBA.

 Restore backup partition table by the primary

 Restore backup partition table success

[QcomBds] Trying device 1: SD

 Valid primary but incorrect AlternateLBA.

 Restore backup partition table by the primary

 Restore backup partition table success

UEFI Total : 10709 ms

POST Time      [12394] OS Loader

 Entered MeasurePeImg...

/local/mnt/workspace/CRMBuilds/BOOT.MXF.1.0.1-00549-KODIAKWP-1_20250921_095415/b/boot_images/boot/QcomPkg/Drivers/TrEEDxe/TrEEDxe.c..HashLogExtendEvent:480 Failed! input = 0x2  

/local/mnt/workspace/CRMBuilds/BOOT.MXF.1.0.1-00549-KODIAKWP-1_20250921_095415/b/boot_images/boot/QcomPkg/Drivers/MeasureBootDxe/MeasureBootDxe.c..HashExtendLogTreeEvent: 319 Failed! input = 0x1  

/local/mnt/workspace/CRMBuilds/BOOT.MXF.1.0.1-00549-KODIAKWP-1_20250921_095415/b/boot_images/boot/QcomPkg/Drivers/MeasureBootDxe/MeasureBootDxe.c..MeasurePeImgAll: 1290 Failed! input = 0x1  

[0m[37m[40m[INFO] efi_main: embloader (Embedded Bootloader) version 0.4.r1.9f8e74b

[DEBUG] efi_main: function efi_main at 0xf0383678

[WARNING] find_embloader_folder: embloader folder not found

[DEBUG] efi_main: Final configuration:

[DEBUG] config: {}

[INFO] efi_main: parsing smbios

[WARNING] efi_main: no matched device found in config

[INFO] sdboot_boot_load_menu: loading systemd-boot menu

[INFO] sdboot_check_fs: Found systemd-boot folder in VenHw(D1531D41-3F80-4091-8D0A-541F59236D66)/HD(

1,GPT,288D9954-6808-43B6-BFEC-6FFB0C7A59C8,0x800,0x80000)

[INFO] sdboot_boot_load_file: loading sdboot boot config from file /loader/loader.conf

[INFO] sdboot_boot_load_file: loading sdboot boot config from file android.conf

[DEBUG] sdboot_boot_load_file: created sdboot loader android

[DEBUG] sdboot_boot_load_root: use timeout value 5 from sdboot config

[DEBUG] sdboot_boot_load_root: found default entry android.conf in sdboot config

[DEBUG] sdboot_boot_load_root: use default entry android.conf from sdboot config

[INFO] sdboot_boot_load_menu: loaded systemd-boot menu from current device

[Warn]	(0.000, +0)	 lv_uefi_simple_pointer_indev_add_handle: [lv_uefi] The SIMPLE_POINTER inter

face is not valid. lv_uefi_indev_pointer.c:124



Embedded Boot Loader GUI Menu Serial Alternative

[INFO] embloader_gui_menu_start: lvgl gui menu started

[WARNING] load_xml_from: failed to read XML file menu-main.xml for menu-main: Invalid Parameter

[WARNING] filter_supports: disabled for Qualcomm UEFI

[WARNING] embloader_tui_menu_start: this platform have bad console, skip TUI menu



========================================

= Embedded Bootloader menu

========================================

  1. Android 13 ??? Dragon Q6A

  2. Reboot Into Firmware Interface

========================================

Menu timeout: 5 seconds

Default option: (1) Android 13 ??? Dragon Q6A

Select an option (1-2) or press Enter to boot default: 

Timeout

Booting default option (1) Android 13 ??? Dragon Q6A



[INFO] embloader_loader_boot: booting Android 13 ??? Dragon Q6A (android) ...

[INFO] embloader_loader_boot_sdboot: booting sdboot loader Android 13 ??? Dragon Q6A ...

[INFO] linux_load_kernel: loading kernel /Android/Image

[INFO] linux_load_kernel: loaded kernel /Android/Image size 61.25MiB (64223744 bytes)

[INFO] linux_load_kernel: kernel /Android/Image at 0xf6374000 with 15680 pages

[INFO] linux_load_initramfs: loading initramfs /Android/ramdisk.img

[INFO] linux_load_initramfs: loaded initramfs /Android/ramdisk.img size 14.43MiB (15129374 bytes)

[INFO] linux_load_initramfs: loaded 1 initramfs size 14.43MiB (15129374 bytes)

[INFO] linux_load_initramfs: initramfs collections (1) at 0xef0b5000 with 3694 pages

[INFO] linux_load_bootargs: loaded bootargs console=tty0 console=ttyMSM0,115200n8 earlycon=qcom_geni

,0x00994000 fbcon=nodefer video=efifb:keep video=HDMI-A-1:1024x600@60e keep_bootcon ignore_loglevel 

loglevel=8 initcall_debug modprobe.blacklist=msm panic=10 coherent_pool=2M firmware_class.path=/vend

or/firmware irqchip.gicv3_pseudo_nmi=0 psi=1 selinux=1 androidboot.force_normal_boot=1 androidboot.s

lot_suffix=_a androidboot.hardware=dragon_q6a androidboot.selinux=permissive androidboot.boot_device

s=soc@0/8804000.mmc lsm=landlock,lockdown,yama,integrity,selinux,bpf printk.devkmsg=on

[DEBUG] linux_try_load_dtb: try load dtb /Android/qcs6490-radxa-dragon-q6a.dtb

[INFO] linux_try_load_dtb: read dtb /Android/qcs6490-radxa-dragon-q6a.dtb size 180.70KiB (184388 byt

es)

[INFO] linux_try_load_dtb: load dtb /Android/qcs6490-radxa-dragon-q6a.dtb successfully

[INFO] linux_try_load_dtb: dtb model: Radxa Dragon Q6A

[INFO] linux_try_load_dtb: dtb compatible: radxa,dragon-q6a

[DEBUG] linux_data_load: linux boot data prepared

[DEBUG] efi_dtfixup: applying efi dtfixup protocol

[INFO] efi_dtfixup: efi dtfixup applied successfully

[INFO] embloader_start_efi: load efi image at 0xf6374000...

 Entered MeasurePeImg...

/local/mnt/workspace/CRMBuilds/BOOT.MXF.1.0.1-00549-KODIAKWP-1_20250921_095415/b/boot_images/boot/QcomPkg/Drivers/TrEEDxe/TrEEDxe.c..HashLogExtendEvent:480 Failed! input = 0x2  

/local/mnt/workspace/CRMBuilds/BOOT.MXF.1.0.1-00549-KODIAKWP-1_20250921_095415/b/boot_images/boot/QcomPkg/Drivers/MeasureBootDxe/MeasureBootDxe.c..HashExtendLogTreeEvent: 319 Failed! input = 0x1  

/local/mnt/workspace/CRMBuilds/BOOT.MXF.1.0.1-00549-KODIAKWP-1_20250921_095415/b/boot_images/boot/QcomPkg/Drivers/MeasureBootDxe/MeasureBootDxe.c..MeasurePeImgAll: 1290 Failed! input = 0x1  

DetectLinuxKernelVersion Delta : 42510 micro sec

[INFO] embloader_start_efi: use cmdline console=tty0 console=ttyMSM0,115200n8 earlycon=qcom_geni,0x0

0994000 fbcon=nodefer video=efifb:keep video=HDMI-A-1:1024x600@60e keep_bootcon ignore_loglevel logl

evel=8 initcall_debug modprobe.blacklist=msm panic=10 coherent_pool=2M firmware_class.path=/vendor/f

irmware irqchip.gicv3_pseudo_nmi=0 psi=1 selinux=1 androidboot.force_normal_boot=1 androidboot.slot_

suffix=_a androidboot.hardware=dragon_q6a androidboot.selinux=permissive androidboot.boot_devices=so

c@0/8804000.mmc lsm=landlock,lockdown,yama,integrity,selinux,bpf printk.devkmsg=on

[INFO] embloader_start_efi: start efi image...

Start EBS        [22925] 

Start EBS        [22928] 

ScmArmV8ExitBootServicesHandler, Status = 0x0. 

Exit EBS        [23851] UEFI End

[    0.000000] printk: debug: ignoring loglevel setting.

[    0.000000] efi: EFI v2.7 by Qualcomm Technologies, Inc.

[    0.000000] efi: ACPI 2.0=0xffffd000 MEMATTR=0xfa462018 ESRT=0xfa236e98 SMBIOS=0xffed1000 TPMEventLog=0xfffc6018 INITRD=0xf0075f98 RNG=0xfffc6e98 MEMRESERVE=0xf0075d18 

[    0.000000] random: crng init done

[    0.000000] TPM Final Events table not present

[    0.000000] esrt: Reserving ESRT space from 0x00000000fa236e98 to 0x00000000fa236ef8.

[    0.000000] OF: reserved mem: 0x0000000080000000..0x00000000805fffff (6144 KiB) nomap non-reusable hyp@80000000

[    0.000000] OF: reserved mem: 0x0000000080600000..0x00000000807fffff (2048 KiB) nomap non-reusable xbl@80600000

[    0.000000] OF: reserved mem: 0x0000000080800000..0x000000008085ffff (384 KiB) nomap non-reusable aop@80800000

[    0.000000] OF: reserved mem: 0x0000000080860000..0x000000008087ffff (128 KiB) nomap non-reusable aop-cmd-db@80860000

[    0.000000] OF: reserved mem: 0x0000000080884000..0x0000000080893fff (64 KiB) nomap non-reusable xbl-uefi-res@80880000

[    0.000000] OF: reserved mem: 0x00000000808ff000..0x00000000808fffff (4 KiB) nomap non-reusable sec-apps@808ff000

[    0.000000] OF: reserved mem: 0x0000000080900000..0x0000000080afffff (2048 KiB) nomap non-reusable smem@80900000

[    0.000000] OF: reserved mem: 0x0000000080b00000..0x0000000080bfffff (1024 KiB) nomap non-reusable cpucp@80b00000

[    0.000000] OF: reserved mem: 0x0000000081800000..0x00000000826fffff (15360 KiB) nomap non-reusable lpass-ml@81800000

[    0.000000] OF: reserved mem: 0x0000000082700000..0x000000008270ffff (64 KiB) nomap non-reusable cdsp-secure-heap@82700000

[    0.000000] OF: reserved mem: 0x000000008b800000..0x000000008dffffff (40960 KiB) nomap non-reusable adsp@8b800000

[    0.000000] OF: reserved mem: 0x000000008e000000..0x000000008fdfffff (30720 KiB) nomap non-reusable cdsp@8e000000

[    0.000000] OF: reserved mem: 0x000000008fe00000..0x00000000902fffff (5120 KiB) nomap non-reusable video@8fe00000

[    0.000000] OF: reserved mem: 0x0000000090300000..0x0000000090304fff (20 KiB) nomap non-reusable zap@90300000

[    0.000000] OF: reserved mem: 0x00000000c0000000..0x00000000c00fffff (1024 KiB) nomap non-reusable tz-stat@c0000000

[    0.000000] OF: reserved mem: 0x00000000c0100000..0x00000000c12fffff (18432 KiB) nomap non-reusable tags@c0100000

[    0.000000] OF: reserved mem: 0x00000000c1300000..0x00000000c17fffff (5120 KiB) nomap non-reusable qtee@c1300000

[    0.000000] OF: reserved mem: 0x00000000c1800000..0x00000000c39fffff (34816 KiB) nomap non-reusable trusted-apps@c1800000

[    0.000000] OF: reserved mem: 0x00000000c6500000..0x00000000c6cfffff (8192 KiB) nomap non-reusable adsp-rpc-remote-heap@c6500000

[    0.000000] NUMA: Faking a node at [mem 0x0000000080000000-0x000000027fffffff]

[    0.000000] NODE_DATA(0) allocated [mem 0x27eda9c00-0x27edad37f]

[    0.000000] Zone ranges:

[    0.000000]   DMA      [mem 0x0000000080000000-0x00000000ffffffff]

[    0.000000]   DMA32    empty

[    0.000000]   Normal   [mem 0x0000000100000000-0x000000027fffffff]

[    0.000000]   Device   empty

[    0.000000] Movable zone start for each node

[    0.000000] Early memory node ranges

[    0.000000]   node   0: [mem 0x0000000080000000-0x00000000807fffff]

[    0.000000]   node   0: [mem 0x0000000080884000-0x00000000808b3fff]

[    0.000000]   node   0: [mem 0x00000000808b4000-0x00000000808fefff]

[    0.000000]   node   0: [mem 0x00000000808ff000-0x00000000808fffff]

[    0.000000]   node   0: [mem 0x0000000080b00000-0x000000008270ffff]

[    0.000000]   node   0: [mem 0x0000000082710000-0x00000000842fffff]

[    0.000000]   node   0: [mem 0x0000000084800000-0x000000008b7fffff]

[    0.000000]   node   0: [mem 0x0000000090309000-0x000000009f5f6fff]

[    0.000000]   node   0: [mem 0x000000009f5f7000-0x000000009f5fffff]

[    0.000000]   node   0: [mem 0x000000009f600000-0x000000009fffffff]

[    0.000000]   node   0: [mem 0x00000000a0000000-0x00000000a0001fff]

[    0.000000]   node   0: [mem 0x00000000a0002000-0x00000000a07fffff]

[    0.000000]   node   0: [mem 0x00000000a0800000-0x00000000a0afffff]

[    0.000000]   node   0: [mem 0x00000000a0b00000-0x00000000bb5fffff]

[    0.000000]   node   0: [mem 0x00000000c3a00000-0x00000000c50fffff]

[    0.000000]   node   0: [mem 0x00000000c6000000-0x00000000c64fffff]

[    0.000000]   node   0: [mem 0x00000000c6d00000-0x00000000c90fffff]

[    0.000000]   node   0: [mem 0x00000000c9100000-0x00000000eedfffff]

[    0.000000]   node   0: [mem 0x00000000eee00000-0x00000000eeffffff]

[    0.000000]   node   0: [mem 0x00000000ef000000-0x00000000ffa75fff]

[    0.000000]   node   0: [mem 0x00000000ffa76000-0x00000000fff21fff]

[    0.000000]   node   0: [mem 0x00000000fff22000-0x000000027fffffff]

[    0.000000] Initmem setup node 0 [mem 0x0000000080000000-0x000000027fffffff]

[    0.000000] On node 0, zone DMA: 132 pages in unavailable ranges

[    0.000000] On node 0, zone DMA: 512 pages in unavailable ranges

[    0.000000] On node 0, zone DMA: 1280 pages in unavailable ranges

[    0.000000] On node 0, zone DMA: 19209 pages in unavailable ranges

[    0.000000] On node 0, zone DMA: 33792 pages in unavailable ranges

[    0.000000] On node 0, zone DMA: 3840 pages in unavailable ranges

[    0.000000] On node 0, zone DMA: 2048 pages in unavailable ranges

[    0.000000] cma: Reserved 32 MiB at 0x00000000fda00000

[    0.000000] psci: probing for conduit method from DT.

[    0.000000] psci: PSCIv1.1 detected in firmware.

[    0.000000] psci: Using standard PSCI v0.2 function IDs

[    0.000000] psci: MIGRATE_INFO_TYPE not supported.

[    0.000000] psci: SMC Calling Convention v1.1

[    0.000000] psci: OSI mode supported.

[    0.000000] psci: [Firmware Bug]: failed to set PC mode: -3

[    0.000000] percpu: Embedded 26 pages/cpu s66328 r8192 d31976 u106496

[    0.000000] pcpu-alloc: s66328 r8192 d31976 u106496 alloc=26*4096

[    0.000000] pcpu-alloc: [0] 0 [0] 1 [0] 2 [0] 3 [0] 4 [0] 5 [0] 6 [0] 7 

[    0.000000] Detected VIPT I-cache on CPU0

[    0.000000] CPU features: detected: GICv3 CPU interface

[    0.000000] CPU features: kernel page table isolation forced ON by KASLR

[    0.000000] CPU features: detected: Kernel page table isolation (KPTI)

[    0.000000] CPU features: detected: Qualcomm erratum 1009, or ARM erratum 1286807, 2441009

[    0.000000] CPU features: detected: ARM errata 1165522, 1319367, or 1530923

[    0.000000] alternatives: applying boot alternatives

[    0.000000] Kernel command line: console=tty0 console=ttyMSM0,115200n8 earlycon=qcom_geni,0x00994000 fbcon=nodefer video=efifb:keep video=HDMI-A-1:1024x600@60e keep_bootcon ignore_loglevel loglevel=8 initcall_debug modprobe.blacklist=msm panic=10 coherent_pool=2M firmware_class.path=/vendor/firmware irqchip.gicv3_pseudo_nmi=0 psi=1 selinux=1 androidboot.force_normal_boot=1 androidboot.slot_suffix=_a androidboot.hardware=dragon_q6a androidboot.selinux=permissive androidboot.boot_devices=soc@0/8804000.mmc lsm=landlock,lockdown,yama,integrity,selinux,bpf printk.devkmsg=on

[    0.000000] printk: log buffer data + meta data: 2097152 + 7340032 = 9437184 bytes

[    0.000000] Dentry cache hash table entries: 1048576 (order: 11, 8388608 bytes, linear)

[    0.000000] Inode-cache hash table entries: 524288 (order: 10, 4194304 bytes, linear)

[    0.000000] software IO TLB: area num 8.

[    0.000000] software IO TLB: mapped [mem 0x00000000f6236000-0x00000000fa236000] (64MB)

[    0.000000] Fallback order for Node 0: 0 

[    0.000000] Built 1 zonelists, mobility grouping on.  Total pages: 2036339

[    0.000000] Policy zone: Normal

[    0.000000] mem auto-init: stack:all(zero), heap alloc:on, heap free:off

[    0.000000] stackdepot: allocating hash table via alloc_large_system_hash

[    0.000000] stackdepot hash table entries: 524288 (order: 11, 8388608 bytes, linear)

[    0.000000] stackdepot: allocating space for 8192 stack pools via memblock

[    0.000000] SLUB: HWalign=64, Order=0-3, MinObjects=0, CPUs=8, Nodes=1

[    0.000000] Dynamic Preempt: voluntary

[    0.000000] rcu: Preemptible hierarchical RCU implementation.

[    0.000000] rcu: 	RCU restricting CPUs from NR_CPUS=512 to nr_cpu_ids=8.

[    0.000000] rcu: 	RCU priority boosting: priority 1 delay 500 ms.

[    0.000000] 	Trampoline variant of Tasks RCU enabled.

[    0.000000] 	Tracing variant of Tasks RCU enabled.

[    0.000000] rcu: RCU calculated value of scheduler-enlistment delay is 100 jiffies.

[    0.000000] rcu: Adjusting geometry for rcu_fanout_leaf=16, nr_cpu_ids=8

[    0.000000] RCU Tasks: Setting shift to 3 and lim to 1 rcu_task_cb_adjust=1 rcu_task_cpu_ids=8.

[    0.000000] RCU Tasks Trace: Setting shift to 3 and lim to 1 rcu_task_cb_adjust=1 rcu_task_cpu_ids=8.

[    0.000000] NR_IRQS: 64, nr_irqs: 64, preallocated irqs: 0

[    0.000000] GICv3: 928 SPIs implemented

[    0.000000] GICv3: 0 Extended SPIs implemented

[    0.000000] GICv3: MBI range [832:959]

[    0.000000] GICv3: Using MBI frame 0x0000000017a10000

[    0.000000] Root IRQ handler: gic_handle_irq

[    0.000000] GICv3: GICv3 features: 16 PPIs

[    0.000000] GICv3: GICD_CTLR.DS=0, SCR_EL3.FIQ=1

[    0.000000] GICv3: CPU0: found redistributor 0 region 0:0x0000000017a60000

[    0.000000] ITS: No ITS available, not enabling LPIs

[    0.000000] rcu: srcu_init: Setting srcu_struct sizes based on contention.

[    0.000000] arch_timer: cp15 timer running at 19.20MHz (virt).

[    0.000000] clocksource: arch_sys_counter: mask: 0xffffffffffffff max_cycles: 0x46d987e47, max_idle_ns: 440795202767 ns

[    0.000000] sched_clock: 56 bits at 19MHz, resolution 52ns, wraps every 4398046511078ns

[    0.008772] kfence: initialized - using 2097152 bytes for 255 objects at 0x(____ptrval____)-0x(____ptrval____)

[    0.019194] Console: colour dummy device 80x25

[    0.023769] printk: legacy console [tty0] enabled

[    0.029308] Calibrating delay loop (skipped), value calculated using timer frequency.. 38.40 BogoMIPS (lpj=19200)

[    0.039855] pid_max: default: 32768 minimum: 301

[    0.044729] LSM: initializing lsm=capability,landlock,yama,selinux

[    0.051207] landlock: Up and running.

[    0.054979] Yama: becoming mindful.

[    0.058588] SELinux:  Initializing.

[    0.062662] Mount-cache hash table entries: 16384 (order: 5, 131072 bytes, linear)

[    0.070460] Mountpoint-cache hash table entries: 16384 (order: 5, 131072 bytes, linear)

[    0.080740] entering initcall level: early

[    0.084969] calling  cpu_suspend_init+0x0/0x5c @ 1

[    0.089918] initcall cpu_suspend_init+0x0/0x5c returned 0 after 0 usecs

[    0.096718] calling  prevent_bootmem_remove_init+0x0/0x64 @ 1

[    0.102640] initcall prevent_bootmem_remove_init+0x0/0x64 returned 0 after 0 usecs

[    0.110426] calling  asids_init+0x0/0xc0 @ 1

[    0.114834] initcall asids_init+0x0/0xc0 returned 0 after 0 usecs

[    0.121111] calling  xen_guest_init+0x0/0x404 @ 1

[    0.125965] initcall xen_guest_init+0x0/0x404 returned 0 after 0 usecs

[    0.132681] calling  spawn_ksoftirqd+0x0/0x74 @ 1

[    0.137594] initcall spawn_ksoftirqd+0x0/0x74 returned 0 after 0 usecs

[    0.144315] calling  init_signal_sysctls+0x0/0x64 @ 1

[    0.149538] initcall init_signal_sysctls+0x0/0x64 returned 0 after 0 usecs

[    0.156614] calling  init_umh_sysctls+0x0/0x3c @ 1

[    0.161553] initcall init_umh_sysctls+0x0/0x3c returned 0 after 0 usecs

[    0.168354] calling  kthreads_init+0x0/0x3c @ 1

[    0.173030] initcall kthreads_init+0x0/0x3c returned 0 after 0 usecs

[    0.179563] calling  migration_init+0x0/0x28 @ 1

[    0.184320] initcall migration_init+0x0/0x28 returned 0 after 0 usecs

[    0.190951] calling  printk_set_kthreads_ready+0x0/0x58 @ 1

[    0.196687] initcall printk_set_kthreads_ready+0x0/0x58 returned 0 after 0 usecs

[    0.204299] calling  srcu_bootup_announce+0x0/0x94 @ 1

[    0.209595] rcu: Hierarchical SRCU implementation.

[    0.214528] rcu: 	Max phase no-delay instances is 400.

[    0.219819] initcall srcu_bootup_announce+0x0/0x94 returned 0 after 2000 usecs

[    0.227247] calling  rcu_spawn_gp_kthread+0x0/0x28c @ 1

[    0.232835] initcall rcu_spawn_gp_kthread+0x0/0x28c returned 0 after 0 usecs

[    0.240092] calling  check_cpu_stall_init+0x0/0x34 @ 1

[    0.245389] initcall check_cpu_stall_init+0x0/0x34 returned 0 after 0 usecs

[    0.252547] calling  rcu_sysrq_init+0x0/0x40 @ 1

[    0.257304] initcall rcu_sysrq_init+0x0/0x40 returned 0 after 0 usecs

[    0.263936] calling  tmigr_init+0x0/0x19c @ 1

[    0.268439] Timer migration: 1 hierarchy levels; 8 children per group; 1 crossnode level

[    0.276769] initcall tmigr_init+0x0/0x19c returned 0 after 1000 usecs

[    0.283402] calling  insert_crashkernel_resources+0x0/0x8c @ 1

[    0.289410] initcall insert_crashkernel_resources+0x0/0x8c returned 0 after 0 usecs

[    0.297279] calling  cpu_stop_init+0x0/0xd8 @ 1

[    0.302005] initcall cpu_stop_init+0x0/0xd8 returned 0 after 0 usecs

[    0.308544] calling  init_kprobes+0x0/0x17c @ 1

[    0.313483] initcall init_kprobes+0x0/0x17c returned 0 after 0 usecs

[    0.320020] calling  irq_work_init_threads+0x0/0x8 @ 1

[    0.325316] initcall irq_work_init_threads+0x0/0x8 returned 0 after 0 usecs

[    0.332475] calling  jump_label_init_module+0x0/0x28 @ 1

[    0.337941] initcall jump_label_init_module+0x0/0x28 returned 0 after 0 usecs

[    0.345283] calling  init_zero_pfn+0x0/0x28 @ 1

[    0.349951] initcall init_zero_pfn+0x0/0x28 returned 0 after 0 usecs

[    0.356487] calling  init_fs_inode_sysctls+0x0/0x40 @ 1

[    0.361870] initcall init_fs_inode_sysctls+0x0/0x40 returned 0 after 0 usecs

[    0.369127] calling  init_fs_locks_sysctls+0x0/0x3c @ 1

[    0.374511] initcall init_fs_locks_sysctls+0x0/0x3c returned 0 after 0 usecs

[    0.381767] calling  init_fs_sysctls+0x0/0x3c @ 1

[    0.386621] initcall init_fs_sysctls+0x0/0x3c returned 0 after 0 usecs

[    0.393338] calling  init_security_keys_sysctls+0x0/0x3c @ 1

[    0.399164] initcall init_security_keys_sysctls+0x0/0x3c returned 0 after 0 usecs

[    0.406862] calling  dynamic_debug_init+0x0/0x2d8 @ 1

[    0.412475] initcall dynamic_debug_init+0x0/0x2d8 returned 0 after 0 usecs

[    0.419556] calling  its_fsl_mc_msi_init+0x0/0xb4 @ 1

[    0.425040] initcall its_fsl_mc_msi_init+0x0/0xb4 returned 0 after 0 usecs

[    0.432120] calling  cci_init+0x0/0x30 @ 1

[    0.436714] initcall cci_init+0x0/0x30 returned -19 after 0 usecs

[    0.442998] calling  brcmstb_soc_device_early_init+0x0/0xa8 @ 1

[    0.450048] initcall brcmstb_soc_device_early_init+0x0/0xa8 returned 0 after 0 usecs

[    0.458023] calling  brcmstb_biuctrl_init+0x0/0x4c8 @ 1

[    0.463543] initcall brcmstb_biuctrl_init+0x0/0x4c8 returned 0 after 0 usecs

[    0.470805] calling  renesas_soc_init+0x0/0x398 @ 1

[    0.475841] initcall renesas_soc_init+0x0/0x398 returned -19 after 0 usecs

[    0.482915] calling  tegra_init_fuse+0x0/0x20c @ 1

[    0.488892] initcall tegra_init_fuse+0x0/0x20c returned 0 after 1000 usecs

[    0.495970] calling  tegra_flowctrl_init+0x0/0x100 @ 1

[    0.501271] initcall tegra_flowctrl_init+0x0/0x100 returned 0 after 0 usecs

[    0.508430] calling  tegra_pmc_early_init+0x0/0x2a8 @ 1

[    0.514767] initcall tegra_pmc_early_init+0x0/0x2a8 returned 0 after 0 usecs

[    0.522018] calling  tegra186_ari_init+0x0/0x7c @ 1

[    0.527045] initcall tegra186_ari_init+0x0/0x7c returned 0 after 0 usecs

[    0.533946] calling  rcar_sysc_pd_init+0x0/0x434 @ 1

[    0.540200] initcall rcar_sysc_pd_init+0x0/0x434 returned -19 after 1000 usecs

[    0.547631] calling  unpopulated_init+0x0/0x70 @ 1

[    0.552570] initcall unpopulated_init+0x0/0x70 returned -19 after 0 usecs

[    0.559557] calling  efi_memreserve_root_init+0x0/0x54 @ 1

[    0.565214] initcall efi_memreserve_root_init+0x0/0x54 returned 0 after 0 usecs

[    0.572729] calling  arm_enable_runtime_services+0x0/0x2e0 @ 1

[    0.578740] Remapping and enabling EFI services.

[    0.583580] initcall arm_enable_runtime_services+0x0/0x2e0 returned 0 after 1000 usecs

[    0.591726] calling  efi_earlycon_remap_fb+0x0/0x7c @ 1

[    0.597106] initcall efi_earlycon_remap_fb+0x0/0x7c returned 0 after 0 usecs

[    0.604363] calling  dummy_timer_register+0x0/0x3c @ 1

[    0.609662] initcall dummy_timer_register+0x0/0x3c returned 0 after 0 usecs

[    0.617060] smp: Bringing up secondary CPUs ...

[    0.622423] Detected VIPT I-cache on CPU1

[    0.622569] GICv3: CPU1: found redistributor 100 region 0:0x0000000017a80000

[    0.622608] CPU1: Booted secondary processor 0x0000000100 [0x412fd050]

[    0.623253] Detected VIPT I-cache on CPU2

[    0.623370] GICv3: CPU2: found redistributor 200 region 0:0x0000000017aa0000

[    0.623393] CPU2: Booted secondary processor 0x0000000200 [0x412fd050]

[    0.623946] Detected VIPT I-cache on CPU3

[    0.624061] GICv3: CPU3: found redistributor 300 region 0:0x0000000017ac0000

[    0.624081] CPU3: Booted secondary processor 0x0000000300 [0x412fd050]

[    0.625166] CPU features: detected: Spectre-v4

[    0.625170] CPU features: detected: Spectre-BHB

[    0.625172] CPU features: detected: SSBS not fully self-synchronizing

[    0.625173] Detected PIPT I-cache on CPU4

[    0.625215] GICv3: CPU4: found redistributor 400 region 0:0x0000000017ae0000

[    0.625226] CPU4: Booted secondary processor 0x0000000400 [0x411fd411]

[    0.625779] Detected PIPT I-cache on CPU5

[    0.625821] GICv3: CPU5: found redistributor 500 region 0:0x0000000017b00000

[    0.625834] CPU5: Booted secondary processor 0x0000000500 [0x411fd411]

[    0.626391] Detected PIPT I-cache on CPU6

[    0.626434] GICv3: CPU6: found redistributor 600 region 0:0x0000000017b20000

[    0.626446] CPU6: Booted secondary processor 0x0000000600 [0x411fd411]

[    0.627087] Detected PIPT I-cache on CPU7

[    0.627126] GICv3: CPU7: found redistributor 700 region 0:0x0000000017b40000

[    0.627138] CPU7: Booted secondary processor 0x0000000700 [0x411fd411]

[    0.627198] smp: Brought up 1 node, 8 CPUs

[    0.773845] SMP: Total of 8 processors activated.

[    0.778692] CPU: All CPU(s) started at EL1

[    0.782924] CPU features: detected: 32-bit EL0 Support

[    0.788214] CPU features: detected: Data cache clean to the PoU not required for I/D coherence

[    0.797061] CPU features: detected: Common not Private translations

[    0.803505] CPU features: detected: CRC32 instructions

[    0.808795] CPU features: detected: Data cache clean to Point of Persistence

[    0.816050] CPU features: detected: RCpc load-acquire (LDAPR)

[    0.821965] CPU features: detected: LSE atomic instructions

[    0.827696] CPU features: detected: Privileged Access Never

[    0.833424] CPU features: detected: PMUv3

[    0.837560] CPU features: detected: RAS Extension Support

[    0.843124] CPU features: detected: Speculative Store Bypassing Safe (SSBS)

[    0.850340] alternatives: applying system-wide alternatives

[    0.859888] CPU features: detected: Hardware dirty bit management on CPU4-7

[    0.867392] Memory: 7702836K/8145356K available (19776K kernel code, 12414K rwdata, 16268K rodata, 14080K init, 3096K bss, 403620K reserved, 32768K cma-reserved)

[    0.883989] devtmpfs: initialized

[    0.892171] entering initcall level: pure

[    0.896321] calling  bpf_jit_charge_init+0x0/0x4c @ 1

[    0.901523] initcall bpf_jit_charge_init+0x0/0x4c returned 0 after 0 usecs

[    0.908582] calling  ipc_ns_init+0x0/0x68 @ 1

[    0.913081] initcall ipc_ns_init+0x0/0x68 returned 0 after 0 usecs

[    0.919428] calling  init_mmap_min_addr+0x0/0x5c @ 1

[    0.924549] initcall init_mmap_min_addr+0x0/0x5c returned 0 after 0 usecs

[    0.931522] calling  pci_realloc_setup_params+0x0/0x68 @ 1

[    0.937157] initcall pci_realloc_setup_params+0x0/0x68 returned 0 after 0 usecs

[    0.944665] calling  tegra194_cbb_init+0x0/0x28 @ 1

[    0.949683] initcall tegra194_cbb_init+0x0/0x28 returned 0 after 0 usecs

[    0.956568] calling  tegra234_cbb_init+0x0/0x28 @ 1

[    0.961579] initcall tegra234_cbb_init+0x0/0x28 returned 0 after 0 usecs

[    0.968464] calling  inet_frag_wq_init+0x0/0x54 @ 1

[    0.973605] initcall inet_frag_wq_init+0x0/0x54 returned 0 after 0 usecs

[    0.980566] entering initcall level: core

[    0.984694] calling  fpsimd_init+0x0/0xec @ 1

[    0.989179] initcall fpsimd_init+0x0/0xec returned 0 after 0 usecs

[    0.995523] calling  tagged_addr_init+0x0/0x3c @ 1

[    1.000451] initcall tagged_addr_init+0x0/0x3c returned 0 after 0 usecs

[    1.007238] calling  init_amu_fie+0x0/0x28 @ 1

[    1.011811] initcall init_amu_fie+0x0/0x28 returned 0 after 0 usecs

[    1.018242] calling  init_watchdog_freq_notifier+0x0/0x28 @ 1

[    1.024149] initcall init_watchdog_freq_notifier+0x0/0x28 returned 0 after 0 usecs

[    1.031916] calling  arm64_efi_rt_init+0x0/0xb8 @ 1

[    1.036934] initcall arm64_efi_rt_init+0x0/0xb8 returned 0 after 0 usecs

[    1.043820] calling  armv8_deprecated_init+0x0/0x1d0 @ 1

[    1.049296] initcall armv8_deprecated_init+0x0/0x1d0 returned 0 after 0 usecs

[    1.056623] calling  map_entry_trampoline+0x0/0x160 @ 1

[    1.061996] initcall map_entry_trampoline+0x0/0x160 returned 0 after 0 usecs

[    1.069237] calling  alloc_frozen_cpus+0x0/0x3c @ 1

[    1.074247] initcall alloc_frozen_cpus+0x0/0x3c returned 0 after 0 usecs

[    1.081130] calling  cpu_hotplug_pm_sync_init+0x0/0x2c @ 1

[    1.086763] initcall cpu_hotplug_pm_sync_init+0x0/0x2c returned 0 after 0 usecs

[    1.094271] calling  wq_sysfs_init+0x0/0x34 @ 1

[    1.098941] initcall wq_sysfs_init+0x0/0x34 returned 0 after 0 usecs

[    1.105473] calling  ksysfs_init+0x0/0xd0 @ 1

[    1.109962] initcall ksysfs_init+0x0/0xd0 returned 0 after 0 usecs

[    1.116306] calling  schedutil_gov_init+0x0/0x24 @ 1

[    1.121414] initcall schedutil_gov_init+0x0/0x24 returned 0 after 0 usecs

[    1.128384] calling  pm_init+0x0/0x90 @ 1

[    1.132529] initcall pm_init+0x0/0x90 returned 0 after 0 usecs

[    1.138520] calling  pm_disk_init+0x0/0x2c @ 1

[    1.143094] initcall pm_disk_init+0x0/0x2c returned 0 after 0 usecs

[    1.149525] calling  swsusp_header_init+0x0/0x40 @ 1

[    1.154632] initcall swsusp_header_init+0x0/0x40 returned 0 after 0 usecs

[    1.161602] calling  rcu_set_runtime_mode+0x0/0x2c @ 1

[    1.166883] initcall rcu_set_runtime_mode+0x0/0x2c returned 0 after 0 usecs

[    1.174038] calling  rcu_init_tasks_generic+0x0/0xe0 @ 1

[    1.179611] initcall rcu_init_tasks_generic+0x0/0xe0 returned 0 after 0 usecs

[    1.186938] calling  init_jiffies_clocksource+0x0/0x2c @ 1

[    1.192574] clocksource: jiffies: mask: 0xffffffff max_cycles: 0xffffffff, max_idle_ns: 1911260446275000 ns

[    1.202570] initcall init_jiffies_clocksource+0x0/0x2c returned 0 after 10000 usecs

[    1.210436] calling  posixtimer_init+0x0/0x12c @ 1

[    1.215372] posixtimers hash table entries: 4096 (order: 4, 65536 bytes, linear)

[    1.222969] initcall posixtimer_init+0x0/0x12c returned 0 after 7000 usecs

[    1.230028] calling  futex_init+0x0/0x1e0 @ 1

[    1.234521] futex hash table entries: 2048 (131072 bytes on 1 NUMA nodes, total 128 KiB, linear).

[    1.243625] initcall futex_init+0x0/0x1e0 returned 0 after 9000 usecs

[    1.250240] calling  cgroup_wq_init+0x0/0x8c @ 1

[    1.254990] initcall cgroup_wq_init+0x0/0x8c returned 0 after 0 usecs

[    1.261608] calling  cgroup1_wq_init+0x0/0x40 @ 1

[    1.266447] initcall cgroup1_wq_init+0x0/0x40 returned 0 after 0 usecs

[    1.273149] calling  cpu_pm_init+0x0/0x28 @ 1

[    1.277635] initcall cpu_pm_init+0x0/0x28 returned 0 after 0 usecs

[    1.283980] calling  bpf_offload_init+0x0/0x2c @ 1

[    1.288904] initcall bpf_offload_init+0x0/0x2c returned 0 after 0 usecs

[    1.295701] calling  cgroup_bpf_wq_init+0x0/0x48 @ 1

[    1.300811] initcall cgroup_bpf_wq_init+0x0/0x48 returned 0 after 0 usecs

[    1.307782] calling  init_events_core_sysctls+0x0/0x3c @ 1

[    1.313421] initcall init_events_core_sysctls+0x0/0x3c returned 0 after 0 usecs

[    1.320930] calling  init_callchain_sysctls+0x0/0x3c @ 1

[    1.326384] initcall init_callchain_sysctls+0x0/0x3c returned 0 after 0 usecs

[    1.333710] calling  memory_failure_init+0x0/0xd8 @ 1

[    1.338909] initcall memory_failure_init+0x0/0xd8 returned 0 after 0 usecs

[    1.345966] calling  cma_init_reserved_areas+0x0/0x330 @ 1

[    1.351693] initcall cma_init_reserved_areas+0x0/0x330 returned 0 after 0 usecs

[    1.359208] calling  balloon_init+0x0/0x28 @ 1

[    1.363778] initcall balloon_init+0x0/0x28 returned 0 after 0 usecs

[    1.370209] calling  execmem_late_init+0x0/0x1a8 @ 1

[    1.375305] 2G module region forced by RANDOMIZE_MODULE_REGION_FULL

[    1.381735] 0 pages in range for non-PLT usage

[    1.381736] 507808 pages in range for PLT usage

[    1.386305] initcall execmem_late_init+0x0/0x1a8 returned 0 after 11000 usecs

[    1.398284] calling  fsnotify_init+0x0/0x9c @ 1

[    1.402948] initcall fsnotify_init+0x0/0x9c returned 0 after 0 usecs

[    1.409480] calling  filelock_init+0x0/0x160 @ 1

[    1.414236] initcall filelock_init+0x0/0x160 returned 0 after 0 usecs

[    1.420853] calling  init_script_binfmt+0x0/0x2c @ 1

[    1.425950] initcall init_script_binfmt+0x0/0x2c returned 0 after 0 usecs

[    1.432919] calling  init_elf_binfmt+0x0/0x2c @ 1

[    1.437758] initcall init_elf_binfmt+0x0/0x2c returned 0 after 0 usecs

[    1.444459] calling  init_compat_elf_binfmt+0x0/0x2c @ 1

[    1.449923] initcall init_compat_elf_binfmt+0x0/0x2c returned 0 after 0 usecs

[    1.457249] calling  configfs_init+0x0/0xf8 @ 1

[    1.461912] initcall configfs_init+0x0/0xf8 returned 0 after 0 usecs

[    1.468443] calling  debugfs_init+0x0/0x128 @ 1

[    1.473101] initcall debugfs_init+0x0/0x128 returned 0 after 0 usecs

[    1.479633] calling  securityfs_init+0x0/0xc4 @ 1

[    1.484638] initcall securityfs_init+0x0/0xc4 returned 0 after 0 usecs

[    1.491341] calling  cci_platform_init+0x0/0x28 @ 1

[    1.496359] initcall cci_platform_init+0x0/0x28 returned 0 after 0 usecs

[    1.503242] calling  pinctrl_init+0x0/0xdc @ 1

[    1.507811] pinctrl core: initialized pinctrl subsystem

[    1.513203] initcall pinctrl_init+0x0/0xdc returned 0 after 6000 usecs

[    1.519906] calling  rzg2l_pinctrl_init+0x0/0x28 @ 1

[    1.525018] initcall rzg2l_pinctrl_init+0x0/0x28 returned 0 after 0 usecs

[    1.531990] calling  rzt2h_pinctrl_init+0x0/0x28 @ 1

[    1.537100] initcall rzt2h_pinctrl_init+0x0/0x28 returned 0 after 0 usecs

[    1.544070] calling  rzv2m_pinctrl_init+0x0/0x28 @ 1

[    1.549182] initcall rzv2m_pinctrl_init+0x0/0x28 returned 0 after 0 usecs

[    1.556152] calling  gpiolib_dev_init+0x0/0x1d4 @ 1

[    1.561170] initcall gpiolib_dev_init+0x0/0x1d4 returned 0 after 0 usecs

[    1.568056] calling  s500_clk_init+0x0/0x28 @ 1

[    1.572713] initcall s500_clk_init+0x0/0x28 returned 0 after 0 usecs

[    1.579244] calling  s700_clk_init+0x0/0x28 @ 1

[    1.583901] initcall s700_clk_init+0x0/0x28 returned 0 after 0 usecs

[    1.590431] calling  s900_clk_init+0x0/0x28 @ 1

[    1.595088] initcall s900_clk_init+0x0/0x28 returned 0 after 0 usecs

[    1.601618] calling  hi3516cv300_crg_init+0x0/0x28 @ 1

[    1.606902] initcall hi3516cv300_crg_init+0x0/0x28 returned 0 after 0 usecs

[    1.614056] calling  hi3519_clk_init+0x0/0x28 @ 1

[    1.618897] initcall hi3519_clk_init+0x0/0x28 returned 0 after 0 usecs

[    1.625598] calling  hi3559av100_crg_init+0x0/0x28 @ 1

[    1.630880] initcall hi3559av100_crg_init+0x0/0x28 returned 0 after 0 usecs

[    1.638033] calling  hi3660_clk_init+0x0/0x28 @ 1

[    1.642874] initcall hi3660_clk_init+0x0/0x28 returned 0 after 0 usecs

[    1.649574] calling  hi3670_clk_init+0x0/0x28 @ 1

[    1.654414] initcall hi3670_clk_init+0x0/0x28 returned 0 after 0 usecs

[    1.661116] calling  hi3798cv200_crg_init+0x0/0x28 @ 1

[    1.666398] initcall hi3798cv200_crg_init+0x0/0x28 returned 0 after 0 usecs

[    1.673553] calling  gcc_ipq5018_init+0x0/0x28 @ 1

[    1.678480] initcall gcc_ipq5018_init+0x0/0x28 returned 0 after 0 usecs

[    1.685277] calling  gcc_ipq5332_init+0x0/0x28 @ 1

[    1.690202] initcall gcc_ipq5332_init+0x0/0x28 returned 0 after 0 usecs

[    1.696988] calling  gcc_ipq5424_init+0x0/0x28 @ 1

[    1.701915] initcall gcc_ipq5424_init+0x0/0x28 returned 0 after 0 usecs

[    1.708713] calling  gcc_ipq6018_init+0x0/0x28 @ 1

[    1.713639] initcall gcc_ipq6018_init+0x0/0x28 returned 0 after 0 usecs

[    1.720436] calling  gcc_ipq8074_init+0x0/0x28 @ 1

[    1.725363] initcall gcc_ipq8074_init+0x0/0x28 returned 0 after 0 usecs

[    1.732160] calling  gcc_ipq9574_init+0x0/0x28 @ 1

[    1.737084] initcall gcc_ipq9574_init+0x0/0x28 returned 0 after 0 usecs

[    1.743871] calling  gcc_msm8916_init+0x0/0x28 @ 1

[    1.748795] initcall gcc_msm8916_init+0x0/0x28 returned 0 after 0 usecs

[    1.755593] calling  gcc_msm8994_init+0x0/0x28 @ 1

[    1.760519] initcall gcc_msm8994_init+0x0/0x28 returned 0 after 0 usecs

[    1.767317] calling  gcc_msm8996_init+0x0/0x28 @ 1

[    1.772243] initcall gcc_msm8996_init+0x0/0x28 returned 0 after 0 usecs

[    1.779029] calling  gcc_msm8998_init+0x0/0x28 @ 1

[    1.783954] initcall gcc_msm8998_init+0x0/0x28 returned 0 after 0 usecs

[    1.790754] calling  clk_rpmh_init+0x0/0x28 @ 1

[    1.795414] initcall clk_rpmh_init+0x0/0x28 returned 0 after 0 usecs

[    1.801945] calling  rpm_smd_clk_init+0x0/0x28 @ 1

[    1.806870] initcall rpm_smd_clk_init+0x0/0x28 returned 0 after 0 usecs

[    1.813657] calling  gcc_qcs404_init+0x0/0x28 @ 1

[    1.818499] initcall gcc_qcs404_init+0x0/0x28 returned 0 after 0 usecs

[    1.825199] calling  gcc_sa8775p_init+0x0/0x28 @ 1

[    1.830125] initcall gcc_sa8775p_init+0x0/0x28 returned 0 after 0 usecs

[    1.836922] calling  gcc_sc7180_init+0x0/0x28 @ 1

[    1.841762] initcall gcc_sc7180_init+0x0/0x28 returned 0 after 0 usecs

[    1.848462] calling  gcc_sc8180x_init+0x0/0x28 @ 1

[    1.853389] initcall gcc_sc8180x_init+0x0/0x28 returned 0 after 0 usecs

[    1.860175] calling  gcc_sdm845_init+0x0/0x28 @ 1

[    1.865015] initcall gcc_sdm845_init+0x0/0x28 returned 0 after 0 usecs

[    1.871715] calling  artpec8_cmu_init+0x0/0x28 @ 1

[    1.876643] initcall artpec8_cmu_init+0x0/0x28 returned 0 after 0 usecs

[    1.883441] calling  exynos5433_cmu_init+0x0/0x28 @ 1

[    1.888638] initcall exynos5433_cmu_init+0x0/0x28 returned 0 after 0 usecs

[    1.895696] calling  exynos2200_cmu_init+0x0/0x28 @ 1

[    1.900892] initcall exynos2200_cmu_init+0x0/0x28 returned 0 after 0 usecs

[    1.907948] calling  exynos7870_cmu_init+0x0/0x28 @ 1

[    1.913146] initcall exynos7870_cmu_init+0x0/0x28 returned 0 after 0 usecs

[    1.920203] calling  exynos7885_cmu_init+0x0/0x28 @ 1

[    1.925401] initcall exynos7885_cmu_init+0x0/0x28 returned 0 after 0 usecs

[    1.932459] calling  exynos850_cmu_init+0x0/0x28 @ 1

[    1.937568] initcall exynos850_cmu_init+0x0/0x28 returned 0 after 0 usecs

[    1.944538] calling  exynos8895_cmu_init+0x0/0x28 @ 1

[    1.949735] initcall exynos8895_cmu_init+0x0/0x28 returned 0 after 0 usecs

[    1.956791] calling  exynos990_cmu_init+0x0/0x28 @ 1

[    1.961890] initcall exynos990_cmu_init+0x0/0x28 returned 0 after 0 usecs

[    1.968859] calling  exynosautov9_cmu_init+0x0/0x28 @ 1

[    1.974227] initcall exynosautov9_cmu_init+0x0/0x28 returned 0 after 0 usecs

[    1.981469] calling  exynosautov920_cmu_init+0x0/0x28 @ 1

[    1.987020] initcall exynosautov920_cmu_init+0x0/0x28 returned 0 after 0 usecs

[    1.994433] calling  gs101_cmu_init+0x0/0x28 @ 1

[    1.999175] initcall gs101_cmu_init+0x0/0x28 returned 0 after 0 usecs

[    2.005791] calling  fsd_cmu_init+0x0/0x28 @ 1

[    2.010364] initcall fsd_cmu_init+0x0/0x28 returned 0 after 0 usecs

[    2.016796] calling  s10_clk_init+0x0/0x28 @ 1

[    2.021369] initcall s10_clk_init+0x0/0x28 returned 0 after 0 usecs

[    2.027802] calling  agilex_clk_init+0x0/0x28 @ 1

[    2.032644] initcall agilex_clk_init+0x0/0x28 returned 0 after 0 usecs

[    2.039345] calling  stm32mp21_clocks_init+0x0/0x28 @ 1

[    2.044715] initcall stm32mp21_clocks_init+0x0/0x28 returned 0 after 0 usecs

[    2.051957] calling  stm32mp25_clocks_init+0x0/0x28 @ 1

[    2.057326] initcall stm32mp25_clocks_init+0x0/0x28 returned 0 after 0 usecs

[    2.064569] calling  fsl_guts_init+0x0/0x34c @ 1

[    2.069864] initcall fsl_guts_init+0x0/0x34c returned 0 after 1000 usecs

[    2.076752] calling  cmd_db_device_init+0x0/0x28 @ 1

[    2.081862] initcall cmd_db_device_init+0x0/0x28 returned 0 after 0 usecs

[    2.088832] calling  rpmh_driver_init+0x0/0x28 @ 1

[    2.093758] initcall rpmh_driver_init+0x0/0x28 returned 0 after 0 usecs

[    2.100555] calling  rpmpd_init+0x0/0x28 @ 1

[    2.104942] initcall rpmpd_init+0x0/0x28 returned 0 after 0 usecs

[    2.111202] calling  rpmhpd_init+0x0/0x28 @ 1

[    2.115685] initcall rpmhpd_init+0x0/0x28 returned 0 after 0 usecs

[    2.122029] calling  exynos4_pm_init_power_domain+0x0/0x28 @ 1

[    2.128024] initcall exynos4_pm_init_power_domain+0x0/0x28 returned 0 after 0 usecs

[    2.135890] calling  genpd_bus_init+0x0/0xe8 @ 1

[    2.140646] initcall genpd_bus_init+0x0/0xe8 returned 0 after 0 usecs

[    2.147264] calling  virtio_init+0x0/0x34 @ 1

[    2.151750] initcall virtio_init+0x0/0x34 returned 0 after 0 usecs

[    2.158095] calling  regulator_init+0x0/0x138 @ 1

[    2.162993] probe of reg-dummy returned 0 after 0 usecs

[    2.168362] initcall regulator_init+0x0/0x138 returned 0 after 5000 usecs

[    2.175332] calling  iommu_init+0x0/0x44 @ 1

[    2.179719] initcall iommu_init+0x0/0x44 returned 0 after 0 usecs

[    2.185977] calling  component_debug_init+0x0/0x38 @ 1

[    2.191258] initcall component_debug_init+0x0/0x38 returned 0 after 0 usecs

[    2.198400] calling  soc_bus_register+0x0/0x54 @ 1

[    2.203328] initcall soc_bus_register+0x0/0x54 returned 0 after 0 usecs

[    2.210115] calling  register_cpufreq_notifier+0x0/0xd0 @ 1

[    2.215835] initcall register_cpufreq_notifier+0x0/0xd0 returned 0 after 0 usecs

[    2.223429] calling  altr_sysmgr_init+0x0/0x28 @ 1

[    2.228358] initcall altr_sysmgr_init+0x0/0x28 returned 0 after 0 usecs

[    2.235156] calling  opp_debug_init+0x0/0x38 @ 1

[    2.239902] initcall opp_debug_init+0x0/0x38 returned 0 after 0 usecs

[    2.246519] calling  cpufreq_core_init+0x0/0x118 @ 1

[    2.251629] initcall cpufreq_core_init+0x0/0x118 returned 0 after 0 usecs

[    2.258597] calling  cpufreq_gov_performance_init+0x0/0x24 @ 1

[    2.264590] initcall cpufreq_gov_performance_init+0x0/0x24 returned 0 after 0 usecs

[    2.272455] calling  CPU_FREQ_GOV_ONDEMAND_init+0x0/0x28 @ 1

[    2.278264] initcall CPU_FREQ_GOV_ONDEMAND_init+0x0/0x28 returned 0 after 0 usecs

[    2.285947] calling  cpufreq_dt_platdev_init+0x0/0x130 @ 1

[    2.291592] initcall cpufreq_dt_platdev_init+0x0/0x130 returned -19 after 0 usecs

[    2.299276] calling  cpuidle_init+0x0/0x30 @ 1

[    2.303849] initcall cpuidle_init+0x0/0x30 returned 0 after 0 usecs

[    2.310284] calling  psci_idle_init_domains+0x0/0x28 @ 1

[    2.315752] initcall psci_idle_init_domains+0x0/0x28 returned 0 after 0 usecs

[    2.323078] calling  capsule_reboot_register+0x0/0x2c @ 1

[    2.328628] initcall capsule_reboot_register+0x0/0x2c returned 0 after 0 usecs

[    2.336038] calling  arm_dmi_init+0x0/0x20 @ 1

[    2.340630] SMBIOS 3.3 present.

[    2.343866] DMI: Radxa Computer Co., Ltd. Radxa Dragon Q6A/Radxa Dragon Q6A, BIOS 6.0.260120.BOOT.MXF.1.0.1-00549-KODIAKWP-1 01/20/2026

[    2.356356] DMI: Memory slots populated: 1/1

[    2.360741] initcall arm_dmi_init+0x0/0x20 returned 0 after 20000 usecs

[    2.367539] calling  arch_timer_evtstrm_register+0x0/0x68 @ 1

[    2.373545] initcall arch_timer_evtstrm_register+0x0/0x68 returned 0 after 0 usecs

[    2.381317] calling  hi3660_mbox_init+0x0/0x28 @ 1

[    2.386249] initcall hi3660_mbox_init+0x0/0x28 returned 0 after 0 usecs

[    2.393047] calling  hi6220_mbox_init+0x0/0x28 @ 1

[    2.397973] initcall hi6220_mbox_init+0x0/0x28 returned 0 after 0 usecs

[    2.404769] calling  tegra_hsp_init+0x0/0x28 @ 1

[    2.409512] initcall tegra_hsp_init+0x0/0x28 returned 0 after 0 usecs

[    2.416128] calling  qnoc_driver_init+0x0/0x28 @ 1

[    2.421054] initcall qnoc_driver_init+0x0/0x28 returned 0 after 0 usecs

[    2.427841] calling  qnoc_driver_init+0x0/0x28 @ 1

[    2.432767] initcall qnoc_driver_init+0x0/0x28 returned 0 after 0 usecs

[    2.439565] calling  qnoc_driver_init+0x0/0x28 @ 1

[    2.444493] initcall qnoc_driver_init+0x0/0x28 returned 0 after 0 usecs

[    2.451291] calling  qnoc_driver_init+0x0/0x28 @ 1

[    2.456218] initcall qnoc_driver_init+0x0/0x28 returned 0 after 0 usecs

[    2.463004] calling  qnoc_driver_init+0x0/0x28 @ 1

[    2.467930] initcall qnoc_driver_init+0x0/0x28 returned 0 after 0 usecs

[    2.474728] calling  qnoc_driver_init+0x0/0x28 @ 1

[    2.479656] initcall qnoc_driver_init+0x0/0x28 returned 0 after 1000 usecs

[    2.486714] calling  qnoc_driver_init+0x0/0x28 @ 1

[    2.491639] initcall qnoc_driver_init+0x0/0x28 returned 0 after 0 usecs

[    2.498425] calling  qnoc_driver_init+0x0/0x28 @ 1

[    2.503351] initcall qnoc_driver_init+0x0/0x28 returned 0 after 0 usecs

[    2.510138] calling  qnoc_driver_init+0x0/0x28 @ 1

[    2.515064] initcall qnoc_driver_init+0x0/0x28 returned 0 after 0 usecs

[    2.521862] calling  qnoc_driver_init+0x0/0x28 @ 1

[    2.526788] initcall qnoc_driver_init+0x0/0x28 returned 0 after 1000 usecs

[    2.533846] calling  qnoc_driver_init+0x0/0x28 @ 1

[    2.538771] initcall qnoc_driver_init+0x0/0x28 returned 0 after 0 usecs

[    2.545558] calling  qnoc_driver_init+0x0/0x28 @ 1

[    2.550484] initcall qnoc_driver_init+0x0/0x28 returned 0 after 0 usecs

[    2.557283] calling  qnoc_driver_init+0x0/0x28 @ 1

[    2.562211] initcall qnoc_driver_init+0x0/0x28 returned 0 after 0 usecs

[    2.569010] calling  sock_init+0x0/0x108 @ 1

[    2.574504] initcall sock_init+0x0/0x108 returned 0 after 1000 usecs

[    2.581056] calling  net_inuse_init+0x0/0x38 @ 1

[    2.585803] initcall net_inuse_init+0x0/0x38 returned 0 after 0 usecs

[    2.592419] calling  sock_struct_check+0x0/0x8 @ 1

[    2.597342] initcall sock_struct_check+0x0/0x8 returned 0 after 0 usecs

[    2.604140] calling  init_default_flow_dissectors+0x0/0x64 @ 1

[    2.610132] initcall init_default_flow_dissectors+0x0/0x64 returned 0 after 0 usecs

[    2.617986] calling  netlink_proto_init+0x0/0x194 @ 1

[    2.623202] NET: Registered PF_NETLINK/PF_ROUTE protocol family

[    2.629304] initcall netlink_proto_init+0x0/0x194 returned 0 after 6000 usecs

[    2.636632] calling  genl_init+0x0/0x70 @ 1

[    2.640939] initcall genl_init+0x0/0x70 returned 0 after 0 usecs

[    2.647114] calling  __gnttab_init+0x0/0x40 @ 1

[    2.651772] initcall __gnttab_init+0x0/0x40 returned -19 after 0 usecs

[    2.658565] entering initcall level: postcore

[    2.663047] calling  debug_monitors_init+0x0/0x3c @ 1

[    2.668329] initcall debug_monitors_init+0x0/0x3c returned 0 after 0 usecs

[    2.675388] calling  init_overflow_sysctl+0x0/0x3c @ 1

[    2.680679] initcall init_overflow_sysctl+0x0/0x3c returned 0 after 0 usecs

[    2.687833] calling  pi_init+0x0/0x7c @ 1

[    2.691977] initcall pi_init+0x0/0x7c returned 0 after 0 usecs

[    2.697969] calling  irq_sysfs_init+0x0/0x124 @ 1

[    2.702867] initcall irq_sysfs_init+0x0/0x124 returned 0 after 0 usecs

[    2.709570] calling  dma_atomic_pool_init+0x0/0x158 @ 1

[    2.715249] DMA: preallocated 2048 KiB GFP_KERNEL pool for atomic allocations

[    2.722842] DMA: preallocated 2048 KiB GFP_KERNEL|GFP_DMA pool for atomic allocations

[    2.731139] DMA: preallocated 2048 KiB GFP_KERNEL|GFP_DMA32 pool for atomic allocations

[    2.739384] initcall dma_atomic_pool_init+0x0/0x158 returned 0 after 24000 usecs

[    2.746988] calling  audit_init+0x0/0x188 @ 1

[    2.751474] audit: initializing netlink subsys (disabled)

[    2.757157] initcall audit_init+0x0/0x188 returned 0 after 5000 usecs

[    2.757160] audit: type=2000 audit(2.019:1): state=initialized audit_enabled=0 res=1

[    2.763775] calling  bdi_class_init+0x0/0x50 @ 1

[    2.763794] initcall bdi_class_init+0x0/0x50 returned 0 after 0 usecs

[    2.783097] calling  mm_sysfs_init+0x0/0x40 @ 1

[    2.787754] initcall mm_sysfs_init+0x0/0x40 returned 0 after 0 usecs

[    2.794284] calling  init_per_zone_wmark_min+0x0/0x38 @ 1

[    2.799842] initcall init_per_zone_wmark_min+0x0/0x38 returned 0 after 0 usecs

[    2.807254] calling  irqc_init+0x0/0x28 @ 1

[    2.811578] initcall irqc_init+0x0/0x28 returned 0 after 0 usecs

[    2.817753] calling  fsl_mc_bus_driver_init+0x0/0xf0 @ 1

[    2.823240] initcall fsl_mc_bus_driver_init+0x0/0xf0 returned 0 after 0 usecs

[    2.830571] calling  sh_pfc_init+0x0/0x28 @ 1

[    2.835057] initcall sh_pfc_init+0x0/0x28 returned 0 after 0 usecs

[    2.841402] calling  samsung_pinctrl_drv_register+0x0/0x2c @ 1

[    2.847397] initcall samsung_pinctrl_drv_register+0x0/0x2c returned 0 after 0 usecs

[    2.855262] calling  acpi_gpio_setup_params+0x0/0x100 @ 1

[    2.860814] initcall acpi_gpio_setup_params+0x0/0x100 returned 0 after 0 usecs

[    2.868226] calling  davinci_gpio_drv_reg+0x0/0x28 @ 1

[    2.873513] initcall davinci_gpio_drv_reg+0x0/0x28 returned 0 after 0 usecs

[    2.880657] calling  pcibus_class_init+0x0/0x28 @ 1

[    2.885670] initcall pcibus_class_init+0x0/0x28 returned 0 after 0 usecs

[    2.892554] calling  pci_driver_init+0x0/0x3c @ 1

[    2.897400] initcall pci_driver_init+0x0/0x3c returned 0 after 0 usecs

[    2.904100] calling  backlight_class_init+0x0/0x84 @ 1

[    2.909381] initcall backlight_class_init+0x0/0x84 returned 0 after 0 usecs

[    2.916524] calling  amba_init+0x0/0x24 @ 1

[    2.920828] initcall amba_init+0x0/0x24 returned 0 after 0 usecs

[    2.927003] calling  ma35d1_clocks_init+0x0/0x28 @ 1

[    2.932115] initcall ma35d1_clocks_init+0x0/0x28 returned 0 after 0 usecs

[    2.939084] calling  qcom_apcs_msm8996_clk_init+0x0/0x28 @ 1

[    2.944895] initcall qcom_apcs_msm8996_clk_init+0x0/0x28 returned 0 after 0 usecs

[    2.952577] calling  qcom_msm8996_cbf_init+0x0/0x28 @ 1

[    2.957945] initcall qcom_msm8996_cbf_init+0x0/0x28 returned 0 after 0 usecs

[    2.965187] calling  mtk_infracfg_init+0x0/0x4c @ 1

[    2.970328] initcall mtk_infracfg_init+0x0/0x4c returned 0 after 0 usecs

[    2.977215] calling  exynos_pmu_init+0x0/0x28 @ 1

[    2.982062] initcall exynos_pmu_init+0x0/0x28 returned 0 after 0 usecs

[    2.988763] calling  owl_sps_init+0x0/0x28 @ 1

[    2.993336] initcall owl_sps_init+0x0/0x28 returned 0 after 0 usecs

[    2.999770] calling  rcar_sysc_pd_init_provider+0x0/0x50 @ 1

[    3.005589] initcall rcar_sysc_pd_init_provider+0x0/0x50 returned -19 after 0 usecs

[    3.013456] calling  rcar_gen4_sysc_pd_init+0x0/0x3b4 @ 1

[    3.019156] initcall rcar_gen4_sysc_pd_init+0x0/0x3b4 returned -19 after 0 usecs

[    3.026753] calling  xenbus_init+0x0/0x3d4 @ 1

[    3.031325] initcall xenbus_init+0x0/0x3d4 returned -19 after 0 usecs

[    3.037940] calling  hi6220_reset_init+0x0/0x28 @ 1

[    3.042954] initcall hi6220_reset_init+0x0/0x28 returned 0 after 0 usecs

[    3.049840] calling  tty_class_init+0x0/0x28 @ 1

[    3.054583] initcall tty_class_init+0x0/0x28 returned 0 after 0 usecs

[    3.061198] calling  vtconsole_class_init+0x0/0x100 @ 1

[    3.066589] initcall vtconsole_class_init+0x0/0x100 returned 0 after 0 usecs

[    3.073831] calling  serdev_init+0x0/0x38 @ 1

[    3.078319] initcall serdev_init+0x0/0x38 returned 0 after 0 usecs

[    3.084663] calling  iommu_dev_init+0x0/0x24 @ 1

[    3.089408] initcall iommu_dev_init+0x0/0x24 returned 0 after 0 usecs

[    3.096024] calling  host1x_context_device_bus_init+0x0/0x60 @ 1

[    3.102201] initcall host1x_context_device_bus_init+0x0/0x60 returned 0 after 0 usecs

[    3.110237] calling  mipi_dsi_bus_init+0x0/0x28 @ 1

[    3.115251] initcall mipi_dsi_bus_init+0x0/0x28 returned 0 after 0 usecs

[    3.122135] calling  devlink_class_init+0x0/0x70 @ 1

[    3.127244] initcall devlink_class_init+0x0/0x70 returned 0 after 0 usecs

[    3.134213] calling  software_node_init+0x0/0x44 @ 1

[    3.139322] initcall software_node_init+0x0/0x44 returned 0 after 0 usecs

[    3.146293] calling  wakeup_sources_debugfs_init+0x0/0x40 @ 1

[    3.152202] initcall wakeup_sources_debugfs_init+0x0/0x40 returned 0 after 0 usecs

[    3.159969] calling  wakeup_sources_sysfs_init+0x0/0x34 @ 1

[    3.165690] initcall wakeup_sources_sysfs_init+0x0/0x34 returned 0 after 0 usecs

[    3.173284] calling  regmap_initcall+0x0/0x20 @ 1

[    3.178126] initcall regmap_initcall+0x0/0x20 returned 0 after 0 usecs

[    3.184828] calling  sram_init+0x0/0x28 @ 1

[    3.189130] initcall sram_init+0x0/0x28 returned 0 after 0 usecs

[    3.195304] calling  spi_init+0x0/0xfc @ 1

[    3.199525] initcall spi_init+0x0/0xfc returned 0 after 0 usecs

[    3.205601] calling  spmi_init+0x0/0x38 @ 1

[    3.209904] initcall spmi_init+0x0/0x38 returned 0 after 0 usecs

[    3.216079] calling  i2c_init+0x0/0x11c @ 1

[    3.220391] initcall i2c_init+0x0/0x11c returned 0 after 0 usecs

[    3.226565] calling  thermal_init+0x0/0x1b4 @ 1

[    3.231239] thermal_sys: Registered thermal governor 'fair_share'

[    3.231241] thermal_sys: Registered thermal governor 'step_wise'

[    3.237499] thermal_sys: Registered thermal governor 'user_space'

[    3.243671] thermal_sys: Registered thermal governor 'power_allocator'

[    3.249933] initcall thermal_init+0x0/0x1b4 returned 0 after 19000 usecs

[    3.263517] calling  qcom_cpufreq_hw_init+0x0/0x28 @ 1

[    3.268802] initcall qcom_cpufreq_hw_init+0x0/0x28 returned 0 after 0 usecs

[    3.275957] calling  init_ladder+0x0/0x50 @ 1

[    3.280461] cpuidle: using governor ladder

[    3.284674] initcall init_ladder+0x0/0x50 returned 0 after 4000 usecs

[    3.291290] calling  init_menu+0x0/0x24 @ 1

[    3.295605] cpuidle: using governor menu

[    3.299635] initcall init_menu+0x0/0x24 returned 0 after 4000 usecs

[    3.306068] calling  teo_governor_init+0x0/0x24 @ 1

[    3.311077] initcall teo_governor_init+0x0/0x24 returned 0 after 0 usecs

[    3.317963] calling  pcc_init+0x0/0xc8 @ 1

[    3.322176] initcall pcc_init+0x0/0xc8 returned -19 after 0 usecs

[    3.328435] calling  qcom_apcs_ipc_init+0x0/0x28 @ 1

[    3.333536] initcall qcom_apcs_ipc_init+0x0/0x28 returned 0 after 0 usecs

[    3.340504] calling  qcom_hwspinlock_init+0x0/0x28 @ 1

[    3.345790] initcall qcom_hwspinlock_init+0x0/0x28 returned 0 after 0 usecs

[    3.352932] calling  rpmsg_init+0x0/0xb4 @ 1

[    3.357321] initcall rpmsg_init+0x0/0xb4 returned 0 after 0 usecs

[    3.363581] calling  rpmsg_ns_init+0x0/0x68 @ 1

[    3.368242] initcall rpmsg_ns_init+0x0/0x68 returned 0 after 0 usecs

[    3.374772] calling  qrtr_proto_init+0x0/0x84 @ 1

[    3.379630] NET: Registered PF_QIPCRTR protocol family

[    3.384942] initcall qrtr_proto_init+0x0/0x84 returned 0 after 5000 usecs

[    3.391915] calling  kobject_uevent_init+0x0/0x24 @ 1

[    3.397114] initcall kobject_uevent_init+0x0/0x24 returned 0 after 0 usecs

[    3.404259] entering initcall level: arch

[    3.408387] calling  reserve_memblock_reserved_regions+0x0/0x188 @ 1

[    3.414928] initcall reserve_memblock_reserved_regions+0x0/0x188 returned 0 after 0 usecs

[    3.423321] calling  aarch32_alloc_vdso_pages+0x0/0xf0 @ 1

[    3.428956] initcall aarch32_alloc_vdso_pages+0x0/0xf0 returned 0 after 0 usecs

[    3.436466] calling  vdso_init+0x0/0x100 @ 1

[    3.440851] initcall vdso_init+0x0/0x100 returned 0 after 0 usecs

[    3.447110] calling  arm64_create_dummy_rsi_dev+0x0/0x48 @ 1

[    3.452919] initcall arm64_create_dummy_rsi_dev+0x0/0x48 returned 0 after 0 usecs

[    3.460601] calling  arch_hw_breakpoint_init+0x0/0xd4 @ 1

[    3.466151] hw-breakpoint: found 6 breakpoint and 4 watchpoint registers.

[    3.473262] initcall arch_hw_breakpoint_init+0x0/0xd4 returned 0 after 7000 usecs

[    3.480951] calling  adjust_protection_map+0x0/0x30 @ 1

[    3.486318] initcall adjust_protection_map+0x0/0x30 returned 0 after 0 usecs

[    3.493558] calling  asids_update_limit+0x0/0xb4 @ 1

[    3.498656] ASID allocator initialised with 32768 entries

[    3.504204] initcall asids_update_limit+0x0/0xb4 returned 0 after 5000 usecs

[    3.511445] calling  hugetlbpage_init+0x0/0x3c @ 1

[    3.516371] initcall hugetlbpage_init+0x0/0x3c returned 0 after 0 usecs

[    3.523169] calling  p2m_init+0x0/0x10 @ 1

[    3.527383] initcall p2m_init+0x0/0x10 returned 0 after 0 usecs

[    3.533460] calling  xen_mm_init+0x0/0x190 @ 1

[    3.538031] initcall xen_mm_init+0x0/0x190 returned 0 after 0 usecs

[    3.544464] calling  kcmp_cookies_init+0x0/0x58 @ 1

[    3.549477] initcall kcmp_cookies_init+0x0/0x58 returned 0 after 0 usecs

[    3.556360] calling  s700_pinctrl_init+0x0/0x28 @ 1

[    3.561381] initcall s700_pinctrl_init+0x0/0x28 returned 0 after 0 usecs

[    3.568267] calling  s900_pinctrl_init+0x0/0x28 @ 1

[    3.573280] initcall s900_pinctrl_init+0x0/0x28 returned 0 after 0 usecs

[    3.580165] calling  ns2_pinmux_init+0x0/0x28 @ 1

[    3.585010] initcall ns2_pinmux_init+0x0/0x28 returned 0 after 0 usecs

[    3.591710] calling  imx8mm_pinctrl_init+0x0/0x28 @ 1

[    3.596910] initcall imx8mm_pinctrl_init+0x0/0x28 returned 0 after 0 usecs

[    3.603967] calling  imx8mn_pinctrl_init+0x0/0x28 @ 1

[    3.609165] initcall imx8mn_pinctrl_init+0x0/0x28 returned 0 after 0 usecs

[    3.616223] calling  imx8mp_pinctrl_init+0x0/0x28 @ 1

[    3.621420] initcall imx8mp_pinctrl_init+0x0/0x28 returned 0 after 0 usecs

[    3.628477] calling  imx8mq_pinctrl_init+0x0/0x28 @ 1

[    3.633675] initcall imx8mq_pinctrl_init+0x0/0x28 returned 0 after 0 usecs

[    3.640731] calling  imx8qm_pinctrl_init+0x0/0x28 @ 1

[    3.645929] initcall imx8qm_pinctrl_init+0x0/0x28 returned 0 after 0 usecs

[    3.652987] calling  imx8qxp_pinctrl_init+0x0/0x28 @ 1

[    3.658269] initcall imx8qxp_pinctrl_init+0x0/0x28 returned 0 after 0 usecs

[    3.665412] calling  imx8dxl_pinctrl_init+0x0/0x28 @ 1

[    3.670695] initcall imx8dxl_pinctrl_init+0x0/0x28 returned 0 after 0 usecs

[    3.677849] calling  imx8ulp_pinctrl_init+0x0/0x28 @ 1

[    3.683132] initcall imx8ulp_pinctrl_init+0x0/0x28 returned 0 after 0 usecs

[    3.690286] calling  imx91_pinctrl_init+0x0/0x28 @ 1

[    3.695397] initcall imx91_pinctrl_init+0x0/0x28 returned 0 after 0 usecs

[    3.702367] calling  imx93_pinctrl_init+0x0/0x28 @ 1

[    3.707477] initcall imx93_pinctrl_init+0x0/0x28 returned 0 after 0 usecs

[    3.714446] calling  mtk_pinctrl_init+0x0/0x28 @ 1

[    3.719374] initcall mtk_pinctrl_init+0x0/0x28 returned 0 after 0 usecs

[    3.726172] calling  mt6765_pinctrl_init+0x0/0x28 @ 1

[    3.731372] initcall mt6765_pinctrl_init+0x0/0x28 returned 0 after 0 usecs

[    3.738432] calling  mt6779_pinctrl_init+0x0/0x28 @ 1

[    3.743630] initcall mt6779_pinctrl_init+0x0/0x28 returned 0 after 0 usecs

[    3.750688] calling  mtk_pinctrl_init+0x0/0x28 @ 1

[    3.755614] initcall mtk_pinctrl_init+0x0/0x28 returned 0 after 0 usecs

[    3.762412] calling  mt6797_pinctrl_init+0x0/0x28 @ 1

[    3.767611] initcall mt6797_pinctrl_init+0x0/0x28 returned 0 after 0 usecs

[    3.774668] calling  mt6893_pinctrl_init+0x0/0x28 @ 1

[    3.779866] initcall mt6893_pinctrl_init+0x0/0x28 returned 0 after 0 usecs

[    3.786924] calling  mt7622_pinctrl_init+0x0/0x28 @ 1

[    3.792122] initcall mt7622_pinctrl_init+0x0/0x28 returned 0 after 0 usecs

[    3.799180] calling  mt7981_pinctrl_init+0x0/0x28 @ 1

[    3.804381] initcall mt7981_pinctrl_init+0x0/0x28 returned 0 after 0 usecs

[    3.811438] calling  mt7986a_pinctrl_init+0x0/0x28 @ 1

[    3.816722] initcall mt7986a_pinctrl_init+0x0/0x28 returned 0 after 0 usecs

[    3.823864] calling  mt7986b_pinctrl_init+0x0/0x2c @ 1

[    3.829148] initcall mt7986b_pinctrl_init+0x0/0x2c returned 0 after 0 usecs

[    3.836291] calling  mt7988_pinctrl_init+0x0/0x28 @ 1

[    3.841490] initcall mt7988_pinctrl_init+0x0/0x28 returned 0 after 0 usecs

[    3.848548] calling  mtk_pinctrl_init+0x0/0x28 @ 1

[    3.853476] initcall mtk_pinctrl_init+0x0/0x28 returned 0 after 0 usecs

[    3.860273] calling  mtk_pinctrl_init+0x0/0x28 @ 1

[    3.865201] initcall mtk_pinctrl_init+0x0/0x28 returned 0 after 0 usecs

[    3.871999] calling  mt8183_pinctrl_init+0x0/0x28 @ 1

[    3.877198] initcall mt8183_pinctrl_init+0x0/0x28 returned 0 after 0 usecs

[    3.884256] calling  mt8186_pinctrl_init+0x0/0x28 @ 1

[    3.889453] initcall mt8186_pinctrl_init+0x0/0x28 returned 0 after 0 usecs

[    3.896509] calling  mt8188_pinctrl_init+0x0/0x28 @ 1

[    3.901712] initcall mt8188_pinctrl_init+0x0/0x28 returned 0 after 0 usecs

[    3.908770] calling  mt8189_pinctrl_init+0x0/0x28 @ 1

[    3.913969] initcall mt8189_pinctrl_init+0x0/0x28 returned 0 after 0 usecs

[    3.921026] calling  mt8192_pinctrl_init+0x0/0x28 @ 1

[    3.926224] initcall mt8192_pinctrl_init+0x0/0x28 returned 0 after 0 usecs

[    3.933282] calling  mt8195_pinctrl_init+0x0/0x28 @ 1

[    3.938480] initcall mt8195_pinctrl_init+0x0/0x28 returned 0 after 0 usecs

[    3.945537] calling  mt8196_pinctrl_init+0x0/0x28 @ 1

[    3.950737] initcall mt8196_pinctrl_init+0x0/0x28 returned 0 after 0 usecs

[    3.957793] calling  mtk_pinctrl_init+0x0/0x28 @ 1

[    3.962721] initcall mtk_pinctrl_init+0x0/0x28 returned 0 after 0 usecs

[    3.969508] calling  mtk_pinctrl_init+0x0/0x28 @ 1

[    3.974436] initcall mtk_pinctrl_init+0x0/0x28 returned 0 after 0 usecs

[    3.981223] calling  ipq5018_pinctrl_init+0x0/0x28 @ 1

[    3.986507] initcall ipq5018_pinctrl_init+0x0/0x28 returned 0 after 0 usecs

[    3.993650] calling  ipq5332_pinctrl_init+0x0/0x28 @ 1

[    3.998936] initcall ipq5332_pinctrl_init+0x0/0x28 returned 0 after 0 usecs

[    4.006079] calling  ipq5424_pinctrl_init+0x0/0x28 @ 1

[    4.011364] initcall ipq5424_pinctrl_init+0x0/0x28 returned 0 after 0 usecs

[    4.018508] calling  ipq8074_pinctrl_init+0x0/0x28 @ 1

[    4.023791] initcall ipq8074_pinctrl_init+0x0/0x28 returned 0 after 0 usecs

[    4.030935] calling  ipq6018_pinctrl_init+0x0/0x28 @ 1

[    4.036218] initcall ipq6018_pinctrl_init+0x0/0x28 returned 0 after 0 usecs

[    4.043362] calling  ipq9574_pinctrl_init+0x0/0x28 @ 1

[    4.048647] initcall ipq9574_pinctrl_init+0x0/0x28 returned 0 after 0 usecs

[    4.055801] calling  msm8916_pinctrl_init+0x0/0x28 @ 1

[    4.061085] initcall msm8916_pinctrl_init+0x0/0x28 returned 0 after 0 usecs

[    4.068228] calling  msm8953_pinctrl_init+0x0/0x28 @ 1

[    4.073511] initcall msm8953_pinctrl_init+0x0/0x28 returned 0 after 0 usecs

[    4.080654] calling  msm8976_pinctrl_init+0x0/0x28 @ 1

[    4.085939] initcall msm8976_pinctrl_init+0x0/0x28 returned 0 after 0 usecs

[    4.093083] calling  msm8994_pinctrl_init+0x0/0x28 @ 1

[    4.098367] initcall msm8994_pinctrl_init+0x0/0x28 returned 0 after 0 usecs

[    4.105522] calling  msm8996_pinctrl_init+0x0/0x28 @ 1

[    4.110806] initcall msm8996_pinctrl_init+0x0/0x28 returned 0 after 0 usecs

[    4.117950] calling  msm8998_pinctrl_init+0x0/0x28 @ 1

[    4.123233] initcall msm8998_pinctrl_init+0x0/0x28 returned 0 after 0 usecs

[    4.130387] calling  qcm2290_pinctrl_init+0x0/0x28 @ 1

[    4.135672] initcall qcm2290_pinctrl_init+0x0/0x28 returned 0 after 0 usecs

[    4.142827] calling  qcs404_pinctrl_init+0x0/0x28 @ 1

[    4.148026] initcall qcs404_pinctrl_init+0x0/0x28 returned 0 after 0 usecs

[    4.155084] calling  qcs615_tlmm_init+0x0/0x28 @ 1

[    4.160010] initcall qcs615_tlmm_init+0x0/0x28 returned 0 after 0 usecs

[    4.166798] calling  qcs8300_pinctrl_init+0x0/0x28 @ 1

[    4.172085] initcall qcs8300_pinctrl_init+0x0/0x28 returned 0 after 0 usecs

[    4.179228] calling  qdf2xxx_pinctrl_init+0x0/0x28 @ 1

[    4.184514] initcall qdf2xxx_pinctrl_init+0x0/0x28 returned 0 after 0 usecs

[    4.191669] calling  qdu1000_tlmm_init+0x0/0x28 @ 1

[    4.196681] initcall qdu1000_tlmm_init+0x0/0x28 returned 0 after 0 usecs

[    4.203567] calling  sa8775p_pinctrl_init+0x0/0x28 @ 1

[    4.208851] initcall sa8775p_pinctrl_init+0x0/0x28 returned 0 after 0 usecs

[    4.215994] calling  sc7180_pinctrl_init+0x0/0x28 @ 1

[    4.221194] initcall sc7180_pinctrl_init+0x0/0x28 returned 0 after 0 usecs

[    4.228252] calling  sc7280_pinctrl_init+0x0/0x28 @ 1

[    4.233451] initcall sc7280_pinctrl_init+0x0/0x28 returned 0 after 0 usecs

[    4.240508] calling  sc8180x_pinctrl_init+0x0/0x28 @ 1

[    4.245792] initcall sc8180x_pinctrl_init+0x0/0x28 returned 0 after 0 usecs

[    4.252936] calling  sc8280xp_pinctrl_init+0x0/0x28 @ 1

[    4.258306] initcall sc8280xp_pinctrl_init+0x0/0x28 returned 0 after 0 usecs

[    4.265549] calling  sdm660_pinctrl_init+0x0/0x28 @ 1

[    4.270750] initcall sdm660_pinctrl_init+0x0/0x28 returned 0 after 0 usecs

[    4.277807] calling  sdm670_pinctrl_init+0x0/0x28 @ 1

[    4.283007] initcall sdm670_pinctrl_init+0x0/0x28 returned 0 after 0 usecs

[    4.290064] calling  sdm845_pinctrl_init+0x0/0x28 @ 1

[    4.295262] initcall sdm845_pinctrl_init+0x0/0x28 returned 0 after 0 usecs

[    4.302321] calling  sdx75_pinctrl_init+0x0/0x28 @ 1

[    4.307431] initcall sdx75_pinctrl_init+0x0/0x28 returned 0 after 0 usecs

[    4.314401] calling  sm4450_tlmm_init+0x0/0x28 @ 1

[    4.319331] initcall sm4450_tlmm_init+0x0/0x28 returned 0 after 0 usecs

[    4.326129] calling  sm6115_tlmm_init+0x0/0x28 @ 1

[    4.331057] initcall sm6115_tlmm_init+0x0/0x28 returned 0 after 0 usecs

[    4.337845] calling  sm6125_tlmm_init+0x0/0x28 @ 1

[    4.342773] initcall sm6125_tlmm_init+0x0/0x28 returned 0 after 0 usecs

[    4.349560] calling  sm6350_tlmm_init+0x0/0x28 @ 1

[    4.354488] initcall sm6350_tlmm_init+0x0/0x28 returned 0 after 0 usecs

[    4.361287] calling  sm6375_tlmm_init+0x0/0x28 @ 1

[    4.366216] initcall sm6375_tlmm_init+0x0/0x28 returned 0 after 0 usecs

[    4.373014] calling  sm8150_pinctrl_init+0x0/0x28 @ 1

[    4.378212] initcall sm8150_pinctrl_init+0x0/0x28 returned 0 after 0 usecs

[    4.385271] calling  sm8250_pinctrl_init+0x0/0x28 @ 1

[    4.390469] initcall sm8250_pinctrl_init+0x0/0x28 returned 0 after 0 usecs

[    4.397527] calling  sm8350_tlmm_init+0x0/0x28 @ 1

[    4.402455] initcall sm8350_tlmm_init+0x0/0x28 returned 0 after 0 usecs

[    4.409253] calling  sm8450_tlmm_init+0x0/0x28 @ 1

[    4.414180] initcall sm8450_tlmm_init+0x0/0x28 returned 0 after 0 usecs

[    4.420968] calling  sm8550_tlmm_init+0x0/0x28 @ 1

[    4.425898] initcall sm8550_tlmm_init+0x0/0x28 returned 0 after 0 usecs

[    4.432697] calling  sm8650_tlmm_init+0x0/0x28 @ 1

[    4.437624] initcall sm8650_tlmm_init+0x0/0x28 returned 0 after 0 usecs

[    4.444422] calling  sm8750_tlmm_init+0x0/0x28 @ 1

[    4.449352] initcall sm8750_tlmm_init+0x0/0x28 returned 0 after 0 usecs

[    4.456150] calling  x1e80100_pinctrl_init+0x0/0x28 @ 1

[    4.461521] initcall x1e80100_pinctrl_init+0x0/0x28 returned 0 after 0 usecs

[    4.468764] calling  rtd1619b_pinctrl_init+0x0/0x28 @ 1

[    4.474134] initcall rtd1619b_pinctrl_init+0x0/0x28 returned 0 after 0 usecs

[    4.481375] calling  rtd1319d_pinctrl_init+0x0/0x28 @ 1

[    4.486753] initcall rtd1319d_pinctrl_init+0x0/0x28 returned 0 after 0 usecs

[    4.493995] calling  rtd1315e_pinctrl_init+0x0/0x28 @ 1

[    4.499368] initcall rtd1315e_pinctrl_init+0x0/0x28 returned 0 after 0 usecs

[    4.506608] calling  tegra124_pinctrl_init+0x0/0x28 @ 1

[    4.511978] initcall tegra124_pinctrl_init+0x0/0x28 returned 0 after 0 usecs

[    4.519222] calling  tegra210_pinctrl_init+0x0/0x28 @ 1

[    4.524592] initcall tegra210_pinctrl_init+0x0/0x28 returned 0 after 0 usecs

[    4.531834] calling  tegra186_pinctrl_init+0x0/0x28 @ 1

[    4.537206] initcall tegra186_pinctrl_init+0x0/0x28 returned 0 after 0 usecs

[    4.544448] calling  tegra194_pinctrl_init+0x0/0x28 @ 1

[    4.549819] initcall tegra194_pinctrl_init+0x0/0x28 returned 0 after 0 usecs

[    4.557060] calling  tegra234_pinctrl_init+0x0/0x28 @ 1

[    4.562429] initcall tegra234_pinctrl_init+0x0/0x28 returned 0 after 0 usecs

[    4.569672] calling  tmpv7700_pinctrl_init+0x0/0x28 @ 1

[    4.575042] initcall tmpv7700_pinctrl_init+0x0/0x28 returned 0 after 0 usecs

[    4.582283] calling  mpc8xxx_init+0x0/0x28 @ 1

[    4.586859] initcall mpc8xxx_init+0x0/0x28 returned 0 after 0 usecs

[    4.593292] calling  acpi_pci_init+0x0/0x78 @ 1

[    4.597946] initcall acpi_pci_init+0x0/0x78 returned 0 after 0 usecs

[    4.604476] calling  clk_en7523_init+0x0/0x28 @ 1

[    4.609318] initcall clk_en7523_init+0x0/0x28 returned 0 after 0 usecs

[    4.616020] calling  clk_mt6765_init+0x0/0x28 @ 1

[    4.620862] initcall clk_mt6765_init+0x0/0x28 returned 0 after 0 usecs

[    4.627563] calling  clk_mt6779_init+0x0/0x44 @ 1

[    4.632412] initcall clk_mt6779_init+0x0/0x44 returned 0 after 0 usecs

[    4.639114] calling  clk_mt6797_init+0x0/0x28 @ 1

[    4.643956] initcall clk_mt6797_init+0x0/0x28 returned 0 after 0 usecs

[    4.650659] calling  samsung_pll_disable_early_timeout+0x0/0x10 @ 1

[    4.657091] initcall samsung_pll_disable_early_timeout+0x0/0x10 returned 0 after 0 usecs

[    4.665399] calling  tegra_clocks_apply_init_table+0x0/0x34 @ 1

[    4.671476] initcall tegra_clocks_apply_init_table+0x0/0x34 returned 0 after 0 usecs

[    4.679427] calling  dma_channel_table_init+0x0/0x194 @ 1

[    4.684981] initcall dma_channel_table_init+0x0/0x194 returned 0 after 0 usecs

[    4.692391] calling  dma_bus_init+0x0/0x170 @ 1

[    4.697074] initcall dma_bus_init+0x0/0x170 returned 0 after 0 usecs

[    4.703606] calling  brcmstb_soc_device_init+0x0/0x13c @ 1

[    4.709502] initcall brcmstb_soc_device_init+0x0/0x13c returned 0 after 0 usecs

[    4.717014] calling  mediatek_regulator_coupler_init+0x0/0xc8 @ 1

[    4.723277] initcall mediatek_regulator_coupler_init+0x0/0xc8 returned 0 after 0 usecs

[    4.731411] calling  rpm_proc_init+0x0/0x28 @ 1

[    4.736076] initcall rpm_proc_init+0x0/0x28 returned 0 after 0 usecs

[    4.742608] calling  qcom_smd_rpm_init+0x0/0x2c @ 1

[    4.747619] initcall qcom_smd_rpm_init+0x0/0x2c returned 0 after 0 usecs

[    4.754504] calling  qcom_smem_init+0x0/0x28 @ 1

[    4.759249] initcall qcom_smem_init+0x0/0x28 returned 0 after 0 usecs

[    4.765865] calling  sunxi_mbus_init+0x0/0x48 @ 1

[    4.770705] initcall sunxi_mbus_init+0x0/0x48 returned 0 after 0 usecs

[    4.777406] calling  register_xen_platform_notifier+0x0/0x58 @ 1

[    4.783582] initcall register_xen_platform_notifier+0x0/0x58 returned 0 after 0 usecs

[    4.791617] calling  register_xen_amba_notifier+0x0/0x5c @ 1

[    4.797425] initcall register_xen_amba_notifier+0x0/0x5c returned 0 after 0 usecs

[    4.805108] calling  register_xen_pci_notifier+0x0/0x50 @ 1

[    4.810826] initcall register_xen_pci_notifier+0x0/0x50 returned 0 after 0 usecs

[    4.818422] calling  hi3660_reset_init+0x0/0x28 @ 1

[    4.823436] initcall hi3660_reset_init+0x0/0x28 returned 0 after 0 usecs

[    4.830321] calling  zynqmp_reset_init+0x0/0x28 @ 1

[    4.835336] initcall zynqmp_reset_init+0x0/0x28 returned 0 after 0 usecs

[    4.842219] calling  serial_base_init+0x0/0x94 @ 1

[    4.847154] initcall serial_base_init+0x0/0x94 returned 0 after 0 usecs

[    4.853943] calling  pl011_init+0x0/0x78 @ 1

[    4.858328] Serial: AMBA PL011 UART driver

[    4.862552] initcall pl011_init+0x0/0x78 returned 0 after 5000 usecs

[    4.869086] calling  mvebu_uart_init+0x0/0x9c @ 1

[    4.873938] initcall mvebu_uart_init+0x0/0x9c returned 0 after 0 usecs

[    4.880639] calling  cdns_uart_init+0x0/0x28 @ 1

[    4.885385] initcall cdns_uart_init+0x0/0x28 returned 0 after 0 usecs

[    4.892000] calling  iommu_dma_init+0x0/0x38 @ 1

[    4.896750] initcall iommu_dma_init+0x0/0x38 returned 0 after 0 usecs

[    4.903366] calling  sdei_init+0x0/0x28 @ 1

[    4.907670] initcall sdei_init+0x0/0x28 returned 0 after 0 usecs

[    4.913843] calling  dmi_id_init+0x0/0x350 @ 1

[    4.918445] initcall dmi_id_init+0x0/0x350 returned 0 after 0 usecs

[    4.924878] calling  qcom_ipcc_init+0x0/0x28 @ 1

[    4.929622] initcall qcom_ipcc_init+0x0/0x28 returned 0 after 0 usecs

[    4.936239] calling  cix_mailbox_init+0x0/0x28 @ 1

[    4.941166] initcall cix_mailbox_init+0x0/0x28 returned 0 after 0 usecs

[    4.947962] calling  qcom_smd_init+0x0/0x28 @ 1

[    4.952625] initcall qcom_smd_init+0x0/0x28 returned 0 after 0 usecs

[    4.959155] calling  tegra_mc_init+0x0/0x28 @ 1

[    4.963816] initcall tegra_mc_init+0x0/0x28 returned 0 after 0 usecs

[    4.970336] calling  iproc_gpio_init+0x0/0x28 @ 1

[    4.975179] initcall iproc_gpio_init+0x0/0x28 returned 0 after 0 usecs

[    4.981881] calling  of_platform_default_populate_init+0x0/0x108 @ 1

[    4.988531] probe of 80860000.aop-cmd-db returned 0 after 0 usecs

[    4.994951] probe of smem returned -517 after 0 usecs

[    5.000881] probe of power-domain-cpu0 returned -517 after 0 usecs

[    5.007248] probe of power-domain-cpu1 returned -517 after 0 usecs

[    5.013605] probe of power-domain-cpu2 returned -517 after 0 usecs

[    5.019962] probe of power-domain-cpu3 returned -517 after 0 usecs

[    5.026320] probe of power-domain-cpu4 returned -517 after 0 usecs

[    5.032675] probe of power-domain-cpu5 returned -517 after 0 usecs

[    5.039036] probe of power-domain-cpu6 returned -517 after 0 usecs

[    5.045396] probe of power-domain-cpu7 returned -517 after 0 usecs

[    5.051840] probe of power-domain-cluster returned 0 after 0 usecs

[    5.058293] CPUidle PSCI: Initialized CPU PM domain topology using OSI mode

[    5.065451] probe of psci returned 0 after 64000 usecs

[    5.073625] /soc@0/stm@6002000: Fixed dependency cycle(s) with /soc@0/funnel@6041000

[    5.081592] /soc@0/funnel@6041000: Fixed dependency cycle(s) with /soc@0/stm@6002000

[    5.089554] /soc@0/funnel@6041000: Fixed dependency cycle(s) with /soc@0/funnel@6045000

[    5.097779] /soc@0/funnel@6042000: Fixed dependency cycle(s) with /soc@0/funnel@7810000

[    5.106002] /soc@0/funnel@6042000: Fixed dependency cycle(s) with /soc@0/funnel@6045000

[    5.114226] /soc@0/funnel@6045000: Fixed dependency cycle(s) with /soc@0/funnel@6042000

[    5.122446] /soc@0/funnel@6045000: Fixed dependency cycle(s) with /soc@0/funnel@6041000

[    5.130667] /soc@0/funnel@6045000: Fixed dependency cycle(s) with /soc@0/funnel@6b04000

[    5.138894] /soc@0/replicator@6046000: Fixed dependency cycle(s) with /soc@0/replicator@6b06000

[    5.147825] /soc@0/replicator@6046000: Fixed dependency cycle(s) with /soc@0/etr@6048000

[    5.156142] /soc@0/etr@6048000: Fixed dependency cycle(s) with /soc@0/replicator@6046000

[    5.164455] /soc@0/funnel@6b04000: Fixed dependency cycle(s) with /soc@0/funnel@6045000

[    5.172676] /soc@0/funnel@6b04000: Fixed dependency cycle(s) with /soc@0/etf@6b05000

[    5.180634] /soc@0/etf@6b05000: Fixed dependency cycle(s) with /soc@0/funnel@6b04000

[    5.188587] /soc@0/etf@6b05000: Fixed dependency cycle(s) with /soc@0/replicator@6b06000

[    5.196901] /soc@0/replicator@6b06000: Fixed dependency cycle(s) with /soc@0/etf@6b05000

[    5.205210] /soc@0/replicator@6b06000: Fixed dependency cycle(s) with /soc@0/replicator@6046000

[    5.214148] /soc@0/etm@7040000: Fixed dependency cycle(s) with /soc@0/funnel@7800000

[    5.222108] /soc@0/etm@7140000: Fixed dependency cycle(s) with /soc@0/funnel@7800000

[    5.230066] /soc@0/etm@7240000: Fixed dependency cycle(s) with /soc@0/funnel@7800000

[    5.238026] /soc@0/etm@7340000: Fixed dependency cycle(s) with /soc@0/funnel@7800000

[    5.245984] /soc@0/etm@7440000: Fixed dependency cycle(s) with /soc@0/funnel@7800000

[    5.253944] /soc@0/etm@7540000: Fixed dependency cycle(s) with /soc@0/funnel@7800000

[    5.261900] /soc@0/etm@7640000: Fixed dependency cycle(s) with /soc@0/funnel@7800000

[    5.269859] /soc@0/etm@7740000: Fixed dependency cycle(s) with /soc@0/funnel@7800000

[    5.277811] /soc@0/funnel@7800000: Fixed dependency cycle(s) with /soc@0/etm@7740000

[    5.285764] /soc@0/funnel@7800000: Fixed dependency cycle(s) with /soc@0/etm@7640000

[    5.293714] /soc@0/funnel@7800000: Fixed dependency cycle(s) with /soc@0/etm@7540000

[    5.301669] /soc@0/funnel@7800000: Fixed dependency cycle(s) with /soc@0/etm@7440000

[    5.309620] /soc@0/funnel@7800000: Fixed dependency cycle(s) with /soc@0/etm@7340000

[    5.317572] /soc@0/funnel@7800000: Fixed dependency cycle(s) with /soc@0/etm@7240000

[    5.325523] /soc@0/funnel@7800000: Fixed dependency cycle(s) with /soc@0/etm@7140000

[    5.333473] /soc@0/funnel@7800000: Fixed dependency cycle(s) with /soc@0/etm@7040000

[    5.341429] /soc@0/funnel@7800000: Fixed dependency cycle(s) with /soc@0/funnel@7810000

[    5.349654] /soc@0/funnel@7810000: Fixed dependency cycle(s) with /soc@0/funnel@7800000

[    5.357876] /soc@0/funnel@7810000: Fixed dependency cycle(s) with /soc@0/funnel@6042000

[    5.366116] /soc@0/phy@88e8000: Fixed dependency cycle(s) with /soc@0/display-subsystem@ae00000/displayport-controller@ae90000

[    5.377808] /soc@0/phy@88e8000: Fixed dependency cycle(s) with /soc@0/usb@a600000

[    5.385521] /soc@0/usb@a600000: Fixed dependency cycle(s) with /soc@0/phy@88e8000

[    5.393220] /soc@0/clock-controller@af00000: Fixed dependency cycle(s) with /soc@0/phy@88e8000

[    5.402065] /soc@0/display-subsystem@ae00000: Fixed dependency cycle(s) with /soc@0/clock-controller@af00000

[    5.412163] /soc@0/display-subsystem@ae00000/display-controller@ae01000: Fixed dependency cycle(s) with /soc@0/display-subsystem@ae00000/displayport-controller@ae90000

[    5.427512] /soc@0/display-subsystem@ae00000/display-controller@ae01000: Fixed dependency cycle(s) with /soc@0/display-subsystem@ae00000

[    5.440090] /soc@0/display-subsystem@ae00000/display-controller@ae01000: Fixed dependency cycle(s) with /soc@0/clock-controller@af00000

[    5.452594] /soc@0/display-subsystem@ae00000/displayport-controller@ae90000: Fixed dependency cycle(s) with /soc@0/display-subsystem@ae00000/display-controller@ae01000

[    5.467948] /soc@0/display-subsystem@ae00000/displayport-controller@ae90000: Fixed dependency cycle(s) with /soc@0/phy@88e8000

[    5.479643] /soc@0/display-subsystem@ae00000/displayport-controller@ae90000: Fixed dependency cycle(s) with /soc@0/clock-controller@af00000

[    5.492491] /soc@0/display-subsystem@ae00000/displayport-controller@ae90000: Fixed dependency cycle(s) with /soc@0/display-subsystem@ae00000

[    5.505464] /soc@0/interrupt-controller@17a00000: Fixed dependency cycle(s) with /soc@0/interrupt-controller@17a00000

[    5.516730] probe of 408000.mailbox returned 0 after 0 usecs

[    5.524079] probe of 1f40000.hwlock returned 0 after 0 usecs

[    5.530982] /soc@0/stm@6002000: Fixed dependency cycle(s) with /soc@0/funnel@6041000

[    5.538968] /soc@0/stm@6002000: Fixed dependency cycle(s) with /soc@0/funnel@6041000

[    5.546932] /soc@0/funnel@6041000: Fixed dependency cycle(s) with /soc@0/stm@6002000

[    5.554898] /soc@0/funnel@6041000: Fixed dependency cycle(s) with /soc@0/funnel@6045000

[    5.563145] /soc@0/funnel@6042000: Fixed dependency cycle(s) with /soc@0/funnel@7810000

[    5.571369] /soc@0/funnel@6042000: Fixed dependency cycle(s) with /soc@0/funnel@6045000

[    5.579608] /soc@0/funnel@6042000: Fixed dependency cycle(s) with /soc@0/funnel@6045000

[    5.587844] /soc@0/funnel@6041000: Fixed dependency cycle(s) with /soc@0/funnel@6045000

[    5.596075] /soc@0/funnel@6045000: Fixed dependency cycle(s) with /soc@0/funnel@6042000

[    5.604303] /soc@0/funnel@6045000: Fixed dependency cycle(s) with /soc@0/funnel@6041000

[    5.612530] /soc@0/funnel@6045000: Fixed dependency cycle(s) with /soc@0/funnel@6b04000

