S - Format: Log Type - Time(microsec) - Message - Optional Info
S - Log Type: B - Since Boot(Power On Reset),  D - Delta,  S - Statistic
S - QC_IMAGE_VERSION_STRING=BOOT.MXF.1.0.1-00549-KODIAKWP-1
S - IMAGE_VARIANT_STRING=SocKodiakWP
S - OEM_IMAGE_VERSION_STRING=wa-lxc
S - Boot Interface: SPI
S - Secure Boot: Off
S - Boot Config @ 0x00786070 = 0x000000c9
S - JTAG ID @ 0x00786130 = 0x001980e1
S - OEM ID @ 0x00786138 = 0x00000000
S - Serial Number @ 0x00786134 = 0x8dbddd5e
S - OEM Config Row 0 @ 0x007841c0 = 0x0000000000000000
S - OEM Config Row 1 @ 0x007841c8 = 0x0000000000000000
S - Feature Config Row 0 @ 0x00784148 = 0x0000000000000000
S - Feature Config Row 1 @ 0x00784150 = 0x0000000000000000
S - Core 0 Frequency, 1516 MHz
S - PBL Patch Ver: 1
D -      6621 - pbl_apps_init_timestamp
D -      3435 - bootable_media_detect_timestamp
D -       812 - bl_elf_metadata_loading_timestamp
D -       704 - bl_hash_seg_auth_timestamp
D -     26496 - bl_elf_loadable_segment_loading_timestamp
D -      4619 - bl_elf_segs_hash_verify_timestamp
D -     17364 - bl_sec_hash_seg_auth_timestamp
D -       822 - bl_sec_segs_hash_verify_timestamp
D -        29 - pbl_populate_shared_data_and_exit_timestamp
S -     60902 - PBL, End
B -     68320 - SBL1, Start
B -    193980 - SBL1 BUILD @ 21:01:04 on Jan 20 2026
B -    198006 - usb: eud_serial_upd , 0x8dbddd5e
D -    201269 - sbl1_hw_init
D -     10644 - boot_media_init
D -         0 - smss_load_cancel
B -    219203 - SMSS -  Image Load, Start
D -      2989 - SMSS -  Image Loaded, Delta - (0 Bytes)
D -       885 - Auth Metadata
D -      5917 - sbl1_xblconfig_init
B -    233660 - XBL Config -  Image Load, Start
D -        31 - shrm_load_cancel
B -    241194 - SHRM -  Image Load, Start
D -       580 - Auth Metadata
D -      1251 - Segments hash check
D -     12108 - SHRM -  Image Loaded, Delta - (39616 Bytes)
D -         0 - boot_default_cdt_init
D -       396 - boot_cdt_init
B -    265319 - CDT -  Image Load, Start
B -    268034 - CDT Version:3,Platform ID:32,Major ID:1,Minor ID:0,Subtype:7
D -     16256 - sbl1_hw_platform_pre_ddr
D -         0 - devcfg init
B -    293562 - PMIC A:2.0 B:1.0 C:2.2 I:1.0
B -    295331 - PM: PM8 0x4
B -    297649 - PM: xVdd reset
B -    300181 - PM: PON by PWR key DEB
B -    556106 - PM: SET_VAL:Skip
B -    557631 - PM: PSI: b0x06_v0x3f
B -    561718 - PM: Device Init # SPMI Transn: 15424
D -    278251 - pm_device_init, Delta
B -    567391 - pm_driver_init, Start
B -    578585 - PM: Driver Init # SPMI Transn: 504
D -      7717 - pm_driver_init, Delta
B -    583465 - PM: damsink err_flag = 0x0
B -    586759 - PM: dam aicl err_flag = 0x0
B -    591486 - PM: Battery ID: 10049Ohm
B -    594689 - PM: debug board connected
B -    598440 - vsense_init, Start
D -         0 - vsense_init, Delta
D -    321927 - sbl1_hw_pre_ddr_init
D -        30 - boot_dload_handle_forced_dload_timeout
D -      2989 - sbl1_load_ddr_training_data
B -    617137 - Pre_DDR_clock_init, Start
D -       213 - Pre_DDR_clock_init, Delta
D -     12901 - sbl1_ddr_set_params
B -    628849 - sbl1_ddr_init, Start
B -    632234 - LP5 DDR detected
D -     15768 - sbl1_ddr_init, Delta
B -    647972 - DSF version = 262.0.47
B -    651327 - Manufacturer ID = 13, Device Type = 8
B -    654926 - Rank 0 size = 4096 MB, Rank 1 size = 4096 MB
D -     31201 - sbl1_ddr_init
D -         0 - boot_pre_ddi_entry
B -    668133 - do_ddr_training, Start
B -    709308 - DDR: Start of DDR Training Restore
B -    712937 - Current DDR Freq = 2096 MHz
B -    713974 - Max enabled DDR Freq = 2736 MHz
B -    718000 - DDR: End of DDR Training Restore
D -     51057 - do_ddr_training, Delta
D -     58865 - sbl1_do_ddr_training
D -       732 - boot_ddi_entry
B -    733830 - Pimem init cmd, entry
D -      9211 - Pimem init cmd, exit
B -    746335 - External heap init, Start
B -    749324 - External heap init, End
D -     23241 - sbl1_post_ddr_init
D -        91 - sbl1_hw_init_secondary
B -    760304 - DDR -  Image Load, Start
B -    764055 - usb: emmc_parti_unavail
B -    767624 - usb: sdc_parti_unavail
B -    771314 - usb: Serial - 8dbddd5e
B -    774913 - usb: fedl, vbus_low
D -     14548 - boot_fedl_check
B -    781745 - APDP -  Image Load, Start
D -      3233 - APDP -  Image Loaded, Delta - (64 Bytes)
D -         0 - boot_dload_dump_security_regions
D -        30 - ramdump_load_cancel
B -    798215 - RamDump -  Image Load, Start
D -      3294 - RamDump -  Image Loaded, Delta - (0 Bytes)
D -        30 - boot_update_abnormal_reset_status
D -         0 - boot_cache_set_memory_barrier
D -         0 - boot_smem_debug_init
D -       549 - boot_smem_init
D -        30 - boot_smem_alloc_for_minidump
D -        91 - boot_smem_store_pon_status
D -        31 - sbl1_hw_platform_smem
D -        91 - boot_ddr_share_data_to_aop
D -       488 - boot_clock_init_rpm
D -         0 - boot_vsense_copy_to_smem
D -        30 - boot_populate_ram_partition_table
D -        31 - boot_populate_ddr_details_shared_table
D -         0 - sbl1_tlmm_init
D -        30 - sbl1_efs_handle_cookies
B -    860984 - OEM_MISC -  Image Load, Start
D -       793 - Auth Metadata
D -       244 - Segments hash check
D -     10645 - OEM_MISC -  Image Loaded, Delta - (7512 Bytes)
B -    874923 - QTI_MISC -  Image Load, Start
D -      5703 - QTI_MISC -  Image Loaded, Delta - (0 Bytes)
B -    890173 - PM: PM Total Mem Allocated: 2340 
D -      5460 - sbl1_pm_aop_pre_init_wrapper
B -    894839 - AOP -  Image Load, Start
D -       671 - Auth Metadata
D -      1586 - Segments hash check
D -     18331 - AOP -  Image Loaded, Delta - (203304 Bytes)
B -    916494 - QSEE Dev Config -  Image Load, Start
D -       610 - Auth Metadata
D -       488 - Segments hash check
D -     13024 - QSEE Dev Config -  Image Loaded, Delta - (41144 Bytes)
B -    938546 - QSEE -  Image Load, Start
D -     17660 - Auth Metadata
D -     22174 - Segments hash check
D -    230336 - QSEE -  Image Loaded, Delta - (3734195 Bytes)
D -         0 - sbl1_hw_play_vibr
B -   1177849 - SEC -  Image Load, Start
D -      3355 - SEC -  Image Loaded, Delta - (64 Bytes)
B -   1184711 - CPUCPFW -  Image Load, Start
D -     17050 - Auth Metadata
D -     17598 - Segments hash check
D -     52765 - CPUCPFW -  Image Loaded, Delta - (171300 Bytes)
B -   1246504 - QHEE -  Image Load, Start
D -     17293 - Auth Metadata
D -      5185 - Segments hash check
D -     41206 - QHEE -  Image Loaded, Delta - (432112 Bytes)
B -   1291034 - APPSBL -  Image Load, Start
D -       793 - Auth Metadata
D -     15555 - Segments hash check
D -    170800 - APPSBL -  Image Loaded, Delta - (3620864 Bytes)
D -         0 - sbl1_save_appsbl_index
B -   1471045 - SBL1, End
D -   1406233 - SBL1, Delta
S - Flash Throughput, 23235 KB/s  (8411417 Bytes,  362644 us)
S - DDR Frequency, 1555 MHz
?S - Format: Log Type - Time(microsec) - Message - Optional Info
S - Log Type: B - Since Boot(Power On Reset),  D - Delta,  S - Statistic
S - QC_IMAGE_VERSION_STRING=BOOT.MXF.1.0.1-00549-KODIAKWP-1
S - IMAGE_VARIANT_STRING=SocKodiakWP
S - OEM_IMAGE_VERSION_STRING=wa-lxc
S - Boot Interface: SPI
S - Secure Boot: Off
S - Boot Config @ 0x00786070 = 0x000000c9
S - JTAG ID @ 0x00786130 = 0x001980e1
S - OEM ID @ 0x00786138 = 0x00000000
S - Serial Number @ 0x00786134 = 0x8dbddd5e
S - OEM Config Row 0 @ 0x007841c0 = 0x0000000000000000
S - OEM Config Row 1 @ 0x007841c8 = 0x0000000000000000
S - Feature Config Row 0 @ 0x00784148 = 0x0000000000000000
S - Feature Config Row 1 @ 0x00784150 = 0x0000000000000000
S - Core 0 Frequency, 1516 MHz
S - PBL Patch Ver: 1
D -      6620 - pbl_apps_init_timestamp
D -      3435 - bootable_media_detect_timestamp
D -       810 - bl_elf_metadata_loading_timestamp
D -       707 - bl_hash_seg_auth_timestamp
D -     26495 - bl_elf_loadable_segment_loading_timestamp
D -      4618 - bl_elf_segs_hash_verify_timestamp
D -     17368 - bl_sec_hash_seg_auth_timestamp
D -       821 - bl_sec_segs_hash_verify_timestamp
D -        31 - pbl_populate_shared_data_and_exit_timestamp
S -     60905 - PBL, End
B -     69723 - SBL1, Start
B -    197853 - SBL1 BUILD @ 21:01:04 on Jan 20 2026
B -    201971 - usb: eud_serial_upd , 0x8dbddd5e
D -    205295 - sbl1_hw_init
D -     10858 - boot_media_init
D -         0 - smss_load_cancel
B -    223565 - SMSS -  Image Load, Start
D -      3050 - SMSS -  Image Loaded, Delta - (0 Bytes)
D -       945 - Auth Metadata
D -      6039 - sbl1_xblconfig_init
B -    238327 - XBL Config -  Image Load, Start
D -         0 - shrm_load_cancel
B -    246013 - SHRM -  Image Load, Start
D -       610 - Auth Metadata
D -      1250 - Segments hash check
D -     12291 - SHRM -  Image Loaded, Delta - (39616 Bytes)
D -         0 - boot_default_cdt_init
D -       396 - boot_cdt_init
B -    270565 - CDT -  Image Load, Start
B -    273341 - CDT Version:3,Platform ID:32,Major ID:1,Minor ID:0,Subtype:7
D -     16561 - sbl1_hw_platform_pre_ddr
D -        31 - devcfg init
B -    299357 - PMIC A:2.0 B:1.0 C:2.2 I:1.0
B -    301126 - PM: Reset by PSHOLD
B -    303475 - PM: Reset Type: Hard Reset
B -    558699 - PM: SET_VAL:Skip
B -    560224 - PM: PSI: b0x06_v0x3f
B -    564311 - PM: Device Init # SPMI Transn: 15297
D -    275263 - pm_device_init, Delta
B -    569984 - pm_driver_init, Start
B -    581177 - PM: Driver Init # SPMI Transn: 504
D -      7716 - pm_driver_init, Delta
B -    586057 - PM: damsink err_flag = 0x0
B -    589321 - PM: dam aicl err_flag = 0x0
B -    594079 - PM: Battery ID: 10053Ohm
B -    597281 - PM: debug board connected
B -    601033 - vsense_init, Start
D -         0 - vsense_init, Delta
D -    318939 - sbl1_hw_pre_ddr_init
D -         0 - boot_dload_handle_forced_dload_timeout
D -      2989 - sbl1_load_ddr_training_data
B -    619729 - Pre_DDR_clock_init, Start
D -       244 - Pre_DDR_clock_init, Delta
D -     12902 - sbl1_ddr_set_params
B -    631441 - sbl1_ddr_init, Start
B -    634827 - LP5 DDR detected
D -     15769 - sbl1_ddr_init, Delta
B -    650565 - DSF version = 262.0.47
B -    653920 - Manufacturer ID = 13, Device Type = 8
B -    657519 - Rank 0 size = 4096 MB, Rank 1 size = 4096 MB
D -     31202 - sbl1_ddr_init
D -         0 - boot_pre_ddi_entry
B -    670725 - do_ddr_training, Start
B -    711900 - DDR: Start of DDR Training Restore
B -    715530 - Current DDR Freq = 2096 MHz
B -    716567 - Max enabled DDR Freq = 2736 MHz
B -    720593 - DDR: End of DDR Training Restore
D -     51057 - do_ddr_training, Delta
D -     58865 - sbl1_do_ddr_training
D -       732 - boot_ddi_entry
B -    736422 - Pimem init cmd, entry
D -      9211 - Pimem init cmd, exit
B -    748927 - External heap init, Start
B -    751916 - External heap init, End
D -     23241 - sbl1_post_ddr_init
D -       122 - sbl1_hw_init_secondary
B -    762896 - DDR -  Image Load, Start
B -    766678 - usb: emmc_parti_unavail
B -    770216 - usb: sdc_parti_unavail
B -    773907 - usb: Serial - 8dbddd5e
B -    777506 - usb: fedl, vbus_low
D -     14549 - boot_fedl_check
B -    784368 - APDP -  Image Load, Start
D -      3203 - APDP -  Image Loaded, Delta - (64 Bytes)
D -         0 - boot_dload_dump_security_regions
D -         0 - ramdump_load_cancel
B -    800808 - RamDump -  Image Load, Start
D -      3324 - RamDump -  Image Loaded, Delta - (0 Bytes)
D -         0 - boot_update_abnormal_reset_status
D -         0 - boot_cache_set_memory_barrier
D -        30 - boot_smem_debug_init
D -       549 - boot_smem_init
D -        31 - boot_smem_alloc_for_minidump
D -        61 - boot_smem_store_pon_status
D -        30 - sbl1_hw_platform_smem
D -        92 - boot_ddr_share_data_to_aop
D -       488 - boot_clock_init_rpm
D -         0 - boot_vsense_copy_to_smem
D -        31 - boot_populate_ram_partition_table
D -         0 - boot_populate_ddr_details_shared_table
D -         0 - sbl1_tlmm_init
D -         0 - sbl1_efs_handle_cookies
B -    863577 - OEM_MISC -  Image Load, Start
D -       762 - Auth Metadata
D -       244 - Segments hash check
D -     10644 - OEM_MISC -  Image Loaded, Delta - (7512 Bytes)
B -    877546 - QTI_MISC -  Image Load, Start
D -      5703 - QTI_MISC -  Image Loaded, Delta - (0 Bytes)
B -    892765 - PM: PM Total Mem Allocated: 2340 
D -      5429 - sbl1_pm_aop_pre_init_wrapper
B -    897462 - AOP -  Image Load, Start
D -       701 - Auth Metadata
D -      1647 - Segments hash check
D -     18361 - AOP -  Image Loaded, Delta - (203304 Bytes)
B -    919148 - QSEE Dev Config -  Image Load, Start
D -       610 - Auth Metadata
D -       488 - Segments hash check
D -     13054 - QSEE Dev Config -  Image Loaded, Delta - (41144 Bytes)
B -    941230 - QSEE -  Image Load, Start
D -     17751 - Auth Metadata
D -     22143 - Segments hash check
D -    230366 - QSEE -  Image Loaded, Delta - (3734195 Bytes)
D -        31 - sbl1_hw_play_vibr
B -   1180533 - SEC -  Image Load, Start
D -      3324 - SEC -  Image Loaded, Delta - (64 Bytes)
B -   1187426 - CPUCPFW -  Image Load, Start
D -     17111 - Auth Metadata
D -     17629 - Segments hash check
D -     52795 - CPUCPFW -  Image Loaded, Delta - (171300 Bytes)
B -   1249249 - QHEE -  Image Load, Start
D -     17293 - Auth Metadata
D -      5216 - Segments hash check
D -     41206 - QHEE -  Image Loaded, Delta - (432112 Bytes)
B -   1293779 - APPSBL -  Image Load, Start
D -       762 - Auth Metadata
D -     15494 - Segments hash check
D -    170770 - APPSBL -  Image Loaded, Delta - (3620864 Bytes)
D -         0 - sbl1_save_appsbl_index
B -   1473760 - SBL1, End
D -   1407544 - SBL1, Delta
S - Flash Throughput, 23235 KB/s  (8411417 Bytes,  362829 us)
S - DDR Frequency, 1555 MHz


UEFI Start     [ 1685]
 - 0x09F001000 [ 1687] Sec.efi
ASLR        : OFF [WARNING]
DEP         : ON (RTB)
Timer Delta : +1 mS
RAM Entry 0 : Base 0x0080000000  Size 0x003B600000
RAM Entry 1 : Base 0x0180000000  Size 0x0100000000
RAM Entry 2 : Base 0x00C0000000  Size 0x00C0000000
Total Available RAM : 8118 MB (0x01FB600000)
Total Installed RAM : 8192 MB (0x0200000000)
Init 7 aux cores of 7
Init CPU core 1
Init CPU core 2
Init CPU core 3
Init CPU core 4
Init CPU core 5
Init CPU core 6
Init CPU core 7
  > Scheduler up on Core 1
Continue booting UEFI on Core 0
  > Scheduler up on Core 2
  > Scheduler up on Core 3
UEFI Ver    : 6.0.260120.BOOT.MXF.1.0.1-00549-KODIAKWP-1
Build Info  : 64b Jan 20 2026 21:01:25
Boot Device : NVME
PROD Mode   : TRUE
Retail      : TRUE
  > Scheduler up on Core 5
  > Scheduler up on Core 4
  > Scheduler up on Core 6
  > Scheduler up on Core 7
tz_armv8_smc_call failed, TzStatus = 0xFFFFFFFE,  SmcId = 0x32000403  
QseeResponse->result = 0xFFFFFF0F
Status = 0x7
Scm command failed to get RPMB provisioning State, Status: 0x00000007
TpmType returned from TZ (LoadApps.c)= 0x6654504D. 
tz_armv8_smc_call failed, TzStatus = 0xFFFFFFFE,  SmcId = 0x32000109  
QseeResponse->result = 0xFFFFFFFF
Status = 0x7
ActivateTzEmbeddedSecureImage Failed
tz_armv8_smc_call failed, TzStatus = 0xFFFFFFFE,  SmcId = 0x32000109  
QseeResponse->result = 0xFFFFFFFF
Status = 0x7
ActivateTzEmbeddedSecureImage Failed
Card Detection FAILED! Handle 0, Slot 0
eMMC module not found
HW Wdog Setting from PCD : Disabled
UFS GPIO7 value is 1
Skipping UFS initialization
PM0: 47, PM1: 63, PM2: 49, PM8: 46, 
Module cannot re-initialize DAL module environment
QcomChargerDxe:: QcomChargerInitialize Unsupported platform or PMIC. 
UsbConfigInit: Device isSku1Variant: 0
UsbConfigInit: SchgPmicInfo.PmicIndex =  (0x8)
UsbStartController: Starting Core 0 in mode: 1
SSUsbSetPhyMode: MuxValue:3, CCOutStatus:1
SSUsbSetPhyMode: CoreNum:0, MuxValue:3, CCOutStatus:1
UsbStartController: Starting Core 1 in mode: 1
UsbEnumeratePort: new device connected at port 0, HubIfc =0xFA9D8C18 
DisplayDxe: External Panel Mode#0 1024x600 59Hz selected.
Device booted from NVME/SPI_NORUsbEnumNewDevRootHub: HIGH on port 0
 UsbEnumNewDevRootHub: vid = 0x1A40 pid = 0x0101, Addr = 1
TpmCmdMaxSize  4096  TpmRspMaxSize  4096  
TpmManufacturerID  0x4D4F4351  
TpmHashAlgoBitmap  0x7  TpmActivePcrBanks 0x2 
ActivePcrBanks     0x2 
IndexArray 0x1  0xFF  0xFF 

UpdateMemoryArrayInfoTable: DDR Details: Manufacturer ID: 19, Device Type: 8, Num Channels: 2
tz_armv8_smc_call failed, TzStatus = 0xFFFFFFFE,  SmcId = 0x32000401  
QseeResponse->result = 0xFFFFFF03
Status = 0x7
UsbEnumeratePort: new device connected at port 1, HubIfc =0xFA9BEC98 
RpmbAutoProvisionMain: RPMB is already provisioned.
PCIE Port 0 Configuration Found! 
PCIE Port 1 Configuration Found! 
PCIe enum (0x3) start : 3621
Training start : 3650
Wait for link up start : 3670
PCIe Link up on port 0
UsbEnumNewDevHub: FULL on port 1
UsbSelectConfig: failed to connect driver Not Found, ignored
UsbEnumeratePort: new device connected at port 3, HubIfc =0xFA9BEC98 
Link up Failed..!! PCIe1, PARF_LTSSM: 0x0 
Training complete : 3921
Port 0 : x1, Gen 1
PCIe Links ready : 3922
PCIe Links setup in 301 ms
[EC] [FmpDeviceInit 1209] EC device is not initialized, Platform is 6490_IOT_industrial_kit or Dragon_Q6A
[EC] [FmpDeviceGetImageTypeIdGuidPtr 226] EC device is not active, returning Unsupported
[EC] [FmpDeviceGetVersion 563] EC device is not active, returning Unsupported
[EC] [FmpDeviceGetVersion 563] EC device is not active, returning Unsupported
[EC] [FmpDeviceGetLowestSupportedVersion 352] EC device is not yet initialized!
[KB] [I2CKeyboardEntryPoint 1882] - Unsupported platform type  32
 Could not find the Reset Data region .
UsbEnumNewDevHub: HIGH on port 3
UsbSelectConfig: failed to connect driver Not Found, ignored
[=3h[2J[0m[35m[40m ConnectConsoles Delta : 53935 micro sec
WaitParallelThreads InIt [ 4013] 
UEFI Ver           : 6.0.260120.BOOT.MXF.1.0.1-00549-KODIAKWP-1
Platform           : IOT
SKUVersion         : 32
Subtype            : 7
Boot Device        : NVME
Chip Name          : QCS6490
Chip Ver           : 1.0
Chip Num           : 0x8DBDDD5E
Chip ECID          : 0x042F8DBDDD5E
-----------------------------
 PlatformBdsPostConsoleInit Delta : 2440 micro sec
Continuing with BDS initialization
[QcomBds] No default boot app specified
 PlatformSecurityInit Delta : 394 micro sec
Block IO handles of partition /'C12A7328-F81F-11D2-BA4B-00A0C93EC93B/' not found
Failed to get block size of EFI partition. Status: Not Found
InitStoragePointersForCapsuleRawFile returned - Not Found!
InitCapsuleStoragePointers returned - Not Found.
DoCapsuleUpdate Delta : 1804 micro sec
ACPI: Loaded 1 tables
AML: AmlUpdateSjtg FEATURE_ID buffer is 0
AML: AmlUpdateSjtg JTAG_ID buffer is 1671393
Attempting to start: Firmware provisioning
: DppProtocol->GetDPP returned Not Found
 HandleMorPpi delta: 166
Platform Init End : 4197
-----------------------------
 PlatBdsSocPostProc Delta : 181480 micro sec
WARNING: TPM2 Event log has HashAlg unsupported by PCR bank (0x4)
WARNING: TPM2 Event log has HashAlg unsupported by PCR bank (0xC)
Get Smbios ---, Status = (0x800000000000000E)
GetEmmcHandle failed, Status = 0x0
 PlatBdsPostFwConfigSec Delta : 10491 micro sec
 Entered MeasurePeImg...
/local/mnt/workspace/CRMBuilds/BOOT.MXF.1.0.1-00549-KODIAKWP-1_20250921_095415/b/boot_images/boot/QcomPkg/Drivers/TrEEDxe/TrEEDxe.c..HashLogExtendEvent:480 Failed! input = 0x2  
/local/mnt/workspace/CRMBuilds/BOOT.MXF.1.0.1-00549-KODIAKWP-1_20250921_095415/b/boot_images/boot/QcomPkg/Drivers/MeasureBootDxe/MeasureBootDxe.c..HashExtendLogTreeEvent: 319 Failed! input = 0x1  
/local/mnt/workspace/CRMBuilds/BOOT.MXF.1.0.1-00549-KODIAKWP-1_20250921_095415/b/boot_images/boot/QcomPkg/Drivers/MeasureBootDxe/MeasureBootDxe.c..MeasurePeImgAll: 1290 Failed! input = 0x1  
/local/mnt/workspace/CRMBuilds/BOOT.MXF.1.0.1-00549-KODIAKWP-1_20250921_095415/b/boot_images/boot/QcomPkg/Drivers/MeasureBootDxe/MeasureBootDxe.c..MeasureBootVariables:782 Failed! input = 0xE  
/local/mnt/workspace/CRMBuilds/BOOT.MXF.1.0.1-00549-KODIAKWP-1_20250921_095415/b/boot_images/boot/QcomPkg/Drivers/MeasureBootDxe/MeasureBootDxe.c..MeasurePeImgAll: 1293 Failed! input = 0x1  
Press F2 to enter Setup, F5 to enter UEFI Shell, F12 to enter Boot menu
Auto boot in 5 seconds
Auto boot in 4 seconds
Auto boot in 3 seconds
Auto boot in 2 seconds
Auto boot in 1 seconds
UEFI Total : 8007 ms
POST Time      [ 9692] OS Loader
[QcomBds] Could not find bootable handle
UEFI Total : 8400 ms
POST Time      [10085] OS Loader
[QcomBds] Could not find bootable handle
[QcomBds] Boot Device Order:
[QcomBds]   [0]: USB
[QcomBds]   [1]: SD
[QcomBds]   [2]: NVMe
[QcomBds]   [3]: eMMC
[QcomBds]   [4]: UFS
[QcomBds] Trying device 0: USB
[QcomBds] Trying device 1: SD
UEFI Total : 10883 ms
POST Time      [12568] OS Loader
 Entered MeasurePeImg...
/local/mnt/workspace/CRMBuilds/BOOT.MXF.1.0.1-00549-KODIAKWP-1_20250921_095415/b/boot_images/boot/QcomPkg/Drivers/TrEEDxe/TrEEDxe.c..HashLogExtendEvent:480 Failed! input = 0x2  
/local/mnt/workspace/CRMBuilds/BOOT.MXF.1.0.1-00549-KODIAKWP-1_20250921_095415/b/boot_images/boot/QcomPkg/Drivers/MeasureBootDxe/MeasureBootDxe.c..HashExtendLogTreeEvent: 319 Failed! input = 0x1  
/local/mnt/workspace/CRMBuilds/BOOT.MXF.1.0.1-00549-KODIAKWP-1_20250921_095415/b/boot_images/boot/QcomPkg/Drivers/MeasureBootDxe/MeasureBootDxe.c..MeasurePeImgAll: 1290 Failed! input = 0x1  
[0m[37m[40m[INFO] efi_main: embloader (Embedded Bootloader) version 0.4.r1.9f8e74b
[DEBUG] efi_main: function efi_main at 0xf0383678
[WARNING] find_embloader_folder: embloader folder not found
[DEBUG] efi_main: Final configuration:
[DEBUG] config: {}
[INFO] efi_main: parsing smbios
[WARNING] efi_main: no matched device found in config
[INFO] sdboot_boot_load_menu: loading systemd-boot menu
[INFO] sdboot_check_fs: Found systemd-boot folder in VenHw(D1531D41-3F80-4091-8D0A-541F59236D66)/HD(
1,GPT,0BC201DD-2A64-4495-A461-AC36D51BA7B3,0x800,0x80000)
[INFO] sdboot_boot_load_file: loading sdboot boot config from file /loader/loader.conf
[INFO] sdboot_boot_load_file: loading sdboot boot config from file android.conf
[DEBUG] sdboot_boot_load_file: created sdboot loader android
[DEBUG] sdboot_boot_load_root: use timeout value 5 from sdboot config
[DEBUG] sdboot_boot_load_root: found default entry android.conf in sdboot config
[DEBUG] sdboot_boot_load_root: use default entry android.conf from sdboot config
[INFO] sdboot_boot_load_menu: loaded systemd-boot menu from current device
[Warn]	(0.000, +0)	 lv_uefi_simple_pointer_indev_add_handle: [lv_uefi] The SIMPLE_POINTER inter
face is not valid. lv_uefi_indev_pointer.c:124

Embedded Boot Loader GUI Menu Serial Alternative
[INFO] embloader_gui_menu_start: lvgl gui menu started
[WARNING] load_xml_from: failed to read XML file menu-main.xml for menu-main: Invalid Parameter
[WARNING] filter_supports: disabled for Qualcomm UEFI
[WARNING] embloader_tui_menu_start: this platform have bad console, skip TUI menu

========================================
= Embedded Bootloader menu
========================================
  1. Android 13 ??? Dragon Q6A
  2. Reboot Into Firmware Interface
========================================
Menu timeout: 5 seconds
Default option: (1) Android 13 ??? Dragon Q6A
Select an option (1-2) or press Enter to boot default: 
Timeout
Booting default option (1) Android 13 ??? Dragon Q6A

[INFO] embloader_loader_boot: booting Android 13 ??? Dragon Q6A (android) ...
[INFO] embloader_loader_boot_sdboot: booting sdboot loader Android 13 ??? Dragon Q6A ...
[INFO] linux_load_kernel: loading kernel /Android/Image
[INFO] linux_load_kernel: loaded kernel /Android/Image size 61.25MiB (64223744 bytes)
[INFO] linux_load_kernel: kernel /Android/Image at 0xf6374000 with 15680 pages
[INFO] linux_load_initramfs: loading initramfs /Android/ramdisk.img
[INFO] linux_load_initramfs: loaded initramfs /Android/ramdisk.img size 15.10MiB (15832007 bytes)
[INFO] linux_load_initramfs: loaded 1 initramfs size 15.10MiB (15832007 bytes)
[INFO] linux_load_initramfs: initramfs collections (1) at 0xef009000 with 3866 pages
[INFO] linux_load_bootargs: loaded bootargs initcall_blacklist=simpledrm_platform_driver_init consol
e=tty0 console=ttyMSM0,115200n8 earlycon=qcom_geni,0x00994000 fbcon=nodefer video=HDMI-A-1:e drm.edi
d_firmware=HDMI-A-1:edid/waveshare_edid.bin keep_bootcon ignore_loglevel loglevel=8 modprobe.blackli
st=msm panic=10 coherent_pool=2M firmware_class.path=/vendor/firmware irqchip.gicv3_pseudo_nmi=0 psi
=1 selinux=1 androidboot.force_normal_boot=1 androidboot.slot_suffix=_a androidboot.hardware=dragon_
q6a androidboot.selinux=permissive androidboot.boot_devices=soc@0/8804000.mmc lsm=landlock,lockdown,
yama,integrity,selinux,bpf printk.devkmsg=on
[DEBUG] linux_try_load_dtb: try load dtb /Android/qcs6490-radxa-dragon-q6a.dtb
[INFO] linux_try_load_dtb: read dtb /Android/qcs6490-radxa-dragon-q6a.dtb size 180.70KiB (184388 byt
es)
[INFO] linux_try_load_dtb: load dtb /Android/qcs6490-radxa-dragon-q6a.dtb successfully
[INFO] linux_try_load_dtb: dtb model: Radxa Dragon Q6A
[INFO] linux_try_load_dtb: dtb compatible: radxa,dragon-q6a
[DEBUG] linux_data_load: linux boot data prepared
[DEBUG] efi_dtfixup: applying efi dtfixup protocol
[INFO] efi_dtfixup: efi dtfixup applied successfully
[INFO] embloader_start_efi: load efi image at 0xf6374000...
 Entered MeasurePeImg...
/local/mnt/workspace/CRMBuilds/BOOT.MXF.1.0.1-00549-KODIAKWP-1_20250921_095415/b/boot_images/boot/QcomPkg/Drivers/TrEEDxe/TrEEDxe.c..HashLogExtendEvent:480 Failed! input = 0x2  
/local/mnt/workspace/CRMBuilds/BOOT.MXF.1.0.1-00549-KODIAKWP-1_20250921_095415/b/boot_images/boot/QcomPkg/Drivers/MeasureBootDxe/MeasureBootDxe.c..HashExtendLogTreeEvent: 319 Failed! input = 0x1  
/local/mnt/workspace/CRMBuilds/BOOT.MXF.1.0.1-00549-KODIAKWP-1_20250921_095415/b/boot_images/boot/QcomPkg/Drivers/MeasureBootDxe/MeasureBootDxe.c..MeasurePeImgAll: 1290 Failed! input = 0x1  
DetectLinuxKernelVersion Delta : 42503 micro sec
[INFO] embloader_start_efi: use cmdline initcall_blacklist=simpledrm_platform_driver_init console=tt
y0 console=ttyMSM0,115200n8 earlycon=qcom_geni,0x00994000 fbcon=nodefer video=HDMI-A-1:e drm.edid_fi
rmware=HDMI-A-1:edid/waveshare_edid.bin keep_bootcon ignore_loglevel loglevel=8 modprobe.blacklist=m
sm panic=10 coherent_pool=2M firmware_class.path=/vendor/firmware irqchip.gicv3_pseudo_nmi=0 psi=1 s
elinux=1 androidboot.force_normal_boot=1 androidboot.slot_suffix=_a androidboot.hardware=dragon_q6a 
androidboot.selinux=permissive androidboot.boot_devices=soc@0/8804000.mmc lsm=landlock,lockdown,yama
,integrity,selinux,bpf printk.devkmsg=on
[INFO] embloader_start_efi: start efi image...
Start EBS        [23225] 
Start EBS        [23228] 
ScmArmV8ExitBootServicesHandler, Status = 0x0. 
Exit EBS        [23975] UEFI End
[    0.000000] printk: debug: ignoring loglevel setting.
[    0.000000] efi: EFI v2.7 by Qualcomm Technologies, Inc.
[    0.000000] efi: ACPI 2.0=0xffffd000 MEMATTR=0xfa3e9018 ESRT=0xfa30ee98 SMBIOS=0xffed1000 TPMEventLog=0xfffc6018 INITRD=0xf0075e98 RNG=0xfffc6e98 MEMRESERVE=0xf0075f18 
[    0.000000] random: crng init done
[    0.000000] TPM Final Events table not present
[    0.000000] esrt: Reserving ESRT space from 0x00000000fa30ee98 to 0x00000000fa30eef8.
[    0.000000] OF: reserved mem: 0x0000000080000000..0x00000000805fffff (6144 KiB) nomap non-reusable hyp@80000000
[    0.000000] OF: reserved mem: 0x0000000080600000..0x00000000807fffff (2048 KiB) nomap non-reusable xbl@80600000
[    0.000000] OF: reserved mem: 0x0000000080800000..0x000000008085ffff (384 KiB) nomap non-reusable aop@80800000
[    0.000000] OF: reserved mem: 0x0000000080860000..0x000000008087ffff (128 KiB) nomap non-reusable aop-cmd-db@80860000
[    0.000000] OF: reserved mem: 0x0000000080884000..0x0000000080893fff (64 KiB) nomap non-reusable xbl-uefi-res@80880000
[    0.000000] OF: reserved mem: 0x00000000808ff000..0x00000000808fffff (4 KiB) nomap non-reusable sec-apps@808ff000
[    0.000000] OF: reserved mem: 0x0000000080900000..0x0000000080afffff (2048 KiB) nomap non-reusable smem@80900000
[    0.000000] OF: reserved mem: 0x0000000080b00000..0x0000000080bfffff (1024 KiB) nomap non-reusable cpucp@80b00000
[    0.000000] OF: reserved mem: 0x0000000081800000..0x00000000826fffff (15360 KiB) nomap non-reusable lpass-ml@81800000
[    0.000000] OF: reserved mem: 0x0000000082700000..0x000000008270ffff (64 KiB) nomap non-reusable cdsp-secure-heap@82700000
[    0.000000] OF: reserved mem: 0x000000008b800000..0x000000008dffffff (40960 KiB) nomap non-reusable adsp@8b800000
[    0.000000] OF: reserved mem: 0x000000008e000000..0x000000008fdfffff (30720 KiB) nomap non-reusable cdsp@8e000000
[    0.000000] OF: reserved mem: 0x000000008fe00000..0x00000000902fffff (5120 KiB) nomap non-reusable video@8fe00000
[    0.000000] OF: reserved mem: 0x0000000090300000..0x0000000090304fff (20 KiB) nomap non-reusable zap@90300000
[    0.000000] OF: reserved mem: 0x00000000c0000000..0x00000000c00fffff (1024 KiB) nomap non-reusable tz-stat@c0000000
[    0.000000] OF: reserved mem: 0x00000000c0100000..0x00000000c12fffff (18432 KiB) nomap non-reusable tags@c0100000
[    0.000000] OF: reserved mem: 0x00000000c1300000..0x00000000c17fffff (5120 KiB) nomap non-reusable qtee@c1300000
[    0.000000] OF: reserved mem: 0x00000000c1800000..0x00000000c39fffff (34816 KiB) nomap non-reusable trusted-apps@c1800000
[    0.000000] OF: reserved mem: 0x00000000c6500000..0x00000000c6cfffff (8192 KiB) nomap non-reusable adsp-rpc-remote-heap@c6500000
[    0.000000] NUMA: Faking a node at [mem 0x0000000080000000-0x000000027fffffff]
[    0.000000] NODE_DATA(0) allocated [mem 0x27eda9c00-0x27edad37f]
[    0.000000] Zone ranges:
[    0.000000]   DMA      [mem 0x0000000080000000-0x00000000ffffffff]
[    0.000000]   DMA32    empty
[    0.000000]   Normal   [mem 0x0000000100000000-0x000000027fffffff]
[    0.000000]   Device   empty
[    0.000000] Movable zone start for each node
[    0.000000] Early memory node ranges
[    0.000000]   node   0: [mem 0x0000000080000000-0x00000000807fffff]
[    0.000000]   node   0: [mem 0x0000000080884000-0x00000000808b3fff]
[    0.000000]   node   0: [mem 0x00000000808b4000-0x00000000808fefff]
[    0.000000]   node   0: [mem 0x00000000808ff000-0x00000000808fffff]
[    0.000000]   node   0: [mem 0x0000000080b00000-0x000000008270ffff]
[    0.000000]   node   0: [mem 0x0000000082710000-0x00000000842fffff]
[    0.000000]   node   0: [mem 0x0000000084800000-0x000000008b7fffff]
[    0.000000]   node   0: [mem 0x0000000090309000-0x000000009f5f6fff]
[    0.000000]   node   0: [mem 0x000000009f5f7000-0x000000009f5fffff]
[    0.000000]   node   0: [mem 0x000000009f600000-0x000000009fffffff]
[    0.000000]   node   0: [mem 0x00000000a0000000-0x00000000a0001fff]
[    0.000000]   node   0: [mem 0x00000000a0002000-0x00000000a07fffff]
[    0.000000]   node   0: [mem 0x00000000a0800000-0x00000000a0afffff]
[    0.000000]   node   0: [mem 0x00000000a0b00000-0x00000000bb5fffff]
[    0.000000]   node   0: [mem 0x00000000c3a00000-0x00000000c50fffff]
[    0.000000]   node   0: [mem 0x00000000c6000000-0x00000000c64fffff]
[    0.000000]   node   0: [mem 0x00000000c6d00000-0x00000000c90fffff]
[    0.000000]   node   0: [mem 0x00000000c9100000-0x00000000eedfffff]
[    0.000000]   node   0: [mem 0x00000000eee00000-0x00000000eeffffff]
[    0.000000]   node   0: [mem 0x00000000ef000000-0x00000000ffa75fff]
[    0.000000]   node   0: [mem 0x00000000ffa76000-0x00000000fff21fff]
[    0.000000]   node   0: [mem 0x00000000fff22000-0x000000027fffffff]
[    0.000000] Initmem setup node 0 [mem 0x0000000080000000-0x000000027fffffff]
[    0.000000] On node 0, zone DMA: 132 pages in unavailable ranges
[    0.000000] On node 0, zone DMA: 512 pages in unavailable ranges
[    0.000000] On node 0, zone DMA: 1280 pages in unavailable ranges
[    0.000000] On node 0, zone DMA: 19209 pages in unavailable ranges
[    0.000000] On node 0, zone DMA: 33792 pages in unavailable ranges
[    0.000000] On node 0, zone DMA: 3840 pages in unavailable ranges
[    0.000000] On node 0, zone DMA: 2048 pages in unavailable ranges
[    0.000000] cma: Reserved 32 MiB at 0x00000000fda00000
[    0.000000] psci: probing for conduit method from DT.
[    0.000000] psci: PSCIv1.1 detected in firmware.
[    0.000000] psci: Using standard PSCI v0.2 function IDs
[    0.000000] psci: MIGRATE_INFO_TYPE not supported.
[    0.000000] psci: SMC Calling Convention v1.1
[    0.000000] psci: OSI mode supported.
[    0.000000] psci: [Firmware Bug]: failed to set PC mode: -3
[    0.000000] percpu: Embedded 26 pages/cpu s66328 r8192 d31976 u106496
[    0.000000] pcpu-alloc: s66328 r8192 d31976 u106496 alloc=26*4096
[    0.000000] pcpu-alloc: [0] 0 [0] 1 [0] 2 [0] 3 [0] 4 [0] 5 [0] 6 [0] 7 
[    0.000000] Detected VIPT I-cache on CPU0
[    0.000000] CPU features: detected: GICv3 CPU interface
[    0.000000] CPU features: kernel page table isolation forced ON by KASLR
[    0.000000] CPU features: detected: Kernel page table isolation (KPTI)
[    0.000000] CPU features: detected: Qualcomm erratum 1009, or ARM erratum 1286807, 2441009
[    0.000000] CPU features: detected: ARM errata 1165522, 1319367, or 1530923
[    0.000000] alternatives: applying boot alternatives
[    0.000000] Kernel command line: initcall_blacklist=simpledrm_platform_driver_init console=tty0 console=ttyMSM0,115200n8 earlycon=qcom_geni,0x00994000 fbcon=nodefer video=HDMI-A-1:e drm.edid_firmware=HDMI-A-1:edid/waveshare_edid.bin keep_bootcon ignore_loglevel loglevel=8 modprobe.blacklist=msm panic=10 coherent_pool=2M firmware_class.path=/vendor/firmware irqchip.gicv3_pseudo_nmi=0 psi=1 selinux=1 androidboot.force_normal_boot=1 androidboot.slot_suffix=_a androidboot.hardware=dragon_q6a androidboot.selinux=permissive androidboot.boot_devices=soc@0/8804000.mmc lsm=landlock,lockdown,yama,integrity,selinux,bpf printk.devkmsg=on
[    0.000000] blacklisting initcall simpledrm_platform_driver_init
[    0.000000] printk: log buffer data + meta data: 2097152 + 7340032 = 9437184 bytes
[    0.000000] Dentry cache hash table entries: 1048576 (order: 11, 8388608 bytes, linear)
[    0.000000] Inode-cache hash table entries: 524288 (order: 10, 4194304 bytes, linear)
[    0.000000] software IO TLB: area num 8.
[    0.000000] software IO TLB: mapped [mem 0x00000000f630e000-0x00000000fa30e000] (64MB)
[    0.000000] Fallback order for Node 0: 0 
[    0.000000] Built 1 zonelists, mobility grouping on.  Total pages: 2036339
[    0.000000] Policy zone: Normal
[    0.000000] mem auto-init: stack:all(zero), heap alloc:on, heap free:off
[    0.000000] stackdepot: allocating hash table via alloc_large_system_hash
[    0.000000] stackdepot hash table entries: 524288 (order: 11, 8388608 bytes, linear)
[    0.000000] stackdepot: allocating space for 8192 stack pools via memblock
[    0.000000] SLUB: HWalign=64, Order=0-3, MinObjects=0, CPUs=8, Nodes=1
[    0.000000] Dynamic Preempt: voluntary
[    0.000000] rcu: Preemptible hierarchical RCU implementation.
[    0.000000] rcu: 	RCU restricting CPUs from NR_CPUS=512 to nr_cpu_ids=8.
[    0.000000] rcu: 	RCU priority boosting: priority 1 delay 500 ms.
[    0.000000] 	Trampoline variant of Tasks RCU enabled.
[    0.000000] 	Tracing variant of Tasks RCU enabled.
[    0.000000] rcu: RCU calculated value of scheduler-enlistment delay is 100 jiffies.
[    0.000000] rcu: Adjusting geometry for rcu_fanout_leaf=16, nr_cpu_ids=8
[    0.000000] RCU Tasks: Setting shift to 3 and lim to 1 rcu_task_cb_adjust=1 rcu_task_cpu_ids=8.
[    0.000000] RCU Tasks Trace: Setting shift to 3 and lim to 1 rcu_task_cb_adjust=1 rcu_task_cpu_ids=8.
[    0.000000] NR_IRQS: 64, nr_irqs: 64, preallocated irqs: 0
[    0.000000] GICv3: 928 SPIs implemented
[    0.000000] GICv3: 0 Extended SPIs implemented
[    0.000000] GICv3: MBI range [832:959]
[    0.000000] GICv3: Using MBI frame 0x0000000017a10000
[    0.000000] Root IRQ handler: gic_handle_irq
[    0.000000] GICv3: GICv3 features: 16 PPIs
[    0.000000] GICv3: GICD_CTLR.DS=0, SCR_EL3.FIQ=1
[    0.000000] GICv3: CPU0: found redistributor 0 region 0:0x0000000017a60000
[    0.000000] ITS: No ITS available, not enabling LPIs
[    0.000000] rcu: srcu_init: Setting srcu_struct sizes based on contention.
[    0.000000] arch_timer: cp15 timer running at 19.20MHz (virt).
[    0.000000] clocksource: arch_sys_counter: mask: 0xffffffffffffff max_cycles: 0x46d987e47, max_idle_ns: 440795202767 ns
[    0.000000] sched_clock: 56 bits at 19MHz, resolution 52ns, wraps every 4398046511078ns
[    0.008766] kfence: initialized - using 2097152 bytes for 255 objects at 0x(____ptrval____)-0x(____ptrval____)
[    0.019187] Console: colour dummy device 80x25
[    0.023763] printk: legacy console [tty0] enabled
[    0.029311] Calibrating delay loop (skipped), value calculated using timer frequency.. 38.40 BogoMIPS (lpj=19200)
[    0.039860] pid_max: default: 32768 minimum: 301
[    0.044734] LSM: initializing lsm=capability,landlock,yama,selinux
[    0.051211] landlock: Up and running.
[    0.054983] Yama: becoming mindful.
[    0.058591] SELinux:  Initializing.
[    0.062663] Mount-cache hash table entries: 16384 (order: 5, 131072 bytes, linear)
[    0.070461] Mountpoint-cache hash table entries: 16384 (order: 5, 131072 bytes, linear)
[    0.080854] rcu: Hierarchical SRCU implementation.
[    0.085795] rcu: 	Max phase no-delay instances is 400.
[    0.091318] Timer migration: 1 hierarchy levels; 8 children per group; 1 crossnode level
[    0.105279] Remapping and enabling EFI services.
[    0.110371] smp: Bringing up secondary CPUs ...
[    0.115737] Detected VIPT I-cache on CPU1
[    0.115879] GICv3: CPU1: found redistributor 100 region 0:0x0000000017a80000
[    0.115917] CPU1: Booted secondary processor 0x0000000100 [0x412fd050]
[    0.116560] Detected VIPT I-cache on CPU2
[    0.116676] GICv3: CPU2: found redistributor 200 region 0:0x0000000017aa0000
[    0.116699] CPU2: Booted secondary processor 0x0000000200 [0x412fd050]
[    0.117258] Detected VIPT I-cache on CPU3
[    0.117370] GICv3: CPU3: found redistributor 300 region 0:0x0000000017ac0000
[    0.117390] CPU3: Booted secondary processor 0x0000000300 [0x412fd050]
[    0.118468] CPU features: detected: Spectre-v4
[    0.118471] CPU features: detected: Spectre-BHB
[    0.118474] CPU features: detected: SSBS not fully self-synchronizing
[    0.118475] Detected PIPT I-cache on CPU4
[    0.118516] GICv3: CPU4: found redistributor 400 region 0:0x0000000017ae0000
[    0.118528] CPU4: Booted secondary processor 0x0000000400 [0x411fd411]
[    0.119080] Detected PIPT I-cache on CPU5
[    0.119122] GICv3: CPU5: found redistributor 500 region 0:0x0000000017b00000
[    0.119134] CPU5: Booted secondary processor 0x0000000500 [0x411fd411]
[    0.119694] Detected PIPT I-cache on CPU6
[    0.119737] GICv3: CPU6: found redistributor 600 region 0:0x0000000017b20000
[    0.119750] CPU6: Booted secondary processor 0x0000000600 [0x411fd411]
[    0.120343] Detected PIPT I-cache on CPU7
[    0.120382] GICv3: CPU7: found redistributor 700 region 0:0x0000000017b40000
[    0.120393] CPU7: Booted secondary processor 0x0000000700 [0x411fd411]
[    0.120447] smp: Brought up 1 node, 8 CPUs
[    0.267102] SMP: Total of 8 processors activated.
[    0.271951] CPU: All CPU(s) started at EL1
[    0.276183] CPU features: detected: 32-bit EL0 Support
[    0.281473] CPU features: detected: Data cache clean to the PoU not required for I/D coherence
[    0.290318] CPU features: detected: Common not Private translations
[    0.296761] CPU features: detected: CRC32 instructions
[    0.302051] CPU features: detected: Data cache clean to Point of Persistence
[    0.309295] CPU features: detected: RCpc load-acquire (LDAPR)
[    0.315211] CPU features: detected: LSE atomic instructions
[    0.320943] CPU features: detected: Privileged Access Never
[    0.326672] CPU features: detected: PMUv3
[    0.330797] CPU features: detected: RAS Extension Support
[    0.336358] CPU features: detected: Speculative Store Bypassing Safe (SSBS)
[    0.343566] alternatives: applying system-wide alternatives
[    0.353090] CPU features: detected: Hardware dirty bit management on CPU4-7
[    0.360578] Memory: 7702148K/8145356K available (19776K kernel code, 12414K rwdata, 16268K rodata, 14080K init, 3096K bss, 404308K reserved, 32768K cma-reserved)
[    0.377178] devtmpfs: initialized
[    0.385812] clocksource: jiffies: mask: 0xffffffff max_cycles: 0xffffffff, max_idle_ns: 1911260446275000 ns
[    0.395844] posixtimers hash table entries: 4096 (order: 4, 65536 bytes, linear)
[    0.403461] futex hash table entries: 2048 (131072 bytes on 1 NUMA nodes, total 128 KiB, linear).
[    0.412706] 2G module region forced by RANDOMIZE_MODULE_REGION_FULL
[    0.419141] 0 pages in range for non-PLT usage
[    0.419142] 507808 pages in range for PLT usage
[    0.423927] pinctrl core: initialized pinctrl subsystem
[    0.434838] SMBIOS 3.3 present.
[    0.438077] DMI: Radxa Computer Co., Ltd. Radxa Dragon Q6A/Radxa Dragon Q6A, BIOS 6.0.260120.BOOT.MXF.1.0.1-00549-KODIAKWP-1 01/20/2026
[    0.450569] DMI: Memory slots populated: 1/1
[    0.456254] NET: Registered PF_NETLINK/PF_ROUTE protocol family
[    0.462966] DMA: preallocated 2048 KiB GFP_KERNEL pool for atomic allocations
[    0.470565] DMA: preallocated 2048 KiB GFP_KERNEL|GFP_DMA pool for atomic allocations
[    0.478863] DMA: preallocated 2048 KiB GFP_KERNEL|GFP_DMA32 pool for atomic allocations
[    0.487117] audit: initializing netlink subsys (disabled)
[    0.492785] audit: type=2000 audit(0.186:1): state=initialized audit_enabled=0 res=1
[    0.493394] thermal_sys: Registered thermal governor 'fair_share'
[    0.500745] thermal_sys: Registered thermal governor 'step_wise'
[    0.507008] thermal_sys: Registered thermal governor 'user_space'
[    0.513180] thermal_sys: Registered thermal governor 'power_allocator'
[    0.519467] cpuidle: using governor ladder
[    0.530397] cpuidle: using governor menu
[    0.534472] NET: Registered PF_QIPCRTR protocol family
[    0.539898] hw-breakpoint: found 6 breakpoint and 4 watchpoint registers.
[    0.546964] ASID allocator initialised with 32768 entries
[    0.553201] Serial: AMBA PL011 UART driver
[    0.558726] CPUidle PSCI: Initialized CPU PM domain topology using OSI mode
[    0.568755] /soc@0/stm@6002000: Fixed dependency cycle(s) with /soc@0/funnel@6041000
[    0.576722] /soc@0/funnel@6041000: Fixed dependency cycle(s) with /soc@0/stm@6002000
[    0.584688] /soc@0/funnel@6041000: Fixed dependency cycle(s) with /soc@0/funnel@6045000
[    0.592915] /soc@0/funnel@6042000: Fixed dependency cycle(s) with /soc@0/funnel@7810000
[    0.601138] /soc@0/funnel@6042000: Fixed dependency cycle(s) with /soc@0/funnel@6045000
[    0.609364] /soc@0/funnel@6045000: Fixed dependency cycle(s) with /soc@0/funnel@6042000
[    0.617583] /soc@0/funnel@6045000: Fixed dependency cycle(s) with /soc@0/funnel@6041000
[    0.625804] /soc@0/funnel@6045000: Fixed dependency cycle(s) with /soc@0/funnel@6b04000
[    0.634030] /soc@0/replicator@6046000: Fixed dependency cycle(s) with /soc@0/replicator@6b06000
[    0.642963] /soc@0/replicator@6046000: Fixed dependency cycle(s) with /soc@0/etr@6048000
[    0.651278] /soc@0/etr@6048000: Fixed dependency cycle(s) with /soc@0/replicator@6046000
[    0.659592] /soc@0/funnel@6b04000: Fixed dependency cycle(s) with /soc@0/funnel@6045000
[    0.667812] /soc@0/funnel@6b04000: Fixed dependency cycle(s) with /soc@0/etf@6b05000
[    0.675770] /soc@0/etf@6b05000: Fixed dependency cycle(s) with /soc@0/funnel@6b04000
[    0.683722] /soc@0/etf@6b05000: Fixed dependency cycle(s) with /soc@0/replicator@6b06000
[    0.692037] /soc@0/replicator@6b06000: Fixed dependency cycle(s) with /soc@0/etf@6b05000
[    0.700346] /soc@0/replicator@6b06000: Fixed dependency cycle(s) with /soc@0/replicator@6046000
[    0.709286] /soc@0/etm@7040000: Fixed dependency cycle(s) with /soc@0/funnel@7800000
[    0.717244] /soc@0/etm@7140000: Fixed dependency cycle(s) with /soc@0/funnel@7800000
[    0.725203] /soc@0/etm@7240000: Fixed dependency cycle(s) with /soc@0/funnel@7800000
[    0.733161] /soc@0/etm@7340000: Fixed dependency cycle(s) with /soc@0/funnel@7800000
[    0.741121] /soc@0/etm@7440000: Fixed dependency cycle(s) with /soc@0/funnel@7800000
[    0.749079] /soc@0/etm@7540000: Fixed dependency cycle(s) with /soc@0/funnel@7800000
[    0.757039] /soc@0/etm@7640000: Fixed dependency cycle(s) with /soc@0/funnel@7800000
[    0.765001] /soc@0/etm@7740000: Fixed dependency cycle(s) with /soc@0/funnel@7800000
[    0.772954] /soc@0/funnel@7800000: Fixed dependency cycle(s) with /soc@0/etm@7740000
[    0.780905] /soc@0/funnel@7800000: Fixed dependency cycle(s) with /soc@0/etm@7640000
[    0.788858] /soc@0/funnel@7800000: Fixed dependency cycle(s) with /soc@0/etm@7540000
[    0.796808] /soc@0/funnel@7800000: Fixed dependency cycle(s) with /soc@0/etm@7440000
[    0.804760] /soc@0/funnel@7800000: Fixed dependency cycle(s) with /soc@0/etm@7340000
[    0.812712] /soc@0/funnel@7800000: Fixed dependency cycle(s) with /soc@0/etm@7240000
[    0.820663] /soc@0/funnel@7800000: Fixed dependency cycle(s) with /soc@0/etm@7140000
[    0.828615] /soc@0/funnel@7800000: Fixed dependency cycle(s) with /soc@0/etm@7040000
[    0.836569] /soc@0/funnel@7800000: Fixed dependency cycle(s) with /soc@0/funnel@7810000
[    0.844794] /soc@0/funnel@7810000: Fixed dependency cycle(s) with /soc@0/funnel@7800000
[    0.853016] /soc@0/funnel@7810000: Fixed dependency cycle(s) with /soc@0/funnel@6042000
[    0.861256] /soc@0/phy@88e8000: Fixed dependency cycle(s) with /soc@0/display-subsystem@ae00000/displayport-controller@ae90000
[    0.872949] /soc@0/phy@88e8000: Fixed dependency cycle(s) with /soc@0/usb@a600000
[    0.880661] /soc@0/usb@a600000: Fixed dependency cycle(s) with /soc@0/phy@88e8000
[    0.888362] /soc@0/clock-controller@af00000: Fixed dependency cycle(s) with /soc@0/phy@88e8000
[    0.897206] /soc@0/display-subsystem@ae00000: Fixed dependency cycle(s) with /soc@0/clock-controller@af00000
[    0.907307] /soc@0/display-subsystem@ae00000/display-controller@ae01000: Fixed dependency cycle(s) with /soc@0/display-subsystem@ae00000/displayport-controller@ae90000
[    0.922656] /soc@0/display-subsystem@ae00000/display-controller@ae01000: Fixed dependency cycle(s) with /soc@0/display-subsystem@ae00000
[    0.935245] /soc@0/display-subsystem@ae00000/display-controller@ae01000: Fixed dependency cycle(s) with /soc@0/clock-controller@af00000
[    0.947746] /soc@0/display-subsystem@ae00000/displayport-controller@ae90000: Fixed dependency cycle(s) with /soc@0/display-subsystem@ae00000/display-controller@ae01000
[    0.963092] /soc@0/display-subsystem@ae00000/displayport-controller@ae90000: Fixed dependency cycle(s) with /soc@0/phy@88e8000
[    0.974786] /soc@0/display-subsystem@ae00000/displayport-controller@ae90000: Fixed dependency cycle(s) with /soc@0/clock-controller@af00000
[    0.987633] /soc@0/display-subsystem@ae00000/displayport-controller@ae90000: Fixed dependency cycle(s) with /soc@0/display-subsystem@ae00000
[    1.000605] /soc@0/interrupt-controller@17a00000: Fixed dependency cycle(s) with /soc@0/interrupt-controller@17a00000
[    1.014410] /soc@0/stm@6002000: Fixed dependency cycle(s) with /soc@0/funnel@6041000
[    1.022408] /soc@0/stm@6002000: Fixed dependency cycle(s) with /soc@0/funnel@6041000
[    1.030378] /soc@0/funnel@6041000: Fixed dependency cycle(s) with /soc@0/stm@6002000
[    1.038347] /soc@0/funnel@6041000: Fixed dependency cycle(s) with /soc@0/funnel@6045000
[    1.046591] /soc@0/funnel@6042000: Fixed dependency cycle(s) with /soc@0/funnel@7810000
[    1.054815] /soc@0/funnel@6042000: Fixed dependency cycle(s) with /soc@0/funnel@6045000
[    1.063055] /soc@0/funnel@6042000: Fixed dependency cycle(s) with /soc@0/funnel@6045000
[    1.071289] /soc@0/funnel@6041000: Fixed dependency cycle(s) with /soc@0/funnel@6045000
[    1.079522] /soc@0/funnel@6045000: Fixed dependency cycle(s) with /soc@0/funnel@6042000
[    1.087750] /soc@0/funnel@6045000: Fixed dependency cycle(s) with /soc@0/funnel@6041000
[    1.095981] /soc@0/funnel@6045000: Fixed dependency cycle(s) with /soc@0/funnel@6b04000
[    1.104222] /soc@0/replicator@6046000: Fixed dependency cycle(s) with /soc@0/replicator@6b06000
[    1.113156] /soc@0/replicator@6046000: Fixed dependency cycle(s) with /soc@0/etr@6048000
[    1.121479] /soc@0/replicator@6046000: Fixed dependency cycle(s) with /soc@0/etr@6048000
[    1.129804] /soc@0/etr@6048000: Fixed dependency cycle(s) with /soc@0/replicator@6046000
[    1.138137] /soc@0/funnel@6045000: Fixed dependency cycle(s) with /soc@0/funnel@6b04000
[    1.146372] /soc@0/funnel@6b04000: Fixed dependency cycle(s) with /soc@0/funnel@6045000
[    1.154601] /soc@0/funnel@6b04000: Fixed dependency cycle(s) with /soc@0/etf@6b05000
[    1.162571] /soc@0/funnel@6b04000: Fixed dependency cycle(s) with /soc@0/etf@6b05000
[    1.170539] /soc@0/etf@6b05000: Fixed dependency cycle(s) with /soc@0/funnel@6b04000
[    1.178501] /soc@0/etf@6b05000: Fixed dependency cycle(s) with /soc@0/replicator@6b06000
[    1.186825] /soc@0/etf@6b05000: Fixed dependency cycle(s) with /soc@0/replicator@6b06000
[    1.195150] /soc@0/replicator@6046000: Fixed dependency cycle(s) with /soc@0/replicator@6b06000
[    1.204096] /soc@0/replicator@6b06000: Fixed dependency cycle(s) with /soc@0/etf@6b05000
[    1.212415] /soc@0/replicator@6b06000: Fixed dependency cycle(s) with /soc@0/replicator@6046000
[    1.221374] /soc@0/etm@7040000: Fixed dependency cycle(s) with /soc@0/funnel@7800000
[    1.229348] /soc@0/etm@7140000: Fixed dependency cycle(s) with /soc@0/funnel@7800000
[    1.237319] /soc@0/etm@7240000: Fixed dependency cycle(s) with /soc@0/funnel@7800000
[    1.245291] /soc@0/etm@7340000: Fixed dependency cycle(s) with /soc@0/funnel@7800000
[    1.253262] /soc@0/etm@7440000: Fixed dependency cycle(s) with /soc@0/funnel@7800000
[    1.261236] /soc@0/etm@7540000: Fixed dependency cycle(s) with /soc@0/funnel@7800000
[    1.269207] /soc@0/etm@7640000: Fixed dependency cycle(s) with /soc@0/funnel@7800000
[    1.277180] /soc@0/etm@7740000: Fixed dependency cycle(s) with /soc@0/funnel@7800000
[    1.285155] /soc@0/etm@7740000: Fixed dependency cycle(s) with /soc@0/funnel@7800000
[    1.293125] /soc@0/etm@7640000: Fixed dependency cycle(s) with /soc@0/funnel@7800000
[    1.301090] /soc@0/etm@7540000: Fixed dependency cycle(s) with /soc@0/funnel@7800000
[    1.309056] /soc@0/etm@7440000: Fixed dependency cycle(s) with /soc@0/funnel@7800000
[    1.317021] /soc@0/etm@7340000: Fixed dependency cycle(s) with /soc@0/funnel@7800000
[    1.324985] /soc@0/etm@7240000: Fixed dependency cycle(s) with /soc@0/funnel@7800000
[    1.332953] /soc@0/etm@7140000: Fixed dependency cycle(s) with /soc@0/funnel@7800000
[    1.340919] /soc@0/etm@7040000: Fixed dependency cycle(s) with /soc@0/funnel@7800000
[    1.348879] /soc@0/funnel@7800000: Fixed dependency cycle(s) with /soc@0/etm@7740000
[    1.356839] /soc@0/funnel@7800000: Fixed dependency cycle(s) with /soc@0/etm@7640000
[    1.364798] /soc@0/funnel@7800000: Fixed dependency cycle(s) with /soc@0/etm@7540000
[    1.372756] /soc@0/funnel@7800000: Fixed dependency cycle(s) with /soc@0/etm@7440000
[    1.380716] /soc@0/funnel@7800000: Fixed dependency cycle(s) with /soc@0/etm@7340000
[    1.388676] /soc@0/funnel@7800000: Fixed dependency cycle(s) with /soc@0/etm@7240000
[    1.396636] /soc@0/funnel@7800000: Fixed dependency cycle(s) with /soc@0/etm@7140000
[    1.404595] /soc@0/funnel@7800000: Fixed dependency cycle(s) with /soc@0/etm@7040000
[    1.412559] /soc@0/funnel@7800000: Fixed dependency cycle(s) with /soc@0/funnel@7810000
[    1.420801] /soc@0/funnel@7800000: Fixed dependency cycle(s) with /soc@0/funnel@7810000
[    1.429035] /soc@0/funnel@6042000: Fixed dependency cycle(s) with /soc@0/funnel@7810000
[    1.437265] /soc@0/funnel@7810000: Fixed dependency cycle(s) with /soc@0/funnel@7800000
[    1.445497] /soc@0/funnel@7810000: Fixed dependency cycle(s) with /soc@0/funnel@6042000
[    1.453985] /soc@0/phy@88e8000: Fixed dependency cycle(s) with /soc@0/display-subsystem@ae00000/displayport-controller@ae90000
[    1.465684] /soc@0/phy@88e8000: Fixed dependency cycle(s) with /soc@0/usb@a600000
[    1.474064] /soc@0/phy@88e8000: Fixed dependency cycle(s) with /soc@0/usb@a600000
[    1.481768] /soc@0/usb@a600000: Fixed dependency cycle(s) with /soc@0/phy@88e8000
[    1.489760] /soc@0/clock-controller@af00000: Fixed dependency cycle(s) with /soc@0/phy@88e8000
[    1.498730] /soc@0/display-subsystem@ae00000: Fixed dependency cycle(s) with /soc@0/clock-controller@af00000
[    1.508847] /soc@0/display-subsystem@ae00000/display-controller@ae01000: Fixed dependency cycle(s) with /soc@0/display-subsystem@ae00000/displayport-controller@ae90000
[    1.524195] /soc@0/display-subsystem@ae00000/display-controller@ae01000: Fixed dependency cycle(s) with /soc@0/display-subsystem@ae00000
[    1.536784] /soc@0/display-subsystem@ae00000/display-controller@ae01000: Fixed dependency cycle(s) with /soc@0/clock-controller@af00000
[    1.549291] /soc@0/display-subsystem@ae00000/displayport-controller@ae90000: Fixed dependency cycle(s) with /soc@0/display-subsystem@ae00000/display-controller@ae01000
[    1.564638] /soc@0/display-subsystem@ae00000/displayport-controller@ae90000: Fixed dependency cycle(s) with /soc@0/phy@88e8000
[    1.576342] /soc@0/display-subsystem@ae00000/displayport-controller@ae90000: Fixed dependency cycle(s) with /soc@0/clock-controller@af00000
[    1.589188] /soc@0/display-subsystem@ae00000/displayport-controller@ae90000: Fixed dependency cycle(s) with /soc@0/display-subsystem@ae00000
[    1.605391] /soc@0/rsc@18200000/regulators-0: Fixed dependency cycle(s) with /soc@0/rsc@18200000/regulators-0/smps1
[    1.616124] /soc@0/rsc@18200000/regulators-0: Fixed dependency cycle(s) with /soc@0/rsc@18200000/regulators-0/smps8
[    1.626841] /soc@0/rsc@18200000/regulators-0: Fixed dependency cycle(s) with /soc@0/rsc@18200000/regulators-0/smps7
[    1.637628] /soc@0/rsc@18200000/regulators-1: Fixed dependency cycle(s) with /soc@0/rsc@18200000/regulators-0/smps7
[    1.648340] /soc@0/rsc@18200000/regulators-1: Fixed dependency cycle(s) with /soc@0/rsc@18200000/regulators-1/bob
[    1.658867] /soc@0/rsc@18200000/regulators-1: Fixed dependency cycle(s) with /soc@0/rsc@18200000/regulators-0/smps1
[    1.670093] /soc@0/usb@8c00000/hub@1: Fixed dependency cycle(s) with /connector-0
[    1.677809] /connector-0: Fixed dependency cycle(s) with /soc@0/usb@8c00000/hub@1
[    1.685560] /soc@0/usb@8c00000/hub@1: Fixed dependency cycle(s) with /connector-1
[    1.693265] /connector-1: Fixed dependency cycle(s) with /soc@0/usb@8c00000/hub@1
[    1.701003] /soc@0/usb@8c00000/hub@1: Fixed dependency cycle(s) with /connector-2
[    1.708708] /connector-2: Fixed dependency cycle(s) with /soc@0/usb@8c00000/hub@1
[    1.716464] /soc@0/usb@a600000: Fixed dependency cycle(s) with /connector
[    1.723455] /soc@0/phy@88e8000: Fixed dependency cycle(s) with /connector
[    1.730448] /connector: Fixed dependency cycle(s) with /soc@0/phy@88e8000
[    1.737440] /connector: Fixed dependency cycle(s) with /soc@0/usb@a600000
[    1.744505] /soc@0/phy@88e8000: Fixed dependency cycle(s) with /hdmi-bridge
[    1.751679] /hdmi-bridge: Fixed dependency cycle(s) with /soc@0/phy@88e8000
[    1.758900] /hdmi-bridge: Fixed dependency cycle(s) with /hdmi-connector
[    1.765812] /hdmi-connector: Fixed dependency cycle(s) with /hdmi-bridge
[    1.773610] HugeTLB: registered 1.00 GiB page size, pre-allocated 0 pages
[    1.780585] HugeTLB: 0 KiB vmemmap can be freed for a 1.00 GiB page
[    1.787017] HugeTLB: registered 32.0 MiB page size, pre-allocated 0 pages
[    1.793986] HugeTLB: 0 KiB vmemmap can be freed for a 32.0 MiB page
[    1.800417] HugeTLB: registered 2.00 MiB page size, pre-allocated 0 pages
[    1.807389] HugeTLB: 0 KiB vmemmap can be freed for a 2.00 MiB page
[    1.813821] HugeTLB: registered 64.0 KiB page size, pre-allocated 0 pages
[    1.820788] HugeTLB: 0 KiB vmemmap can be freed for a 64.0 KiB page
[    1.828237] ACPI: Interpreter disabled.
[    1.834246] iommu: Default domain type: Translated
[    1.839177] iommu: DMA domain TLB invalidation policy: strict mode
[    1.845846] SCSI subsystem initialized
[    1.849789] libata version 3.00 loaded.
[    1.853814] usbcore: registered new interface driver usbfs
[    1.859459] usbcore: registered new interface driver hub
[    1.864933] usbcore: registered new device driver usb
[    1.870411] pps_core: LinuxPPS API ver. 1 registered
[    1.875510] pps_core: Software ver. 5.3.6 - Copyright 2005-2007 Rodolfo Giometti <giometti@linux.it>
[    1.884885] PTP clock support registered
[    1.888951] EDAC MC: Ver: 3.0.0
[    1.892472] scmi_core: SCMI protocol bus registered
[    1.897647] qcom_scm: convention: smc arm 64
[    1.902576] qcom_scm firmware:scm: qseecom: found qseecom with version 0x1402000
[    1.910663] qcom_scm firmware:scm: scm storage size 33554432 bytes
[    1.917188] qcom_qseecom qcom_qseecom: setting up client for qcom.tz.uefisecapp
[    1.925002] FPGA manager framework
[    1.928745] NetLabel: Initializing
[    1.932252] NetLabel:  domain hash size = 128
[    1.936733] NetLabel:  protocols = UNLABELED CIPSOv4 CALIPSO
[    1.942553] NetLabel:  unlabeled traffic allowed by default
[    1.948277] mctp: management component transport protocol core
[    1.954267] NET: Registered PF_MCTP protocol family
[    1.959479] vgaarb: loaded
[    1.962563] clocksource: Switched to clocksource arch_sys_counter
[    1.968969] VFS: Disk quotas dquot_6.6.0
[    1.973017] VFS: Dquot-cache hash table entries: 512 (order 0, 4096 bytes)
[    1.980255] netfs: FS-Cache loaded
[    1.983826] pnp: PnP ACPI: disabled
[    1.990593] NET: Registered PF_INET protocol family
[    1.995686] IP idents hash table entries: 131072 (order: 8, 1048576 bytes, linear)
[    2.004742] tcp_listen_portaddr_hash hash table entries: 4096 (order: 4, 65536 bytes, linear)
[    2.013515] Table-perturb hash table entries: 65536 (order: 6, 262144 bytes, linear)
[    2.021520] TCP established hash table entries: 65536 (order: 7, 524288 bytes, linear)
[    2.029811] TCP bind hash table entries: 65536 (order: 9, 2097152 bytes, linear)
[    2.037972] TCP: Hash tables configured (established 65536 bind 65536)
[    2.044805] MPTCP token hash table entries: 8192 (order: 6, 196608 bytes, linear)
[    2.052535] UDP hash table entries: 4096 (order: 6, 262144 bytes, linear)
[    2.059542] UDP-Lite hash table entries: 4096 (order: 6, 262144 bytes, linear)
[    2.067040] NET: Registered PF_UNIX/PF_LOCAL protocol family
[    2.072875] NET: Registered PF_XDP protocol family
[    2.077809] PCI: CLS 0 bytes, default 64
[    2.082062] Trying to unpack rootfs image as initramfs...
[    2.087983] kvm [1]: HYP mode not available
[    2.092826] Initialise system trusted keyrings
[    2.097497] workingset: timestamp_bits=42 max_order=21 bucket_order=0
[    2.114062] Key type asymmetric registered
[    2.118310] Asymmetric key parser 'x509' registered
[    2.123384] Block layer SCSI generic (bsg) driver version 0.4 loaded (major 239)
[    2.131089] io scheduler mq-deadline registered
[    2.135762] io scheduler kyber registered
[    2.139928] io scheduler bfq registered
[    2.156621] ledtrig-cpu: registered to indicate activity on CPUs
[    2.164844] Freeing initrd memory: 15460K
[    2.170407] /soc@0/display-subsystem@ae00000/displayport-controller@ae90000: Fixed dependency cycle(s) with /soc@0/clock-controller@af00000
[    2.183285] /soc@0/display-subsystem@ae00000/display-controller@ae01000: Fixed dependency cycle(s) with /soc@0/clock-controller@af00000
[    2.201107] vreg_s1b_1p84: Setting 1840000-2040000uV
[    2.201212] vreg_l1c_1p8: Setting 1800000-1976000uV
[    2.202153] msm_serial: driver initialized
[    2.202268] SuperH (H)SCI(F) driver initialized
[    2.202329] STM32 USART driver initialized
[    2.203628] arm-smmu 3da0000.iommu: probing hardware configuration...
[    2.203630] arm-smmu 3da0000.iommu: SMMUv2 with:
[    2.203650] arm-smmu 3da0000.iommu: 	stage 1 translation
[    2.203651] arm-smmu 3da0000.iommu: 	coherent table walk
[    2.203652] arm-smmu 3da0000.iommu: 	stream matching with 6 register groups
[    2.203665] arm-smmu 3da0000.iommu: 	7 context banks (0 stage-2 only)
[    2.203679] arm-smmu 3da0000.iommu: 	Supported page sizes: 0x61311000
[    2.203680] arm-smmu 3da0000.iommu: 	Stage-1: 48-bit VA -> 36-bit IPA
[    2.203731] arm-smmu 3da0000.iommu: 	preserved 0 boot mappings
[    2.204381] platform 3d00000.gpu: Adding to iommu group 0
[    2.204440] platform 3d6a000.gmu: Adding to iommu group 1
[    2.205888] arm-smmu 15000000.iommu: probing hardware configuration...
[    2.205890] arm-smmu 15000000.iommu: SMMUv2 with:
[    2.205896] arm-smmu 15000000.iommu: 	stage 1 translation
[    2.205897] arm-smmu 15000000.iommu: 	coherent table walk
[    2.205898] arm-smmu 15000000.iommu: 	stream matching with 77 register groups
[    2.205904] arm-smmu 15000000.iommu: 	61 context banks (0 stage-2 only)
[    2.206182] arm-smmu 15000000.iommu: 	Supported page sizes: 0x61311000
[    2.206183] arm-smmu 15000000.iommu: 	Stage-1: 36-bit VA -> 36-bit IPA
[    2.206200] arm-smmu 15000000.iommu: 	preserved 0 boot mappings
[    2.206295] vreg_s7b_0p536: Setting 536000-1120000uV
[    2.206924] platform 7c4000.mmc: Adding to iommu group 2
[    2.206958] platform 900000.dma-controller: Adding to iommu group 3
[    2.206992] platform 9c0000.geniqup: Adding to iommu group 4
[    2.207026] platform a00000.dma-controller: Adding to iommu group 5
[    2.207060] platform ac0000.geniqup: Adding to iommu group 6
[    2.207114] platform 1dc4000.dma-controller: Adding to iommu group 7
[    2.207148] platform 1dfa000.crypto: Adding to iommu group 7
[    2.207190] platform 8804000.mmc: Adding to iommu group 8
[    2.207225] platform 8c00000.usb: Adding to iommu group 9
[    2.207266] platform a600000.usb: Adding to iommu group 10
[    2.207306] platform aa00000.video-codec: Adding to iommu group 11
[    2.207339] platform ae00000.display-subsystem: Adding to iommu group 12
[    2.208795] amba 6048000.etr: Adding to iommu group 13
[    2.210349] initcall simpledrm_platform_driver_init blacklisted
[    2.211580] vreg_l6c_2p96: Setting 1650000-3544000uV
[    2.215545] vreg_s8b_1p2: Setting 1200000-1496000uV
[    2.216177] megasas: 07.734.00.00-rc1
[    2.216295] Key type psk registered
[    2.217712] spmi_pmic_arb c440000.spmi: PMIC arbiter version v5 (0x50020000)
[    2.220319] vreg_l9c_2p96: Setting 2704000-3544000uV
[    2.224423] vreg_l1b_0p912: Setting 832000-920000uV
[    2.229669] usbcore: registered new device driver onboard-usb-dev
[    2.231162] vreg_l10c_0p88: Setting 720000-1048000uV
[    2.234922] i2c_dev: i2c /dev entries driver
[    2.235808] vreg_l2b_3p072: Setting 2704000-3544000uV
[    2.236710] thermal thermal_zone0: power_allocator: sustainable_power will be estimated
[    2.236825] thermal thermal_zone1: power_allocator: sustainable_power will be estimated
[    2.236914] thermal thermal_zone2: power_allocator: sustainable_power will be estimated
[    2.236999] thermal thermal_zone3: power_allocator: sustainable_power will be estimated
[    2.237083] thermal thermal_zone4: power_allocator: sustainable_power will be estimated
[    2.237182] thermal thermal_zone5: power_allocator: sustainable_power will be estimated
[    2.237270] thermal thermal_zone6: power_allocator: sustainable_power will be estimated
[    2.237352] thermal thermal_zone7: power_allocator: sustainable_power will be estimated
[    2.237441] thermal thermal_zone8: power_allocator: sustainable_power will be estimated
[    2.237526] thermal thermal_zone9: power_allocator: sustainable_power will be estimated
[    2.237619] thermal thermal_zone10: power_allocator: sustainable_power will be estimated
[    2.237701] thermal thermal_zone11: power_allocator: sustainable_power will be estimated
[    2.237786] thermal thermal_zone12: power_allocator: sustainable_power will be estimated
[    2.237868] thermal thermal_zone13: power_allocator: sustainable_power will be estimated
[    2.237950] thermal thermal_zone14: power_allocator: sustainable_power will be estimated
[    2.238331] thermal thermal_zone15: power_allocator: sustainable_power will be estimated
[    2.238425] thermal thermal_zone16: power_allocator: sustainable_power will be estimated
[    2.238516] thermal thermal_zone17: power_allocator: sustainable_power will be estimated
[    2.238610] thermal thermal_zone18: power_allocator: sustainable_power will be estimated
[    2.238694] thermal thermal_zone19: power_allocator: sustainable_power will be estimated
[    2.238775] thermal thermal_zone20: power_allocator: sustainable_power will be estimated
[    2.238858] thermal thermal_zone21: power_allocator: sustainable_power will be estimated
[    2.238943] thermal thermal_zone22: power_allocator: sustainable_power will be estimated
[    2.239025] thermal thermal_zone23: power_allocator: sustainable_power will be estimated
[    2.239110] thermal thermal_zone24: power_allocator: sustainable_power will be estimated
[    2.239195] thermal thermal_zone25: power_allocator: sustainable_power will be estimated
[    2.239283] thermal thermal_zone26: power_allocator: sustainable_power will be estimated
[    2.240339] EDAC DEVICE0: Giving out device to module qcom_llcc_edac controller llcc: DEV qcom_llcc_edac (INTERRUPT)
[    2.241364] vreg_bob_3p296: Setting 3032000-3960000uV
[    2.246713] vreg_l6b_1p2: Setting 1200000-1256000uV
[    2.246907] sdhci: Secure Digital Host Controller Interface driver
[    2.246908] sdhci: Copyright(c) Pierre Ossman
[    2.247196] Synopsys Designware Multimedia Card Interface Driver
[    2.247531] sdhci-pltfm: SDHCI platform and OF driver helper
[    2.249275] clocksource: arch_mmio_counter: mask: 0xffffffffffffff max_cycles: 0x46d987e47, max_idle_ns: 440795202767 ns
[    2.249279] arch-timer-mmio 17c20000.timer: mmio timer running at 19.20MHz (virt)
[    2.249351] efivars: Registered efivars operations
[    2.249385] hid: raw HID events driver (C) Jiri Kosina
[    2.249415] usbcore: registered new interface driver usbhid
[    2.249416] usbhid: USB HID core driver
[    2.797808] vreg_l7b_2p96: Setting 2960000-2960000uV
[    2.798145] hw perfevents: enabled with armv8_cortex_a55 PMU driver, 7 (0,8000003f) counters available
[    2.803343] vreg_l9b_1p2: Setting 1200000-1304000uV
[    2.817798] vreg_l17b_1p8: Setting 1800000-1896000uV
[    2.817814] hw perfevents: enabled with armv8_cortex_a78 PMU driver, 7 (0,8000003f) counters available
[    2.823080] vreg_l18b_1p8: Setting 1800000-2000000uV
[    2.832615] watchdog: NMI not fully supported
[    2.838046] qcom,qfprom 784000.efuse: supply vcc not found, using dummy regulator
[    2.839635] vreg_l19b_1p8: Setting 1800000-2000000uV
[    2.842046] watchdog: Hard watchdog permanently disabled
[    2.879890] NET: Registered PF_PACKET protocol family
[    2.885641] 9pnet: Installing 9P2000 support
[    2.890047] Key type dns_resolver registered
[    2.897515] registered taskstats version 1
[    2.901803] Loading compiled-in X.509 certificates
[    2.910191] zswap: loaded using pool zstd
[    2.915187] Demotion targets for Node 0: null
[    2.919876] Key type .fscrypt registered
[    2.923914] Key type fscrypt-provisioning registered
[    2.929060] Key type big_key registered
[    2.940060] cpu cpu0: EM: OPP:1804800 is inefficient
[    2.945176] cpu cpu0: EM: OPP:300000 is inefficient
[    2.950246] cpu cpu0: EM: created perf domain
[    2.960277] cpu cpu4: EM: OPP:2131200 is inefficient
[    2.965390] cpu cpu4: EM: OPP:2054400 is inefficient
[    2.970551] cpu cpu4: EM: created perf domain
[    2.980426] cpu cpu7: EM: OPP:2380800 is inefficient
[    2.986592] cpu cpu7: EM: created perf domain
[    2.991099] energy_model: updating cpu0 cpu_cap=382 old capacity=528
[    2.997644] cpu cpu0: EM: OPP:1804800 is inefficient
[    3.002755] cpu cpu0: EM: OPP:300000 is inefficient
[    3.007770] energy_model: updating cpu4 cpu_cap=889 old capacity=1003
[    3.014402] cpu cpu4: EM: OPP:2131200 is inefficient
[    3.019506] cpu cpu4: EM: OPP:2054400 is inefficient
[    3.035204] 994000.serial: ttyMSM0 at MMIO 0x994000 (irq = 138, base_baud = 0) is a MSM
[    3.043977] printk: legacy console [ttyMSM0] enabled
[    3.043977] printk: legacy console [ttyMSM0] enabled
[    3.086859] /soc@0/display-subsystem@ae00000/display-controller@ae01000: Fixed dependency cycle(s) with /soc@0/display-subsystem@ae00000/displayport-controller@ae90000
[    3.086859] /soc@0/display-subsystem@ae00000/display-controller@ae01000: Fixed dependency cycle(s) with /soc@0/display-subsystem@ae00000/displayport-controller@ae90000
[    3.121672] /soc@0/phy@88e8000: Fixed dependency cycle(s) with /soc@0/display-subsystem@ae00000/displayport-controller@ae90000
[    3.121672] /soc@0/phy@88e8000: Fixed dependency cycle(s) with /soc@0/display-subsystem@ae00000/displayport-controller@ae90000
[    3.145145] /soc@0/display-subsystem@ae00000/displayport-controller@ae90000: Fixed dependency cycle(s) with /soc@0/phy@88e8000
[    3.145145] /soc@0/display-subsystem@ae00000/displayport-controller@ae90000: Fixed dependency cycle(s) with /soc@0/phy@88e8000
[    3.169803] [drm:msm_dp_display_probe] *ERROR* init sub module failed
[    3.169803] [drm:msm_dp_display_probe] *ERROR* init sub module failed
[    3.192851] [drm:msm_dp_display_probe] *ERROR* init sub module failed
[    3.193035] sdhci_msm 8804000.mmc: Got CD GPIO
[    3.195585] mmc0: CQHCI version 5.10
[    3.192851] [drm:msm_dp_display_probe] *ERROR* init sub module failed
[    3.200693] [drm:msm_dp_display_probe] *ERROR* init sub module failed
[    3.193035] sdhci_msm 8804000.mmc: Got CD GPIO
[    3.195585] mmc0: CQHCI version 5.10
[    3.200693] [drm:msm_dp_display_probe] *ERROR* init sub module failed
[    3.236477] clk: Disabling unused clocks
[    3.236484] mmc0: SDHCI controller on 7c4000.mmc [7c4000.mmc] using ADMA 64-bit
[    3.241265] PM: genpd: Disabling unused power domains
[    3.248129] sdhci_msm 7c4000.mmc: mmc0: CQE init: success
[    3.236477] clk: Disabling unused clocks
[    3.236484] mmc0: SDHCI controller on 7c4000.mmc [7c4000.mmc] using ADMA 64-bit
[    3.241265] PM: genpd: Disabling unused power domains
[    3.248129] sdhci_msm 7c4000.mmc: mmc0: CQE init: success
[    3.283754] [drm:msm_dp_display_probe] *ERROR* init sub module failed
[    3.283754] [drm:msm_dp_display_probe] *ERROR* init sub module failed
[    3.288505] mmc0: Failed to initialize a non-removable card
[    3.288505] mmc0: Failed to initialize a non-removable card
[    3.315474] mmc1: SDHCI controller on 8804000.mmc [8804000.mmc] using ADMA 64-bit
[    3.315474] mmc1: SDHCI controller on 8804000.mmc [8804000.mmc] using ADMA 64-bit
[    3.344415] [drm:msm_dp_display_probe] *ERROR* init sub module failed
[    3.345324] Freeing unused kernel memory: 14080K
[    3.344415] [drm:msm_dp_display_probe] *ERROR* init sub module failed
[    3.345324] Freeing unused kernel memory: 14080K
[    3.383538] Checked W+X mappings: passed, no W+X pages found
[    3.383538] Checked W+X mappings: passed, no W+X pages found
[    3.395181] rodata_test: all tests were successful
[    3.395181] rodata_test: all tests were successful
[    3.405036] Run /init as init process
[    3.405036] Run /init as init process
[    3.412575]   with arguments:
[    3.412575]   with arguments:
[    3.418682]     /init
[    3.418682]     /init
[    3.423370]   with environment:
[    3.423370]   with environment:
[    3.429832]     HOME=/
[    3.429870] mmc1: new UHS-I speed SDR104 SDXC card at address aaaa
[    3.429832]     HOME=/
[    3.432260]     TERM=linux
[    3.429870] mmc1: new UHS-I speed SDR104 SDXC card at address aaaa
[    3.432260]     TERM=linux
[    3.453734] mmcblk1: mmc1:aaaa SR256 238 GiB
[    3.453734] mmcblk1: mmc1:aaaa SR256 238 GiB
[    3.462927] init: init first stage started!
[    3.462927] init: init first stage started!
[    3.471681]  mmcblk1: p1 p2 p3 p4 p5 p6 p7 p8 p9 p10 p11 p12 p13
[    3.472074] init: Loading module /lib/modules/dm-mod.ko with args ''
[    3.483684] [drm:msm_dp_display_probe] *ERROR* init sub module failed
[    3.471681]  mmcblk1: p1 p2 p3 p4 p5 p6 p7 p8 p9 p10 p11 p12 p13
[    3.472074] init: Loading module /lib/modules/dm-mod.ko with args ''
[    3.483684] [drm:msm_dp_display_probe] *ERROR* init sub module failed
[    3.510903] device-mapper: uevent: version 1.0.3
[    3.510903] device-mapper: uevent: version 1.0.3
[    3.521047] device-mapper: ioctl: 4.50.0-ioctl (2025-04-28) initialised: dm-devel@lists.linux.dev
[    3.521047] device-mapper: ioctl: 4.50.0-ioctl (2025-04-28) initialised: dm-devel@lists.linux.dev
[    3.539334] init: Loaded kernel module /lib/modules/dm-mod.ko
[    3.539334] init: Loaded kernel module /lib/modules/dm-mod.ko
[    3.551185] init: Loading module /lib/modules/dm-bufio.ko with args ''
[    3.551185] init: Loading module /lib/modules/dm-bufio.ko with args ''
[    3.568276] init: Loaded kernel module /lib/modules/dm-bufio.ko
[    3.568276] init: Loaded kernel module /lib/modules/dm-bufio.ko
[    3.580568] init: Loading module /lib/modules/dm-snapshot.ko with args ''
[    3.580568] init: Loading module /lib/modules/dm-snapshot.ko with args ''
[    3.596496] init: Loaded kernel module /lib/modules/dm-snapshot.ko
[    3.596496] init: Loaded kernel module /lib/modules/dm-snapshot.ko
[    3.609243] init: Loading module /lib/modules/reed_solomon.ko with args ''
[    3.609243] init: Loading module /lib/modules/reed_solomon.ko with args ''
[    3.625260] init: Loaded kernel module /lib/modules/reed_solomon.ko
[    3.625260] init: Loaded kernel module /lib/modules/reed_solomon.ko
[    3.638183] init: Loading module /lib/modules/dm-verity.ko with args ''
[    3.638183] init: Loading module /lib/modules/dm-verity.ko with args ''
[    3.653984] init: Loaded kernel module /lib/modules/dm-verity.ko
[    3.653984] init: Loaded kernel module /lib/modules/dm-verity.ko
[    3.666351] init: Loading module /lib/modules/loop.ko with args ''
[    3.666351] init: Loading module /lib/modules/loop.ko with args ''
[    3.689011] loop: module loaded
[    3.689011] loop: module loaded
[    3.695583] init: Loaded kernel module /lib/modules/loop.ko
[    3.695583] init: Loaded kernel module /lib/modules/loop.ko
[    3.707119] init: Loading module /lib/modules/quota_tree.ko with args ''
[    3.707119] init: Loading module /lib/modules/quota_tree.ko with args ''
[    3.722769] init: Loaded kernel module /lib/modules/quota_tree.ko
[    3.722769] init: Loaded kernel module /lib/modules/quota_tree.ko
[    3.735335] init: Loading module /lib/modules/quota_v2.ko with args ''
[    3.735335] init: Loading module /lib/modules/quota_v2.ko with args ''
[    3.750569] init: Loaded kernel module /lib/modules/quota_v2.ko
[    3.750569] init: Loaded kernel module /lib/modules/quota_v2.ko
[    3.762762] init: Loading module /lib/modules/aux-bridge.ko with args ''
[    3.762762] init: Loading module /lib/modules/aux-bridge.ko with args ''
[    3.778412] init: Loaded kernel module /lib/modules/aux-bridge.ko
[    3.778412] init: Loaded kernel module /lib/modules/aux-bridge.ko
[    3.790975] init: Loading module /lib/modules/phy-qcom-qmp-combo.ko with args ''
[    3.790975] init: Loading module /lib/modules/phy-qcom-qmp-combo.ko with args ''
[    3.809311] init: Loaded kernel module /lib/modules/phy-qcom-qmp-combo.ko
[    3.813903] msm_dpu ae01000.display-controller: bound ae90000.displayport-controller (ops msm_dp_display_comp_ops)
[    3.816369] init: Loading module /lib/modules/fuse.ko with args ''
[    3.828245] adreno 3d00000.gpu: supply vdd not found, using dummy regulator
[    3.809311] init: Loaded kernel module /lib/modules/phy-qcom-qmp-combo.ko
[    3.813903] msm_dpu ae01000.display-controller: bound ae90000.displayport-controller (ops msm_dp_display_comp_ops)
[    3.816369] init: Loading module /lib/modules/fuse.ko with args ''
[    3.828245] adreno 3d00000.gpu: supply vdd not found, using dummy regulator
[    3.871579] adreno 3d00000.gpu: supply vddcx not found, using dummy regulator
[    3.872837] fuse: init (API version 7.45)
[    3.871579] adreno 3d00000.gpu: supply vddcx not found, using dummy regulator
[    3.872837] fuse: init (API version 7.45)
[    3.892032] msm_dpu ae01000.display-controller: bound 3d00000.gpu (ops a3xx_ops)
[    3.895642] init: Loaded kernel module /lib/modules/fuse.ko
[    3.904900] [drm:dpu_kms_hw_init:1173] dpu hardware revision:0x70020000
[    3.908165] init: Loading module /lib/modules/nf_socket_ipv4.ko with args ''
[    3.915605] [drm] forcing HDMI-A-1 connector on
[    3.892032] msm_dpu ae01000.display-controller: bound 3d00000.gpu (ops a3xx_ops)
[    3.895642] init: Loaded kernel module /lib/modules/fuse.ko
[    3.904900] [drm:dpu_kms_hw_init:1173] dpu hardware revision:0x70020000
[    3.940052] init: Loaded kernel module /lib/modules/nf_socket_ipv4.ko
[    3.908165] init: Loading module /lib/modules/nf_socket_ipv4.ko with args ''
[    3.915605] [drm] forcing HDMI-A-1 connector on
[    3.940052] init: Loaded kernel module /lib/modules/nf_socket_ipv4.ko
[    3.972154] init: Loading module /lib/modules/crc-ccitt.ko with args ''
[    3.977341] [drm] Initialized msm 1.13.0 for ae01000.display-controller on minor 0
[    3.972154] init: Loading module /lib/modules/crc-ccitt.ko with args ''
[    3.977341] [drm] Initialized msm 1.13.0 for ae01000.display-controller on minor 0
[    4.001674] init: Loaded kernel module /lib/modules/crc-ccitt.ko
[    4.002624] msm_dpu ae01000.display-controller: [drm:adreno_request_fw] loaded qcom/a660_sqe.fw from new location
[    4.007904] init: Loading module /lib/modules/ipv6.ko with args ''
[    4.018456] msm_dpu ae01000.display-controller: [drm:adreno_request_fw] loaded qcom/a660_gmu.bin from new location
[    4.001674] init: Loaded kernel module /lib/modules/crc-ccitt.ko
[    4.002624] msm_dpu ae01000.display-controller: [drm:adreno_request_fw] loaded qcom/a660_sqe.fw from new location
[    4.007904] init: Loading module /lib/modules/ipv6.ko with args ''
[    4.018456] msm_dpu ae01000.display-controller: [drm:adreno_request_fw] loaded qcom/a660_gmu.bin from new location
[    4.070663] [drm] Loaded GMU firmware v3.1.10
[    4.070663] [drm] Loaded GMU firmware v3.1.10
[    4.081204] NET: Registered PF_INET6 protocol family
[    4.082797] adreno 3d00000.gpu: [drm:adreno_zap_shader_load] *ERROR* Unable to load qcom/qcs6490/a660_zap.mbn
[    4.088177] Segment Routing with IPv6
[    4.096529] msm_dpu ae01000.display-controller: [drm:adreno_load_gpu] *ERROR* gpu hw init failed: -2
[    4.100296] RPL Segment Routing with IPv6
[    4.081204] NET: Registered PF_INET6 protocol family
[    4.082797] adreno 3d00000.gpu: [drm:adreno_zap_shader_load] *ERROR* Unable to load qcom/qcs6490/a660_zap.mbn
[    4.119772] platform 3d6a000.gmu: [drm:a6xx_gmu_set_oob] *ERROR* Timeout waiting for GMU OOB set GPU_SET: 0x0
[    4.129066] In-situ OAM (IOAM) with IPv6
[    4.088177] Segment Routing with IPv6
[    4.096529] msm_dpu ae01000.display-controller: [drm:adreno_load_gpu] *ERROR* gpu hw init failed: -2
[    4.100296] RPL Segment Routing with IPv6
[    4.119772] platform 3d6a000.gmu: [drm:a6xx_gmu_set_oob] *ERROR* Timeout waiting for GMU OOB set GPU_SET: 0x0
[    4.129066] In-situ OAM (IOAM) with IPv6
[    4.175099] init: Loaded kernel module /lib/modules/ipv6.ko
[    4.175099] init: Loaded kernel module /lib/modules/ipv6.ko
[    4.175144] init: Loading module /lib/modules/nf_socket_ipv6.ko with args ''
[    4.177230] init: Loaded kernel module /lib/modules/nf_socket_ipv6.ko
[    4.177262] init: Loading module /lib/modules/x_tables.ko with args ''
[    4.175144] init: Loading module /lib/modules/nf_socket_ipv6.ko with args ''
[    4.179454] init: Loaded kernel module /lib/modules/x_tables.ko
[    4.177230] init: Loaded kernel module /lib/modules/nf_socket_ipv6.ko
[    4.179471] init: Loading module /lib/modules/nf_defrag_ipv6.ko with args ''
[    4.177262] init: Loading module /lib/modules/x_tables.ko with args ''
[    4.182183] init: Loaded kernel module /lib/modules/nf_defrag_ipv6.ko
[    4.179454] init: Loaded kernel module /lib/modules/x_tables.ko
[    4.182203] init: Loading module /lib/modules/nf_defrag_ipv4.ko with args ''
[    4.179471] init: Loading module /lib/modules/nf_defrag_ipv6.ko with args ''
[    4.183783] init: Loaded kernel module /lib/modules/nf_defrag_ipv4.ko
[    4.182183] init: Loaded kernel module /lib/modules/nf_defrag_ipv6.ko
[    4.183800] init: Loading module /lib/modules/xt_socket.ko with args ''
[    4.182203] init: Loading module /lib/modules/nf_defrag_ipv4.ko with args ''
[    4.185503] init: Loaded kernel module /lib/modules/xt_socket.ko
[    4.183783] init: Loaded kernel module /lib/modules/nf_defrag_ipv4.ko
[    4.185519] init: Loading module /lib/modules/xt_comment.ko with args ''
[    4.183800] init: Loading module /lib/modules/xt_socket.ko with args ''
[    4.187073] init: Loaded kernel module /lib/modules/xt_comment.ko
[    4.185503] init: Loaded kernel module /lib/modules/xt_socket.ko
[    4.187088] init: Loading module /lib/modules/xt_length.ko with args ''
[    4.185519] init: Loading module /lib/modules/xt_comment.ko with args ''
[    4.188634] init: Loaded kernel module /lib/modules/xt_length.ko
[    4.187073] init: Loaded kernel module /lib/modules/xt_comment.ko
[    4.188648] init: Loading module /lib/modules/xt_bpf.ko with args ''
[    4.187088] init: Loading module /lib/modules/xt_length.ko with args ''
[    4.188735] fb0: sys_fillrect: framebuffer is not in virtual address space.
[    4.188634] init: Loaded kernel module /lib/modules/xt_length.ko
[    4.188745] fb0: sys_imageblit: framebuffer is not in virtual address space.
[    4.188648] init: Loading module /lib/modules/xt_bpf.ko with args ''
[    4.190641] init: Loaded kernel module /lib/modules/xt_bpf.ko
[    4.188735] fb0: sys_fillrect: framebuffer is not in virtual address space.
[    4.190656] init: Loading module /lib/modules/ip6_tables.ko with args ''
[    4.188745] fb0: sys_imageblit: framebuffer is not in virtual address space.
[    4.192808] init: Loaded kernel module /lib/modules/ip6_tables.ko
[    4.190641] init: Loaded kernel module /lib/modules/xt_bpf.ko
[    4.192823] init: Loading module /lib/modules/ip6table_filter.ko with args ''
[    4.190656] init: Loading module /lib/modules/ip6_tables.ko with args ''
[    4.194495] init: Loaded kernel module /lib/modules/ip6table_filter.ko
[    4.192808] init: Loaded kernel module /lib/modules/ip6_tables.ko
[    4.194524] init: Loading module /lib/modules/ip_tables.ko with args ''
[    4.192823] init: Loading module /lib/modules/ip6table_filter.ko with args ''
[    4.196744] init: Loaded kernel module /lib/modules/ip_tables.ko
[    4.194495] init: Loaded kernel module /lib/modules/ip6table_filter.ko
[    4.196759] init: Loading module /lib/modules/iptable_filter.ko with args ''
[    4.194524] init: Loading module /lib/modules/ip_tables.ko with args ''
[    4.198490] init: Loaded kernel module /lib/modules/iptable_filter.ko
[    4.196744] init: Loaded kernel module /lib/modules/ip_tables.ko
[    4.198504] init: Loading module /lib/modules/ip6table_raw.ko with args ''
[    4.196759] init: Loading module /lib/modules/iptable_filter.ko with args ''
[    4.200222] init: Loaded kernel module /lib/modules/ip6table_raw.ko
[    4.198490] init: Loaded kernel module /lib/modules/iptable_filter.ko
[    4.200236] init: Loading module /lib/modules/nf_conntrack.ko with args ''
[    4.198504] init: Loading module /lib/modules/ip6table_raw.ko with args ''
[    4.203277] init: Loaded kernel module /lib/modules/nf_conntrack.ko
[    4.200222] init: Loaded kernel module /lib/modules/ip6table_raw.ko
[    4.203311] init: Loading module /lib/modules/nf_nat.ko with args ''
[    4.200236] init: Loading module /lib/modules/nf_conntrack.ko with args ''
[    4.205440] Console: switching to colour frame buffer device 128x37
[    4.203277] init: Loaded kernel module /lib/modules/nf_conntrack.ko
[    4.205688] init: Loaded kernel module /lib/modules/nf_nat.ko
[    4.203311] init: Loading module /lib/modules/nf_nat.ko with args ''
[    4.205724] init: Loading module /lib/modules/xt_nat.ko with args ''
[    4.205440] Console: switching to colour frame buffer device 128x37
[    4.207539] init: Loaded kernel module /lib/modules/xt_nat.ko
[    4.205688] init: Loaded kernel module /lib/modules/nf_nat.ko
[    4.207576] init: Loading module /lib/modules/ip6table_nat.ko with args ''
[    4.205724] init: Loading module /lib/modules/xt_nat.ko with args ''
[    4.209351] init: Loaded kernel module /lib/modules/ip6table_nat.ko
[    4.207539] init: Loaded kernel module /lib/modules/xt_nat.ko
[    4.209366] init: Loading module /lib/modules/nf_reject_ipv4.ko with args ''
[    4.207576] init: Loading module /lib/modules/ip6table_nat.ko with args ''
[    4.211111] init: Loaded kernel module /lib/modules/nf_reject_ipv4.ko
[    4.209351] init: Loaded kernel module /lib/modules/ip6table_nat.ko
[    4.211128] init: Loading module /lib/modules/xt_state.ko with args ''
[    4.209366] init: Loading module /lib/modules/nf_reject_ipv4.ko with args ''
[    4.212807] init: Loaded kernel module /lib/modules/xt_state.ko
[    4.211111] init: Loaded kernel module /lib/modules/nf_reject_ipv4.ko
[    4.212823] init: Loading module /lib/modules/xt_multiport.ko with args ''
[    4.211128] init: Loading module /lib/modules/xt_state.ko with args ''
[    4.214947] init: Loaded kernel module /lib/modules/xt_multiport.ko
[    4.212807] init: Loaded kernel module /lib/modules/xt_state.ko
[    4.214961] init: Loading module /lib/modules/nf_tproxy_ipv4.ko with args ''
[    4.212823] init: Loading module /lib/modules/xt_multiport.ko with args ''
[    4.217155] init: Loaded kernel module /lib/modules/nf_tproxy_ipv4.ko
[    4.214947] init: Loaded kernel module /lib/modules/xt_multiport.ko
[    4.217169] init: Loading module /lib/modules/xt_hl.ko with args ''
[    4.214961] init: Loading module /lib/modules/nf_tproxy_ipv4.ko with args ''
[    4.218999] init: Loaded kernel module /lib/modules/xt_hl.ko
[    4.217155] init: Loaded kernel module /lib/modules/nf_tproxy_ipv4.ko
[    4.219014] init: Loading module /lib/modules/xt_recent.ko with args ''
[    4.217169] init: Loading module /lib/modules/xt_hl.ko with args ''
[    4.221024] init: Loaded kernel module /lib/modules/xt_recent.ko
[    4.218999] init: Loaded kernel module /lib/modules/xt_hl.ko
[    4.221045] init: Loading module /lib/modules/xt_REDIRECT.ko with args ''
[    4.219014] init: Loading module /lib/modules/xt_recent.ko with args ''
[    4.228205] init: Loaded kernel module /lib/modules/xt_REDIRECT.ko
[    4.221024] init: Loaded kernel module /lib/modules/xt_recent.ko
[    4.233557] msm_dpu ae01000.display-controller: [drm] fb0: msmdrmfb frame buffer device
[    4.221045] init: Loading module /lib/modules/xt_REDIRECT.ko with args ''
[    4.240880] init: Loading module /lib/modules/xt_pkttype.ko with args ''
[    4.228205] init: Loaded kernel module /lib/modules/xt_REDIRECT.ko
[    4.233557] msm_dpu ae01000.display-controller: [drm] fb0: msmdrmfb frame buffer device
[    4.240880] init: Loading module /lib/modules/xt_pkttype.ko with args ''
[    4.948448] init: Loaded kernel module /lib/modules/xt_pkttype.ko
[    4.948448] init: Loaded kernel module /lib/modules/xt_pkttype.ko
[    4.961776] init: Loading module /lib/modules/xt_dscp.ko with args ''
[    4.961776] init: Loading module /lib/modules/xt_dscp.ko with args ''
[    4.977334] init: Loaded kernel module /lib/modules/xt_dscp.ko
[    4.977334] init: Loaded kernel module /lib/modules/xt_dscp.ko
[    4.989857] init: Loading module /lib/modules/xt_MASQUERADE.ko with args ''
[    4.989857] init: Loading module /lib/modules/xt_MASQUERADE.ko with args ''
[    5.006445] init: Loaded kernel module /lib/modules/xt_MASQUERADE.ko
[    5.006445] init: Loaded kernel module /lib/modules/xt_MASQUERADE.ko
[    5.019962] init: Loading module /lib/modules/xt_policy.ko with args ''
[    5.019962] init: Loading module /lib/modules/xt_policy.ko with args ''
[    5.037398] init: Loaded kernel module /lib/modules/xt_policy.ko
[    5.037398] init: Loaded kernel module /lib/modules/xt_policy.ko
[    5.050260] init: Loading module /lib/modules/xt_CT.ko with args ''
[    5.050260] init: Loading module /lib/modules/xt_CT.ko with args ''
[    5.065183] init: Loaded kernel module /lib/modules/xt_CT.ko
[    5.065183] init: Loaded kernel module /lib/modules/xt_CT.ko
[    5.076972] init: Loading module /lib/modules/ip6table_mangle.ko with args ''
[    5.076972] init: Loading module /lib/modules/ip6table_mangle.ko with args ''
[    5.093583] init: Loaded kernel module /lib/modules/ip6table_mangle.ko
[    5.093583] init: Loaded kernel module /lib/modules/ip6table_mangle.ko
[    5.107141] init: Loading module /lib/modules/nf_tproxy_ipv6.ko with args ''
[    5.107141] init: Loading module /lib/modules/nf_tproxy_ipv6.ko with args ''
[    5.123843] init: Loaded kernel module /lib/modules/nf_tproxy_ipv6.ko
[    5.123843] init: Loaded kernel module /lib/modules/nf_tproxy_ipv6.ko
[    5.137239] init: Loading module /lib/modules/xt_TPROXY.ko with args ''
[    5.137239] init: Loading module /lib/modules/xt_TPROXY.ko with args ''
[    5.152840] init: Loaded kernel module /lib/modules/xt_TPROXY.ko
[    5.152840] init: Loaded kernel module /lib/modules/xt_TPROXY.ko
[    5.165350] init: Loading module /lib/modules/nf_reject_ipv6.ko with args ''
[    5.165350] init: Loading module /lib/modules/nf_reject_ipv6.ko with args ''
[    5.182043] init: Loaded kernel module /lib/modules/nf_reject_ipv6.ko
[    5.182043] init: Loaded kernel module /lib/modules/nf_reject_ipv6.ko
[    5.195426] init: Loading module /lib/modules/iptable_mangle.ko with args ''
[    5.195426] init: Loading module /lib/modules/iptable_mangle.ko with args ''
[    5.211676] init: Loaded kernel module /lib/modules/iptable_mangle.ko
[    5.211676] init: Loaded kernel module /lib/modules/iptable_mangle.ko
[    5.225107] init: Loading module /lib/modules/xt_LOG.ko with args ''
[    5.225107] init: Loading module /lib/modules/xt_LOG.ko with args ''
[    5.240419] init: Loaded kernel module /lib/modules/xt_LOG.ko
[    5.240419] init: Loaded kernel module /lib/modules/xt_LOG.ko
[    5.252391] init: Loading module /lib/modules/xt_ecn.ko with args ''
[    5.252391] init: Loading module /lib/modules/xt_ecn.ko with args ''
[    5.267314] init: Loaded kernel module /lib/modules/xt_ecn.ko
[    5.267314] init: Loaded kernel module /lib/modules/xt_ecn.ko
[    5.279277] init: Loading module /lib/modules/xt_DSCP.ko with args ''
[    5.279277] init: Loading module /lib/modules/xt_DSCP.ko with args ''
[    5.294399] init: Loaded kernel module /lib/modules/xt_DSCP.ko
[    5.294399] init: Loaded kernel module /lib/modules/xt_DSCP.ko
[    5.306540] init: Loading module /lib/modules/xt_conntrack.ko with args ''
[    5.306540] init: Loading module /lib/modules/xt_conntrack.ko with args ''
[    5.322515] init: Loaded kernel module /lib/modules/xt_conntrack.ko
[    5.322515] init: Loaded kernel module /lib/modules/xt_conntrack.ko
[    5.335553] init: Loading module /lib/modules/xt_owner.ko with args ''
[    5.335553] init: Loading module /lib/modules/xt_owner.ko with args ''
[    5.350849] init: Loaded kernel module /lib/modules/xt_owner.ko
[    5.350849] init: Loaded kernel module /lib/modules/xt_owner.ko
[    5.363169] init: Loading module /lib/modules/xt_string.ko with args ''
[    5.363169] init: Loading module /lib/modules/xt_string.ko with args ''
[    5.378668] init: Loaded kernel module /lib/modules/xt_string.ko
[    5.378668] init: Loaded kernel module /lib/modules/xt_string.ko
[    5.391159] init: Loading module /lib/modules/ip6t_REJECT.ko with args ''
[    5.391159] init: Loading module /lib/modules/ip6t_REJECT.ko with args ''
[    5.406974] init: Loaded kernel module /lib/modules/ip6t_REJECT.ko
[    5.406974] init: Loaded kernel module /lib/modules/ip6t_REJECT.ko
[    5.419821] init: Loading module /lib/modules/xt_mark.ko with args ''
[    5.419821] init: Loading module /lib/modules/xt_mark.ko with args ''
[    5.434960] init: Loaded kernel module /lib/modules/xt_mark.ko
[    5.434960] init: Loaded kernel module /lib/modules/xt_mark.ko
[    5.447099] init: Loading module /lib/modules/xt_IDLETIMER.ko with args ''
[    5.447099] init: Loading module /lib/modules/xt_IDLETIMER.ko with args ''
[    5.463568] init: Loaded kernel module /lib/modules/xt_IDLETIMER.ko
[    5.463568] init: Loaded kernel module /lib/modules/xt_IDLETIMER.ko
[    5.476597] init: Loading module /lib/modules/xt_u32.ko with args ''
[    5.476597] init: Loading module /lib/modules/xt_u32.ko with args ''
[    5.491565] init: Loaded kernel module /lib/modules/xt_u32.ko
[    5.491565] init: Loaded kernel module /lib/modules/xt_u32.ko
[    5.503525] init: Loading module /lib/modules/xt_quota.ko with args ''
[    5.503525] init: Loading module /lib/modules/xt_quota.ko with args ''
[    5.518838] init: Loaded kernel module /lib/modules/xt_quota.ko
[    5.518838] init: Loaded kernel module /lib/modules/xt_quota.ko
[    5.531171] init: Loading module /lib/modules/xt_TCPMSS.ko with args ''
[    5.531171] init: Loading module /lib/modules/xt_TCPMSS.ko with args ''
[    5.546595] init: Loaded kernel module /lib/modules/xt_TCPMSS.ko
[    5.546595] init: Loaded kernel module /lib/modules/xt_TCPMSS.ko
[    5.559102] init: Loading module /lib/modules/xt_connmark.ko with args ''
[    5.559102] init: Loading module /lib/modules/xt_connmark.ko with args ''
[    5.574994] init: Loaded kernel module /lib/modules/xt_connmark.ko
[    5.574994] init: Loaded kernel module /lib/modules/xt_connmark.ko
[    5.587855] init: Loading module /lib/modules/xt_HL.ko with args ''
[    5.587855] init: Loading module /lib/modules/xt_HL.ko with args ''
[    5.602574] init: Loaded kernel module /lib/modules/xt_HL.ko
[    5.602574] init: Loaded kernel module /lib/modules/xt_HL.ko
[    5.614370] init: Loading module /lib/modules/xt_tcpudp.ko with args ''
[    5.614370] init: Loading module /lib/modules/xt_tcpudp.ko with args ''
[    5.630246] init: Loaded kernel module /lib/modules/xt_tcpudp.ko
[    5.630246] init: Loaded kernel module /lib/modules/xt_tcpudp.ko
[    5.642737] init: Loading module /lib/modules/xt_addrtype.ko with args ''
[    5.642737] init: Loading module /lib/modules/xt_addrtype.ko with args ''
[    5.658733] init: Loaded kernel module /lib/modules/xt_addrtype.ko
[    5.658733] init: Loaded kernel module /lib/modules/xt_addrtype.ko
[    5.671582] init: Loading module /lib/modules/ip6table_security.ko with args ''
[    5.671582] init: Loading module /lib/modules/ip6table_security.ko with args ''
[    5.688467] init: Loaded kernel module /lib/modules/ip6table_security.ko
[    5.688467] init: Loaded kernel module /lib/modules/ip6table_security.ko
[    5.702377] init: Loading module /lib/modules/iptable_raw.ko with args ''
[    5.702377] init: Loading module /lib/modules/iptable_raw.ko with args ''
[    5.718205] init: Loaded kernel module /lib/modules/iptable_raw.ko
[    5.718205] init: Loaded kernel module /lib/modules/iptable_raw.ko
[    5.731065] init: Loading module /lib/modules/ipt_REJECT.ko with args ''
[    5.731065] init: Loading module /lib/modules/ipt_REJECT.ko with args ''
[    5.746651] init: Loaded kernel module /lib/modules/ipt_REJECT.ko
[    5.746651] init: Loaded kernel module /lib/modules/ipt_REJECT.ko
[    5.759329] init: Loading module /lib/modules/nfnetlink.ko with args ''
[    5.759329] init: Loading module /lib/modules/nfnetlink.ko with args ''
[    5.774898] init: Loaded kernel module /lib/modules/nfnetlink.ko
[    5.774898] init: Loaded kernel module /lib/modules/nfnetlink.ko
[    5.787402] init: Loading module /lib/modules/xt_limit.ko with args ''
[    5.787402] init: Loading module /lib/modules/xt_limit.ko with args ''
[    5.802592] init: Loaded kernel module /lib/modules/xt_limit.ko
[    5.802592] init: Loaded kernel module /lib/modules/xt_limit.ko
[    5.814917] init: Loading module /lib/modules/iptable_security.ko with args ''
[    5.814917] init: Loading module /lib/modules/iptable_security.ko with args ''
[    5.831663] init: Loaded kernel module /lib/modules/iptable_security.ko
[    5.831663] init: Loaded kernel module /lib/modules/iptable_security.ko
[    5.845409] init: Loading module /lib/modules/iptable_nat.ko with args ''
[    5.845409] init: Loading module /lib/modules/iptable_nat.ko with args ''
[    5.861363] init: Loaded kernel module /lib/modules/iptable_nat.ko
[    5.861363] init: Loaded kernel module /lib/modules/iptable_nat.ko
[    5.874219] init: Loading module /lib/modules/xt_tcpmss.ko with args ''
[    5.874219] init: Loading module /lib/modules/xt_tcpmss.ko with args ''
[    5.889714] init: Loaded kernel module /lib/modules/xt_tcpmss.ko
[    5.889714] init: Loaded kernel module /lib/modules/xt_tcpmss.ko
[    5.902202] init: Loading module /lib/modules/dwc3-qcom.ko with args ''
[    5.902202] init: Loading module /lib/modules/dwc3-qcom.ko with args ''
[    5.925996] xhci-hcd xhci-hcd.1.auto: xHCI Host Controller
[    5.925996] xhci-hcd xhci-hcd.1.auto: xHCI Host Controller
[    5.937656] xhci-hcd xhci-hcd.1.auto: new USB bus registered, assigned bus number 1
[    5.937656] xhci-hcd xhci-hcd.1.auto: new USB bus registered, assigned bus number 1
[    5.953618] xhci-hcd xhci-hcd.1.auto: USB3 root hub has no ports
[    5.953618] xhci-hcd xhci-hcd.1.auto: USB3 root hub has no ports
[    5.966332] xhci-hcd xhci-hcd.1.auto: hcc params 0x0220fe65 hci version 0x110 quirks 0x0000808000000010
[    5.966332] xhci-hcd xhci-hcd.1.auto: hcc params 0x0220fe65 hci version 0x110 quirks 0x0000808000000010
[    5.987683] xhci-hcd xhci-hcd.1.auto: irq 154, io mem 0x08c00000
[    5.987683] xhci-hcd xhci-hcd.1.auto: irq 154, io mem 0x08c00000
[    6.000599] usb usb1: New USB device found, idVendor=1d6b, idProduct=0002, bcdDevice= 6.18
[    6.000599] usb usb1: New USB device found, idVendor=1d6b, idProduct=0002, bcdDevice= 6.18
[    6.017704] usb usb1: New USB device strings: Mfr=3, Product=2, SerialNumber=1
[    6.017704] usb usb1: New USB device strings: Mfr=3, Product=2, SerialNumber=1
[    6.032654] usb usb1: Product: xHCI Host Controller
[    6.032654] usb usb1: Product: xHCI Host Controller
[    6.042805] usb usb1: Manufacturer: Linux 6.18.2-4-qcom xhci-hcd
[    6.042805] usb usb1: Manufacturer: Linux 6.18.2-4-qcom xhci-hcd
[    6.055264] usb usb1: SerialNumber: xhci-hcd.1.auto
[    6.055264] usb usb1: SerialNumber: xhci-hcd.1.auto
[    6.066961] hub 1-0:1.0: USB hub found
[    6.066961] hub 1-0:1.0: USB hub found
[    6.074841] hub 1-0:1.0: 1 port detected
[    6.074841] hub 1-0:1.0: 1 port detected
[    6.091739] xhci-hcd xhci-hcd.2.auto: xHCI Host Controller
[    6.091739] xhci-hcd xhci-hcd.2.auto: xHCI Host Controller
[    6.103415] xhci-hcd xhci-hcd.2.auto: new USB bus registered, assigned bus number 2
[    6.103415] xhci-hcd xhci-hcd.2.auto: new USB bus registered, assigned bus number 2
[    6.121650] xhci-hcd xhci-hcd.2.auto: hcc params 0x0230fe65 hci version 0x110 quirks 0x0000808000000010
[    6.121650] xhci-hcd xhci-hcd.2.auto: hcc params 0x0230fe65 hci version 0x110 quirks 0x0000808000000010
[    6.141593] xhci-hcd xhci-hcd.2.auto: irq 158, io mem 0x0a600000
[    6.141593] xhci-hcd xhci-hcd.2.auto: irq 158, io mem 0x0a600000
[    6.154927] xhci-hcd xhci-hcd.2.auto: xHCI Host Controller
[    6.154927] xhci-hcd xhci-hcd.2.auto: xHCI Host Controller
[    6.167074] xhci-hcd xhci-hcd.2.auto: new USB bus registered, assigned bus number 3
[    6.167074] xhci-hcd xhci-hcd.2.auto: new USB bus registered, assigned bus number 3
[    6.183478] xhci-hcd xhci-hcd.2.auto: Host supports USB 3.0 SuperSpeed
[    6.183478] xhci-hcd xhci-hcd.2.auto: Host supports USB 3.0 SuperSpeed
[    6.198610] usb usb2: New USB device found, idVendor=1d6b, idProduct=0002, bcdDevice= 6.18
[    6.198610] usb usb2: New USB device found, idVendor=1d6b, idProduct=0002, bcdDevice= 6.18
[    6.216065] usb usb2: New USB device strings: Mfr=3, Product=2, SerialNumber=1
