S - Format: Log Type - Time(microsec) - Message - Optional Info

S - Log Type: B - Since Boot(Power On Reset),  D - Delta,  S - Statistic

S - QC_IMAGE_VERSION_STRING=BOOT.MXF.1.0.1-00549-KODIAKWP-1

S - IMAGE_VARIANT_STRING=SocKodiakWP

S - OEM_IMAGE_VERSION_STRING=wa-lxc

S - Boot Interface: SPI

S - Secure Boot: Off

S - Boot Config @ 0x00786070 = 0x000000c9

S - JTAG ID @ 0x00786130 = 0x001980e1

S - OEM ID @ 0x00786138 = 0x00000000

S - Serial Number @ 0x00786134 = 0x8dbddd5e

S - OEM Config Row 0 @ 0x007841c0 = 0x0000000000000000

S - OEM Config Row 1 @ 0x007841c8 = 0x0000000000000000

S - Feature Config Row 0 @ 0x00784148 = 0x0000000000000000

S - Feature Config Row 1 @ 0x00784150 = 0x0000000000000000

S - Core 0 Frequency, 1516 MHz

S - PBL Patch Ver: 1

D -      6613 - pbl_apps_init_timestamp

D -      3434 - bootable_media_detect_timestamp

D -       811 - bl_elf_metadata_loading_timestamp

D -       703 - bl_hash_seg_auth_timestamp

D -     26496 - bl_elf_loadable_segment_loading_timestamp

D -      4620 - bl_elf_segs_hash_verify_timestamp

D -     17366 - bl_sec_hash_seg_auth_timestamp

D -       822 - bl_sec_segs_hash_verify_timestamp

D -        29 - pbl_populate_shared_data_and_exit_timestamp

S -     60894 - PBL, End

B -     68625 - SBL1, Start

B -    194651 - SBL1 BUILD @ 21:01:04 on Jan 20 2026

B -    198707 - usb: eud_serial_upd , 0x8dbddd5e

D -    201971 - sbl1_hw_init

D -     10675 - boot_media_init

D -         0 - smss_load_cancel

B -    219966 - SMSS -  Image Load, Start

D -      2989 - SMSS -  Image Loaded, Delta - (0 Bytes)

D -       885 - Auth Metadata

D -      5948 - sbl1_xblconfig_init

B -    234514 - XBL Config -  Image Load, Start

D -         0 - shrm_load_cancel

B -    242078 - SHRM -  Image Load, Start

D -       579 - Auth Metadata

D -      1220 - Segments hash check

D -     12109 - SHRM -  Image Loaded, Delta - (39616 Bytes)

D -         0 - boot_default_cdt_init

D -       396 - boot_cdt_init

B -    266234 - CDT -  Image Load, Start

B -    268979 - CDT Version:3,Platform ID:32,Major ID:1,Minor ID:0,Subtype:7

D -     16318 - sbl1_hw_platform_pre_ddr

D -         0 - devcfg init

B -    294599 - PMIC A:2.0 B:1.0 C:2.2 I:1.0

B -    296368 - PM: PM8 0x4

B -    298686 - PM: xVdd reset

B -    301248 - PM: PON by PWR key DEB

B -    557204 - PM: SET_VAL:Skip

B -    558760 - PM: PSI: b0x06_v0x3f

B -    562816 - PM: Device Init # SPMI Transn: 15424

D -    278373 - pm_device_init, Delta

B -    568489 - pm_driver_init, Start

B -    579683 - PM: Driver Init # SPMI Transn: 504

D -      7747 - pm_driver_init, Delta

B -    584563 - PM: damsink err_flag = 0x0

B -    587857 - PM: dam aicl err_flag = 0x0

B -    592615 - PM: Battery ID: 10048Ohm

B -    595817 - PM: debug board connected

B -    599538 - vsense_init, Start

D -         0 - vsense_init, Delta

D -    322049 - sbl1_hw_pre_ddr_init

D -         0 - boot_dload_handle_forced_dload_timeout

D -      2959 - sbl1_load_ddr_training_data

B -    618235 - Pre_DDR_clock_init, Start

D -       213 - Pre_DDR_clock_init, Delta

D -     12901 - sbl1_ddr_set_params

B -    629947 - sbl1_ddr_init, Start

B -    633363 - LP5 DDR detected

D -     15769 - sbl1_ddr_init, Delta

B -    649101 - DSF version = 262.0.47

B -    652456 - Manufacturer ID = 13, Device Type = 8

B -    656055 - Rank 0 size = 4096 MB, Rank 1 size = 4096 MB

D -     31232 - sbl1_ddr_init

D -         0 - boot_pre_ddi_entry

B -    669261 - do_ddr_training, Start

B -    710436 - DDR: Start of DDR Training Restore

B -    714066 - Current DDR Freq = 2096 MHz

B -    715103 - Max enabled DDR Freq = 2736 MHz

B -    719129 - DDR: End of DDR Training Restore

D -     51057 - do_ddr_training, Delta

D -     58865 - sbl1_do_ddr_training

D -       732 - boot_ddi_entry

B -    734958 - Pimem init cmd, entry

D -      9181 - Pimem init cmd, exit

B -    747463 - External heap init, Start

B -    750452 - External heap init, End

D -     23241 - sbl1_post_ddr_init

D -       122 - sbl1_hw_init_secondary

B -    761432 - DDR -  Image Load, Start

B -    765184 - usb: emmc_parti_unavail

B -    768752 - usb: sdc_parti_unavail

B -    772443 - usb: Serial - 8dbddd5e

B -    776042 - usb: fedl, vbus_low

D -     14549 - boot_fedl_check

B -    782904 - APDP -  Image Load, Start

D -      3203 - APDP -  Image Loaded, Delta - (64 Bytes)

D -         0 - boot_dload_dump_security_regions

D -         0 - ramdump_load_cancel

B -    799344 - RamDump -  Image Load, Start

D -      3324 - RamDump -  Image Loaded, Delta - (0 Bytes)

D -        31 - boot_update_abnormal_reset_status

D -         0 - boot_cache_set_memory_barrier

D -         0 - boot_smem_debug_init

D -       579 - boot_smem_init

D -        31 - boot_smem_alloc_for_minidump

D -        92 - boot_smem_store_pon_status

D -        30 - sbl1_hw_platform_smem

D -        92 - boot_ddr_share_data_to_aop

D -       488 - boot_clock_init_rpm

D -         0 - boot_vsense_copy_to_smem

D -        31 - boot_populate_ram_partition_table

D -        30 - boot_populate_ddr_details_shared_table

D -         0 - sbl1_tlmm_init

D -         0 - sbl1_efs_handle_cookies

B -    862113 - OEM_MISC -  Image Load, Start

D -       793 - Auth Metadata

D -       244 - Segments hash check

D -     10644 - OEM_MISC -  Image Loaded, Delta - (7512 Bytes)

B -    876051 - QTI_MISC -  Image Load, Start

D -      5734 - QTI_MISC -  Image Loaded, Delta - (0 Bytes)

B -    891301 - PM: PM Total Mem Allocated: 2340 

D -      5459 - sbl1_pm_aop_pre_init_wrapper

B -    895968 - AOP -  Image Load, Start

D -       701 - Auth Metadata

D -      1647 - Segments hash check

D -     18422 - AOP -  Image Loaded, Delta - (203304 Bytes)

B -    917684 - QSEE Dev Config -  Image Load, Start

D -       641 - Auth Metadata

D -       457 - Segments hash check

D -     13054 - QSEE Dev Config -  Image Loaded, Delta - (41144 Bytes)

B -    939766 - QSEE -  Image Load, Start

D -     17690 - Auth Metadata

D -     21929 - Segments hash check

D -    230092 - QSEE -  Image Loaded, Delta - (3734195 Bytes)

D -        30 - sbl1_hw_play_vibr

B -   1178794 - SEC -  Image Load, Start

D -      3355 - SEC -  Image Loaded, Delta - (64 Bytes)

B -   1185687 - CPUCPFW -  Image Load, Start

D -     17050 - Auth Metadata

D -     17629 - Segments hash check

D -     52796 - CPUCPFW -  Image Loaded, Delta - (171300 Bytes)

B -   1247480 - QHEE -  Image Load, Start

D -     17324 - Auth Metadata

D -      5185 - Segments hash check

D -     41206 - QHEE -  Image Loaded, Delta - (432112 Bytes)

B -   1292010 - APPSBL -  Image Load, Start

D -       762 - Auth Metadata

D -     15494 - Segments hash check

D -    170770 - APPSBL -  Image Loaded, Delta - (3620864 Bytes)

D -         0 - sbl1_save_appsbl_index

B -   1471991 - SBL1, End

D -   1406873 - SBL1, Delta

S - Flash Throughput, 23235 KB/s  (8411417 Bytes,  362674 us)

S - DDR Frequency, 1555 MHz

?S - Format: Log Type - Time(microsec) - Message - Optional Info

S - Log Type: B - Since Boot(Power On Reset),  D - Delta,  S - Statistic

S - QC_IMAGE_VERSION_STRING=BOOT.MXF.1.0.1-00549-KODIAKWP-1

S - IMAGE_VARIANT_STRING=SocKodiakWP

S - OEM_IMAGE_VERSION_STRING=wa-lxc

S - Boot Interface: SPI

S - Secure Boot: Off

S - Boot Config @ 0x00786070 = 0x000000c9

S - JTAG ID @ 0x00786130 = 0x001980e1

S - OEM ID @ 0x00786138 = 0x00000000

S - Serial Number @ 0x00786134 = 0x8dbddd5e

S - OEM Config Row 0 @ 0x007841c0 = 0x0000000000000000

S - OEM Config Row 1 @ 0x007841c8 = 0x0000000000000000

S - Feature Config Row 0 @ 0x00784148 = 0x0000000000000000

S - Feature Config Row 1 @ 0x00784150 = 0x0000000000000000

S - Core 0 Frequency, 1516 MHz

S - PBL Patch Ver: 1

D -      6613 - pbl_apps_init_timestamp

D -      3433 - bootable_media_detect_timestamp

D -       812 - bl_elf_metadata_loading_timestamp

D -       706 - bl_hash_seg_auth_timestamp

D -     26497 - bl_elf_loadable_segment_loading_timestamp

D -      4617 - bl_elf_segs_hash_verify_timestamp

D -     17364 - bl_sec_hash_seg_auth_timestamp

D -       821 - bl_sec_segs_hash_verify_timestamp

D -        30 - pbl_populate_shared_data_and_exit_timestamp

S -     60893 - PBL, End

B -     69692 - SBL1, Start

B -    197823 - SBL1 BUILD @ 21:01:04 on Jan 20 2026

B -    201971 - usb: eud_serial_upd , 0x8dbddd5e

D -    205295 - sbl1_hw_init

D -     10858 - boot_media_init

D -         0 - smss_load_cancel

B -    223534 - SMSS -  Image Load, Start

D -      3050 - SMSS -  Image Loaded, Delta - (0 Bytes)

D -       946 - Auth Metadata

D -      6039 - sbl1_xblconfig_init

B -    238296 - XBL Config -  Image Load, Start

D -         0 - shrm_load_cancel

B -    245982 - SHRM -  Image Load, Start

D -       580 - Auth Metadata

D -      1281 - Segments hash check

D -     12353 - SHRM -  Image Loaded, Delta - (39616 Bytes)

D -         0 - boot_default_cdt_init

D -       396 - boot_cdt_init

B -    270565 - CDT -  Image Load, Start

B -    273341 - CDT Version:3,Platform ID:32,Major ID:1,Minor ID:0,Subtype:7

D -     16561 - sbl1_hw_platform_pre_ddr

D -         0 - devcfg init

B -    299357 - PMIC A:2.0 B:1.0 C:2.2 I:1.0

B -    301126 - PM: Reset by PSHOLD

B -    303505 - PM: Reset Type: Hard Reset

B -    558699 - PM: SET_VAL:Skip

B -    560224 - PM: PSI: b0x06_v0x3f

B -    564311 - PM: Device Init # SPMI Transn: 15297

D -    275232 - pm_device_init, Delta

B -    569984 - pm_driver_init, Start

B -    581177 - PM: Driver Init # SPMI Transn: 504

D -      7716 - pm_driver_init, Delta

B -    586057 - PM: damsink err_flag = 0x0

B -    589321 - PM: dam aicl err_flag = 0x0

B -    594079 - PM: Battery ID: 10044Ohm

B -    597281 - PM: debug board connected

B -    601033 - vsense_init, Start

D -         0 - vsense_init, Delta

D -    318908 - sbl1_hw_pre_ddr_init

D -         0 - boot_dload_handle_forced_dload_timeout

D -      2989 - sbl1_load_ddr_training_data

B -    619729 - Pre_DDR_clock_init, Start

D -       214 - Pre_DDR_clock_init, Delta

D -     12902 - sbl1_ddr_set_params

B -    631441 - sbl1_ddr_init, Start

B -    634827 - LP5 DDR detected

D -     15769 - sbl1_ddr_init, Delta

B -    650565 - DSF version = 262.0.47

B -    653920 - Manufacturer ID = 13, Device Type = 8

B -    657519 - Rank 0 size = 4096 MB, Rank 1 size = 4096 MB

D -     31202 - sbl1_ddr_init

D -         0 - boot_pre_ddi_entry

B -    670725 - do_ddr_training, Start

B -    711900 - DDR: Start of DDR Training Restore

B -    715530 - Current DDR Freq = 2096 MHz

B -    716567 - Max enabled DDR Freq = 2736 MHz

B -    720593 - DDR: End of DDR Training Restore

D -     51057 - do_ddr_training, Delta

D -     58865 - sbl1_do_ddr_training

D -       732 - boot_ddi_entry

B -    736392 - Pimem init cmd, entry

D -      9211 - Pimem init cmd, exit

B -    748927 - External heap init, Start

B -    751916 - External heap init, End

D -     23241 - sbl1_post_ddr_init

D -        92 - sbl1_hw_init_secondary

B -    762866 - DDR -  Image Load, Start

B -    766648 - usb: emmc_parti_unavail

B -    770216 - usb: sdc_parti_unavail

B -    773876 - usb: Serial - 8dbddd5e

B -    777506 - usb: fedl, vbus_low

D -     14549 - boot_fedl_check

B -    784338 - APDP -  Image Load, Start

D -      3233 - APDP -  Image Loaded, Delta - (64 Bytes)

D -        31 - boot_dload_dump_security_regions

D -         0 - ramdump_load_cancel

B -    800808 - RamDump -  Image Load, Start

D -      3325 - RamDump -  Image Loaded, Delta - (0 Bytes)

D -        31 - boot_update_abnormal_reset_status

D -         0 - boot_cache_set_memory_barrier

D -         0 - boot_smem_debug_init

D -       579 - boot_smem_init

D -         0 - boot_smem_alloc_for_minidump

D -        92 - boot_smem_store_pon_status

D -        30 - sbl1_hw_platform_smem

D -        61 - boot_ddr_share_data_to_aop

D -       519 - boot_clock_init_rpm

D -         0 - boot_vsense_copy_to_smem

D -        31 - boot_populate_ram_partition_table

D -        30 - boot_populate_ddr_details_shared_table

D -         0 - sbl1_tlmm_init

D -         0 - sbl1_efs_handle_cookies

B -    863546 - OEM_MISC -  Image Load, Start

D -       762 - Auth Metadata

D -       244 - Segments hash check

D -     10675 - OEM_MISC -  Image Loaded, Delta - (7512 Bytes)

B -    877515 - QTI_MISC -  Image Load, Start

D -      5704 - QTI_MISC -  Image Loaded, Delta - (0 Bytes)

B -    892765 - PM: PM Total Mem Allocated: 2340 

D -      5459 - sbl1_pm_aop_pre_init_wrapper

B -    897432 - AOP -  Image Load, Start

D -       732 - Auth Metadata

D -      1617 - Segments hash check

D -     18361 - AOP -  Image Loaded, Delta - (203304 Bytes)

B -    919117 - QSEE Dev Config -  Image Load, Start

D -       610 - Auth Metadata

D -       458 - Segments hash check

D -     13024 - QSEE Dev Config -  Image Loaded, Delta - (41144 Bytes)

B -    941169 - QSEE -  Image Load, Start

D -     17721 - Auth Metadata

D -     22082 - Segments hash check

D -    230305 - QSEE -  Image Loaded, Delta - (3734195 Bytes)

D -        31 - sbl1_hw_play_vibr

B -   1180411 - SEC -  Image Load, Start

D -      3324 - SEC -  Image Loaded, Delta - (64 Bytes)

B -   1187304 - CPUCPFW -  Image Load, Start

D -     17080 - Auth Metadata

D -     17629 - Segments hash check

D -     52826 - CPUCPFW -  Image Loaded, Delta - (171300 Bytes)

B -   1249158 - QHEE -  Image Load, Start

D -     17294 - Auth Metadata

D -      5154 - Segments hash check

D -     41175 - QHEE -  Image Loaded, Delta - (432112 Bytes)

B -   1293657 - APPSBL -  Image Load, Start

D -       763 - Auth Metadata

D -     15494 - Segments hash check

D -    170739 - APPSBL -  Image Loaded, Delta - (3620864 Bytes)

D -         0 - sbl1_save_appsbl_index

B -   1473638 - SBL1, End

D -   1407423 - SBL1, Delta

S - Flash Throughput, 23235 KB/s  (8411417 Bytes,  362828 us)

S - DDR Frequency, 1555 MHz





UEFI Start     [ 1685]

 - 0x09F001000 [ 1687] Sec.efi

ASLR        : OFF [WARNING]

DEP         : ON (RTB)

Timer Delta : +2 mS

RAM Entry 0 : Base 0x0080000000  Size 0x003B600000

RAM Entry 1 : Base 0x0180000000  Size 0x0100000000

RAM Entry 2 : Base 0x00C0000000  Size 0x00C0000000

Total Available RAM : 8118 MB (0x01FB600000)

Total Installed RAM : 8192 MB (0x0200000000)

Init 7 aux cores of 7

Init CPU core 1

Init CPU core 2

Init CPU core 3

Init CPU core 4

Init CPU core 5

Init CPU core 6

Init CPU core 7

  > Scheduler up on Core 1

Continue booting UEFI on Core 0

  > Scheduler up on Core 2

  > Scheduler up on Core 3

UEFI Ver    : 6.0.260120.BOOT.MXF.1.0.1-00549-KODIAKWP-1

Build Info  : 64b Jan 20 2026 21:01:25

Boot Device : NVME

PROD Mode   : TRUE

Retail      : TRUE

  > Scheduler up on Core 5

  > Scheduler up on Core 4

  > Scheduler up on Core 6

  > Scheduler up on Core 7

tz_armv8_smc_call failed, TzStatus = 0xFFFFFFFE,  SmcId = 0x32000403  

QseeResponse->result = 0xFFFFFF0F

Status = 0x7

Scm command failed to get RPMB provisioning State, Status: 0x00000007

TpmType returned from TZ (LoadApps.c)= 0x6654504D. 

tz_armv8_smc_call failed, TzStatus = 0xFFFFFFFE,  SmcId = 0x32000109  

QseeResponse->result = 0xFFFFFFFF

Status = 0x7

ActivateTzEmbeddedSecureImage Failed

tz_armv8_smc_call failed, TzStatus = 0xFFFFFFFE,  SmcId = 0x32000109  

QseeResponse->result = 0xFFFFFFFF

Status = 0x7

ActivateTzEmbeddedSecureImage Failed

Card Detection FAILED! Handle 0, Slot 0

eMMC module not found

HW Wdog Setting from PCD : Disabled

UFS GPIO7 value is 1

Skipping UFS initialization

PM0: 47, PM1: 63, PM2: 49, PM8: 46, 

Module cannot re-initialize DAL module environment

QcomChargerDxe:: QcomChargerInitialize Unsupported platform or PMIC. 

UsbConfigInit: Device isSku1Variant: 0

UsbConfigInit: SchgPmicInfo.PmicIndex =  (0x8)

UsbStartController: Starting Core 0 in mode: 1

SSUsbSetPhyMode: MuxValue:3, CCOutStatus:1

SSUsbSetPhyMode: CoreNum:0, MuxValue:3, CCOutStatus:1

UsbStartController: Starting Core 1 in mode: 1

UsbEnumeratePort: new device connected at port 0, HubIfc =0xFA9D8C18 

DisplayDxe: External Panel Mode#0 1024x600 59Hz selected.

Device booted from NVME/SPI_NORUsbEnumNewDevRootHub: HIGH on port 0

 UsbEnumNewDevRootHub: vid = 0x1A40 pid = 0x0101, Addr = 1

TpmCmdMaxSize  4096  TpmRspMaxSize  4096  

TpmManufacturerID  0x4D4F4351  

TpmHashAlgoBitmap  0x7  TpmActivePcrBanks 0x2 

ActivePcrBanks     0x2 

IndexArray 0x1  0xFF  0xFF 



UpdateMemoryArrayInfoTable: DDR Details: Manufacturer ID: 19, Device Type: 8, Num Channels: 2

tz_armv8_smc_call failed, TzStatus = 0xFFFFFFFE,  SmcId = 0x32000401  

QseeResponse->result = 0xFFFFFF03

Status = 0x7

UsbEnumeratePort: new device connected at port 1, HubIfc =0xFA9BEC98 

RpmbAutoProvisionMain: RPMB is already provisioned.

PCIE Port 0 Configuration Found! 

PCIE Port 1 Configuration Found! 

PCIe enum (0x3) start : 3620

Training start : 3649

Wait for link up start : 3669

PCIe Link up on port 0

UsbEnumNewDevHub: FULL on port 1

UsbSelectConfig: failed to connect driver Not Found, ignored

UsbEnumeratePort: new device connected at port 3, HubIfc =0xFA9BEC98 

Link up Failed..!! PCIe1, PARF_LTSSM: 0x0 

Training complete : 3920

Port 0 : x1, Gen 1

PCIe Links ready : 3921

PCIe Links setup in 301 ms

[EC] [FmpDeviceInit 1209] EC device is not initialized, Platform is 6490_IOT_industrial_kit or Dragon_Q6A

[EC] [FmpDeviceGetImageTypeIdGuidPtr 226] EC device is not active, returning Unsupported

[EC] [FmpDeviceGetVersion 563] EC device is not active, returning Unsupported

[EC] [FmpDeviceGetVersion 563] EC device is not active, returning Unsupported

[EC] [FmpDeviceGetLowestSupportedVersion 352] EC device is not yet initialized!

[KB] [I2CKeyboardEntryPoint 1882] - Unsupported platform type  32

 Could not find the Reset Data region .

UsbEnumNewDevHub: HIGH on port 3

UsbSelectConfig: failed to connect driver Not Found, ignored

[=3h[2J[0m[35m[40m ConnectConsoles Delta : 53382 micro sec

WaitParallelThreads InIt [ 4011] 

UEFI Ver           : 6.0.260120.BOOT.MXF.1.0.1-00549-KODIAKWP-1

Platform           : IOT

SKUVersion         : 32

Subtype            : 7

Boot Device        : NVME

Chip Name          : QCS6490

Chip Ver           : 1.0

Chip Num           : 0x8DBDDD5E

Chip ECID          : 0x042F8DBDDD5E

-----------------------------

 PlatformBdsPostConsoleInit Delta : 2408 micro sec

Continuing with BDS initialization

[QcomBds] No default boot app specified

 PlatformSecurityInit Delta : 384 micro sec

Block IO handles of partition /'C12A7328-F81F-11D2-BA4B-00A0C93EC93B/' not found

Failed to get block size of EFI partition. Status: Not Found

InitStoragePointersForCapsuleRawFile returned - Not Found!

InitCapsuleStoragePointers returned - Not Found.

DoCapsuleUpdate Delta : 1727 micro sec

ACPI: Loaded 1 tables

AML: AmlUpdateSjtg FEATURE_ID buffer is 0

AML: AmlUpdateSjtg JTAG_ID buffer is 1671393

Attempting to start: Firmware provisioning

: DppProtocol->GetDPP returned Not Found

 HandleMorPpi delta: 1

Platform Init End : 4030

-----------------------------

 PlatBdsSocPostProc Delta : 14504 micro sec

WARNING: TPM2 Event log has HashAlg unsupported by PCR bank (0x4)

WARNING: TPM2 Event log has HashAlg unsupported by PCR bank (0xC)

Get Smbios ---, Status = (0x800000000000000E)

GetEmmcHandle failed, Status = 0x0

 PlatBdsPostFwConfigSec Delta : 10569 micro sec

 Entered MeasurePeImg...

/local/mnt/workspace/CRMBuilds/BOOT.MXF.1.0.1-00549-KODIAKWP-1_20250921_095415/b/boot_images/boot/QcomPkg/Drivers/TrEEDxe/TrEEDxe.c..HashLogExtendEvent:480 Failed! input = 0x2  

/local/mnt/workspace/CRMBuilds/BOOT.MXF.1.0.1-00549-KODIAKWP-1_20250921_095415/b/boot_images/boot/QcomPkg/Drivers/MeasureBootDxe/MeasureBootDxe.c..HashExtendLogTreeEvent: 319 Failed! input = 0x1  

/local/mnt/workspace/CRMBuilds/BOOT.MXF.1.0.1-00549-KODIAKWP-1_20250921_095415/b/boot_images/boot/QcomPkg/Drivers/MeasureBootDxe/MeasureBootDxe.c..MeasurePeImgAll: 1290 Failed! input = 0x1  

/local/mnt/workspace/CRMBuilds/BOOT.MXF.1.0.1-00549-KODIAKWP-1_20250921_095415/b/boot_images/boot/QcomPkg/Drivers/MeasureBootDxe/MeasureBootDxe.c..MeasureBootVariables:782 Failed! input = 0xE  

/local/mnt/workspace/CRMBuilds/BOOT.MXF.1.0.1-00549-KODIAKWP-1_20250921_095415/b/boot_images/boot/QcomPkg/Drivers/MeasureBootDxe/MeasureBootDxe.c..MeasurePeImgAll: 1293 Failed! input = 0x1  

Press F2 to enter Setup, F5 to enter UEFI Shell, F12 to enter Boot menu

Auto boot in 5 seconds

Auto boot in 4 seconds

Auto boot in 3 seconds

Auto boot in 2 seconds

Auto boot in 1 seconds

UEFI Total : 7772 ms

POST Time      [ 9457] OS Loader

[QcomBds] Could not find bootable handle

UEFI Total : 8164 ms

POST Time      [ 9849] OS Loader

[QcomBds] Could not find bootable handle

[QcomBds] Boot Device Order:

[QcomBds]   [0]: USB

[QcomBds]   [1]: SD

[QcomBds]   [2]: NVMe

[QcomBds]   [3]: eMMC

[QcomBds]   [4]: UFS

[QcomBds] Trying device 0: USB

[QcomBds] Trying device 1: SD

UEFI Total : 10500 ms

POST Time      [12185] OS Loader

 Entered MeasurePeImg...

/local/mnt/workspace/CRMBuilds/BOOT.MXF.1.0.1-00549-KODIAKWP-1_20250921_095415/b/boot_images/boot/QcomPkg/Drivers/TrEEDxe/TrEEDxe.c..HashLogExtendEvent:480 Failed! input = 0x2  

/local/mnt/workspace/CRMBuilds/BOOT.MXF.1.0.1-00549-KODIAKWP-1_20250921_095415/b/boot_images/boot/QcomPkg/Drivers/MeasureBootDxe/MeasureBootDxe.c..HashExtendLogTreeEvent: 319 Failed! input = 0x1  

/local/mnt/workspace/CRMBuilds/BOOT.MXF.1.0.1-00549-KODIAKWP-1_20250921_095415/b/boot_images/boot/QcomPkg/Drivers/MeasureBootDxe/MeasureBootDxe.c..MeasurePeImgAll: 1290 Failed! input = 0x1  

[0m[37m[40m[INFO] efi_main: embloader (Embedded Bootloader) version 0.4.r1.9f8e74b

[DEBUG] efi_main: function efi_main at 0xf0383678

[WARNING] find_embloader_folder: embloader folder not found

[DEBUG] efi_main: Final configuration:

[DEBUG] config: {}

[INFO] efi_main: parsing smbios

[WARNING] efi_main: no matched device found in config

[INFO] sdboot_boot_load_menu: loading systemd-boot menu

[INFO] sdboot_check_fs: Found systemd-boot folder in VenHw(D1531D41-3F80-4091-8D0A-541F59236D66)/HD(

1,GPT,3284953E-2CDC-4105-A95A-76FA5CBA58AC,0x800,0x80000)

[INFO] sdboot_boot_load_file: loading sdboot boot config from file /loader/loader.conf

[INFO] sdboot_boot_load_file: loading sdboot boot config from file android.conf

[DEBUG] sdboot_boot_load_file: created sdboot loader android

[DEBUG] sdboot_boot_load_root: use timeout value 5 from sdboot config

[DEBUG] sdboot_boot_load_root: found default entry android.conf in sdboot config

[DEBUG] sdboot_boot_load_root: use default entry android.conf from sdboot config

[INFO] sdboot_boot_load_menu: loaded systemd-boot menu from current device

[Warn]	(0.000, +0)	 lv_uefi_simple_pointer_indev_add_handle: [lv_uefi] The SIMPLE_POINTER inter

face is not valid. lv_uefi_indev_pointer.c:124



Embedded Boot Loader GUI Menu Serial Alternative

[INFO] embloader_gui_menu_start: lvgl gui menu started

[WARNING] load_xml_from: failed to read XML file menu-main.xml for menu-main: Invalid Parameter

[WARNING] filter_supports: disabled for Qualcomm UEFI

[WARNING] embloader_tui_menu_start: this platform have bad console, skip TUI menu



========================================

= Embedded Bootloader menu

========================================

  1. Android 13 ??? Dragon Q6A

  2. Reboot Into Firmware Interface

========================================

Menu timeout: 5 seconds

Default option: (1) Android 13 ??? Dragon Q6A

Select an option (1-2) or press Enter to boot default: 

Timeout

Booting default option (1) Android 13 ??? Dragon Q6A



[INFO] embloader_loader_boot: booting Android 13 ??? Dragon Q6A (android) ...

[INFO] embloader_loader_boot_sdboot: booting sdboot loader Android 13 ??? Dragon Q6A ...

[INFO] linux_load_kernel: loading kernel /Android/Image

[INFO] linux_load_kernel: loaded kernel /Android/Image size 61.25MiB (64223744 bytes)

[INFO] linux_load_kernel: kernel /Android/Image at 0xf6374000 with 15680 pages

[INFO] linux_load_initramfs: loading initramfs /Android/ramdisk.img

[INFO] linux_load_initramfs: loaded initramfs /Android/ramdisk.img size 15.90MiB (15823297 bytes)

[INFO] linux_load_initramfs: loaded 1 initramfs size 15.90MiB (15823297 bytes)

[INFO] linux_load_initramfs: initramfs collections (1) at 0xef00b000 with 3864 pages

[INFO] linux_load_bootargs: loaded bootargs console=tty0 console=ttyMSM0,115200n8 earlycon=qcom_geni

,0x00994000 fbcon=nodefer video=efifb:keep video=HDMI-A-1:1280x720@60e keep_bootcon ignore_loglevel 

loglevel=8 initcall_debug modprobe.blacklist=msm panic=10 coherent_pool=2M firmware_class.path=/vend

or/firmware irqchip.gicv3_pseudo_nmi=0 psi=1 selinux=1 androidboot.force_normal_boot=1 androidboot.s

lot_suffix=_a androidboot.hardware=dragon_q6a androidboot.selinux=permissive androidboot.boot_device

s=soc@0/8804000.mmc lsm=landlock,lockdown,yama,integrity,selinux,bpf printk.devkmsg=on

[DEBUG] linux_try_load_dtb: try load dtb /Android/qcs6490-radxa-dragon-q6a.dtb

[INFO] linux_try_load_dtb: read dtb /Android/qcs6490-radxa-dragon-q6a.dtb size 180.70KiB (184388 byt

es)

[INFO] linux_try_load_dtb: load dtb /Android/qcs6490-radxa-dragon-q6a.dtb successfully

[INFO] linux_try_load_dtb: dtb model: Radxa Dragon Q6A

[INFO] linux_try_load_dtb: dtb compatible: radxa,dragon-q6a

[DEBUG] linux_data_load: linux boot data prepared

[DEBUG] efi_dtfixup: applying efi dtfixup protocol

[INFO] efi_dtfixup: efi dtfixup applied successfully

[INFO] embloader_start_efi: load efi image at 0xf6374000...

 Entered MeasurePeImg...

/local/mnt/workspace/CRMBuilds/BOOT.MXF.1.0.1-00549-KODIAKWP-1_20250921_095415/b/boot_images/boot/QcomPkg/Drivers/TrEEDxe/TrEEDxe.c..HashLogExtendEvent:480 Failed! input = 0x2  

/local/mnt/workspace/CRMBuilds/BOOT.MXF.1.0.1-00549-KODIAKWP-1_20250921_095415/b/boot_images/boot/QcomPkg/Drivers/MeasureBootDxe/MeasureBootDxe.c..HashExtendLogTreeEvent: 319 Failed! input = 0x1  

/local/mnt/workspace/CRMBuilds/BOOT.MXF.1.0.1-00549-KODIAKWP-1_20250921_095415/b/boot_images/boot/QcomPkg/Drivers/MeasureBootDxe/MeasureBootDxe.c..MeasurePeImgAll: 1290 Failed! input = 0x1  

DetectLinuxKernelVersion Delta : 42510 micro sec

[INFO] embloader_start_efi: use cmdline console=tty0 console=ttyMSM0,115200n8 earlycon=qcom_geni,0x0

0994000 fbcon=nodefer video=efifb:keep video=HDMI-A-1:1280x720@60e keep_bootcon ignore_loglevel logl

evel=8 initcall_debug modprobe.blacklist=msm panic=10 coherent_pool=2M firmware_class.path=/vendor/f

irmware irqchip.gicv3_pseudo_nmi=0 psi=1 selinux=1 androidboot.force_normal_boot=1 androidboot.slot_

suffix=_a androidboot.hardware=dragon_q6a androidboot.selinux=permissive androidboot.boot_devices=so

c@0/8804000.mmc lsm=landlock,lockdown,yama,integrity,selinux,bpf printk.devkmsg=on

[INFO] embloader_start_efi: start efi image...

Start EBS        [22836] 

Start EBS        [22839] 

ScmArmV8ExitBootServicesHandler, Status = 0x0. 

Exit EBS        [23601] UEFI End

[    0.000000] printk: debug: ignoring loglevel setting.

[    0.000000] efi: EFI v2.7 by Qualcomm Technologies, Inc.

[    0.000000] efi: ACPI 2.0=0xffffd000 MEMATTR=0xfa3eb018 ESRT=0xfa30ee98 SMBIOS=0xffed1000 TPMEventLog=0xfffc6018 INITRD=0xf0075f98 RNG=0xfffc6e98 MEMRESERVE=0xf0075d18 

[    0.000000] random: crng init done

[    0.000000] TPM Final Events table not present

[    0.000000] esrt: Reserving ESRT space from 0x00000000fa30ee98 to 0x00000000fa30eef8.

[    0.000000] OF: reserved mem: 0x0000000080000000..0x00000000805fffff (6144 KiB) nomap non-reusable hyp@80000000

[    0.000000] OF: reserved mem: 0x0000000080600000..0x00000000807fffff (2048 KiB) nomap non-reusable xbl@80600000

[    0.000000] OF: reserved mem: 0x0000000080800000..0x000000008085ffff (384 KiB) nomap non-reusable aop@80800000

[    0.000000] OF: reserved mem: 0x0000000080860000..0x000000008087ffff (128 KiB) nomap non-reusable aop-cmd-db@80860000

[    0.000000] OF: reserved mem: 0x0000000080884000..0x0000000080893fff (64 KiB) nomap non-reusable xbl-uefi-res@80880000

[    0.000000] OF: reserved mem: 0x00000000808ff000..0x00000000808fffff (4 KiB) nomap non-reusable sec-apps@808ff000

[    0.000000] OF: reserved mem: 0x0000000080900000..0x0000000080afffff (2048 KiB) nomap non-reusable smem@80900000

[    0.000000] OF: reserved mem: 0x0000000080b00000..0x0000000080bfffff (1024 KiB) nomap non-reusable cpucp@80b00000

[    0.000000] OF: reserved mem: 0x0000000081800000..0x00000000826fffff (15360 KiB) nomap non-reusable lpass-ml@81800000

[    0.000000] OF: reserved mem: 0x0000000082700000..0x000000008270ffff (64 KiB) nomap non-reusable cdsp-secure-heap@82700000

[    0.000000] OF: reserved mem: 0x000000008b800000..0x000000008dffffff (40960 KiB) nomap non-reusable adsp@8b800000

[    0.000000] OF: reserved mem: 0x000000008e000000..0x000000008fdfffff (30720 KiB) nomap non-reusable cdsp@8e000000

[    0.000000] OF: reserved mem: 0x000000008fe00000..0x00000000902fffff (5120 KiB) nomap non-reusable video@8fe00000

[    0.000000] OF: reserved mem: 0x0000000090300000..0x0000000090304fff (20 KiB) nomap non-reusable zap@90300000

[    0.000000] OF: reserved mem: 0x00000000c0000000..0x00000000c00fffff (1024 KiB) nomap non-reusable tz-stat@c0000000

[    0.000000] OF: reserved mem: 0x00000000c0100000..0x00000000c12fffff (18432 KiB) nomap non-reusable tags@c0100000

[    0.000000] OF: reserved mem: 0x00000000c1300000..0x00000000c17fffff (5120 KiB) nomap non-reusable qtee@c1300000

[    0.000000] OF: reserved mem: 0x00000000c1800000..0x00000000c39fffff (34816 KiB) nomap non-reusable trusted-apps@c1800000

[    0.000000] OF: reserved mem: 0x00000000c6500000..0x00000000c6cfffff (8192 KiB) nomap non-reusable adsp-rpc-remote-heap@c6500000

[    0.000000] NUMA: Faking a node at [mem 0x0000000080000000-0x000000027fffffff]

[    0.000000] NODE_DATA(0) allocated [mem 0x27eda9c00-0x27edad37f]

[    0.000000] Zone ranges:

[    0.000000]   DMA      [mem 0x0000000080000000-0x00000000ffffffff]

[    0.000000]   DMA32    empty

[    0.000000]   Normal   [mem 0x0000000100000000-0x000000027fffffff]

[    0.000000]   Device   empty

[    0.000000] Movable zone start for each node

[    0.000000] Early memory node ranges

[    0.000000]   node   0: [mem 0x0000000080000000-0x00000000807fffff]

[    0.000000]   node   0: [mem 0x0000000080884000-0x00000000808b3fff]

[    0.000000]   node   0: [mem 0x00000000808b4000-0x00000000808fefff]

[    0.000000]   node   0: [mem 0x00000000808ff000-0x00000000808fffff]

[    0.000000]   node   0: [mem 0x0000000080b00000-0x000000008270ffff]

[    0.000000]   node   0: [mem 0x0000000082710000-0x00000000842fffff]

[    0.000000]   node   0: [mem 0x0000000084800000-0x000000008b7fffff]

[    0.000000]   node   0: [mem 0x0000000090309000-0x000000009f5f6fff]

[    0.000000]   node   0: [mem 0x000000009f5f7000-0x000000009f5fffff]

[    0.000000]   node   0: [mem 0x000000009f600000-0x000000009fffffff]

[    0.000000]   node   0: [mem 0x00000000a0000000-0x00000000a0001fff]

[    0.000000]   node   0: [mem 0x00000000a0002000-0x00000000a07fffff]

[    0.000000]   node   0: [mem 0x00000000a0800000-0x00000000a0afffff]

[    0.000000]   node   0: [mem 0x00000000a0b00000-0x00000000bb5fffff]

[    0.000000]   node   0: [mem 0x00000000c3a00000-0x00000000c50fffff]

[    0.000000]   node   0: [mem 0x00000000c6000000-0x00000000c64fffff]

[    0.000000]   node   0: [mem 0x00000000c6d00000-0x00000000c90fffff]

[    0.000000]   node   0: [mem 0x00000000c9100000-0x00000000eedfffff]

[    0.000000]   node   0: [mem 0x00000000eee00000-0x00000000eeffffff]

[    0.000000]   node   0: [mem 0x00000000ef000000-0x00000000ffa75fff]

[    0.000000]   node   0: [mem 0x00000000ffa76000-0x00000000fff21fff]

[    0.000000]   node   0: [mem 0x00000000fff22000-0x000000027fffffff]

[    0.000000] Initmem setup node 0 [mem 0x0000000080000000-0x000000027fffffff]

[    0.000000] On node 0, zone DMA: 132 pages in unavailable ranges

[    0.000000] On node 0, zone DMA: 512 pages in unavailable ranges

[    0.000000] On node 0, zone DMA: 1280 pages in unavailable ranges

[    0.000000] On node 0, zone DMA: 19209 pages in unavailable ranges

[    0.000000] On node 0, zone DMA: 33792 pages in unavailable ranges

[    0.000000] On node 0, zone DMA: 3840 pages in unavailable ranges

[    0.000000] On node 0, zone DMA: 2048 pages in unavailable ranges

[    0.000000] cma: Reserved 32 MiB at 0x00000000fda00000

[    0.000000] psci: probing for conduit method from DT.

[    0.000000] psci: PSCIv1.1 detected in firmware.

[    0.000000] psci: Using standard PSCI v0.2 function IDs

[    0.000000] psci: MIGRATE_INFO_TYPE not supported.

[    0.000000] psci: SMC Calling Convention v1.1

[    0.000000] psci: OSI mode supported.

[    0.000000] psci: [Firmware Bug]: failed to set PC mode: -3

[    0.000000] percpu: Embedded 26 pages/cpu s66328 r8192 d31976 u106496

[    0.000000] pcpu-alloc: s66328 r8192 d31976 u106496 alloc=26*4096

[    0.000000] pcpu-alloc: [0] 0 [0] 1 [0] 2 [0] 3 [0] 4 [0] 5 [0] 6 [0] 7 

[    0.000000] Detected VIPT I-cache on CPU0

[    0.000000] CPU features: detected: GICv3 CPU interface

[    0.000000] CPU features: kernel page table isolation forced ON by KASLR

[    0.000000] CPU features: detected: Kernel page table isolation (KPTI)

[    0.000000] CPU features: detected: Qualcomm erratum 1009, or ARM erratum 1286807, 2441009

[    0.000000] CPU features: detected: ARM errata 1165522, 1319367, or 1530923

[    0.000000] alternatives: applying boot alternatives

[    0.000000] Kernel command line: console=tty0 console=ttyMSM0,115200n8 earlycon=qcom_geni,0x00994000 fbcon=nodefer video=efifb:keep video=HDMI-A-1:1280x720@60e keep_bootcon ignore_loglevel loglevel=8 initcall_debug modprobe.blacklist=msm panic=10 coherent_pool=2M firmware_class.path=/vendor/firmware irqchip.gicv3_pseudo_nmi=0 psi=1 selinux=1 androidboot.force_normal_boot=1 androidboot.slot_suffix=_a androidboot.hardware=dragon_q6a androidboot.selinux=permissive androidboot.boot_devices=soc@0/8804000.mmc lsm=landlock,lockdown,yama,integrity,selinux,bpf printk.devkmsg=on

[    0.000000] printk: log buffer data + meta data: 2097152 + 7340032 = 9437184 bytes

[    0.000000] Dentry cache hash table entries: 1048576 (order: 11, 8388608 bytes, linear)

[    0.000000] Inode-cache hash table entries: 524288 (order: 10, 4194304 bytes, linear)

[    0.000000] software IO TLB: area num 8.

[    0.000000] software IO TLB: mapped [mem 0x00000000f630e000-0x00000000fa30e000] (64MB)

[    0.000000] Fallback order for Node 0: 0 

[    0.000000] Built 1 zonelists, mobility grouping on.  Total pages: 2036339

[    0.000000] Policy zone: Normal

[    0.000000] mem auto-init: stack:all(zero), heap alloc:on, heap free:off

[    0.000000] stackdepot: allocating hash table via alloc_large_system_hash

[    0.000000] stackdepot hash table entries: 524288 (order: 11, 8388608 bytes, linear)

[    0.000000] stackdepot: allocating space for 8192 stack pools via memblock

[    0.000000] SLUB: HWalign=64, Order=0-3, MinObjects=0, CPUs=8, Nodes=1

[    0.000000] Dynamic Preempt: voluntary

[    0.000000] rcu: Preemptible hierarchical RCU implementation.

[    0.000000] rcu: 	RCU restricting CPUs from NR_CPUS=512 to nr_cpu_ids=8.

[    0.000000] rcu: 	RCU priority boosting: priority 1 delay 500 ms.

[    0.000000] 	Trampoline variant of Tasks RCU enabled.

[    0.000000] 	Tracing variant of Tasks RCU enabled.

[    0.000000] rcu: RCU calculated value of scheduler-enlistment delay is 100 jiffies.

[    0.000000] rcu: Adjusting geometry for rcu_fanout_leaf=16, nr_cpu_ids=8

[    0.000000] RCU Tasks: Setting shift to 3 and lim to 1 rcu_task_cb_adjust=1 rcu_task_cpu_ids=8.

[    0.000000] RCU Tasks Trace: Setting shift to 3 and lim to 1 rcu_task_cb_adjust=1 rcu_task_cpu_ids=8.

[    0.000000] NR_IRQS: 64, nr_irqs: 64, preallocated irqs: 0

[    0.000000] GICv3: 928 SPIs implemented

[    0.000000] GICv3: 0 Extended SPIs implemented

[    0.000000] GICv3: MBI range [832:959]

[    0.000000] GICv3: Using MBI frame 0x0000000017a10000

[    0.000000] Root IRQ handler: gic_handle_irq

[    0.000000] GICv3: GICv3 features: 16 PPIs

[    0.000000] GICv3: GICD_CTLR.DS=0, SCR_EL3.FIQ=1

[    0.000000] GICv3: CPU0: found redistributor 0 region 0:0x0000000017a60000

[    0.000000] ITS: No ITS available, not enabling LPIs

[    0.000000] rcu: srcu_init: Setting srcu_struct sizes based on contention.

[    0.000000] arch_timer: cp15 timer running at 19.20MHz (virt).

[    0.000000] clocksource: arch_sys_counter: mask: 0xffffffffffffff max_cycles: 0x46d987e47, max_idle_ns: 440795202767 ns

[    0.000000] sched_clock: 56 bits at 19MHz, resolution 52ns, wraps every 4398046511078ns

[    0.008771] kfence: initialized - using 2097152 bytes for 255 objects at 0x(____ptrval____)-0x(____ptrval____)

[    0.019196] Console: colour dummy device 80x25

[    0.023771] printk: legacy console [tty0] enabled

[    0.029316] Calibrating delay loop (skipped), value calculated using timer frequency.. 38.40 BogoMIPS (lpj=19200)

[    0.039861] pid_max: default: 32768 minimum: 301

[    0.044734] LSM: initializing lsm=capability,landlock,yama,selinux

[    0.051212] landlock: Up and running.

[    0.054983] Yama: becoming mindful.

[    0.058592] SELinux:  Initializing.

[    0.062662] Mount-cache hash table entries: 16384 (order: 5, 131072 bytes, linear)

[    0.070461] Mountpoint-cache hash table entries: 16384 (order: 5, 131072 bytes, linear)

[    0.080737] entering initcall level: early

[    0.084968] calling  cpu_suspend_init+0x0/0x5c @ 1

[    0.089918] initcall cpu_suspend_init+0x0/0x5c returned 0 after 0 usecs

[    0.096720] calling  prevent_bootmem_remove_init+0x0/0x64 @ 1

[    0.102645] initcall prevent_bootmem_remove_init+0x0/0x64 returned 0 after 0 usecs

[    0.110429] calling  asids_init+0x0/0xc0 @ 1

[    0.114838] initcall asids_init+0x0/0xc0 returned 0 after 0 usecs

[    0.121114] calling  xen_guest_init+0x0/0x404 @ 1

[    0.125970] initcall xen_guest_init+0x0/0x404 returned 0 after 0 usecs

[    0.132686] calling  spawn_ksoftirqd+0x0/0x74 @ 1

[    0.137588] initcall spawn_ksoftirqd+0x0/0x74 returned 0 after 0 usecs

[    0.144308] calling  init_signal_sysctls+0x0/0x64 @ 1

[    0.149533] initcall init_signal_sysctls+0x0/0x64 returned 0 after 0 usecs

[    0.156608] calling  init_umh_sysctls+0x0/0x3c @ 1

[    0.161547] initcall init_umh_sysctls+0x0/0x3c returned 0 after 0 usecs

[    0.168347] calling  kthreads_init+0x0/0x3c @ 1

[    0.173023] initcall kthreads_init+0x0/0x3c returned 0 after 0 usecs

[    0.179568] calling  migration_init+0x0/0x28 @ 1

[    0.184325] initcall migration_init+0x0/0x28 returned 0 after 0 usecs

[    0.190955] calling  printk_set_kthreads_ready+0x0/0x58 @ 1

[    0.196691] initcall printk_set_kthreads_ready+0x0/0x58 returned 0 after 0 usecs

[    0.204303] calling  srcu_bootup_announce+0x0/0x94 @ 1

[    0.209597] rcu: Hierarchical SRCU implementation.

[    0.214530] rcu: 	Max phase no-delay instances is 400.

[    0.219821] initcall srcu_bootup_announce+0x0/0x94 returned 0 after 2000 usecs

[    0.227250] calling  rcu_spawn_gp_kthread+0x0/0x28c @ 1

[    0.232840] initcall rcu_spawn_gp_kthread+0x0/0x28c returned 0 after 0 usecs

[    0.240098] calling  check_cpu_stall_init+0x0/0x34 @ 1

[    0.245395] initcall check_cpu_stall_init+0x0/0x34 returned 0 after 0 usecs

[    0.252554] calling  rcu_sysrq_init+0x0/0x40 @ 1

[    0.257310] initcall rcu_sysrq_init+0x0/0x40 returned 0 after 0 usecs

[    0.263942] calling  tmigr_init+0x0/0x19c @ 1

[    0.268446] Timer migration: 1 hierarchy levels; 8 children per group; 1 crossnode level

[    0.276765] initcall tmigr_init+0x0/0x19c returned 0 after 1000 usecs

[    0.283399] calling  insert_crashkernel_resources+0x0/0x8c @ 1

[    0.289407] initcall insert_crashkernel_resources+0x0/0x8c returned 0 after 0 usecs

[    0.297277] calling  cpu_stop_init+0x0/0xd8 @ 1

[    0.302000] initcall cpu_stop_init+0x0/0xd8 returned 0 after 0 usecs

[    0.308540] calling  init_kprobes+0x0/0x17c @ 1

[    0.313476] initcall init_kprobes+0x0/0x17c returned 0 after 0 usecs

[    0.320018] calling  irq_work_init_threads+0x0/0x8 @ 1

[    0.325313] initcall irq_work_init_threads+0x0/0x8 returned 0 after 0 usecs

[    0.332471] calling  jump_label_init_module+0x0/0x28 @ 1

[    0.337938] initcall jump_label_init_module+0x0/0x28 returned 0 after 0 usecs

[    0.345280] calling  init_zero_pfn+0x0/0x28 @ 1

[    0.349949] initcall init_zero_pfn+0x0/0x28 returned 0 after 0 usecs

[    0.356486] calling  init_fs_inode_sysctls+0x0/0x40 @ 1

[    0.361869] initcall init_fs_inode_sysctls+0x0/0x40 returned 0 after 0 usecs

[    0.369127] calling  init_fs_locks_sysctls+0x0/0x3c @ 1

[    0.374511] initcall init_fs_locks_sysctls+0x0/0x3c returned 0 after 0 usecs

[    0.381766] calling  init_fs_sysctls+0x0/0x3c @ 1

[    0.386621] initcall init_fs_sysctls+0x0/0x3c returned 0 after 0 usecs

[    0.393339] calling  init_security_keys_sysctls+0x0/0x3c @ 1

[    0.399166] initcall init_security_keys_sysctls+0x0/0x3c returned 0 after 0 usecs

[    0.406865] calling  dynamic_debug_init+0x0/0x2d8 @ 1

[    0.412482] initcall dynamic_debug_init+0x0/0x2d8 returned 0 after 0 usecs

[    0.419561] calling  its_fsl_mc_msi_init+0x0/0xb4 @ 1

[    0.425075] initcall its_fsl_mc_msi_init+0x0/0xb4 returned 0 after 0 usecs

[    0.432155] calling  cci_init+0x0/0x30 @ 1

[    0.436749] initcall cci_init+0x0/0x30 returned -19 after 0 usecs

[    0.443030] calling  brcmstb_soc_device_early_init+0x0/0xa8 @ 1

[    0.450085] initcall brcmstb_soc_device_early_init+0x0/0xa8 returned 0 after 0 usecs

[    0.458062] calling  brcmstb_biuctrl_init+0x0/0x4c8 @ 1

[    0.463585] initcall brcmstb_biuctrl_init+0x0/0x4c8 returned 0 after 0 usecs

[    0.470835] calling  renesas_soc_init+0x0/0x398 @ 1

[    0.475870] initcall renesas_soc_init+0x0/0x398 returned -19 after 0 usecs

[    0.482944] calling  tegra_init_fuse+0x0/0x20c @ 1

[    0.488917] initcall tegra_init_fuse+0x0/0x20c returned 0 after 1000 usecs

[    0.495993] calling  tegra_flowctrl_init+0x0/0x100 @ 1

[    0.501293] initcall tegra_flowctrl_init+0x0/0x100 returned 0 after 0 usecs

[    0.508453] calling  tegra_pmc_early_init+0x0/0x2a8 @ 1

[    0.514785] initcall tegra_pmc_early_init+0x0/0x2a8 returned 0 after 0 usecs

[    0.522037] calling  tegra186_ari_init+0x0/0x7c @ 1

[    0.527063] initcall tegra186_ari_init+0x0/0x7c returned 0 after 0 usecs

[    0.533962] calling  rcar_sysc_pd_init+0x0/0x434 @ 1

[    0.540216] initcall rcar_sysc_pd_init+0x0/0x434 returned -19 after 1000 usecs

[    0.547648] calling  unpopulated_init+0x0/0x70 @ 1

[    0.552588] initcall unpopulated_init+0x0/0x70 returned -19 after 0 usecs

[    0.559576] calling  efi_memreserve_root_init+0x0/0x54 @ 1

[    0.565233] initcall efi_memreserve_root_init+0x0/0x54 returned 0 after 0 usecs

[    0.572747] calling  arm_enable_runtime_services+0x0/0x2e0 @ 1

[    0.578758] Remapping and enabling EFI services.

[    0.583595] initcall arm_enable_runtime_services+0x0/0x2e0 returned 0 after 1000 usecs

[    0.591739] calling  efi_earlycon_remap_fb+0x0/0x7c @ 1

[    0.597120] initcall efi_earlycon_remap_fb+0x0/0x7c returned 0 after 0 usecs

[    0.604376] calling  dummy_timer_register+0x0/0x3c @ 1

[    0.609676] initcall dummy_timer_register+0x0/0x3c returned 0 after 0 usecs

[    0.617065] smp: Bringing up secondary CPUs ...

[    0.622420] Detected VIPT I-cache on CPU1

[    0.622564] GICv3: CPU1: found redistributor 100 region 0:0x0000000017a80000

[    0.622603] CPU1: Booted secondary processor 0x0000000100 [0x412fd050]

[    0.623242] Detected VIPT I-cache on CPU2

[    0.623358] GICv3: CPU2: found redistributor 200 region 0:0x0000000017aa0000

[    0.623381] CPU2: Booted secondary processor 0x0000000200 [0x412fd050]

[    0.623943] Detected VIPT I-cache on CPU3

[    0.624058] GICv3: CPU3: found redistributor 300 region 0:0x0000000017ac0000

[    0.624081] CPU3: Booted secondary processor 0x0000000300 [0x412fd050]

[    0.625161] CPU features: detected: Spectre-v4

[    0.625164] CPU features: detected: Spectre-BHB

[    0.625166] CPU features: detected: SSBS not fully self-synchronizing

[    0.625168] Detected PIPT I-cache on CPU4

[    0.625209] GICv3: CPU4: found redistributor 400 region 0:0x0000000017ae0000

[    0.625221] CPU4: Booted secondary processor 0x0000000400 [0x411fd411]

[    0.625767] Detected PIPT I-cache on CPU5

[    0.625810] GICv3: CPU5: found redistributor 500 region 0:0x0000000017b00000

[    0.625823] CPU5: Booted secondary processor 0x0000000500 [0x411fd411]

[    0.626374] Detected PIPT I-cache on CPU6

[    0.626417] GICv3: CPU6: found redistributor 600 region 0:0x0000000017b20000

[    0.626429] CPU6: Booted secondary processor 0x0000000600 [0x411fd411]

[    0.627028] Detected PIPT I-cache on CPU7

[    0.627067] GICv3: CPU7: found redistributor 700 region 0:0x0000000017b40000

[    0.627079] CPU7: Booted secondary processor 0x0000000700 [0x411fd411]

[    0.627133] smp: Brought up 1 node, 8 CPUs

[    0.773771] SMP: Total of 8 processors activated.

[    0.778618] CPU: All CPU(s) started at EL1

[    0.782850] CPU features: detected: 32-bit EL0 Support

[    0.788142] CPU features: detected: Data cache clean to the PoU not required for I/D coherence

[    0.796999] CPU features: detected: Common not Private translations

[    0.803441] CPU features: detected: CRC32 instructions

[    0.808732] CPU features: detected: Data cache clean to Point of Persistence

[    0.815987] CPU features: detected: RCpc load-acquire (LDAPR)

[    0.821904] CPU features: detected: LSE atomic instructions

[    0.827633] CPU features: detected: Privileged Access Never

[    0.833362] CPU features: detected: PMUv3

[    0.837487] CPU features: detected: RAS Extension Support

[    0.843050] CPU features: detected: Speculative Store Bypassing Safe (SSBS)

[    0.850266] alternatives: applying system-wide alternatives

[    0.859802] CPU features: detected: Hardware dirty bit management on CPU4-7

[    0.867303] Memory: 7702156K/8145356K available (19776K kernel code, 12414K rwdata, 16268K rodata, 14080K init, 3096K bss, 404300K reserved, 32768K cma-reserved)

[    0.883902] devtmpfs: initialized

[    0.892084] entering initcall level: pure

[    0.896233] calling  bpf_jit_charge_init+0x0/0x4c @ 1

[    0.901435] initcall bpf_jit_charge_init+0x0/0x4c returned 0 after 0 usecs

[    0.908494] calling  ipc_ns_init+0x0/0x68 @ 1

[    0.912991] initcall ipc_ns_init+0x0/0x68 returned 0 after 0 usecs

[    0.919339] calling  init_mmap_min_addr+0x0/0x5c @ 1

[    0.924457] initcall init_mmap_min_addr+0x0/0x5c returned 0 after 0 usecs

[    0.931432] calling  pci_realloc_setup_params+0x0/0x68 @ 1

[    0.937066] initcall pci_realloc_setup_params+0x0/0x68 returned 0 after 0 usecs

[    0.944575] calling  tegra194_cbb_init+0x0/0x28 @ 1

[    0.949593] initcall tegra194_cbb_init+0x0/0x28 returned 0 after 0 usecs

[    0.956478] calling  tegra234_cbb_init+0x0/0x28 @ 1

[    0.961488] initcall tegra234_cbb_init+0x0/0x28 returned 0 after 0 usecs

[    0.968373] calling  inet_frag_wq_init+0x0/0x54 @ 1

[    0.973514] initcall inet_frag_wq_init+0x0/0x54 returned 0 after 0 usecs

[    0.980472] entering initcall level: core

[    0.984600] calling  fpsimd_init+0x0/0xec @ 1

[    0.989086] initcall fpsimd_init+0x0/0xec returned 0 after 0 usecs

[    0.995429] calling  tagged_addr_init+0x0/0x3c @ 1

[    1.000359] initcall tagged_addr_init+0x0/0x3c returned 0 after 0 usecs

[    1.007145] calling  init_amu_fie+0x0/0x28 @ 1

[    1.011716] initcall init_amu_fie+0x0/0x28 returned 0 after 0 usecs

[    1.018149] calling  init_watchdog_freq_notifier+0x0/0x28 @ 1

[    1.024058] initcall init_watchdog_freq_notifier+0x0/0x28 returned 0 after 0 usecs

[    1.031825] calling  arm64_efi_rt_init+0x0/0xb8 @ 1

[    1.036843] initcall arm64_efi_rt_init+0x0/0xb8 returned 0 after 0 usecs

[    1.043729] calling  armv8_deprecated_init+0x0/0x1d0 @ 1

[    1.049193] initcall armv8_deprecated_init+0x0/0x1d0 returned 0 after 0 usecs

[    1.056522] calling  map_entry_trampoline+0x0/0x160 @ 1

[    1.061895] initcall map_entry_trampoline+0x0/0x160 returned 0 after 0 usecs

[    1.069136] calling  alloc_frozen_cpus+0x0/0x3c @ 1

[    1.074146] initcall alloc_frozen_cpus+0x0/0x3c returned 0 after 0 usecs

[    1.081030] calling  cpu_hotplug_pm_sync_init+0x0/0x2c @ 1

[    1.086663] initcall cpu_hotplug_pm_sync_init+0x0/0x2c returned 0 after 0 usecs

[    1.094172] calling  wq_sysfs_init+0x0/0x34 @ 1

[    1.098842] initcall wq_sysfs_init+0x0/0x34 returned 0 after 0 usecs

[    1.105374] calling  ksysfs_init+0x0/0xd0 @ 1

[    1.109862] initcall ksysfs_init+0x0/0xd0 returned 0 after 0 usecs

[    1.116205] calling  schedutil_gov_init+0x0/0x24 @ 1

[    1.121312] initcall schedutil_gov_init+0x0/0x24 returned 0 after 0 usecs

[    1.128282] calling  pm_init+0x0/0x90 @ 1

[    1.132428] initcall pm_init+0x0/0x90 returned 0 after 0 usecs

[    1.138420] calling  pm_disk_init+0x0/0x2c @ 1

[    1.142992] initcall pm_disk_init+0x0/0x2c returned 0 after 0 usecs

[    1.149424] calling  swsusp_header_init+0x0/0x40 @ 1

[    1.154530] initcall swsusp_header_init+0x0/0x40 returned 0 after 0 usecs

[    1.161501] calling  rcu_set_runtime_mode+0x0/0x2c @ 1

[    1.166782] initcall rcu_set_runtime_mode+0x0/0x2c returned 0 after 0 usecs

[    1.173926] calling  rcu_init_tasks_generic+0x0/0xe0 @ 1

[    1.179508] initcall rcu_init_tasks_generic+0x0/0xe0 returned 0 after 0 usecs

[    1.186835] calling  init_jiffies_clocksource+0x0/0x2c @ 1

[    1.192471] clocksource: jiffies: mask: 0xffffffff max_cycles: 0xffffffff, max_idle_ns: 1911260446275000 ns

[    1.202467] initcall init_jiffies_clocksource+0x0/0x2c returned 0 after 10000 usecs

[    1.210322] calling  posixtimer_init+0x0/0x12c @ 1

[    1.215260] posixtimers hash table entries: 4096 (order: 4, 65536 bytes, linear)

[    1.222858] initcall posixtimer_init+0x0/0x12c returned 0 after 7000 usecs

[    1.229917] calling  futex_init+0x0/0x1e0 @ 1

[    1.234410] futex hash table entries: 2048 (131072 bytes on 1 NUMA nodes, total 128 KiB, linear).

[    1.243515] initcall futex_init+0x0/0x1e0 returned 0 after 9000 usecs

[    1.250131] calling  cgroup_wq_init+0x0/0x8c @ 1

[    1.254882] initcall cgroup_wq_init+0x0/0x8c returned 0 after 0 usecs

[    1.261500] calling  cgroup1_wq_init+0x0/0x40 @ 1

[    1.266338] initcall cgroup1_wq_init+0x0/0x40 returned 0 after 0 usecs

[    1.273042] calling  cpu_pm_init+0x0/0x28 @ 1

[    1.277527] initcall cpu_pm_init+0x0/0x28 returned 0 after 0 usecs

[    1.283871] calling  bpf_offload_init+0x0/0x2c @ 1

[    1.288796] initcall bpf_offload_init+0x0/0x2c returned 0 after 0 usecs

[    1.295593] calling  cgroup_bpf_wq_init+0x0/0x48 @ 1

[    1.300703] initcall cgroup_bpf_wq_init+0x0/0x48 returned 0 after 0 usecs

[    1.307674] calling  init_events_core_sysctls+0x0/0x3c @ 1

[    1.313313] initcall init_events_core_sysctls+0x0/0x3c returned 0 after 0 usecs

[    1.320821] calling  init_callchain_sysctls+0x0/0x3c @ 1

[    1.326275] initcall init_callchain_sysctls+0x0/0x3c returned 0 after 0 usecs

[    1.333601] calling  memory_failure_init+0x0/0xd8 @ 1

[    1.338800] initcall memory_failure_init+0x0/0xd8 returned 0 after 0 usecs

[    1.345857] calling  cma_init_reserved_areas+0x0/0x330 @ 1

[    1.351585] initcall cma_init_reserved_areas+0x0/0x330 returned 0 after 0 usecs

[    1.359100] calling  balloon_init+0x0/0x28 @ 1

[    1.363670] initcall balloon_init+0x0/0x28 returned 0 after 0 usecs

[    1.370102] calling  execmem_late_init+0x0/0x1a8 @ 1

[    1.375210] 2G module region forced by RANDOMIZE_MODULE_REGION_FULL

[    1.381641] 0 pages in range for non-PLT usage

[    1.381641] 507808 pages in range for PLT usage

[    1.386210] initcall execmem_late_init+0x0/0x1a8 returned 0 after 11000 usecs

[    1.398189] calling  fsnotify_init+0x0/0x9c @ 1

[    1.402854] initcall fsnotify_init+0x0/0x9c returned 0 after 0 usecs

[    1.409386] calling  filelock_init+0x0/0x160 @ 1

[    1.414141] initcall filelock_init+0x0/0x160 returned 0 after 0 usecs

[    1.420758] calling  init_script_binfmt+0x0/0x2c @ 1

[    1.425855] initcall init_script_binfmt+0x0/0x2c returned 0 after 0 usecs

[    1.432824] calling  init_elf_binfmt+0x0/0x2c @ 1

[    1.437662] initcall init_elf_binfmt+0x0/0x2c returned 0 after 0 usecs

[    1.444364] calling  init_compat_elf_binfmt+0x0/0x2c @ 1

[    1.449827] initcall init_compat_elf_binfmt+0x0/0x2c returned 0 after 0 usecs

[    1.457154] calling  configfs_init+0x0/0xf8 @ 1

[    1.461816] initcall configfs_init+0x0/0xf8 returned 0 after 0 usecs

[    1.468348] calling  debugfs_init+0x0/0x128 @ 1

[    1.473008] initcall debugfs_init+0x0/0x128 returned 0 after 0 usecs

[    1.479539] calling  securityfs_init+0x0/0xc4 @ 1

[    1.484542] initcall securityfs_init+0x0/0xc4 returned 0 after 0 usecs

[    1.491246] calling  cci_platform_init+0x0/0x28 @ 1

[    1.496263] initcall cci_platform_init+0x0/0x28 returned 0 after 0 usecs

[    1.503147] calling  pinctrl_init+0x0/0xdc @ 1

[    1.507717] pinctrl core: initialized pinctrl subsystem

[    1.513108] initcall pinctrl_init+0x0/0xdc returned 0 after 6000 usecs

[    1.519810] calling  rzg2l_pinctrl_init+0x0/0x28 @ 1

[    1.524911] initcall rzg2l_pinctrl_init+0x0/0x28 returned 0 after 0 usecs

[    1.531882] calling  rzt2h_pinctrl_init+0x0/0x28 @ 1

[    1.536992] initcall rzt2h_pinctrl_init+0x0/0x28 returned 0 after 0 usecs

[    1.543963] calling  rzv2m_pinctrl_init+0x0/0x28 @ 1

[    1.549074] initcall rzv2m_pinctrl_init+0x0/0x28 returned 0 after 0 usecs

[    1.556044] calling  gpiolib_dev_init+0x0/0x1d4 @ 1

[    1.561062] initcall gpiolib_dev_init+0x0/0x1d4 returned 0 after 0 usecs

[    1.567947] calling  s500_clk_init+0x0/0x28 @ 1

[    1.572607] initcall s500_clk_init+0x0/0x28 returned 0 after 0 usecs

[    1.579138] calling  s700_clk_init+0x0/0x28 @ 1

[    1.583795] initcall s700_clk_init+0x0/0x28 returned 0 after 0 usecs

[    1.590315] calling  s900_clk_init+0x0/0x28 @ 1

[    1.594972] initcall s900_clk_init+0x0/0x28 returned 0 after 0 usecs

[    1.601502] calling  hi3516cv300_crg_init+0x0/0x28 @ 1

[    1.606788] initcall hi3516cv300_crg_init+0x0/0x28 returned 0 after 0 usecs

[    1.613942] calling  hi3519_clk_init+0x0/0x28 @ 1

[    1.618784] initcall hi3519_clk_init+0x0/0x28 returned 0 after 0 usecs

[    1.625486] calling  hi3559av100_crg_init+0x0/0x28 @ 1

[    1.630768] initcall hi3559av100_crg_init+0x0/0x28 returned 0 after 0 usecs

[    1.637922] calling  hi3660_clk_init+0x0/0x28 @ 1

[    1.642764] initcall hi3660_clk_init+0x0/0x28 returned 0 after 0 usecs

[    1.649464] calling  hi3670_clk_init+0x0/0x28 @ 1

[    1.654304] initcall hi3670_clk_init+0x0/0x28 returned 0 after 0 usecs

[    1.661006] calling  hi3798cv200_crg_init+0x0/0x28 @ 1

[    1.666288] initcall hi3798cv200_crg_init+0x0/0x28 returned 0 after 0 usecs

[    1.673430] calling  gcc_ipq5018_init+0x0/0x28 @ 1

[    1.678356] initcall gcc_ipq5018_init+0x0/0x28 returned 0 after 0 usecs

[    1.685154] calling  gcc_ipq5332_init+0x0/0x28 @ 1

[    1.690080] initcall gcc_ipq5332_init+0x0/0x28 returned 0 after 0 usecs

[    1.696865] calling  gcc_ipq5424_init+0x0/0x28 @ 1

[    1.701792] initcall gcc_ipq5424_init+0x0/0x28 returned 0 after 0 usecs

[    1.708579] calling  gcc_ipq6018_init+0x0/0x28 @ 1

[    1.713506] initcall gcc_ipq6018_init+0x0/0x28 returned 0 after 0 usecs

[    1.720291] calling  gcc_ipq8074_init+0x0/0x28 @ 1

[    1.725218] initcall gcc_ipq8074_init+0x0/0x28 returned 0 after 0 usecs

[    1.732015] calling  gcc_ipq9574_init+0x0/0x28 @ 1

[    1.736940] initcall gcc_ipq9574_init+0x0/0x28 returned 0 after 0 usecs

[    1.743728] calling  gcc_msm8916_init+0x0/0x28 @ 1

[    1.748654] initcall gcc_msm8916_init+0x0/0x28 returned 0 after 0 usecs

[    1.755451] calling  gcc_msm8994_init+0x0/0x28 @ 1

[    1.760378] initcall gcc_msm8994_init+0x0/0x28 returned 0 after 0 usecs

[    1.767175] calling  gcc_msm8996_init+0x0/0x28 @ 1

[    1.772100] initcall gcc_msm8996_init+0x0/0x28 returned 0 after 0 usecs

[    1.778887] calling  gcc_msm8998_init+0x0/0x28 @ 1

[    1.783813] initcall gcc_msm8998_init+0x0/0x28 returned 0 after 0 usecs

[    1.790613] calling  clk_rpmh_init+0x0/0x28 @ 1

[    1.795273] initcall clk_rpmh_init+0x0/0x28 returned 0 after 0 usecs

[    1.801803] calling  rpm_smd_clk_init+0x0/0x28 @ 1

[    1.806729] initcall rpm_smd_clk_init+0x0/0x28 returned 0 after 0 usecs

[    1.813515] calling  gcc_qcs404_init+0x0/0x28 @ 1

[    1.818358] initcall gcc_qcs404_init+0x0/0x28 returned 0 after 0 usecs

[    1.825059] calling  gcc_sa8775p_init+0x0/0x28 @ 1

[    1.829985] initcall gcc_sa8775p_init+0x0/0x28 returned 0 after 0 usecs

[    1.836782] calling  gcc_sc7180_init+0x0/0x28 @ 1

[    1.841623] initcall gcc_sc7180_init+0x0/0x28 returned 0 after 0 usecs

[    1.848322] calling  gcc_sc8180x_init+0x0/0x28 @ 1

[    1.853250] initcall gcc_sc8180x_init+0x0/0x28 returned 0 after 0 usecs

[    1.860036] calling  gcc_sdm845_init+0x0/0x28 @ 1

[    1.864877] initcall gcc_sdm845_init+0x0/0x28 returned 0 after 0 usecs

[    1.871577] calling  artpec8_cmu_init+0x0/0x28 @ 1

[    1.876505] initcall artpec8_cmu_init+0x0/0x28 returned 0 after 0 usecs

[    1.883304] calling  exynos5433_cmu_init+0x0/0x28 @ 1

[    1.888502] initcall exynos5433_cmu_init+0x0/0x28 returned 0 after 0 usecs

[    1.895560] calling  exynos2200_cmu_init+0x0/0x28 @ 1

[    1.900757] initcall exynos2200_cmu_init+0x0/0x28 returned 0 after 0 usecs

[    1.907816] calling  exynos7870_cmu_init+0x0/0x28 @ 1

[    1.913013] initcall exynos7870_cmu_init+0x0/0x28 returned 0 after 0 usecs

[    1.920071] calling  exynos7885_cmu_init+0x0/0x28 @ 1

[    1.925271] initcall exynos7885_cmu_init+0x0/0x28 returned 0 after 0 usecs

[    1.932329] calling  exynos850_cmu_init+0x0/0x28 @ 1

[    1.937437] initcall exynos850_cmu_init+0x0/0x28 returned 0 after 0 usecs

[    1.944409] calling  exynos8895_cmu_init+0x0/0x28 @ 1

[    1.949606] initcall exynos8895_cmu_init+0x0/0x28 returned 0 after 0 usecs

[    1.956664] calling  exynos990_cmu_init+0x0/0x28 @ 1

[    1.961763] initcall exynos990_cmu_init+0x0/0x28 returned 0 after 0 usecs

[    1.968732] calling  exynosautov9_cmu_init+0x0/0x28 @ 1

[    1.974101] initcall exynosautov9_cmu_init+0x0/0x28 returned 0 after 0 usecs

[    1.981343] calling  exynosautov920_cmu_init+0x0/0x28 @ 1

[    1.986894] initcall exynosautov920_cmu_init+0x0/0x28 returned 0 after 0 usecs

[    1.994307] calling  gs101_cmu_init+0x0/0x28 @ 1

[    1.999051] initcall gs101_cmu_init+0x0/0x28 returned 0 after 0 usecs

[    2.005666] calling  fsd_cmu_init+0x0/0x28 @ 1

[    2.010240] initcall fsd_cmu_init+0x0/0x28 returned 0 after 0 usecs

[    2.016672] calling  s10_clk_init+0x0/0x28 @ 1

[    2.021245] initcall s10_clk_init+0x0/0x28 returned 0 after 0 usecs

[    2.027679] calling  agilex_clk_init+0x0/0x28 @ 1

[    2.032522] initcall agilex_clk_init+0x0/0x28 returned 0 after 0 usecs

[    2.039222] calling  stm32mp21_clocks_init+0x0/0x28 @ 1

[    2.044592] initcall stm32mp21_clocks_init+0x0/0x28 returned 0 after 0 usecs

[    2.051835] calling  stm32mp25_clocks_init+0x0/0x28 @ 1

[    2.057205] initcall stm32mp25_clocks_init+0x0/0x28 returned 0 after 0 usecs

[    2.064449] calling  fsl_guts_init+0x0/0x34c @ 1

[    2.069743] initcall fsl_guts_init+0x0/0x34c returned 0 after 1000 usecs

[    2.076631] calling  cmd_db_device_init+0x0/0x28 @ 1

[    2.081744] initcall cmd_db_device_init+0x0/0x28 returned 0 after 0 usecs

[    2.088713] calling  rpmh_driver_init+0x0/0x28 @ 1

[    2.093640] initcall rpmh_driver_init+0x0/0x28 returned 0 after 0 usecs

[    2.100438] calling  rpmpd_init+0x0/0x28 @ 1

[    2.104824] initcall rpmpd_init+0x0/0x28 returned 0 after 0 usecs

[    2.111085] calling  rpmhpd_init+0x0/0x28 @ 1

[    2.115569] initcall rpmhpd_init+0x0/0x28 returned 0 after 0 usecs

[    2.121913] calling  exynos4_pm_init_power_domain+0x0/0x28 @ 1

[    2.127909] initcall exynos4_pm_init_power_domain+0x0/0x28 returned 0 after 0 usecs

[    2.135774] calling  genpd_bus_init+0x0/0xe8 @ 1

[    2.140533] initcall genpd_bus_init+0x0/0xe8 returned 0 after 0 usecs

[    2.147151] calling  virtio_init+0x0/0x34 @ 1

[    2.151638] initcall virtio_init+0x0/0x34 returned 0 after 0 usecs

[    2.157984] calling  regulator_init+0x0/0x138 @ 1

[    2.162879] probe of reg-dummy returned 0 after 0 usecs

[    2.168248] initcall regulator_init+0x0/0x138 returned 0 after 5000 usecs

[    2.175220] calling  iommu_init+0x0/0x44 @ 1

[    2.179606] initcall iommu_init+0x0/0x44 returned 0 after 0 usecs

[    2.185865] calling  component_debug_init+0x0/0x38 @ 1

[    2.191148] initcall component_debug_init+0x0/0x38 returned 0 after 0 usecs

[    2.198290] calling  soc_bus_register+0x0/0x54 @ 1

[    2.203218] initcall soc_bus_register+0x0/0x54 returned 0 after 0 usecs

[    2.210005] calling  register_cpufreq_notifier+0x0/0xd0 @ 1

[    2.215725] initcall register_cpufreq_notifier+0x0/0xd0 returned 0 after 0 usecs

[    2.223319] calling  altr_sysmgr_init+0x0/0x28 @ 1

[    2.228248] initcall altr_sysmgr_init+0x0/0x28 returned 0 after 0 usecs

[    2.235046] calling  opp_debug_init+0x0/0x38 @ 1

[    2.239792] initcall opp_debug_init+0x0/0x38 returned 0 after 0 usecs

[    2.246411] calling  cpufreq_core_init+0x0/0x118 @ 1

[    2.251519] initcall cpufreq_core_init+0x0/0x118 returned 0 after 0 usecs

[    2.258490] calling  cpufreq_gov_performance_init+0x0/0x24 @ 1

[    2.264481] initcall cpufreq_gov_performance_init+0x0/0x24 returned 0 after 0 usecs

[    2.272346] calling  CPU_FREQ_GOV_ONDEMAND_init+0x0/0x28 @ 1

[    2.278155] initcall CPU_FREQ_GOV_ONDEMAND_init+0x0/0x28 returned 0 after 0 usecs

[    2.285838] calling  cpufreq_dt_platdev_init+0x0/0x130 @ 1

[    2.291483] initcall cpufreq_dt_platdev_init+0x0/0x130 returned -19 after 0 usecs

[    2.299167] calling  cpuidle_init+0x0/0x30 @ 1

[    2.303740] initcall cpuidle_init+0x0/0x30 returned 0 after 0 usecs

[    2.310177] calling  psci_idle_init_domains+0x0/0x28 @ 1

[    2.315644] initcall psci_idle_init_domains+0x0/0x28 returned 0 after 0 usecs

[    2.322971] calling  capsule_reboot_register+0x0/0x2c @ 1

[    2.328522] initcall capsule_reboot_register+0x0/0x2c returned 0 after 0 usecs

[    2.335932] calling  arm_dmi_init+0x0/0x20 @ 1

[    2.340524] SMBIOS 3.3 present.

[    2.343760] DMI: Radxa Computer Co., Ltd. Radxa Dragon Q6A/Radxa Dragon Q6A, BIOS 6.0.260120.BOOT.MXF.1.0.1-00549-KODIAKWP-1 01/20/2026

[    2.356250] DMI: Memory slots populated: 1/1

[    2.360636] initcall arm_dmi_init+0x0/0x20 returned 0 after 20000 usecs

[    2.367433] calling  arch_timer_evtstrm_register+0x0/0x68 @ 1

[    2.373440] initcall arch_timer_evtstrm_register+0x0/0x68 returned 0 after 0 usecs

[    2.381211] calling  hi3660_mbox_init+0x0/0x28 @ 1

[    2.386143] initcall hi3660_mbox_init+0x0/0x28 returned 0 after 0 usecs

[    2.392930] calling  hi6220_mbox_init+0x0/0x28 @ 1

[    2.397856] initcall hi6220_mbox_init+0x0/0x28 returned 0 after 0 usecs

[    2.404654] calling  tegra_hsp_init+0x0/0x28 @ 1

[    2.409399] initcall tegra_hsp_init+0x0/0x28 returned 0 after 0 usecs

[    2.416014] calling  qnoc_driver_init+0x0/0x28 @ 1

[    2.420940] initcall qnoc_driver_init+0x0/0x28 returned 0 after 0 usecs

[    2.427728] calling  qnoc_driver_init+0x0/0x28 @ 1

[    2.432653] initcall qnoc_driver_init+0x0/0x28 returned 0 after 0 usecs

[    2.439451] calling  qnoc_driver_init+0x0/0x28 @ 1

[    2.444379] initcall qnoc_driver_init+0x0/0x28 returned 0 after 0 usecs

[    2.451176] calling  qnoc_driver_init+0x0/0x28 @ 1

[    2.456102] initcall qnoc_driver_init+0x0/0x28 returned 0 after 0 usecs

[    2.462889] calling  qnoc_driver_init+0x0/0x28 @ 1

[    2.467815] initcall qnoc_driver_init+0x0/0x28 returned 0 after 0 usecs

[    2.474613] calling  qnoc_driver_init+0x0/0x28 @ 1

[    2.479541] initcall qnoc_driver_init+0x0/0x28 returned 0 after 0 usecs

[    2.486339] calling  qnoc_driver_init+0x0/0x28 @ 1

[    2.491265] initcall qnoc_driver_init+0x0/0x28 returned 0 after 0 usecs

[    2.498052] calling  qnoc_driver_init+0x0/0x28 @ 1

[    2.502978] initcall qnoc_driver_init+0x0/0x28 returned 0 after 0 usecs

[    2.509764] calling  qnoc_driver_init+0x0/0x28 @ 1

[    2.514691] initcall qnoc_driver_init+0x0/0x28 returned 0 after 0 usecs

[    2.521488] calling  qnoc_driver_init+0x0/0x28 @ 1

[    2.526416] initcall qnoc_driver_init+0x0/0x28 returned 0 after 0 usecs

[    2.533214] calling  qnoc_driver_init+0x0/0x28 @ 1

[    2.538140] initcall qnoc_driver_init+0x0/0x28 returned 0 after 0 usecs

[    2.544926] calling  qnoc_driver_init+0x0/0x28 @ 1

[    2.549854] initcall qnoc_driver_init+0x0/0x28 returned 0 after 0 usecs

[    2.556652] calling  qnoc_driver_init+0x0/0x28 @ 1

[    2.561581] initcall qnoc_driver_init+0x0/0x28 returned 0 after 0 usecs

[    2.568380] calling  sock_init+0x0/0x108 @ 1

[    2.573875] initcall sock_init+0x0/0x108 returned 0 after 2000 usecs

[    2.580415] calling  net_inuse_init+0x0/0x38 @ 1

[    2.585164] initcall net_inuse_init+0x0/0x38 returned 0 after 0 usecs

[    2.591779] calling  sock_struct_check+0x0/0x8 @ 1

[    2.596703] initcall sock_struct_check+0x0/0x8 returned 0 after 0 usecs

[    2.603489] calling  init_default_flow_dissectors+0x0/0x64 @ 1

[    2.609483] initcall init_default_flow_dissectors+0x0/0x64 returned 0 after 0 usecs

[    2.617347] calling  netlink_proto_init+0x0/0x194 @ 1

[    2.622563] NET: Registered PF_NETLINK/PF_ROUTE protocol family

[    2.628666] initcall netlink_proto_init+0x0/0x194 returned 0 after 6000 usecs

[    2.635995] calling  genl_init+0x0/0x70 @ 1

[    2.640302] initcall genl_init+0x0/0x70 returned 0 after 0 usecs

[    2.646478] calling  __gnttab_init+0x0/0x40 @ 1

[    2.651135] initcall __gnttab_init+0x0/0x40 returned -19 after 0 usecs

[    2.657931] entering initcall level: postcore

[    2.662415] calling  debug_monitors_init+0x0/0x3c @ 1

[    2.667692] initcall debug_monitors_init+0x0/0x3c returned 0 after 0 usecs

[    2.674752] calling  init_overflow_sysctl+0x0/0x3c @ 1

[    2.680043] initcall init_overflow_sysctl+0x0/0x3c returned 0 after 0 usecs

[    2.687186] calling  pi_init+0x0/0x7c @ 1

[    2.691330] initcall pi_init+0x0/0x7c returned 0 after 0 usecs

[    2.697322] calling  irq_sysfs_init+0x0/0x124 @ 1

[    2.702219] initcall irq_sysfs_init+0x0/0x124 returned 0 after 1000 usecs

[    2.709191] calling  dma_atomic_pool_init+0x0/0x158 @ 1

[    2.714868] DMA: preallocated 2048 KiB GFP_KERNEL pool for atomic allocations

[    2.722459] DMA: preallocated 2048 KiB GFP_KERNEL|GFP_DMA pool for atomic allocations

[    2.730754] DMA: preallocated 2048 KiB GFP_KERNEL|GFP_DMA32 pool for atomic allocations

[    2.738999] initcall dma_atomic_pool_init+0x0/0x158 returned 0 after 24000 usecs

[    2.746601] calling  audit_init+0x0/0x188 @ 1

[    2.751087] audit: initializing netlink subsys (disabled)

[    2.756769] initcall audit_init+0x0/0x188 returned 0 after 6000 usecs

[    2.756773] audit: type=2000 audit(2.019:1): state=initialized audit_enabled=0 res=1

[    2.763388] calling  bdi_class_init+0x0/0x50 @ 1

[    2.763406] initcall bdi_class_init+0x0/0x50 returned 0 after 0 usecs

[    2.782700] calling  mm_sysfs_init+0x0/0x40 @ 1

[    2.787356] initcall mm_sysfs_init+0x0/0x40 returned 0 after 0 usecs

[    2.793876] calling  init_per_zone_wmark_min+0x0/0x38 @ 1

[    2.799432] initcall init_per_zone_wmark_min+0x0/0x38 returned 0 after 0 usecs

[    2.806844] calling  irqc_init+0x0/0x28 @ 1

[    2.811164] initcall irqc_init+0x0/0x28 returned 0 after 0 usecs

[    2.817340] calling  fsl_mc_bus_driver_init+0x0/0xf0 @ 1

[    2.822826] initcall fsl_mc_bus_driver_init+0x0/0xf0 returned 0 after 0 usecs

[    2.830158] calling  sh_pfc_init+0x0/0x28 @ 1

[    2.834646] initcall sh_pfc_init+0x0/0x28 returned 0 after 0 usecs

[    2.840990] calling  samsung_pinctrl_drv_register+0x0/0x2c @ 1

[    2.846986] initcall samsung_pinctrl_drv_register+0x0/0x2c returned 0 after 0 usecs

[    2.854852] calling  acpi_gpio_setup_params+0x0/0x100 @ 1

[    2.860405] initcall acpi_gpio_setup_params+0x0/0x100 returned 0 after 0 usecs

[    2.867817] calling  davinci_gpio_drv_reg+0x0/0x28 @ 1

[    2.873104] initcall davinci_gpio_drv_reg+0x0/0x28 returned 0 after 0 usecs

[    2.880248] calling  pcibus_class_init+0x0/0x28 @ 1

[    2.885262] initcall pcibus_class_init+0x0/0x28 returned 0 after 0 usecs

[    2.892145] calling  pci_driver_init+0x0/0x3c @ 1

[    2.896991] initcall pci_driver_init+0x0/0x3c returned 0 after 0 usecs

[    2.903691] calling  backlight_class_init+0x0/0x84 @ 1

[    2.908972] initcall backlight_class_init+0x0/0x84 returned 0 after 0 usecs

[    2.916115] calling  amba_init+0x0/0x24 @ 1

[    2.920419] initcall amba_init+0x0/0x24 returned 0 after 0 usecs

[    2.926595] calling  ma35d1_clocks_init+0x0/0x28 @ 1

[    2.931707] initcall ma35d1_clocks_init+0x0/0x28 returned 0 after 0 usecs

[    2.938676] calling  qcom_apcs_msm8996_clk_init+0x0/0x28 @ 1

[    2.944489] initcall qcom_apcs_msm8996_clk_init+0x0/0x28 returned 0 after 0 usecs

[    2.952170] calling  qcom_msm8996_cbf_init+0x0/0x28 @ 1

[    2.957538] initcall qcom_msm8996_cbf_init+0x0/0x28 returned 0 after 0 usecs

[    2.964780] calling  mtk_infracfg_init+0x0/0x4c @ 1

[    2.969933] initcall mtk_infracfg_init+0x0/0x4c returned 0 after 0 usecs

[    2.976821] calling  exynos_pmu_init+0x0/0x28 @ 1

[    2.981668] initcall exynos_pmu_init+0x0/0x28 returned 0 after 0 usecs

[    2.988369] calling  owl_sps_init+0x0/0x28 @ 1

[    2.992943] initcall owl_sps_init+0x0/0x28 returned 0 after 0 usecs

[    2.999375] calling  rcar_sysc_pd_init_provider+0x0/0x50 @ 1

[    3.005183] initcall rcar_sysc_pd_init_provider+0x0/0x50 returned -19 after 0 usecs

[    3.013050] calling  rcar_gen4_sysc_pd_init+0x0/0x3b4 @ 1

[    3.018773] initcall rcar_gen4_sysc_pd_init+0x0/0x3b4 returned -19 after 0 usecs

[    3.026372] calling  xenbus_init+0x0/0x3d4 @ 1

[    3.030943] initcall xenbus_init+0x0/0x3d4 returned -19 after 0 usecs

[    3.037557] calling  hi6220_reset_init+0x0/0x28 @ 1

[    3.042574] initcall hi6220_reset_init+0x0/0x28 returned 0 after 0 usecs

[    3.049460] calling  tty_class_init+0x0/0x28 @ 1

[    3.054203] initcall tty_class_init+0x0/0x28 returned 0 after 0 usecs

[    3.060820] calling  vtconsole_class_init+0x0/0x100 @ 1

[    3.066211] initcall vtconsole_class_init+0x0/0x100 returned 0 after 0 usecs

[    3.073454] calling  serdev_init+0x0/0x38 @ 1

[    3.077943] initcall serdev_init+0x0/0x38 returned 0 after 0 usecs

[    3.084287] calling  iommu_dev_init+0x0/0x24 @ 1

[    3.089031] initcall iommu_dev_init+0x0/0x24 returned 0 after 0 usecs

[    3.095648] calling  host1x_context_device_bus_init+0x0/0x60 @ 1

[    3.101825] initcall host1x_context_device_bus_init+0x0/0x60 returned 0 after 0 usecs

[    3.109862] calling  mipi_dsi_bus_init+0x0/0x28 @ 1

[    3.114876] initcall mipi_dsi_bus_init+0x0/0x28 returned 0 after 0 usecs

[    3.121761] calling  devlink_class_init+0x0/0x70 @ 1

[    3.126871] initcall devlink_class_init+0x0/0x70 returned 0 after 0 usecs

[    3.133841] calling  software_node_init+0x0/0x44 @ 1

[    3.138949] initcall software_node_init+0x0/0x44 returned 0 after 0 usecs

[    3.145921] calling  wakeup_sources_debugfs_init+0x0/0x40 @ 1

[    3.151829] initcall wakeup_sources_debugfs_init+0x0/0x40 returned 0 after 0 usecs

[    3.159598] calling  wakeup_sources_sysfs_init+0x0/0x34 @ 1

[    3.165319] initcall wakeup_sources_sysfs_init+0x0/0x34 returned 0 after 0 usecs

[    3.172915] calling  regmap_initcall+0x0/0x20 @ 1

[    3.177758] initcall regmap_initcall+0x0/0x20 returned 0 after 0 usecs

[    3.184459] calling  sram_init+0x0/0x28 @ 1

[    3.188762] initcall sram_init+0x0/0x28 returned 0 after 0 usecs

[    3.194938] calling  spi_init+0x0/0xfc @ 1

[    3.199159] initcall spi_init+0x0/0xfc returned 0 after 0 usecs

[    3.205235] calling  spmi_init+0x0/0x38 @ 1

[    3.209538] initcall spmi_init+0x0/0x38 returned 0 after 0 usecs

[    3.215713] calling  i2c_init+0x0/0x11c @ 1

[    3.220026] initcall i2c_init+0x0/0x11c returned 0 after 0 usecs

[    3.226202] calling  thermal_init+0x0/0x1b4 @ 1

[    3.230876] thermal_sys: Registered thermal governor 'fair_share'

[    3.230878] thermal_sys: Registered thermal governor 'step_wise'

[    3.237136] thermal_sys: Registered thermal governor 'user_space'

[    3.243309] thermal_sys: Registered thermal governor 'power_allocator'

[    3.249570] initcall thermal_init+0x0/0x1b4 returned 0 after 18000 usecs

[    3.263155] calling  qcom_cpufreq_hw_init+0x0/0x28 @ 1

[    3.268441] initcall qcom_cpufreq_hw_init+0x0/0x28 returned 0 after 0 usecs

[    3.275597] calling  init_ladder+0x0/0x50 @ 1

[    3.280101] cpuidle: using governor ladder

[    3.284314] initcall init_ladder+0x0/0x50 returned 0 after 4000 usecs

[    3.290930] calling  init_menu+0x0/0x24 @ 1

[    3.295245] cpuidle: using governor menu

[    3.299276] initcall init_menu+0x0/0x24 returned 0 after 4000 usecs

[    3.305709] calling  teo_governor_init+0x0/0x24 @ 1

[    3.310719] initcall teo_governor_init+0x0/0x24 returned 0 after 0 usecs

[    3.317604] calling  pcc_init+0x0/0xc8 @ 1

[    3.321818] initcall pcc_init+0x0/0xc8 returned -19 after 0 usecs

[    3.328076] calling  qcom_apcs_ipc_init+0x0/0x28 @ 1

[    3.333189] initcall qcom_apcs_ipc_init+0x0/0x28 returned 0 after 0 usecs

[    3.340159] calling  qcom_hwspinlock_init+0x0/0x28 @ 1

[    3.345445] initcall qcom_hwspinlock_init+0x0/0x28 returned 0 after 0 usecs

[    3.352587] calling  rpmsg_init+0x0/0xb4 @ 1

[    3.356977] initcall rpmsg_init+0x0/0xb4 returned 0 after 0 usecs

[    3.363236] calling  rpmsg_ns_init+0x0/0x68 @ 1

[    3.367897] initcall rpmsg_ns_init+0x0/0x68 returned 0 after 0 usecs

[    3.374428] calling  qrtr_proto_init+0x0/0x84 @ 1

[    3.379286] NET: Registered PF_QIPCRTR protocol family

[    3.384597] initcall qrtr_proto_init+0x0/0x84 returned 0 after 5000 usecs

[    3.391571] calling  kobject_uevent_init+0x0/0x24 @ 1

[    3.396772] initcall kobject_uevent_init+0x0/0x24 returned 0 after 0 usecs

[    3.403914] entering initcall level: arch

[    3.408043] calling  reserve_memblock_reserved_regions+0x0/0x188 @ 1

[    3.414583] initcall reserve_memblock_reserved_regions+0x0/0x188 returned 0 after 0 usecs

[    3.422977] calling  aarch32_alloc_vdso_pages+0x0/0xf0 @ 1

[    3.428614] initcall aarch32_alloc_vdso_pages+0x0/0xf0 returned 0 after 0 usecs

[    3.436122] calling  vdso_init+0x0/0x100 @ 1

[    3.440506] initcall vdso_init+0x0/0x100 returned 0 after 0 usecs

[    3.446766] calling  arm64_create_dummy_rsi_dev+0x0/0x48 @ 1

[    3.452575] initcall arm64_create_dummy_rsi_dev+0x0/0x48 returned 0 after 0 usecs

[    3.460258] calling  arch_hw_breakpoint_init+0x0/0xd4 @ 1

[    3.465809] hw-breakpoint: found 6 breakpoint and 4 watchpoint registers.

[    3.472917] initcall arch_hw_breakpoint_init+0x0/0xd4 returned 0 after 7000 usecs

[    3.480605] calling  adjust_protection_map+0x0/0x30 @ 1

[    3.485973] initcall adjust_protection_map+0x0/0x30 returned 0 after 0 usecs

[    3.493213] calling  asids_update_limit+0x0/0xb4 @ 1

[    3.498322] ASID allocator initialised with 32768 entries

[    3.503869] initcall asids_update_limit+0x0/0xb4 returned 0 after 6000 usecs

[    3.511111] calling  hugetlbpage_init+0x0/0x3c @ 1

[    3.516037] initcall hugetlbpage_init+0x0/0x3c returned 0 after 0 usecs

[    3.522836] calling  p2m_init+0x0/0x10 @ 1

[    3.527050] initcall p2m_init+0x0/0x10 returned 0 after 0 usecs

[    3.533127] calling  xen_mm_init+0x0/0x190 @ 1

[    3.537697] initcall xen_mm_init+0x0/0x190 returned 0 after 0 usecs

[    3.544130] calling  kcmp_cookies_init+0x0/0x58 @ 1

[    3.549142] initcall kcmp_cookies_init+0x0/0x58 returned 0 after 0 usecs

[    3.556025] calling  s700_pinctrl_init+0x0/0x28 @ 1

[    3.561046] initcall s700_pinctrl_init+0x0/0x28 returned 0 after 0 usecs

[    3.567933] calling  s900_pinctrl_init+0x0/0x28 @ 1

[    3.572945] initcall s900_pinctrl_init+0x0/0x28 returned 0 after 0 usecs

[    3.579831] calling  ns2_pinmux_init+0x0/0x28 @ 1

[    3.584675] initcall ns2_pinmux_init+0x0/0x28 returned 0 after 0 usecs

[    3.591376] calling  imx8mm_pinctrl_init+0x0/0x28 @ 1

[    3.596577] initcall imx8mm_pinctrl_init+0x0/0x28 returned 0 after 0 usecs

[    3.603634] calling  imx8mn_pinctrl_init+0x0/0x28 @ 1

[    3.608833] initcall imx8mn_pinctrl_init+0x0/0x28 returned 0 after 0 usecs

[    3.615891] calling  imx8mp_pinctrl_init+0x0/0x28 @ 1

[    3.621088] initcall imx8mp_pinctrl_init+0x0/0x28 returned 0 after 0 usecs

[    3.628147] calling  imx8mq_pinctrl_init+0x0/0x28 @ 1

[    3.633343] initcall imx8mq_pinctrl_init+0x0/0x28 returned 0 after 0 usecs

[    3.640401] calling  imx8qm_pinctrl_init+0x0/0x28 @ 1

[    3.645599] initcall imx8qm_pinctrl_init+0x0/0x28 returned 0 after 0 usecs

[    3.652657] calling  imx8qxp_pinctrl_init+0x0/0x28 @ 1

[    3.657938] initcall imx8qxp_pinctrl_init+0x0/0x28 returned 0 after 0 usecs

[    3.665083] calling  imx8dxl_pinctrl_init+0x0/0x28 @ 1

[    3.670366] initcall imx8dxl_pinctrl_init+0x0/0x28 returned 0 after 0 usecs

[    3.677508] calling  imx8ulp_pinctrl_init+0x0/0x28 @ 1

[    3.682791] initcall imx8ulp_pinctrl_init+0x0/0x28 returned 0 after 0 usecs

[    3.689934] calling  imx91_pinctrl_init+0x0/0x28 @ 1

[    3.695045] initcall imx91_pinctrl_init+0x0/0x28 returned 0 after 0 usecs

[    3.702015] calling  imx93_pinctrl_init+0x0/0x28 @ 1

[    3.707124] initcall imx93_pinctrl_init+0x0/0x28 returned 0 after 0 usecs

[    3.714094] calling  mtk_pinctrl_init+0x0/0x28 @ 1

[    3.719022] initcall mtk_pinctrl_init+0x0/0x28 returned 0 after 0 usecs

[    3.725820] calling  mt6765_pinctrl_init+0x0/0x28 @ 1

[    3.731020] initcall mt6765_pinctrl_init+0x0/0x28 returned 0 after 0 usecs

[    3.738079] calling  mt6779_pinctrl_init+0x0/0x28 @ 1

[    3.743277] initcall mt6779_pinctrl_init+0x0/0x28 returned 0 after 0 usecs

[    3.750337] calling  mtk_pinctrl_init+0x0/0x28 @ 1

[    3.755263] initcall mtk_pinctrl_init+0x0/0x28 returned 0 after 0 usecs

[    3.762050] calling  mt6797_pinctrl_init+0x0/0x28 @ 1

[    3.767248] initcall mt6797_pinctrl_init+0x0/0x28 returned 0 after 0 usecs

[    3.774305] calling  mt6893_pinctrl_init+0x0/0x28 @ 1

[    3.779504] initcall mt6893_pinctrl_init+0x0/0x28 returned 0 after 0 usecs

[    3.786563] calling  mt7622_pinctrl_init+0x0/0x28 @ 1

[    3.791761] initcall mt7622_pinctrl_init+0x0/0x28 returned 0 after 0 usecs

[    3.798819] calling  mt7981_pinctrl_init+0x0/0x28 @ 1

[    3.804020] initcall mt7981_pinctrl_init+0x0/0x28 returned 0 after 0 usecs

[    3.811077] calling  mt7986a_pinctrl_init+0x0/0x28 @ 1

[    3.816363] initcall mt7986a_pinctrl_init+0x0/0x28 returned 0 after 0 usecs

[    3.823517] calling  mt7986b_pinctrl_init+0x0/0x2c @ 1

[    3.828801] initcall mt7986b_pinctrl_init+0x0/0x2c returned 0 after 0 usecs

[    3.835944] calling  mt7988_pinctrl_init+0x0/0x28 @ 1

[    3.841142] initcall mt7988_pinctrl_init+0x0/0x28 returned 0 after 0 usecs

[    3.848200] calling  mtk_pinctrl_init+0x0/0x28 @ 1

[    3.853127] initcall mtk_pinctrl_init+0x0/0x28 returned 0 after 0 usecs

[    3.859925] calling  mtk_pinctrl_init+0x0/0x28 @ 1

[    3.864854] initcall mtk_pinctrl_init+0x0/0x28 returned 0 after 0 usecs

[    3.871652] calling  mt8183_pinctrl_init+0x0/0x28 @ 1

[    3.876853] initcall mt8183_pinctrl_init+0x0/0x28 returned 0 after 0 usecs

[    3.883912] calling  mt8186_pinctrl_init+0x0/0x28 @ 1

[    3.889110] initcall mt8186_pinctrl_init+0x0/0x28 returned 0 after 0 usecs

[    3.896169] calling  mt8188_pinctrl_init+0x0/0x28 @ 1

[    3.901370] initcall mt8188_pinctrl_init+0x0/0x28 returned 0 after 0 usecs

[    3.908427] calling  mt8189_pinctrl_init+0x0/0x28 @ 1

[    3.913626] initcall mt8189_pinctrl_init+0x0/0x28 returned 0 after 0 usecs

[    3.920684] calling  mt8192_pinctrl_init+0x0/0x28 @ 1

[    3.925882] initcall mt8192_pinctrl_init+0x0/0x28 returned 0 after 0 usecs

[    3.932941] calling  mt8195_pinctrl_init+0x0/0x28 @ 1

[    3.938139] initcall mt8195_pinctrl_init+0x0/0x28 returned 0 after 0 usecs

[    3.945196] calling  mt8196_pinctrl_init+0x0/0x28 @ 1

[    3.950396] initcall mt8196_pinctrl_init+0x0/0x28 returned 0 after 0 usecs

[    3.957454] calling  mtk_pinctrl_init+0x0/0x28 @ 1

[    3.962383] initcall mtk_pinctrl_init+0x0/0x28 returned 0 after 0 usecs

[    3.969170] calling  mtk_pinctrl_init+0x0/0x28 @ 1

[    3.974097] initcall mtk_pinctrl_init+0x0/0x28 returned 0 after 0 usecs

[    3.980884] calling  ipq5018_pinctrl_init+0x0/0x28 @ 1

[    3.986169] initcall ipq5018_pinctrl_init+0x0/0x28 returned 0 after 0 usecs

[    3.993314] calling  ipq5332_pinctrl_init+0x0/0x28 @ 1

[    3.998600] initcall ipq5332_pinctrl_init+0x0/0x28 returned 0 after 0 usecs

[    4.005744] calling  ipq5424_pinctrl_init+0x0/0x28 @ 1

[    4.011029] initcall ipq5424_pinctrl_init+0x0/0x28 returned 0 after 0 usecs

[    4.018172] calling  ipq8074_pinctrl_init+0x0/0x28 @ 1

[    4.023456] initcall ipq8074_pinctrl_init+0x0/0x28 returned 0 after 0 usecs

[    4.030599] calling  ipq6018_pinctrl_init+0x0/0x28 @ 1

[    4.035882] initcall ipq6018_pinctrl_init+0x0/0x28 returned 0 after 0 usecs

[    4.043037] calling  ipq9574_pinctrl_init+0x0/0x28 @ 1

[    4.048321] initcall ipq9574_pinctrl_init+0x0/0x28 returned 0 after 0 usecs

[    4.055464] calling  msm8916_pinctrl_init+0x0/0x28 @ 1

[    4.060749] initcall msm8916_pinctrl_init+0x0/0x28 returned 0 after 0 usecs

[    4.067892] calling  msm8953_pinctrl_init+0x0/0x28 @ 1

[    4.073176] initcall msm8953_pinctrl_init+0x0/0x28 returned 0 after 0 usecs

[    4.080321] calling  msm8976_pinctrl_init+0x0/0x28 @ 1

[    4.085605] initcall msm8976_pinctrl_init+0x0/0x28 returned 0 after 0 usecs

[    4.092760] calling  msm8994_pinctrl_init+0x0/0x28 @ 1

[    4.098045] initcall msm8994_pinctrl_init+0x0/0x28 returned 0 after 0 usecs

[    4.105199] calling  msm8996_pinctrl_init+0x0/0x28 @ 1

[    4.110484] initcall msm8996_pinctrl_init+0x0/0x28 returned 0 after 0 usecs

[    4.117627] calling  msm8998_pinctrl_init+0x0/0x28 @ 1

[    4.122911] initcall msm8998_pinctrl_init+0x0/0x28 returned 0 after 0 usecs

[    4.130055] calling  qcm2290_pinctrl_init+0x0/0x28 @ 1

[    4.135339] initcall qcm2290_pinctrl_init+0x0/0x28 returned 0 after 0 usecs

[    4.142482] calling  qcs404_pinctrl_init+0x0/0x28 @ 1

[    4.147682] initcall qcs404_pinctrl_init+0x0/0x28 returned 0 after 0 usecs

[    4.154740] calling  qcs615_tlmm_init+0x0/0x28 @ 1

[    4.159666] initcall qcs615_tlmm_init+0x0/0x28 returned 0 after 0 usecs

[    4.166455] calling  qcs8300_pinctrl_init+0x0/0x28 @ 1

[    4.171742] initcall qcs8300_pinctrl_init+0x0/0x28 returned 0 after 0 usecs

[    4.178885] calling  qdf2xxx_pinctrl_init+0x0/0x28 @ 1

[    4.184171] initcall qdf2xxx_pinctrl_init+0x0/0x28 returned 0 after 0 usecs

[    4.191314] calling  qdu1000_tlmm_init+0x0/0x28 @ 1

[    4.196328] initcall qdu1000_tlmm_init+0x0/0x28 returned 0 after 0 usecs

[    4.203212] calling  sa8775p_pinctrl_init+0x0/0x28 @ 1

[    4.208496] initcall sa8775p_pinctrl_init+0x0/0x28 returned 0 after 0 usecs

[    4.215640] calling  sc7180_pinctrl_init+0x0/0x28 @ 1

[    4.220840] initcall sc7180_pinctrl_init+0x0/0x28 returned 0 after 0 usecs

[    4.227899] calling  sc7280_pinctrl_init+0x0/0x28 @ 1

[    4.233098] initcall sc7280_pinctrl_init+0x0/0x28 returned 0 after 0 usecs

[    4.240155] calling  sc8180x_pinctrl_init+0x0/0x28 @ 1

[    4.245439] initcall sc8180x_pinctrl_init+0x0/0x28 returned 0 after 0 usecs

[    4.252584] calling  sc8280xp_pinctrl_init+0x0/0x28 @ 1

[    4.257954] initcall sc8280xp_pinctrl_init+0x0/0x28 returned 0 after 0 usecs

[    4.265196] calling  sdm660_pinctrl_init+0x0/0x28 @ 1

[    4.270396] initcall sdm660_pinctrl_init+0x0/0x28 returned 0 after 0 usecs

[    4.277454] calling  sdm670_pinctrl_init+0x0/0x28 @ 1

[    4.282655] initcall sdm670_pinctrl_init+0x0/0x28 returned 0 after 0 usecs

[    4.289713] calling  sdm845_pinctrl_init+0x0/0x28 @ 1

[    4.294911] initcall sdm845_pinctrl_init+0x0/0x28 returned 0 after 0 usecs

[    4.301970] calling  sdx75_pinctrl_init+0x0/0x28 @ 1

[    4.307080] initcall sdx75_pinctrl_init+0x0/0x28 returned 0 after 0 usecs

[    4.314052] calling  sm4450_tlmm_init+0x0/0x28 @ 1

[    4.318981] initcall sm4450_tlmm_init+0x0/0x28 returned 0 after 0 usecs

[    4.325780] calling  sm6115_tlmm_init+0x0/0x28 @ 1

[    4.330708] initcall sm6115_tlmm_init+0x0/0x28 returned 0 after 0 usecs

[    4.337508] calling  sm6125_tlmm_init+0x0/0x28 @ 1

[    4.342435] initcall sm6125_tlmm_init+0x0/0x28 returned 0 after 0 usecs

[    4.349223] calling  sm6350_tlmm_init+0x0/0x28 @ 1

[    4.354152] initcall sm6350_tlmm_init+0x0/0x28 returned 0 after 0 usecs

[    4.360951] calling  sm6375_tlmm_init+0x0/0x28 @ 1

[    4.365881] initcall sm6375_tlmm_init+0x0/0x28 returned 0 after 0 usecs

[    4.372668] calling  sm8150_pinctrl_init+0x0/0x28 @ 1

[    4.377866] initcall sm8150_pinctrl_init+0x0/0x28 returned 0 after 0 usecs

[    4.384925] calling  sm8250_pinctrl_init+0x0/0x28 @ 1

[    4.390124] initcall sm8250_pinctrl_init+0x0/0x28 returned 0 after 0 usecs

[    4.397182] calling  sm8350_tlmm_init+0x0/0x28 @ 1

[    4.402110] initcall sm8350_tlmm_init+0x0/0x28 returned 0 after 0 usecs

[    4.408908] calling  sm8450_tlmm_init+0x0/0x28 @ 1

[    4.413837] initcall sm8450_tlmm_init+0x0/0x28 returned 0 after 0 usecs

[    4.420624] calling  sm8550_tlmm_init+0x0/0x28 @ 1

[    4.425556] initcall sm8550_tlmm_init+0x0/0x28 returned 0 after 0 usecs

[    4.432345] calling  sm8650_tlmm_init+0x0/0x28 @ 1

[    4.437273] initcall sm8650_tlmm_init+0x0/0x28 returned 0 after 0 usecs

[    4.444071] calling  sm8750_tlmm_init+0x0/0x28 @ 1

[    4.449001] initcall sm8750_tlmm_init+0x0/0x28 returned 0 after 0 usecs

[    4.455800] calling  x1e80100_pinctrl_init+0x0/0x28 @ 1

[    4.461170] initcall x1e80100_pinctrl_init+0x0/0x28 returned 0 after 0 usecs

[    4.468413] calling  rtd1619b_pinctrl_init+0x0/0x28 @ 1

[    4.473782] initcall rtd1619b_pinctrl_init+0x0/0x28 returned 0 after 0 usecs

[    4.481025] calling  rtd1319d_pinctrl_init+0x0/0x28 @ 1

[    4.486401] initcall rtd1319d_pinctrl_init+0x0/0x28 returned 0 after 0 usecs

[    4.493643] calling  rtd1315e_pinctrl_init+0x0/0x28 @ 1

[    4.499016] initcall rtd1315e_pinctrl_init+0x0/0x28 returned 0 after 0 usecs

[    4.506257] calling  tegra124_pinctrl_init+0x0/0x28 @ 1

[    4.511629] initcall tegra124_pinctrl_init+0x0/0x28 returned 0 after 0 usecs

[    4.518873] calling  tegra210_pinctrl_init+0x0/0x28 @ 1

[    4.524242] initcall tegra210_pinctrl_init+0x0/0x28 returned 0 after 0 usecs

[    4.531484] calling  tegra186_pinctrl_init+0x0/0x28 @ 1

[    4.536856] initcall tegra186_pinctrl_init+0x0/0x28 returned 0 after 0 usecs

[    4.544097] calling  tegra194_pinctrl_init+0x0/0x28 @ 1

[    4.549468] initcall tegra194_pinctrl_init+0x0/0x28 returned 0 after 0 usecs

[    4.556710] calling  tegra234_pinctrl_init+0x0/0x28 @ 1

[    4.562080] initcall tegra234_pinctrl_init+0x0/0x28 returned 0 after 0 usecs

[    4.569322] calling  tmpv7700_pinctrl_init+0x0/0x28 @ 1

[    4.574691] initcall tmpv7700_pinctrl_init+0x0/0x28 returned 0 after 0 usecs

[    4.581934] calling  mpc8xxx_init+0x0/0x28 @ 1

[    4.586508] initcall mpc8xxx_init+0x0/0x28 returned 0 after 0 usecs

[    4.592942] calling  acpi_pci_init+0x0/0x78 @ 1

[    4.597598] initcall acpi_pci_init+0x0/0x78 returned 0 after 0 usecs

[    4.604128] calling  clk_en7523_init+0x0/0x28 @ 1

[    4.608970] initcall clk_en7523_init+0x0/0x28 returned 0 after 0 usecs

[    4.615672] calling  clk_mt6765_init+0x0/0x28 @ 1

[    4.620515] initcall clk_mt6765_init+0x0/0x28 returned 0 after 0 usecs

[    4.627217] calling  clk_mt6779_init+0x0/0x44 @ 1

[    4.632067] initcall clk_mt6779_init+0x0/0x44 returned 0 after 0 usecs

[    4.638769] calling  clk_mt6797_init+0x0/0x28 @ 1

[    4.643611] initcall clk_mt6797_init+0x0/0x28 returned 0 after 0 usecs

[    4.650312] calling  samsung_pll_disable_early_timeout+0x0/0x10 @ 1

[    4.656746] initcall samsung_pll_disable_early_timeout+0x0/0x10 returned 0 after 0 usecs

[    4.665055] calling  tegra_clocks_apply_init_table+0x0/0x34 @ 1

[    4.671132] initcall tegra_clocks_apply_init_table+0x0/0x34 returned 0 after 0 usecs

[    4.679083] calling  dma_channel_table_init+0x0/0x194 @ 1

[    4.684637] initcall dma_channel_table_init+0x0/0x194 returned 0 after 0 usecs

[    4.692048] calling  dma_bus_init+0x0/0x170 @ 1

[    4.696732] initcall dma_bus_init+0x0/0x170 returned 0 after 0 usecs

[    4.703265] calling  brcmstb_soc_device_init+0x0/0x13c @ 1

[    4.709154] initcall brcmstb_soc_device_init+0x0/0x13c returned 0 after 0 usecs

[    4.716666] calling  mediatek_regulator_coupler_init+0x0/0xc8 @ 1

[    4.722928] initcall mediatek_regulator_coupler_init+0x0/0xc8 returned 0 after 0 usecs

[    4.731052] calling  rpm_proc_init+0x0/0x28 @ 1

[    4.735715] initcall rpm_proc_init+0x0/0x28 returned 0 after 0 usecs

[    4.742246] calling  qcom_smd_rpm_init+0x0/0x2c @ 1

[    4.747260] initcall qcom_smd_rpm_init+0x0/0x2c returned 0 after 0 usecs

[    4.754145] calling  qcom_smem_init+0x0/0x28 @ 1

[    4.758889] initcall qcom_smem_init+0x0/0x28 returned 0 after 0 usecs

[    4.765506] calling  sunxi_mbus_init+0x0/0x48 @ 1

[    4.770346] initcall sunxi_mbus_init+0x0/0x48 returned 0 after 0 usecs

[    4.777046] calling  register_xen_platform_notifier+0x0/0x58 @ 1

[    4.783221] initcall register_xen_platform_notifier+0x0/0x58 returned 0 after 0 usecs

[    4.791256] calling  register_xen_amba_notifier+0x0/0x5c @ 1

[    4.797064] initcall register_xen_amba_notifier+0x0/0x5c returned 0 after 0 usecs

[    4.804748] calling  register_xen_pci_notifier+0x0/0x50 @ 1

[    4.810477] initcall register_xen_pci_notifier+0x0/0x50 returned 0 after 0 usecs

[    4.818074] calling  hi3660_reset_init+0x0/0x28 @ 1

[    4.823088] initcall hi3660_reset_init+0x0/0x28 returned 0 after 0 usecs

[    4.829972] calling  zynqmp_reset_init+0x0/0x28 @ 1

[    4.834986] initcall zynqmp_reset_init+0x0/0x28 returned 0 after 0 usecs

[    4.841871] calling  serial_base_init+0x0/0x94 @ 1

[    4.846808] initcall serial_base_init+0x0/0x94 returned 0 after 0 usecs

[    4.853598] calling  pl011_init+0x0/0x78 @ 1

[    4.857982] Serial: AMBA PL011 UART driver

[    4.862207] initcall pl011_init+0x0/0x78 returned 0 after 4000 usecs

[    4.868740] calling  mvebu_uart_init+0x0/0x9c @ 1

[    4.873592] initcall mvebu_uart_init+0x0/0x9c returned 0 after 0 usecs

[    4.880294] calling  cdns_uart_init+0x0/0x28 @ 1

[    4.885041] initcall cdns_uart_init+0x0/0x28 returned 0 after 0 usecs

[    4.891656] calling  iommu_dma_init+0x0/0x38 @ 1

[    4.896406] initcall iommu_dma_init+0x0/0x38 returned 0 after 1000 usecs

[    4.903290] calling  sdei_init+0x0/0x28 @ 1

[    4.907595] initcall sdei_init+0x0/0x28 returned 0 after 0 usecs

[    4.913769] calling  dmi_id_init+0x0/0x350 @ 1

[    4.918370] initcall dmi_id_init+0x0/0x350 returned 0 after 0 usecs

[    4.924804] calling  qcom_ipcc_init+0x0/0x28 @ 1

[    4.929550] initcall qcom_ipcc_init+0x0/0x28 returned 0 after 0 usecs

[    4.936167] calling  cix_mailbox_init+0x0/0x28 @ 1

[    4.941094] initcall cix_mailbox_init+0x0/0x28 returned 0 after 0 usecs

[    4.947881] calling  qcom_smd_init+0x0/0x28 @ 1

[    4.952544] initcall qcom_smd_init+0x0/0x28 returned 0 after 0 usecs

[    4.959075] calling  tegra_mc_init+0x0/0x28 @ 1

[    4.963736] initcall tegra_mc_init+0x0/0x28 returned 0 after 0 usecs

[    4.970256] calling  iproc_gpio_init+0x0/0x28 @ 1

[    4.975100] initcall iproc_gpio_init+0x0/0x28 returned 0 after 0 usecs

[    4.981802] calling  of_platform_default_populate_init+0x0/0x108 @ 1

[    4.988450] probe of 80860000.aop-cmd-db returned 0 after 0 usecs

[    4.994863] probe of smem returned -517 after 0 usecs

[    5.000793] probe of power-domain-cpu0 returned -517 after 0 usecs

[    5.007158] probe of power-domain-cpu1 returned -517 after 0 usecs

[    5.013516] probe of power-domain-cpu2 returned -517 after 0 usecs

[    5.019874] probe of power-domain-cpu3 returned -517 after 0 usecs

[    5.026235] probe of power-domain-cpu4 returned -517 after 0 usecs

[    5.032592] probe of power-domain-cpu5 returned -517 after 0 usecs

[    5.038948] probe of power-domain-cpu6 returned -517 after 0 usecs

[    5.045307] probe of power-domain-cpu7 returned -517 after 0 usecs

[    5.051749] probe of power-domain-cluster returned 0 after 0 usecs

[    5.058204] CPUidle PSCI: Initialized CPU PM domain topology using OSI mode

[    5.065364] probe of psci returned 0 after 64000 usecs

[    5.073544] /soc@0/stm@6002000: Fixed dependency cycle(s) with /soc@0/funnel@6041000

[    5.081511] /soc@0/funnel@6041000: Fixed dependency cycle(s) with /soc@0/stm@6002000

[    5.089472] /soc@0/funnel@6041000: Fixed dependency cycle(s) with /soc@0/funnel@6045000

[    5.097697] /soc@0/funnel@6042000: Fixed dependency cycle(s) with /soc@0/funnel@7810000

[    5.105920] /soc@0/funnel@6042000: Fixed dependency cycle(s) with /soc@0/funnel@6045000

[    5.114145] /soc@0/funnel@6045000: Fixed dependency cycle(s) with /soc@0/funnel@6042000

[    5.122365] /soc@0/funnel@6045000: Fixed dependency cycle(s) with /soc@0/funnel@6041000

[    5.130586] /soc@0/funnel@6045000: Fixed dependency cycle(s) with /soc@0/funnel@6b04000

[    5.138814] /soc@0/replicator@6046000: Fixed dependency cycle(s) with /soc@0/replicator@6b06000

[    5.147745] /soc@0/replicator@6046000: Fixed dependency cycle(s) with /soc@0/etr@6048000

[    5.156062] /soc@0/etr@6048000: Fixed dependency cycle(s) with /soc@0/replicator@6046000

[    5.164375] /soc@0/funnel@6b04000: Fixed dependency cycle(s) with /soc@0/funnel@6045000

[    5.172596] /soc@0/funnel@6b04000: Fixed dependency cycle(s) with /soc@0/etf@6b05000

[    5.180554] /soc@0/etf@6b05000: Fixed dependency cycle(s) with /soc@0/funnel@6b04000

[    5.188506] /soc@0/etf@6b05000: Fixed dependency cycle(s) with /soc@0/replicator@6b06000

[    5.196821] /soc@0/replicator@6b06000: Fixed dependency cycle(s) with /soc@0/etf@6b05000

[    5.205131] /soc@0/replicator@6b06000: Fixed dependency cycle(s) with /soc@0/replicator@6046000

[    5.214071] /soc@0/etm@7040000: Fixed dependency cycle(s) with /soc@0/funnel@7800000

[    5.222030] /soc@0/etm@7140000: Fixed dependency cycle(s) with /soc@0/funnel@7800000

[    5.229989] /soc@0/etm@7240000: Fixed dependency cycle(s) with /soc@0/funnel@7800000

[    5.237949] /soc@0/etm@7340000: Fixed dependency cycle(s) with /soc@0/funnel@7800000

[    5.245907] /soc@0/etm@7440000: Fixed dependency cycle(s) with /soc@0/funnel@7800000

[    5.253867] /soc@0/etm@7540000: Fixed dependency cycle(s) with /soc@0/funnel@7800000

[    5.261824] /soc@0/etm@7640000: Fixed dependency cycle(s) with /soc@0/funnel@7800000

[    5.269784] /soc@0/etm@7740000: Fixed dependency cycle(s) with /soc@0/funnel@7800000

[    5.277737] /soc@0/funnel@7800000: Fixed dependency cycle(s) with /soc@0/etm@7740000

[    5.285691] /soc@0/funnel@7800000: Fixed dependency cycle(s) with /soc@0/etm@7640000

[    5.293642] /soc@0/funnel@7800000: Fixed dependency cycle(s) with /soc@0/etm@7540000

[    5.301594] /soc@0/funnel@7800000: Fixed dependency cycle(s) with /soc@0/etm@7440000

[    5.309545] /soc@0/funnel@7800000: Fixed dependency cycle(s) with /soc@0/etm@7340000

[    5.317497] /soc@0/funnel@7800000: Fixed dependency cycle(s) with /soc@0/etm@7240000

[    5.325449] /soc@0/funnel@7800000: Fixed dependency cycle(s) with /soc@0/etm@7140000

[    5.333401] /soc@0/funnel@7800000: Fixed dependency cycle(s) with /soc@0/etm@7040000

[    5.341355] /soc@0/funnel@7800000: Fixed dependency cycle(s) with /soc@0/funnel@7810000

[    5.349581] /soc@0/funnel@7810000: Fixed dependency cycle(s) with /soc@0/funnel@7800000

[    5.357803] /soc@0/funnel@7810000: Fixed dependency cycle(s) with /soc@0/funnel@6042000

[    5.366044] /soc@0/phy@88e8000: Fixed dependency cycle(s) with /soc@0/display-subsystem@ae00000/displayport-controller@ae90000

[    5.377735] /soc@0/phy@88e8000: Fixed dependency cycle(s) with /soc@0/usb@a600000

[    5.385449] /soc@0/usb@a600000: Fixed dependency cycle(s) with /soc@0/phy@88e8000

[    5.393150] /soc@0/clock-controller@af00000: Fixed dependency cycle(s) with /soc@0/phy@88e8000

[    5.402005] /soc@0/display-subsystem@ae00000: Fixed dependency cycle(s) with /soc@0/clock-controller@af00000

[    5.412104] /soc@0/display-subsystem@ae00000/display-controller@ae01000: Fixed dependency cycle(s) with /soc@0/display-subsystem@ae00000/displayport-controller@ae90000

[    5.427442] /soc@0/display-subsystem@ae00000/display-controller@ae01000: Fixed dependency cycle(s) with /soc@0/display-subsystem@ae00000

[    5.440020] /soc@0/display-subsystem@ae00000/display-controller@ae01000: Fixed dependency cycle(s) with /soc@0/clock-controller@af00000

[    5.452526] /soc@0/display-subsystem@ae00000/displayport-controller@ae90000: Fixed dependency cycle(s) with /soc@0/display-subsystem@ae00000/display-controller@ae01000

[    5.467879] /soc@0/display-subsystem@ae00000/displayport-controller@ae90000: Fixed dependency cycle(s) with /soc@0/phy@88e8000

[    5.479574] /soc@0/display-subsystem@ae00000/displayport-controller@ae90000: Fixed dependency cycle(s) with /soc@0/clock-controller@af00000

[    5.492423] /soc@0/display-subsystem@ae00000/displayport-controller@ae90000: Fixed dependency cycle(s) with /soc@0/display-subsystem@ae00000

[    5.505407] /soc@0/interrupt-controller@17a00000: Fixed dependency cycle(s) with /soc@0/interrupt-controller@17a00000

[    5.516661] probe of 408000.mailbox returned 0 after 0 usecs

[    5.524020] probe of 1f40000.hwlock returned 0 after 0 usecs

[    5.530925] /soc@0/stm@6002000: Fixed dependency cycle(s) with /soc@0/funnel@6041000

[    5.538911] /soc@0/stm@6002000: Fixed dependency cycle(s) with /soc@0/funnel@6041000

[    5.546879] /soc@0/funnel@6041000: Fixed dependency cycle(s) with /soc@0/stm@6002000

[    5.554847] /soc@0/funnel@6041000: Fixed dependency cycle(s) with /soc@0/funnel@6045000

[    5.563090] /soc@0/funnel@6042000: Fixed dependency cycle(s) with /soc@0/funnel@7810000

[    5.571316] /soc@0/funnel@6042000: Fixed dependency cycle(s) with /soc@0/funnel@6045000

[    5.579556] /soc@0/funnel@6042000: Fixed dependency cycle(s) with /soc@0/funnel@6045000

[    5.587791] /soc@0/funnel@6041000: Fixed dependency cycle(s) with /soc@0/funnel@6045000

[    5.596022] /soc@0/funnel@6045000: Fixed dependency cycle(s) with /soc@0/funnel@6042000

[    5.604251] /soc@0/funnel@6045000: Fixed dependency cycle(s) with /soc@0/funnel@6041000

[    5.612478] /soc@0/funnel@6045000: Fixed dependency cycle(s) with /soc@0/funnel@6b04000

[    5.620721] /soc@0/replicator@6046000: Fixed dependency cycle(s) with /soc@0/replicator@6b06000

[    5.629655] /soc@0/replicator@6046000: Fixed dependency cycle(s) with /soc@0/etr@6048000

[    5.637979] /soc@0/replicator@6046000: Fixed dependency cycle(s) with /soc@0/etr@6048000

[    5.646302] /soc@0/etr@6048000: Fixed dependency cycle(s) with /soc@0/replicator@6046000

[    5.654636] /soc@0/funnel@6045000: Fixed dependency cycle(s) with /soc@0/funnel@6b04000

[    5.662869] /soc@0/funnel@6b04000: Fixed dependency cycle(s) with /soc@0/funnel@6045000

[    5.671100] /soc@0/funnel@6b04000: Fixed dependency cycle(s) with /soc@0/etf@6b05000

[    5.679069] /soc@0/funnel@6b04000: Fixed dependency cycle(s) with /soc@0/etf@6b05000

[    5.687037] /soc@0/etf@6b05000: Fixed dependency cycle(s) with /soc@0/funnel@6b04000

[    5.695000] /soc@0/etf@6b05000: Fixed dependency cycle(s) with /soc@0/replicator@6b06000

[    5.703326] /soc@0/etf@6b05000: Fixed dependency cycle(s) with /soc@0/replicator@6b06000

