S - Format: Log Type - Time(microsec) - Message - Optional Info
S - Log Type: B - Since Boot(Power On Reset),  D - Delta,  S - Statistic
S - QC_IMAGE_VERSION_STRING=BOOT.MXF.1.0.1-00549-KODIAKWP-1
S - IMAGE_VARIANT_STRING=SocKodiakWP
S - OEM_IMAGE_VERSION_STRING=wa-lxc
S - Boot Interface: SPI
S - Secure Boot: Off
S - Boot Config @ 0x00786070 = 0x000000c9
S - JTAG ID @ 0x00786130 = 0x001980e1
S - OEM ID @ 0x00786138 = 0x00000000
S - Serial Number @ 0x00786134 = 0x8dbddd5e
S - OEM Config Row 0 @ 0x007841c0 = 0x0000000000000000
S - OEM Config Row 1 @ 0x007841c8 = 0x0000000000000000
S - Feature Config Row 0 @ 0x00784148 = 0x0000000000000000
S - Feature Config Row 1 @ 0x00784150 = 0x0000000000000000
S - Core 0 Frequency, 1516 MHz
S - PBL Patch Ver: 1
D -      6614 - pbl_apps_init_timestamp
D -      3434 - bootable_media_detect_timestamp
D -       812 - bl_elf_metadata_loading_timestamp
D -       705 - bl_hash_seg_auth_timestamp
D -     26498 - bl_elf_loadable_segment_loading_timestamp
D -      4619 - bl_elf_segs_hash_verify_timestamp
D -     17360 - bl_sec_hash_seg_auth_timestamp
D -       821 - bl_sec_segs_hash_verify_timestamp
D -        30 - pbl_populate_shared_data_and_exit_timestamp
S -     60893 - PBL, End
B -     68686 - SBL1, Start
B -    195078 - SBL1 BUILD @ 21:01:04 on Jan 20 2026
B -    199134 - usb: eud_serial_upd , 0x8dbddd5e
D -    202398 - sbl1_hw_init
D -     10705 - boot_media_init
D -         0 - smss_load_cancel
B -    220423 - SMSS -  Image Load, Start
D -      3020 - SMSS -  Image Loaded, Delta - (0 Bytes)
D -       885 - Auth Metadata
D -      5978 - sbl1_xblconfig_init
B -    234972 - XBL Config -  Image Load, Start
D -        31 - shrm_load_cancel
B -    242566 - SHRM -  Image Load, Start
D -       549 - Auth Metadata
D -      1251 - Segments hash check
D -     12139 - SHRM -  Image Loaded, Delta - (39616 Bytes)
D -         0 - boot_default_cdt_init
D -       397 - boot_cdt_init
B -    266753 - CDT -  Image Load, Start
B -    269498 - CDT Version:3,Platform ID:32,Major ID:1,Minor ID:0,Subtype:7
D -     16348 - sbl1_hw_platform_pre_ddr
D -         0 - devcfg init
B -    295179 - PMIC A:2.0 B:1.0 C:2.2 I:1.0
B -    296948 - PM: PM8 0x4
B -    299266 - PM: xVdd reset
B -    301828 - PM: PON by PWR key DEB
B -    557845 - PM: SET_VAL:Skip
B -    559370 - PM: PSI: b0x06_v0x3f
B -    563457 - PM: Device Init # SPMI Transn: 15424
D -    278404 - pm_device_init, Delta
B -    569099 - pm_driver_init, Start
B -    580293 - PM: Driver Init # SPMI Transn: 504
D -      7716 - pm_driver_init, Delta
B -    585203 - PM: damsink err_flag = 0x0
B -    588467 - PM: dam aicl err_flag = 0x0
B -    593225 - PM: Battery ID: 10046Ohm
B -    596427 - PM: debug board connected
B -    600179 - vsense_init, Start
D -         0 - vsense_init, Delta
D -    322111 - sbl1_hw_pre_ddr_init
D -         0 - boot_dload_handle_forced_dload_timeout
D -      2959 - sbl1_load_ddr_training_data
B -    618875 - Pre_DDR_clock_init, Start
D -       213 - Pre_DDR_clock_init, Delta
D -     12902 - sbl1_ddr_set_params
B -    630557 - sbl1_ddr_init, Start
B -    633973 - LP5 DDR detected
D -     15769 - sbl1_ddr_init, Delta
B -    649711 - DSF version = 262.0.47
B -    653066 - Manufacturer ID = 13, Device Type = 8
B -    656665 - Rank 0 size = 4096 MB, Rank 1 size = 4096 MB
D -     31232 - sbl1_ddr_init
D -         0 - boot_pre_ddi_entry
B -    669871 - do_ddr_training, Start
B -    711046 - DDR: Start of DDR Training Restore
B -    714676 - Current DDR Freq = 2096 MHz
B -    715713 - Max enabled DDR Freq = 2736 MHz
B -    719739 - DDR: End of DDR Training Restore
D -     51057 - do_ddr_training, Delta
D -     58865 - sbl1_do_ddr_training
D -       732 - boot_ddi_entry
B -    735568 - Pimem init cmd, entry
D -      9181 - Pimem init cmd, exit
B -    748073 - External heap init, Start
B -    751062 - External heap init, End
D -     23241 - sbl1_post_ddr_init
D -        92 - sbl1_hw_init_secondary
B -    762042 - DDR -  Image Load, Start
B -    765794 - usb: emmc_parti_unavail
B -    769362 - usb: sdc_parti_unavail
B -    773022 - usb: Serial - 8dbddd5e
B -    776652 - usb: fedl, vbus_low
D -     14549 - boot_fedl_check
B -    783484 - APDP -  Image Load, Start
D -      3233 - APDP -  Image Loaded, Delta - (64 Bytes)
D -         0 - boot_dload_dump_security_regions
D -        31 - ramdump_load_cancel
B -    799954 - RamDump -  Image Load, Start
D -      3294 - RamDump -  Image Loaded, Delta - (0 Bytes)
D -        31 - boot_update_abnormal_reset_status
D -         0 - boot_cache_set_memory_barrier
D -         0 - boot_smem_debug_init
D -       549 - boot_smem_init
D -        31 - boot_smem_alloc_for_minidump
D -        92 - boot_smem_store_pon_status
D -        30 - sbl1_hw_platform_smem
D -        61 - boot_ddr_share_data_to_aop
D -       488 - boot_clock_init_rpm
D -         0 - boot_vsense_copy_to_smem
D -        31 - boot_populate_ram_partition_table
D -        30 - boot_populate_ddr_details_shared_table
D -         0 - sbl1_tlmm_init
D -         0 - sbl1_efs_handle_cookies
B -    862692 - OEM_MISC -  Image Load, Start
D -       762 - Auth Metadata
D -       274 - Segments hash check
D -     10675 - OEM_MISC -  Image Loaded, Delta - (7512 Bytes)
B -    876661 - QTI_MISC -  Image Load, Start
D -      5704 - QTI_MISC -  Image Loaded, Delta - (0 Bytes)
B -    891911 - PM: PM Total Mem Allocated: 2340 
D -      5459 - sbl1_pm_aop_pre_init_wrapper
B -    896578 - AOP -  Image Load, Start
D -       671 - Auth Metadata
D -      1586 - Segments hash check
D -     18330 - AOP -  Image Loaded, Delta - (203304 Bytes)
B -    918233 - QSEE Dev Config -  Image Load, Start
D -       641 - Auth Metadata
D -       488 - Segments hash check
D -     13054 - QSEE Dev Config -  Image Loaded, Delta - (41144 Bytes)
B -    940315 - QSEE -  Image Load, Start
D -     17659 - Auth Metadata
D -     22143 - Segments hash check
D -    230275 - QSEE -  Image Loaded, Delta - (3734195 Bytes)
D -         0 - sbl1_hw_play_vibr
B -   1179526 - SEC -  Image Load, Start
D -      3355 - SEC -  Image Loaded, Delta - (64 Bytes)
B -   1186419 - CPUCPFW -  Image Load, Start
D -     17050 - Auth Metadata
D -     17660 - Segments hash check
D -     52796 - CPUCPFW -  Image Loaded, Delta - (171300 Bytes)
B -   1248243 - QHEE -  Image Load, Start
D -     17385 - Auth Metadata
D -      5155 - Segments hash check
D -     41236 - QHEE -  Image Loaded, Delta - (432112 Bytes)
B -   1292803 - APPSBL -  Image Load, Start
D -       793 - Auth Metadata
D -     15525 - Segments hash check
D -    170770 - APPSBL -  Image Loaded, Delta - (3620864 Bytes)
D -         0 - sbl1_save_appsbl_index
B -   1472814 - SBL1, End
D -   1407605 - SBL1, Delta
S - Flash Throughput, 23235 KB/s  (8411417 Bytes,  362644 us)
S - DDR Frequency, 1555 MHz
?S - Format: Log Type - Time(microsec) - Message - Optional Info
S - Log Type: B - Since Boot(Power On Reset),  D - Delta,  S - Statistic
S - QC_IMAGE_VERSION_STRING=BOOT.MXF.1.0.1-00549-KODIAKWP-1
S - IMAGE_VARIANT_STRING=SocKodiakWP
S - OEM_IMAGE_VERSION_STRING=wa-lxc
S - Boot Interface: SPI
S - Secure Boot: Off
S - Boot Config @ 0x00786070 = 0x000000c9
S - JTAG ID @ 0x00786130 = 0x001980e1
S - OEM ID @ 0x00786138 = 0x00000000
S - Serial Number @ 0x00786134 = 0x8dbddd5e
S - OEM Config Row 0 @ 0x007841c0 = 0x0000000000000000
S - OEM Config Row 1 @ 0x007841c8 = 0x0000000000000000
S - Feature Config Row 0 @ 0x00784148 = 0x0000000000000000
S - Feature Config Row 1 @ 0x00784150 = 0x0000000000000000
S - Core 0 Frequency, 1516 MHz
S - PBL Patch Ver: 1
D -      6613 - pbl_apps_init_timestamp
D -      3434 - bootable_media_detect_timestamp
D -       811 - bl_elf_metadata_loading_timestamp
D -       703 - bl_hash_seg_auth_timestamp
D -     26495 - bl_elf_loadable_segment_loading_timestamp
D -      4619 - bl_elf_segs_hash_verify_timestamp
D -     17364 - bl_sec_hash_seg_auth_timestamp
D -       824 - bl_sec_segs_hash_verify_timestamp
D -        30 - pbl_populate_shared_data_and_exit_timestamp
S -     60893 - PBL, End
B -     69692 - SBL1, Start
B -    197823 - SBL1 BUILD @ 21:01:04 on Jan 20 2026
B -    201971 - usb: eud_serial_upd , 0x8dbddd5e
D -    205295 - sbl1_hw_init
D -     10828 - boot_media_init
D -         0 - smss_load_cancel
B -    223565 - SMSS -  Image Load, Start
D -      3050 - SMSS -  Image Loaded, Delta - (0 Bytes)
D -       885 - Auth Metadata
D -      6039 - sbl1_xblconfig_init
B -    238327 - XBL Config -  Image Load, Start
D -         0 - shrm_load_cancel
B -    246013 - SHRM -  Image Load, Start
D -       549 - Auth Metadata
D -      1250 - Segments hash check
D -     12291 - SHRM -  Image Loaded, Delta - (39616 Bytes)
D -         0 - boot_default_cdt_init
D -       396 - boot_cdt_init
B -    270565 - CDT -  Image Load, Start
B -    273341 - CDT Version:3,Platform ID:32,Major ID:1,Minor ID:0,Subtype:7
D -     16561 - sbl1_hw_platform_pre_ddr
D -        31 - devcfg init
B -    299357 - PMIC A:2.0 B:1.0 C:2.2 I:1.0
B -    301126 - PM: Reset by PSHOLD
B -    303475 - PM: Reset Type: Hard Reset
B -    558668 - PM: SET_VAL:Skip
B -    560224 - PM: PSI: b0x06_v0x3f
B -    564280 - PM: Device Init # SPMI Transn: 15297
D -    275232 - pm_device_init, Delta
B -    569953 - pm_driver_init, Start
B -    581147 - PM: Driver Init # SPMI Transn: 504
D -      7717 - pm_driver_init, Delta
B -    586027 - PM: damsink err_flag = 0x0
B -    589321 - PM: dam aicl err_flag = 0x0
B -    594048 - PM: Battery ID: 10042Ohm
B -    597251 - PM: debug board connected
B -    601002 - vsense_init, Start
D -         0 - vsense_init, Delta
D -    318908 - sbl1_hw_pre_ddr_init
D -        30 - boot_dload_handle_forced_dload_timeout
D -      2989 - sbl1_load_ddr_training_data
B -    619699 - Pre_DDR_clock_init, Start
D -       213 - Pre_DDR_clock_init, Delta
D -     12901 - sbl1_ddr_set_params
B -    631411 - sbl1_ddr_init, Start
B -    634796 - LP5 DDR detected
D -     15799 - sbl1_ddr_init, Delta
B -    650565 - DSF version = 262.0.47
B -    653920 - Manufacturer ID = 13, Device Type = 8
B -    657519 - Rank 0 size = 4096 MB, Rank 1 size = 4096 MB
D -     31232 - sbl1_ddr_init
D -         0 - boot_pre_ddi_entry
B -    670725 - do_ddr_training, Start
B -    711900 - DDR: Start of DDR Training Restore
B -    715530 - Current DDR Freq = 2096 MHz
B -    716567 - Max enabled DDR Freq = 2736 MHz
B -    720593 - DDR: End of DDR Training Restore
D -     51057 - do_ddr_training, Delta
D -     58865 - sbl1_do_ddr_training
D -       732 - boot_ddi_entry
B -    736422 - Pimem init cmd, entry
D -      9211 - Pimem init cmd, exit
B -    748927 - External heap init, Start
B -    751916 - External heap init, End
D -     23241 - sbl1_post_ddr_init
D -       122 - sbl1_hw_init_secondary
B -    762896 - DDR -  Image Load, Start
B -    766678 - usb: emmc_parti_unavail
B -    770216 - usb: sdc_parti_unavail
B -    773907 - usb: Serial - 8dbddd5e
B -    777506 - usb: fedl, vbus_low
D -     14549 - boot_fedl_check
B -    784368 - APDP -  Image Load, Start
D -      3203 - APDP -  Image Loaded, Delta - (64 Bytes)
D -         0 - boot_dload_dump_security_regions
D -         0 - ramdump_load_cancel
B -    800808 - RamDump -  Image Load, Start
D -      3324 - RamDump -  Image Loaded, Delta - (0 Bytes)
D -         0 - boot_update_abnormal_reset_status
D -         0 - boot_cache_set_memory_barrier
D -         0 - boot_smem_debug_init
D -       549 - boot_smem_init
D -        31 - boot_smem_alloc_for_minidump
D -        61 - boot_smem_store_pon_status
D -        30 - sbl1_hw_platform_smem
D -        92 - boot_ddr_share_data_to_aop
D -       488 - boot_clock_init_rpm
D -         0 - boot_vsense_copy_to_smem
D -        31 - boot_populate_ram_partition_table
D -        30 - boot_populate_ddr_details_shared_table
D -         0 - sbl1_tlmm_init
D -         0 - sbl1_efs_handle_cookies
B -    863577 - OEM_MISC -  Image Load, Start
D -       762 - Auth Metadata
D -       213 - Segments hash check
D -     10644 - OEM_MISC -  Image Loaded, Delta - (7512 Bytes)
B -    877546 - QTI_MISC -  Image Load, Start
D -      5703 - QTI_MISC -  Image Loaded, Delta - (0 Bytes)
B -    892765 - PM: PM Total Mem Allocated: 2340 
D -      5429 - sbl1_pm_aop_pre_init_wrapper
B -    897432 - AOP -  Image Load, Start
D -       701 - Auth Metadata
D -      1617 - Segments hash check
D -     18361 - AOP -  Image Loaded, Delta - (203304 Bytes)
B -    919117 - QSEE Dev Config -  Image Load, Start
D -       671 - Auth Metadata
D -       519 - Segments hash check
D -     13054 - QSEE Dev Config -  Image Loaded, Delta - (41144 Bytes)
B -    941199 - QSEE -  Image Load, Start
D -     17690 - Auth Metadata
D -     22021 - Segments hash check
D -    230184 - QSEE -  Image Loaded, Delta - (3734195 Bytes)
D -         0 - sbl1_hw_play_vibr
B -   1180350 - SEC -  Image Load, Start
D -      3355 - SEC -  Image Loaded, Delta - (64 Bytes)
B -   1187212 - CPUCPFW -  Image Load, Start
D -     17080 - Auth Metadata
D -     17599 - Segments hash check
D -     52796 - CPUCPFW -  Image Loaded, Delta - (171300 Bytes)
B -   1249036 - QHEE -  Image Load, Start
D -     17355 - Auth Metadata
D -      5185 - Segments hash check
D -     41266 - QHEE -  Image Loaded, Delta - (432112 Bytes)
B -   1293596 - APPSBL -  Image Load, Start
D -       823 - Auth Metadata
D -     15463 - Segments hash check
D -    170770 - APPSBL -  Image Loaded, Delta - (3620864 Bytes)
D -         0 - sbl1_save_appsbl_index
B -   1473577 - SBL1, End
D -   1407362 - SBL1, Delta
S - Flash Throughput, 23235 KB/s  (8411417 Bytes,  362855 us)
S - DDR Frequency, 1555 MHz


UEFI Start     [ 1685]
 - 0x09F001000 [ 1687] Sec.efi
ASLR        : OFF [WARNING]
DEP         : ON (RTB)
Timer Delta : +2 mS
RAM Entry 0 : Base 0x0080000000  Size 0x003B600000
RAM Entry 1 : Base 0x0180000000  Size 0x0100000000
RAM Entry 2 : Base 0x00C0000000  Size 0x00C0000000
Total Available RAM : 8118 MB (0x01FB600000)
Total Installed RAM : 8192 MB (0x0200000000)
Init 7 aux cores of 7
Init CPU core 1
Init CPU core 2
Init CPU core 3
Init CPU core 4
Init CPU core 5
Init CPU core 6
Init CPU core 7
  > Scheduler up on Core 1
Continue booting UEFI on Core 0
  > Scheduler up on Core 2
  > Scheduler up on Core 3
UEFI Ver    : 6.0.260120.BOOT.MXF.1.0.1-00549-KODIAKWP-1
Build Info  : 64b Jan 20 2026 21:01:25
Boot Device : NVME
PROD Mode   : TRUE
Retail      : TRUE
  > Scheduler up on Core 5
  > Scheduler up on Core 4
  > Scheduler up on Core 7
  > Scheduler up on Core 6
tz_armv8_smc_call failed, TzStatus = 0xFFFFFFFE,  SmcId = 0x32000403  
QseeResponse->result = 0xFFFFFF0F
Status = 0x7
Scm command failed to get RPMB provisioning State, Status: 0x00000007
TpmType returned from TZ (LoadApps.c)= 0x6654504D. 
tz_armv8_smc_call failed, TzStatus = 0xFFFFFFFE,  SmcId = 0x32000109  
QseeResponse->result = 0xFFFFFFFF
Status = 0x7
ActivateTzEmbeddedSecureImage Failed
tz_armv8_smc_call failed, TzStatus = 0xFFFFFFFE,  SmcId = 0x32000109  
QseeResponse->result = 0xFFFFFFFF
Status = 0x7
ActivateTzEmbeddedSecureImage Failed
Card Detection FAILED! Handle 0, Slot 0
eMMC module not found
HW Wdog Setting from PCD : Disabled
UFS GPIO7 value is 1
Skipping UFS initialization
PM0: 47, PM1: 63, PM2: 49, PM8: 46, 
Module cannot re-initialize DAL module environment
QcomChargerDxe:: QcomChargerInitialize Unsupported platform or PMIC. 
UsbConfigInit: Device isSku1Variant: 0
UsbConfigInit: SchgPmicInfo.PmicIndex =  (0x8)
UsbStartController: Starting Core 0 in mode: 1
SSUsbSetPhyMode: MuxValue:3, CCOutStatus:1
SSUsbSetPhyMode: CoreNum:0, MuxValue:3, CCOutStatus:1
UsbStartController: Starting Core 1 in mode: 1
UsbEnumeratePort: new device connected at port 0, HubIfc =0xFA9D8C18 
DisplayDxe: External Panel Mode#0 1024x600 59Hz selected.
Device booted from NVME/SPI_NORUsbEnumNewDevRootHub: HIGH on port 0
 UsbEnumNewDevRootHub: vid = 0x1A40 pid = 0x0101, Addr = 1
TpmCmdMaxSize  4096  TpmRspMaxSize  4096  
TpmManufacturerID  0x4D4F4351  
TpmHashAlgoBitmap  0x7  TpmActivePcrBanks 0x2 
ActivePcrBanks     0x2 
IndexArray 0x1  0xFF  0xFF 

UpdateMemoryArrayInfoTable: DDR Details: Manufacturer ID: 19, Device Type: 8, Num Channels: 2
UsbEnumeratePort: new device connected at port 1, HubIfc =0xFA9BEC98 
tz_armv8_smc_call failed, TzStatus = 0xFFFFFFFE,  SmcId = 0x32000401  
QseeResponse->result = 0xFFFFFF03
Status = 0x7
RpmbAutoProvisionMain: RPMB is already provisioned.
PCIE Port 0 Configuration Found! 
PCIE Port 1 Configuration Found! 
PCIe enum (0x3) start : 3658
Training start : 3687
UsbEnumNewDevHub: FULL on port 1
UsbSelectConfig: failed to connect driver Not Found, ignored
Wait for link up start : 3742
PCIe Link up on port 0
UsbEnumeratePort: new device connected at port 3, HubIfc =0xFA9BEC98 
UsbEnumNewDevHub: HIGH on port 3
UsbSelectConfig: failed to connect driver Not Found, ignored
Link up Failed..!! PCIe1, PARF_LTSSM: 0x0 
Training complete : 3993
Port 0 : x1, Gen 1
PCIe Links ready : 3994
PCIe Links setup in 336 ms
[EC] [FmpDeviceInit 1209] EC device is not initialized, Platform is 6490_IOT_industrial_kit or Dragon_Q6A
[EC] [FmpDeviceGetImageTypeIdGuidPtr 226] EC device is not active, returning Unsupported
[EC] [FmpDeviceGetVersion 563] EC device is not active, returning Unsupported
[EC] [FmpDeviceGetVersion 563] EC device is not active, returning Unsupported
[EC] [FmpDeviceGetLowestSupportedVersion 352] EC device is not yet initialized!
[KB] [I2CKeyboardEntryPoint 1882] - Unsupported platform type  32
 Could not find the Reset Data region .
[=3h[2J[0m[35m[40m ConnectConsoles Delta : 51210 micro sec
WaitParallelThreads InIt [ 4082] 
UEFI Ver           : 6.0.260120.BOOT.MXF.1.0.1-00549-KODIAKWP-1
Platform           : IOT
SKUVersion         : 32
Subtype            : 7
Boot Device        : NVME
Chip Name          : QCS6490
Chip Ver           : 1.0
Chip Num           : 0x8DBDDD5E
Chip ECID          : 0x042F8DBDDD5E
-----------------------------
 PlatformBdsPostConsoleInit Delta : 2374 micro sec
Continuing with BDS initialization
[QcomBds] No default boot app specified
 PlatformSecurityInit Delta : 385 micro sec
Block IO handles of partition /'C12A7328-F81F-11D2-BA4B-00A0C93EC93B/' not found
Failed to get block size of EFI partition. Status: Not Found
InitStoragePointersForCapsuleRawFile returned - Not Found!
InitCapsuleStoragePointers returned - Not Found.
DoCapsuleUpdate Delta : 1754 micro sec
ACPI: Loaded 1 tables
AML: AmlUpdateSjtg FEATURE_ID buffer is 0
AML: AmlUpdateSjtg JTAG_ID buffer is 1671393
Attempting to start: Firmware provisioning
: DppProtocol->GetDPP returned Not Found
 HandleMorPpi delta: 1
Platform Init End : 4101
-----------------------------
 PlatBdsSocPostProc Delta : 14513 micro sec
WARNING: TPM2 Event log has HashAlg unsupported by PCR bank (0x4)
WARNING: TPM2 Event log has HashAlg unsupported by PCR bank (0xC)
Get Smbios ---, Status = (0x800000000000000E)
GetEmmcHandle failed, Status = 0x0
 PlatBdsPostFwConfigSec Delta : 10531 micro sec
 Entered MeasurePeImg...
/local/mnt/workspace/CRMBuilds/BOOT.MXF.1.0.1-00549-KODIAKWP-1_20250921_095415/b/boot_images/boot/QcomPkg/Drivers/TrEEDxe/TrEEDxe.c..HashLogExtendEvent:480 Failed! input = 0x2  
/local/mnt/workspace/CRMBuilds/BOOT.MXF.1.0.1-00549-KODIAKWP-1_20250921_095415/b/boot_images/boot/QcomPkg/Drivers/MeasureBootDxe/MeasureBootDxe.c..HashExtendLogTreeEvent: 319 Failed! input = 0x1  
/local/mnt/workspace/CRMBuilds/BOOT.MXF.1.0.1-00549-KODIAKWP-1_20250921_095415/b/boot_images/boot/QcomPkg/Drivers/MeasureBootDxe/MeasureBootDxe.c..MeasurePeImgAll: 1290 Failed! input = 0x1  
/local/mnt/workspace/CRMBuilds/BOOT.MXF.1.0.1-00549-KODIAKWP-1_20250921_095415/b/boot_images/boot/QcomPkg/Drivers/MeasureBootDxe/MeasureBootDxe.c..MeasureBootVariables:782 Failed! input = 0xE  
/local/mnt/workspace/CRMBuilds/BOOT.MXF.1.0.1-00549-KODIAKWP-1_20250921_095415/b/boot_images/boot/QcomPkg/Drivers/MeasureBootDxe/MeasureBootDxe.c..MeasurePeImgAll: 1293 Failed! input = 0x1  
Press F2 to enter Setup, F5 to enter UEFI Shell, F12 to enter Boot menu
Auto boot in 5 seconds
Auto boot in 4 seconds
Auto boot in 3 seconds
Auto boot in 2 seconds
Auto boot in 1 seconds
UEFI Total : 7836 ms
POST Time      [ 9521] OS Loader
[QcomBds] Could not find bootable handle
UEFI Total : 8231 ms
POST Time      [ 9916] OS Loader
[QcomBds] Could not find bootable handle
[QcomBds] Boot Device Order:
[QcomBds]   [0]: USB
[QcomBds]   [1]: SD
[QcomBds]   [2]: NVMe
[QcomBds]   [3]: eMMC
[QcomBds]   [4]: UFS
[QcomBds] Trying device 0: USB
[QcomBds] Trying device 1: SD
UEFI Total : 10737 ms
POST Time      [12422] OS Loader
 Entered MeasurePeImg...
/local/mnt/workspace/CRMBuilds/BOOT.MXF.1.0.1-00549-KODIAKWP-1_20250921_095415/b/boot_images/boot/QcomPkg/Drivers/TrEEDxe/TrEEDxe.c..HashLogExtendEvent:480 Failed! input = 0x2  
/local/mnt/workspace/CRMBuilds/BOOT.MXF.1.0.1-00549-KODIAKWP-1_20250921_095415/b/boot_images/boot/QcomPkg/Drivers/MeasureBootDxe/MeasureBootDxe.c..HashExtendLogTreeEvent: 319 Failed! input = 0x1  
/local/mnt/workspace/CRMBuilds/BOOT.MXF.1.0.1-00549-KODIAKWP-1_20250921_095415/b/boot_images/boot/QcomPkg/Drivers/MeasureBootDxe/MeasureBootDxe.c..MeasurePeImgAll: 1290 Failed! input = 0x1  
[0m[37m[40m[INFO] efi_main: embloader (Embedded Bootloader) version 0.4.r1.9f8e74b
[DEBUG] efi_main: function efi_main at 0xf0383678
[WARNING] find_embloader_folder: embloader folder not found
[DEBUG] efi_main: Final configuration:
[DEBUG] config: {}
[INFO] efi_main: parsing smbios
[WARNING] efi_main: no matched device found in config
[INFO] sdboot_boot_load_menu: loading systemd-boot menu
[INFO] sdboot_check_fs: Found systemd-boot folder in VenHw(D1531D41-3F80-4091-8D0A-541F59236D66)/HD(
1,GPT,0BC201DD-2A64-4495-A461-AC36D51BA7B3,0x800,0x80000)
[INFO] sdboot_boot_load_file: loading sdboot boot config from file /loader/loader.conf
[INFO] sdboot_boot_load_file: loading sdboot boot config from file android.conf
[DEBUG] sdboot_boot_load_file: created sdboot loader android
[DEBUG] sdboot_boot_load_root: use timeout value 5 from sdboot config
[DEBUG] sdboot_boot_load_root: found default entry android.conf in sdboot config
[DEBUG] sdboot_boot_load_root: use default entry android.conf from sdboot config
[INFO] sdboot_boot_load_menu: loaded systemd-boot menu from current device
[Warn]	(0.000, +0)	 lv_uefi_simple_pointer_indev_add_handle: [lv_uefi] The SIMPLE_POINTER inter
face is not valid. lv_uefi_indev_pointer.c:124

Embedded Boot Loader GUI Menu Serial Alternative
[INFO] embloader_gui_menu_start: lvgl gui menu started
[WARNING] load_xml_from: failed to read XML file menu-main.xml for menu-main: Invalid Parameter
[WARNING] filter_supports: disabled for Qualcomm UEFI
[WARNING] embloader_tui_menu_start: this platform have bad console, skip TUI menu

========================================
= Embedded Bootloader menu
========================================
  1. Android 13 ??? Dragon Q6A
  2. Reboot Into Firmware Interface
========================================
Menu timeout: 5 seconds
Default option: (1) Android 13 ??? Dragon Q6A
Select an option (1-2) or press Enter to boot default: 
Timeout
Booting default option (1) Android 13 ??? Dragon Q6A

[INFO] embloader_loader_boot: booting Android 13 ??? Dragon Q6A (android) ...
[INFO] embloader_loader_boot_sdboot: booting sdboot loader Android 13 ??? Dragon Q6A ...
[INFO] linux_load_kernel: loading kernel /Android/Image
[INFO] linux_load_kernel: loaded kernel /Android/Image size 61.25MiB (64223744 bytes)
[INFO] linux_load_kernel: kernel /Android/Image at 0xf6374000 with 15680 pages
[INFO] linux_load_initramfs: loading initramfs /Android/ramdisk.img
[INFO] linux_load_initramfs: loaded initramfs /Android/ramdisk.img size 15.10MiB (15832007 bytes)
[INFO] linux_load_initramfs: loaded 1 initramfs size 15.10MiB (15832007 bytes)
[INFO] linux_load_initramfs: initramfs collections (1) at 0xef009000 with 3866 pages
[INFO] linux_load_bootargs: loaded bootargs console=tty0 console=ttyMSM0,115200n8 earlycon=qcom_geni
,0x00994000 fbcon=nodefer video=HDMI-A-1:e drm.edid_firmware=HDMI-A-1:edid/waveshare_edid.bin keep_b
ootcon ignore_loglevel loglevel=8 modprobe.blacklist=msm panic=10 coherent_pool=2M firmware_class.pa
th=/vendor/firmware irqchip.gicv3_pseudo_nmi=0 psi=1 selinux=1 androidboot.force_normal_boot=1 andro
idboot.slot_suffix=_a androidboot.hardware=dragon_q6a androidboot.selinux=permissive androidboot.boo
t_devices=soc@0/8804000.mmc lsm=landlock,lockdown,yama,integrity,selinux,bpf printk.devkmsg=on
[DEBUG] linux_try_load_dtb: try load dtb /Android/qcs6490-radxa-dragon-q6a.dtb
[INFO] linux_try_load_dtb: read dtb /Android/qcs6490-radxa-dragon-q6a.dtb size 180.70KiB (184388 byt
es)
[INFO] linux_try_load_dtb: load dtb /Android/qcs6490-radxa-dragon-q6a.dtb successfully
[INFO] linux_try_load_dtb: dtb model: Radxa Dragon Q6A
[INFO] linux_try_load_dtb: dtb compatible: radxa,dragon-q6a
[DEBUG] linux_data_load: linux boot data prepared
[DEBUG] efi_dtfixup: applying efi dtfixup protocol
[INFO] efi_dtfixup: efi dtfixup applied successfully
[INFO] embloader_start_efi: load efi image at 0xf6374000...
 Entered MeasurePeImg...
/local/mnt/workspace/CRMBuilds/BOOT.MXF.1.0.1-00549-KODIAKWP-1_20250921_095415/b/boot_images/boot/QcomPkg/Drivers/TrEEDxe/TrEEDxe.c..HashLogExtendEvent:480 Failed! input = 0x2  
/local/mnt/workspace/CRMBuilds/BOOT.MXF.1.0.1-00549-KODIAKWP-1_20250921_095415/b/boot_images/boot/QcomPkg/Drivers/MeasureBootDxe/MeasureBootDxe.c..HashExtendLogTreeEvent: 319 Failed! input = 0x1  
/local/mnt/workspace/CRMBuilds/BOOT.MXF.1.0.1-00549-KODIAKWP-1_20250921_095415/b/boot_images/boot/QcomPkg/Drivers/MeasureBootDxe/MeasureBootDxe.c..MeasurePeImgAll: 1290 Failed! input = 0x1  
DetectLinuxKernelVersion Delta : 42525 micro sec
[INFO] embloader_start_efi: use cmdline console=tty0 console=ttyMSM0,115200n8 earlycon=qcom_geni,0x0
0994000 fbcon=nodefer video=HDMI-A-1:e drm.edid_firmware=HDMI-A-1:edid/waveshare_edid.bin keep_bootc
on ignore_loglevel loglevel=8 modprobe.blacklist=msm panic=10 coherent_pool=2M firmware_class.path=/
vendor/firmware irqchip.gicv3_pseudo_nmi=0 psi=1 selinux=1 androidboot.force_normal_boot=1 androidbo
ot.slot_suffix=_a androidboot.hardware=dragon_q6a androidboot.selinux=permissive androidboot.boot_de
vices=soc@0/8804000.mmc lsm=landlock,lockdown,yama,integrity,selinux,bpf printk.devkmsg=on
[INFO] embloader_start_efi: start efi image...
Start EBS        [23170] 
Start EBS        [23173] 
ScmArmV8ExitBootServicesHandler, Status = 0x0. 
Exit EBS        [23947] UEFI End
[    0.000000] printk: debug: ignoring loglevel setting.
[    0.000000] efi: EFI v2.7 by Qualcomm Technologies, Inc.
[    0.000000] efi: ACPI 2.0=0xffffd000 MEMATTR=0xfa46a018 ESRT=0xfa236e98 SMBIOS=0xffed1000 TPMEventLog=0xfffc6018 INITRD=0xf0075f98 RNG=0xfffc6e98 MEMRESERVE=0xf0075d18 
[    0.000000] random: crng init done
[    0.000000] TPM Final Events table not present
[    0.000000] esrt: Reserving ESRT space from 0x00000000fa236e98 to 0x00000000fa236ef8.
[    0.000000] OF: reserved mem: 0x0000000080000000..0x00000000805fffff (6144 KiB) nomap non-reusable hyp@80000000
[    0.000000] OF: reserved mem: 0x0000000080600000..0x00000000807fffff (2048 KiB) nomap non-reusable xbl@80600000
[    0.000000] OF: reserved mem: 0x0000000080800000..0x000000008085ffff (384 KiB) nomap non-reusable aop@80800000
[    0.000000] OF: reserved mem: 0x0000000080860000..0x000000008087ffff (128 KiB) nomap non-reusable aop-cmd-db@80860000
[    0.000000] OF: reserved mem: 0x0000000080884000..0x0000000080893fff (64 KiB) nomap non-reusable xbl-uefi-res@80880000
[    0.000000] OF: reserved mem: 0x00000000808ff000..0x00000000808fffff (4 KiB) nomap non-reusable sec-apps@808ff000
[    0.000000] OF: reserved mem: 0x0000000080900000..0x0000000080afffff (2048 KiB) nomap non-reusable smem@80900000
[    0.000000] OF: reserved mem: 0x0000000080b00000..0x0000000080bfffff (1024 KiB) nomap non-reusable cpucp@80b00000
[    0.000000] OF: reserved mem: 0x0000000081800000..0x00000000826fffff (15360 KiB) nomap non-reusable lpass-ml@81800000
[    0.000000] OF: reserved mem: 0x0000000082700000..0x000000008270ffff (64 KiB) nomap non-reusable cdsp-secure-heap@82700000
[    0.000000] OF: reserved mem: 0x000000008b800000..0x000000008dffffff (40960 KiB) nomap non-reusable adsp@8b800000
[    0.000000] OF: reserved mem: 0x000000008e000000..0x000000008fdfffff (30720 KiB) nomap non-reusable cdsp@8e000000
[    0.000000] OF: reserved mem: 0x000000008fe00000..0x00000000902fffff (5120 KiB) nomap non-reusable video@8fe00000
[    0.000000] OF: reserved mem: 0x0000000090300000..0x0000000090304fff (20 KiB) nomap non-reusable zap@90300000
[    0.000000] OF: reserved mem: 0x00000000c0000000..0x00000000c00fffff (1024 KiB) nomap non-reusable tz-stat@c0000000
[    0.000000] OF: reserved mem: 0x00000000c0100000..0x00000000c12fffff (18432 KiB) nomap non-reusable tags@c0100000
[    0.000000] OF: reserved mem: 0x00000000c1300000..0x00000000c17fffff (5120 KiB) nomap non-reusable qtee@c1300000
[    0.000000] OF: reserved mem: 0x00000000c1800000..0x00000000c39fffff (34816 KiB) nomap non-reusable trusted-apps@c1800000
[    0.000000] OF: reserved mem: 0x00000000c6500000..0x00000000c6cfffff (8192 KiB) nomap non-reusable adsp-rpc-remote-heap@c6500000
[    0.000000] NUMA: Faking a node at [mem 0x0000000080000000-0x000000027fffffff]
[    0.000000] NODE_DATA(0) allocated [mem 0x27eda8c00-0x27edac37f]
[    0.000000] Zone ranges:
[    0.000000]   DMA      [mem 0x0000000080000000-0x00000000ffffffff]
[    0.000000]   DMA32    empty
[    0.000000]   Normal   [mem 0x0000000100000000-0x000000027fffffff]
[    0.000000]   Device   empty
[    0.000000] Movable zone start for each node
[    0.000000] Early memory node ranges
[    0.000000]   node   0: [mem 0x0000000080000000-0x00000000807fffff]
[    0.000000]   node   0: [mem 0x0000000080884000-0x00000000808b3fff]
[    0.000000]   node   0: [mem 0x00000000808b4000-0x00000000808fefff]
[    0.000000]   node   0: [mem 0x00000000808ff000-0x00000000808fffff]
[    0.000000]   node   0: [mem 0x0000000080b00000-0x000000008270ffff]
[    0.000000]   node   0: [mem 0x0000000082710000-0x00000000842fffff]
[    0.000000]   node   0: [mem 0x0000000084800000-0x000000008b7fffff]
[    0.000000]   node   0: [mem 0x0000000090309000-0x000000009f5f6fff]
[    0.000000]   node   0: [mem 0x000000009f5f7000-0x000000009f5fffff]
[    0.000000]   node   0: [mem 0x000000009f600000-0x000000009fffffff]
[    0.000000]   node   0: [mem 0x00000000a0000000-0x00000000a0001fff]
[    0.000000]   node   0: [mem 0x00000000a0002000-0x00000000a07fffff]
[    0.000000]   node   0: [mem 0x00000000a0800000-0x00000000a0afffff]
[    0.000000]   node   0: [mem 0x00000000a0b00000-0x00000000bb5fffff]
[    0.000000]   node   0: [mem 0x00000000c3a00000-0x00000000c50fffff]
[    0.000000]   node   0: [mem 0x00000000c6000000-0x00000000c64fffff]
[    0.000000]   node   0: [mem 0x00000000c6d00000-0x00000000c90fffff]
[    0.000000]   node   0: [mem 0x00000000c9100000-0x00000000eedfffff]
[    0.000000]   node   0: [mem 0x00000000eee00000-0x00000000eeffffff]
[    0.000000]   node   0: [mem 0x00000000ef000000-0x00000000ffa75fff]
[    0.000000]   node   0: [mem 0x00000000ffa76000-0x00000000fff21fff]
[    0.000000]   node   0: [mem 0x00000000fff22000-0x000000027fffffff]
[    0.000000] Initmem setup node 0 [mem 0x0000000080000000-0x000000027fffffff]
[    0.000000] On node 0, zone DMA: 132 pages in unavailable ranges
[    0.000000] On node 0, zone DMA: 512 pages in unavailable ranges
[    0.000000] On node 0, zone DMA: 1280 pages in unavailable ranges
[    0.000000] On node 0, zone DMA: 19209 pages in unavailable ranges
[    0.000000] On node 0, zone DMA: 33792 pages in unavailable ranges
[    0.000000] On node 0, zone DMA: 3840 pages in unavailable ranges
[    0.000000] On node 0, zone DMA: 2048 pages in unavailable ranges
[    0.000000] cma: Reserved 32 MiB at 0x00000000fda00000
[    0.000000] psci: probing for conduit method from DT.
[    0.000000] psci: PSCIv1.1 detected in firmware.
[    0.000000] psci: Using standard PSCI v0.2 function IDs
[    0.000000] psci: MIGRATE_INFO_TYPE not supported.
[    0.000000] psci: SMC Calling Convention v1.1
[    0.000000] psci: OSI mode supported.
[    0.000000] psci: [Firmware Bug]: failed to set PC mode: -3
[    0.000000] percpu: Embedded 26 pages/cpu s66328 r8192 d31976 u106496
[    0.000000] pcpu-alloc: s66328 r8192 d31976 u106496 alloc=26*4096
[    0.000000] pcpu-alloc: [0] 0 [0] 1 [0] 2 [0] 3 [0] 4 [0] 5 [0] 6 [0] 7 
[    0.000000] Detected VIPT I-cache on CPU0
[    0.000000] CPU features: detected: GICv3 CPU interface
[    0.000000] CPU features: kernel page table isolation forced ON by KASLR
[    0.000000] CPU features: detected: Kernel page table isolation (KPTI)
[    0.000000] CPU features: detected: Qualcomm erratum 1009, or ARM erratum 1286807, 2441009
[    0.000000] CPU features: detected: ARM errata 1165522, 1319367, or 1530923
[    0.000000] alternatives: applying boot alternatives
[    0.000000] Kernel command line: console=tty0 console=ttyMSM0,115200n8 earlycon=qcom_geni,0x00994000 fbcon=nodefer video=HDMI-A-1:e drm.edid_firmware=HDMI-A-1:edid/waveshare_edid.bin keep_bootcon ignore_loglevel loglevel=8 modprobe.blacklist=msm panic=10 coherent_pool=2M firmware_class.path=/vendor/firmware irqchip.gicv3_pseudo_nmi=0 psi=1 selinux=1 androidboot.force_normal_boot=1 androidboot.slot_suffix=_a androidboot.hardware=dragon_q6a androidboot.selinux=permissive androidboot.boot_devices=soc@0/8804000.mmc lsm=landlock,lockdown,yama,integrity,selinux,bpf printk.devkmsg=on
[    0.000000] printk: log buffer data + meta data: 2097152 + 7340032 = 9437184 bytes
[    0.000000] Dentry cache hash table entries: 1048576 (order: 11, 8388608 bytes, linear)
[    0.000000] Inode-cache hash table entries: 524288 (order: 10, 4194304 bytes, linear)
[    0.000000] software IO TLB: area num 8.
[    0.000000] software IO TLB: mapped [mem 0x00000000f6236000-0x00000000fa236000] (64MB)
[    0.000000] Fallback order for Node 0: 0 
[    0.000000] Built 1 zonelists, mobility grouping on.  Total pages: 2036339
[    0.000000] Policy zone: Normal
[    0.000000] mem auto-init: stack:all(zero), heap alloc:on, heap free:off
[    0.000000] stackdepot: allocating hash table via alloc_large_system_hash
[    0.000000] stackdepot hash table entries: 524288 (order: 11, 8388608 bytes, linear)
[    0.000000] stackdepot: allocating space for 8192 stack pools via memblock
[    0.000000] SLUB: HWalign=64, Order=0-3, MinObjects=0, CPUs=8, Nodes=1
[    0.000000] Dynamic Preempt: voluntary
[    0.000000] rcu: Preemptible hierarchical RCU implementation.
[    0.000000] rcu: 	RCU restricting CPUs from NR_CPUS=512 to nr_cpu_ids=8.
[    0.000000] rcu: 	RCU priority boosting: priority 1 delay 500 ms.
[    0.000000] 	Trampoline variant of Tasks RCU enabled.
[    0.000000] 	Tracing variant of Tasks RCU enabled.
[    0.000000] rcu: RCU calculated value of scheduler-enlistment delay is 100 jiffies.
[    0.000000] rcu: Adjusting geometry for rcu_fanout_leaf=16, nr_cpu_ids=8
[    0.000000] RCU Tasks: Setting shift to 3 and lim to 1 rcu_task_cb_adjust=1 rcu_task_cpu_ids=8.
[    0.000000] RCU Tasks Trace: Setting shift to 3 and lim to 1 rcu_task_cb_adjust=1 rcu_task_cpu_ids=8.
[    0.000000] NR_IRQS: 64, nr_irqs: 64, preallocated irqs: 0
[    0.000000] GICv3: 928 SPIs implemented
[    0.000000] GICv3: 0 Extended SPIs implemented
[    0.000000] GICv3: MBI range [832:959]
[    0.000000] GICv3: Using MBI frame 0x0000000017a10000
[    0.000000] Root IRQ handler: gic_handle_irq
[    0.000000] GICv3: GICv3 features: 16 PPIs
[    0.000000] GICv3: GICD_CTLR.DS=0, SCR_EL3.FIQ=1
[    0.000000] GICv3: CPU0: found redistributor 0 region 0:0x0000000017a60000
[    0.000000] ITS: No ITS available, not enabling LPIs
[    0.000000] rcu: srcu_init: Setting srcu_struct sizes based on contention.
[    0.000000] arch_timer: cp15 timer running at 19.20MHz (virt).
[    0.000000] clocksource: arch_sys_counter: mask: 0xffffffffffffff max_cycles: 0x46d987e47, max_idle_ns: 440795202767 ns
[    0.000000] sched_clock: 56 bits at 19MHz, resolution 52ns, wraps every 4398046511078ns
[    0.008779] kfence: initialized - using 2097152 bytes for 255 objects at 0x(____ptrval____)-0x(____ptrval____)
[    0.019201] Console: colour dummy device 80x25
[    0.023779] printk: legacy console [tty0] enabled
[    0.029324] Calibrating delay loop (skipped), value calculated using timer frequency.. 38.40 BogoMIPS (lpj=19200)
[    0.039870] pid_max: default: 32768 minimum: 301
[    0.044746] LSM: initializing lsm=capability,landlock,yama,selinux
[    0.051225] landlock: Up and running.
[    0.055008] Yama: becoming mindful.
[    0.058616] SELinux:  Initializing.
[    0.062690] Mount-cache hash table entries: 16384 (order: 5, 131072 bytes, linear)
[    0.070488] Mountpoint-cache hash table entries: 16384 (order: 5, 131072 bytes, linear)
[    0.080871] rcu: Hierarchical SRCU implementation.
[    0.085812] rcu: 	Max phase no-delay instances is 400.
[    0.091328] Timer migration: 1 hierarchy levels; 8 children per group; 1 crossnode level
[    0.105360] Remapping and enabling EFI services.
[    0.110447] smp: Bringing up secondary CPUs ...
[    0.115812] Detected VIPT I-cache on CPU1
[    0.115956] GICv3: CPU1: found redistributor 100 region 0:0x0000000017a80000
[    0.115995] CPU1: Booted secondary processor 0x0000000100 [0x412fd050]
[    0.116685] Detected VIPT I-cache on CPU2
[    0.116817] GICv3: CPU2: found redistributor 200 region 0:0x0000000017aa0000
[    0.116846] CPU2: Booted secondary processor 0x0000000200 [0x412fd050]
[    0.117454] Detected VIPT I-cache on CPU3
[    0.117580] GICv3: CPU3: found redistributor 300 region 0:0x0000000017ac0000
[    0.117605] CPU3: Booted secondary processor 0x0000000300 [0x412fd050]
[    0.118692] CPU features: detected: Spectre-v4
[    0.118695] CPU features: detected: Spectre-BHB
[    0.118697] CPU features: detected: SSBS not fully self-synchronizing
[    0.118699] Detected PIPT I-cache on CPU4
[    0.118740] GICv3: CPU4: found redistributor 400 region 0:0x0000000017ae0000
[    0.118752] CPU4: Booted secondary processor 0x0000000400 [0x411fd411]
[    0.119305] Detected PIPT I-cache on CPU5
[    0.119349] GICv3: CPU5: found redistributor 500 region 0:0x0000000017b00000
[    0.119362] CPU5: Booted secondary processor 0x0000000500 [0x411fd411]
[    0.119912] Detected PIPT I-cache on CPU6
[    0.119955] GICv3: CPU6: found redistributor 600 region 0:0x0000000017b20000
[    0.119967] CPU6: Booted secondary processor 0x0000000600 [0x411fd411]
[    0.120603] Detected PIPT I-cache on CPU7
[    0.120642] GICv3: CPU7: found redistributor 700 region 0:0x0000000017b40000
[    0.120654] CPU7: Booted secondary processor 0x0000000700 [0x411fd411]
[    0.120707] smp: Brought up 1 node, 8 CPUs
[    0.267370] SMP: Total of 8 processors activated.
[    0.272218] CPU: All CPU(s) started at EL1
[    0.276448] CPU features: detected: 32-bit EL0 Support
[    0.281740] CPU features: detected: Data cache clean to the PoU not required for I/D coherence
[    0.290596] CPU features: detected: Common not Private translations
[    0.297040] CPU features: detected: CRC32 instructions
[    0.302329] CPU features: detected: Data cache clean to Point of Persistence
[    0.309585] CPU features: detected: RCpc load-acquire (LDAPR)
[    0.315502] CPU features: detected: LSE atomic instructions
[    0.321231] CPU features: detected: Privileged Access Never
[    0.326960] CPU features: detected: PMUv3
[    0.331087] CPU features: detected: RAS Extension Support
[    0.336648] CPU features: detected: Speculative Store Bypassing Safe (SSBS)
[    0.343854] alternatives: applying system-wide alternatives
[    0.353390] CPU features: detected: Hardware dirty bit management on CPU4-7
[    0.360890] Memory: 7702144K/8145356K available (19776K kernel code, 12414K rwdata, 16268K rodata, 14080K init, 3096K bss, 404312K reserved, 32768K cma-reserved)
[    0.377487] devtmpfs: initialized
[    0.386085] clocksource: jiffies: mask: 0xffffffff max_cycles: 0xffffffff, max_idle_ns: 1911260446275000 ns
[    0.396113] posixtimers hash table entries: 4096 (order: 4, 65536 bytes, linear)
[    0.403729] futex hash table entries: 2048 (131072 bytes on 1 NUMA nodes, total 128 KiB, linear).
[    0.412961] 2G module region forced by RANDOMIZE_MODULE_REGION_FULL
[    0.419396] 0 pages in range for non-PLT usage
[    0.419397] 507808 pages in range for PLT usage
[    0.424178] pinctrl core: initialized pinctrl subsystem
[    0.435064] SMBIOS 3.3 present.
[    0.438302] DMI: Radxa Computer Co., Ltd. Radxa Dragon Q6A/Radxa Dragon Q6A, BIOS 6.0.260120.BOOT.MXF.1.0.1-00549-KODIAKWP-1 01/20/2026
[    0.450794] DMI: Memory slots populated: 1/1
[    0.456478] NET: Registered PF_NETLINK/PF_ROUTE protocol family
[    0.463174] DMA: preallocated 2048 KiB GFP_KERNEL pool for atomic allocations
[    0.470775] DMA: preallocated 2048 KiB GFP_KERNEL|GFP_DMA pool for atomic allocations
[    0.479069] DMA: preallocated 2048 KiB GFP_KERNEL|GFP_DMA32 pool for atomic allocations
[    0.487322] audit: initializing netlink subsys (disabled)
[    0.492992] audit: type=2000 audit(0.185:1): state=initialized audit_enabled=0 res=1
[    0.493508] thermal_sys: Registered thermal governor 'fair_share'
[    0.500947] thermal_sys: Registered thermal governor 'step_wise'
[    0.507210] thermal_sys: Registered thermal governor 'user_space'
[    0.513383] thermal_sys: Registered thermal governor 'power_allocator'
[    0.519668] cpuidle: using governor ladder
[    0.530597] cpuidle: using governor menu
[    0.534664] NET: Registered PF_QIPCRTR protocol family
[    0.540076] hw-breakpoint: found 6 breakpoint and 4 watchpoint registers.
[    0.547143] ASID allocator initialised with 32768 entries
[    0.553316] Serial: AMBA PL011 UART driver
[    0.558846] CPUidle PSCI: Initialized CPU PM domain topology using OSI mode
[    0.568909] /soc@0/stm@6002000: Fixed dependency cycle(s) with /soc@0/funnel@6041000
[    0.576878] /soc@0/funnel@6041000: Fixed dependency cycle(s) with /soc@0/stm@6002000
[    0.584844] /soc@0/funnel@6041000: Fixed dependency cycle(s) with /soc@0/funnel@6045000
[    0.593070] /soc@0/funnel@6042000: Fixed dependency cycle(s) with /soc@0/funnel@7810000
[    0.601293] /soc@0/funnel@6042000: Fixed dependency cycle(s) with /soc@0/funnel@6045000
[    0.609518] /soc@0/funnel@6045000: Fixed dependency cycle(s) with /soc@0/funnel@6042000
[    0.617740] /soc@0/funnel@6045000: Fixed dependency cycle(s) with /soc@0/funnel@6041000
[    0.625960] /soc@0/funnel@6045000: Fixed dependency cycle(s) with /soc@0/funnel@6b04000
[    0.634187] /soc@0/replicator@6046000: Fixed dependency cycle(s) with /soc@0/replicator@6b06000
[    0.643119] /soc@0/replicator@6046000: Fixed dependency cycle(s) with /soc@0/etr@6048000
[    0.651434] /soc@0/etr@6048000: Fixed dependency cycle(s) with /soc@0/replicator@6046000
[    0.659748] /soc@0/funnel@6b04000: Fixed dependency cycle(s) with /soc@0/funnel@6045000
[    0.667969] /soc@0/funnel@6b04000: Fixed dependency cycle(s) with /soc@0/etf@6b05000
[    0.675926] /soc@0/etf@6b05000: Fixed dependency cycle(s) with /soc@0/funnel@6b04000
[    0.683879] /soc@0/etf@6b05000: Fixed dependency cycle(s) with /soc@0/replicator@6b06000
[    0.692194] /soc@0/replicator@6b06000: Fixed dependency cycle(s) with /soc@0/etf@6b05000
[    0.700502] /soc@0/replicator@6b06000: Fixed dependency cycle(s) with /soc@0/replicator@6046000
[    0.709442] /soc@0/etm@7040000: Fixed dependency cycle(s) with /soc@0/funnel@7800000
[    0.717401] /soc@0/etm@7140000: Fixed dependency cycle(s) with /soc@0/funnel@7800000
[    0.725360] /soc@0/etm@7240000: Fixed dependency cycle(s) with /soc@0/funnel@7800000
[    0.733321] /soc@0/etm@7340000: Fixed dependency cycle(s) with /soc@0/funnel@7800000
[    0.741278] /soc@0/etm@7440000: Fixed dependency cycle(s) with /soc@0/funnel@7800000
[    0.749238] /soc@0/etm@7540000: Fixed dependency cycle(s) with /soc@0/funnel@7800000
[    0.757196] /soc@0/etm@7640000: Fixed dependency cycle(s) with /soc@0/funnel@7800000
[    0.765159] /soc@0/etm@7740000: Fixed dependency cycle(s) with /soc@0/funnel@7800000
[    0.773111] /soc@0/funnel@7800000: Fixed dependency cycle(s) with /soc@0/etm@7740000
[    0.781063] /soc@0/funnel@7800000: Fixed dependency cycle(s) with /soc@0/etm@7640000
[    0.789014] /soc@0/funnel@7800000: Fixed dependency cycle(s) with /soc@0/etm@7540000
[    0.796966] /soc@0/funnel@7800000: Fixed dependency cycle(s) with /soc@0/etm@7440000
[    0.804917] /soc@0/funnel@7800000: Fixed dependency cycle(s) with /soc@0/etm@7340000
[    0.812867] /soc@0/funnel@7800000: Fixed dependency cycle(s) with /soc@0/etm@7240000
[    0.820819] /soc@0/funnel@7800000: Fixed dependency cycle(s) with /soc@0/etm@7140000
[    0.828769] /soc@0/funnel@7800000: Fixed dependency cycle(s) with /soc@0/etm@7040000
[    0.836725] /soc@0/funnel@7800000: Fixed dependency cycle(s) with /soc@0/funnel@7810000
[    0.844950] /soc@0/funnel@7810000: Fixed dependency cycle(s) with /soc@0/funnel@7800000
[    0.853172] /soc@0/funnel@7810000: Fixed dependency cycle(s) with /soc@0/funnel@6042000
[    0.861412] /soc@0/phy@88e8000: Fixed dependency cycle(s) with /soc@0/display-subsystem@ae00000/displayport-controller@ae90000
[    0.873105] /soc@0/phy@88e8000: Fixed dependency cycle(s) with /soc@0/usb@a600000
[    0.880817] /soc@0/usb@a600000: Fixed dependency cycle(s) with /soc@0/phy@88e8000
[    0.888517] /soc@0/clock-controller@af00000: Fixed dependency cycle(s) with /soc@0/phy@88e8000
[    0.897371] /soc@0/display-subsystem@ae00000: Fixed dependency cycle(s) with /soc@0/clock-controller@af00000
[    0.907470] /soc@0/display-subsystem@ae00000/display-controller@ae01000: Fixed dependency cycle(s) with /soc@0/display-subsystem@ae00000/displayport-controller@ae90000
[    0.922819] /soc@0/display-subsystem@ae00000/display-controller@ae01000: Fixed dependency cycle(s) with /soc@0/display-subsystem@ae00000
[    0.935408] /soc@0/display-subsystem@ae00000/display-controller@ae01000: Fixed dependency cycle(s) with /soc@0/clock-controller@af00000
[    0.947910] /soc@0/display-subsystem@ae00000/displayport-controller@ae90000: Fixed dependency cycle(s) with /soc@0/display-subsystem@ae00000/display-controller@ae01000
[    0.963254] /soc@0/display-subsystem@ae00000/displayport-controller@ae90000: Fixed dependency cycle(s) with /soc@0/phy@88e8000
[    0.974949] /soc@0/display-subsystem@ae00000/displayport-controller@ae90000: Fixed dependency cycle(s) with /soc@0/clock-controller@af00000
[    0.987796] /soc@0/display-subsystem@ae00000/displayport-controller@ae90000: Fixed dependency cycle(s) with /soc@0/display-subsystem@ae00000
[    1.000770] /soc@0/interrupt-controller@17a00000: Fixed dependency cycle(s) with /soc@0/interrupt-controller@17a00000
[    1.014640] /soc@0/stm@6002000: Fixed dependency cycle(s) with /soc@0/funnel@6041000
[    1.022638] /soc@0/stm@6002000: Fixed dependency cycle(s) with /soc@0/funnel@6041000
[    1.030609] /soc@0/funnel@6041000: Fixed dependency cycle(s) with /soc@0/stm@6002000
[    1.038584] /soc@0/funnel@6041000: Fixed dependency cycle(s) with /soc@0/funnel@6045000
[    1.046829] /soc@0/funnel@6042000: Fixed dependency cycle(s) with /soc@0/funnel@7810000
[    1.055054] /soc@0/funnel@6042000: Fixed dependency cycle(s) with /soc@0/funnel@6045000
[    1.063294] /soc@0/funnel@6042000: Fixed dependency cycle(s) with /soc@0/funnel@6045000
[    1.071530] /soc@0/funnel@6041000: Fixed dependency cycle(s) with /soc@0/funnel@6045000
[    1.079760] /soc@0/funnel@6045000: Fixed dependency cycle(s) with /soc@0/funnel@6042000
[    1.087989] /soc@0/funnel@6045000: Fixed dependency cycle(s) with /soc@0/funnel@6041000
[    1.096219] /soc@0/funnel@6045000: Fixed dependency cycle(s) with /soc@0/funnel@6b04000
[    1.104460] /soc@0/replicator@6046000: Fixed dependency cycle(s) with /soc@0/replicator@6b06000
[    1.113394] /soc@0/replicator@6046000: Fixed dependency cycle(s) with /soc@0/etr@6048000
[    1.121716] /soc@0/replicator@6046000: Fixed dependency cycle(s) with /soc@0/etr@6048000
[    1.130038] /soc@0/etr@6048000: Fixed dependency cycle(s) with /soc@0/replicator@6046000
[    1.138372] /soc@0/funnel@6045000: Fixed dependency cycle(s) with /soc@0/funnel@6b04000
[    1.146605] /soc@0/funnel@6b04000: Fixed dependency cycle(s) with /soc@0/funnel@6045000
[    1.154835] /soc@0/funnel@6b04000: Fixed dependency cycle(s) with /soc@0/etf@6b05000
[    1.162804] /soc@0/funnel@6b04000: Fixed dependency cycle(s) with /soc@0/etf@6b05000
[    1.170772] /soc@0/etf@6b05000: Fixed dependency cycle(s) with /soc@0/funnel@6b04000
[    1.178733] /soc@0/etf@6b05000: Fixed dependency cycle(s) with /soc@0/replicator@6b06000
[    1.187059] /soc@0/etf@6b05000: Fixed dependency cycle(s) with /soc@0/replicator@6b06000
[    1.195383] /soc@0/replicator@6046000: Fixed dependency cycle(s) with /soc@0/replicator@6b06000
[    1.204331] /soc@0/replicator@6b06000: Fixed dependency cycle(s) with /soc@0/etf@6b05000
[    1.212648] /soc@0/replicator@6b06000: Fixed dependency cycle(s) with /soc@0/replicator@6046000
[    1.221608] /soc@0/etm@7040000: Fixed dependency cycle(s) with /soc@0/funnel@7800000
[    1.229581] /soc@0/etm@7140000: Fixed dependency cycle(s) with /soc@0/funnel@7800000
[    1.237553] /soc@0/etm@7240000: Fixed dependency cycle(s) with /soc@0/funnel@7800000
[    1.245525] /soc@0/etm@7340000: Fixed dependency cycle(s) with /soc@0/funnel@7800000
[    1.253496] /soc@0/etm@7440000: Fixed dependency cycle(s) with /soc@0/funnel@7800000
[    1.261469] /soc@0/etm@7540000: Fixed dependency cycle(s) with /soc@0/funnel@7800000
[    1.269440] /soc@0/etm@7640000: Fixed dependency cycle(s) with /soc@0/funnel@7800000
[    1.277413] /soc@0/etm@7740000: Fixed dependency cycle(s) with /soc@0/funnel@7800000
[    1.285389] /soc@0/etm@7740000: Fixed dependency cycle(s) with /soc@0/funnel@7800000
[    1.293358] /soc@0/etm@7640000: Fixed dependency cycle(s) with /soc@0/funnel@7800000
[    1.301323] /soc@0/etm@7540000: Fixed dependency cycle(s) with /soc@0/funnel@7800000
[    1.309288] /soc@0/etm@7440000: Fixed dependency cycle(s) with /soc@0/funnel@7800000
[    1.317253] /soc@0/etm@7340000: Fixed dependency cycle(s) with /soc@0/funnel@7800000
[    1.325216] /soc@0/etm@7240000: Fixed dependency cycle(s) with /soc@0/funnel@7800000
[    1.333184] /soc@0/etm@7140000: Fixed dependency cycle(s) with /soc@0/funnel@7800000
[    1.341148] /soc@0/etm@7040000: Fixed dependency cycle(s) with /soc@0/funnel@7800000
[    1.349108] /soc@0/funnel@7800000: Fixed dependency cycle(s) with /soc@0/etm@7740000
[    1.357068] /soc@0/funnel@7800000: Fixed dependency cycle(s) with /soc@0/etm@7640000
[    1.365027] /soc@0/funnel@7800000: Fixed dependency cycle(s) with /soc@0/etm@7540000
[    1.372986] /soc@0/funnel@7800000: Fixed dependency cycle(s) with /soc@0/etm@7440000
[    1.380944] /soc@0/funnel@7800000: Fixed dependency cycle(s) with /soc@0/etm@7340000
[    1.388905] /soc@0/funnel@7800000: Fixed dependency cycle(s) with /soc@0/etm@7240000
[    1.396864] /soc@0/funnel@7800000: Fixed dependency cycle(s) with /soc@0/etm@7140000
[    1.404823] /soc@0/funnel@7800000: Fixed dependency cycle(s) with /soc@0/etm@7040000
[    1.412785] /soc@0/funnel@7800000: Fixed dependency cycle(s) with /soc@0/funnel@7810000
[    1.421027] /soc@0/funnel@7800000: Fixed dependency cycle(s) with /soc@0/funnel@7810000
[    1.429261] /soc@0/funnel@6042000: Fixed dependency cycle(s) with /soc@0/funnel@7810000
[    1.437491] /soc@0/funnel@7810000: Fixed dependency cycle(s) with /soc@0/funnel@7800000
[    1.445721] /soc@0/funnel@7810000: Fixed dependency cycle(s) with /soc@0/funnel@6042000
[    1.454215] /soc@0/phy@88e8000: Fixed dependency cycle(s) with /soc@0/display-subsystem@ae00000/displayport-controller@ae90000
[    1.465914] /soc@0/phy@88e8000: Fixed dependency cycle(s) with /soc@0/usb@a600000
[    1.474306] /soc@0/phy@88e8000: Fixed dependency cycle(s) with /soc@0/usb@a600000
[    1.482012] /soc@0/usb@a600000: Fixed dependency cycle(s) with /soc@0/phy@88e8000
[    1.490007] /soc@0/clock-controller@af00000: Fixed dependency cycle(s) with /soc@0/phy@88e8000
[    1.498979] /soc@0/display-subsystem@ae00000: Fixed dependency cycle(s) with /soc@0/clock-controller@af00000
[    1.509094] /soc@0/display-subsystem@ae00000/display-controller@ae01000: Fixed dependency cycle(s) with /soc@0/display-subsystem@ae00000/displayport-controller@ae90000
[    1.524443] /soc@0/display-subsystem@ae00000/display-controller@ae01000: Fixed dependency cycle(s) with /soc@0/display-subsystem@ae00000
[    1.537023] /soc@0/display-subsystem@ae00000/display-controller@ae01000: Fixed dependency cycle(s) with /soc@0/clock-controller@af00000
[    1.549530] /soc@0/display-subsystem@ae00000/displayport-controller@ae90000: Fixed dependency cycle(s) with /soc@0/display-subsystem@ae00000/display-controller@ae01000
[    1.564875] /soc@0/display-subsystem@ae00000/displayport-controller@ae90000: Fixed dependency cycle(s) with /soc@0/phy@88e8000
[    1.576578] /soc@0/display-subsystem@ae00000/displayport-controller@ae90000: Fixed dependency cycle(s) with /soc@0/clock-controller@af00000
[    1.589427] /soc@0/display-subsystem@ae00000/displayport-controller@ae90000: Fixed dependency cycle(s) with /soc@0/display-subsystem@ae00000
[    1.605690] /soc@0/rsc@18200000/regulators-0: Fixed dependency cycle(s) with /soc@0/rsc@18200000/regulators-0/smps1
[    1.616420] /soc@0/rsc@18200000/regulators-0: Fixed dependency cycle(s) with /soc@0/rsc@18200000/regulators-0/smps8
[    1.627138] /soc@0/rsc@18200000/regulators-0: Fixed dependency cycle(s) with /soc@0/rsc@18200000/regulators-0/smps7
[    1.637929] /soc@0/rsc@18200000/regulators-1: Fixed dependency cycle(s) with /soc@0/rsc@18200000/regulators-0/smps7
[    1.648641] /soc@0/rsc@18200000/regulators-1: Fixed dependency cycle(s) with /soc@0/rsc@18200000/regulators-1/bob
[    1.659179] /soc@0/rsc@18200000/regulators-1: Fixed dependency cycle(s) with /soc@0/rsc@18200000/regulators-0/smps1
[    1.670417] /soc@0/usb@8c00000/hub@1: Fixed dependency cycle(s) with /connector-0
[    1.678131] /connector-0: Fixed dependency cycle(s) with /soc@0/usb@8c00000/hub@1
[    1.685883] /soc@0/usb@8c00000/hub@1: Fixed dependency cycle(s) with /connector-1
[    1.693588] /connector-1: Fixed dependency cycle(s) with /soc@0/usb@8c00000/hub@1
[    1.701328] /soc@0/usb@8c00000/hub@1: Fixed dependency cycle(s) with /connector-2
[    1.709030] /connector-2: Fixed dependency cycle(s) with /soc@0/usb@8c00000/hub@1
[    1.716788] /soc@0/usb@a600000: Fixed dependency cycle(s) with /connector
[    1.723779] /soc@0/phy@88e8000: Fixed dependency cycle(s) with /connector
[    1.730771] /connector: Fixed dependency cycle(s) with /soc@0/phy@88e8000
[    1.737764] /connector: Fixed dependency cycle(s) with /soc@0/usb@a600000
[    1.744826] /soc@0/phy@88e8000: Fixed dependency cycle(s) with /hdmi-bridge
[    1.752002] /hdmi-bridge: Fixed dependency cycle(s) with /soc@0/phy@88e8000
[    1.759222] /hdmi-bridge: Fixed dependency cycle(s) with /hdmi-connector
[    1.766136] /hdmi-connector: Fixed dependency cycle(s) with /hdmi-bridge
[    1.773910] HugeTLB: registered 1.00 GiB page size, pre-allocated 0 pages
[    1.780884] HugeTLB: 0 KiB vmemmap can be freed for a 1.00 GiB page
[    1.787318] HugeTLB: registered 32.0 MiB page size, pre-allocated 0 pages
[    1.794286] HugeTLB: 0 KiB vmemmap can be freed for a 32.0 MiB page
[    1.800717] HugeTLB: registered 2.00 MiB page size, pre-allocated 0 pages
[    1.807688] HugeTLB: 0 KiB vmemmap can be freed for a 2.00 MiB page
[    1.814119] HugeTLB: registered 64.0 KiB page size, pre-allocated 0 pages
[    1.821088] HugeTLB: 0 KiB vmemmap can be freed for a 64.0 KiB page
[    1.828497] ACPI: Interpreter disabled.
[    1.834557] iommu: Default domain type: Translated
[    1.839489] iommu: DMA domain TLB invalidation policy: strict mode
[    1.846146] SCSI subsystem initialized
[    1.850090] libata version 3.00 loaded.
[    1.854114] usbcore: registered new interface driver usbfs
[    1.859757] usbcore: registered new interface driver hub
[    1.865231] usbcore: registered new device driver usb
[    1.870716] pps_core: LinuxPPS API ver. 1 registered
[    1.875825] pps_core: Software ver. 5.3.6 - Copyright 2005-2007 Rodolfo Giometti <giometti@linux.it>
[    1.885199] PTP clock support registered
[    1.889263] EDAC MC: Ver: 3.0.0
[    1.892777] scmi_core: SCMI protocol bus registered
[    1.897951] qcom_scm: convention: smc arm 64
[    1.902870] qcom_scm firmware:scm: qseecom: found qseecom with version 0x1402000
[    1.910945] qcom_scm firmware:scm: scm storage size 33554432 bytes
[    1.917472] qcom_qseecom qcom_qseecom: setting up client for qcom.tz.uefisecapp
[    1.925274] FPGA manager framework
[    1.929004] NetLabel: Initializing
[    1.932511] NetLabel:  domain hash size = 128
[    1.936993] NetLabel:  protocols = UNLABELED CIPSOv4 CALIPSO
[    1.942811] NetLabel:  unlabeled traffic allowed by default
[    1.948533] mctp: management component transport protocol core
[    1.954524] NET: Registered PF_MCTP protocol family
[    1.959722] vgaarb: loaded
[    1.962788] clocksource: Switched to clocksource arch_sys_counter
[    1.969180] VFS: Disk quotas dquot_6.6.0
[    1.973227] VFS: Dquot-cache hash table entries: 512 (order 0, 4096 bytes)
[    1.980446] netfs: FS-Cache loaded
[    1.984008] pnp: PnP ACPI: disabled
[    1.990694] NET: Registered PF_INET protocol family
[    1.995792] IP idents hash table entries: 131072 (order: 8, 1048576 bytes, linear)
[    2.004849] tcp_listen_portaddr_hash hash table entries: 4096 (order: 4, 65536 bytes, linear)
[    2.013619] Table-perturb hash table entries: 65536 (order: 6, 262144 bytes, linear)
[    2.021623] TCP established hash table entries: 65536 (order: 7, 524288 bytes, linear)
[    2.029922] TCP bind hash table entries: 65536 (order: 9, 2097152 bytes, linear)
[    2.038054] TCP: Hash tables configured (established 65536 bind 65536)
[    2.044889] MPTCP token hash table entries: 8192 (order: 6, 196608 bytes, linear)
[    2.052618] UDP hash table entries: 4096 (order: 6, 262144 bytes, linear)
[    2.059624] UDP-Lite hash table entries: 4096 (order: 6, 262144 bytes, linear)
[    2.067119] NET: Registered PF_UNIX/PF_LOCAL protocol family
[    2.072940] NET: Registered PF_XDP protocol family
[    2.077872] PCI: CLS 0 bytes, default 64
[    2.082117] Trying to unpack rootfs image as initramfs...
[    2.092956] kvm [1]: HYP mode not available
[    2.097970] Initialise system trusted keyrings
[    2.102833] workingset: timestamp_bits=42 max_order=21 bucket_order=0
[    2.119555] Key type asymmetric registered
[    2.123815] Asymmetric key parser 'x509' registered
[    2.128141] Freeing initrd memory: 15460K
[    2.128896] Block layer SCSI generic (bsg) driver version 0.4 loaded (major 239)
[    2.140722] io scheduler mq-deadline registered
[    2.145384] io scheduler kyber registered
[    2.149532] io scheduler bfq registered
[    2.158012] ledtrig-cpu: registered to indicate activity on CPUs
[    2.170058] /soc@0/display-subsystem@ae00000/displayport-controller@ae90000: Fixed dependency cycle(s) with /soc@0/clock-controller@af00000
[    2.182934] /soc@0/display-subsystem@ae00000/display-controller@ae01000: Fixed dependency cycle(s) with /soc@0/clock-controller@af00000
[    2.200461] vreg_l1c_1p8: Setting 1800000-1976000uV
[    2.200478] vreg_s1b_1p84: Setting 1840000-2040000uV
[    2.201473] msm_serial: driver initialized
[    2.201587] SuperH (H)SCI(F) driver initialized
[    2.201651] STM32 USART driver initialized
[    2.202995] arm-smmu 3da0000.iommu: probing hardware configuration...
[    2.202997] arm-smmu 3da0000.iommu: SMMUv2 with:
[    2.203018] arm-smmu 3da0000.iommu: 	stage 1 translation
[    2.203019] arm-smmu 3da0000.iommu: 	coherent table walk
[    2.203020] arm-smmu 3da0000.iommu: 	stream matching with 6 register groups
[    2.203034] arm-smmu 3da0000.iommu: 	7 context banks (0 stage-2 only)
[    2.203049] arm-smmu 3da0000.iommu: 	Supported page sizes: 0x61311000
[    2.203050] arm-smmu 3da0000.iommu: 	Stage-1: 48-bit VA -> 36-bit IPA
[    2.203103] arm-smmu 3da0000.iommu: 	preserved 0 boot mappings
[    2.203755] platform 3d00000.gpu: Adding to iommu group 0
[    2.203834] platform 3d6a000.gmu: Adding to iommu group 1
[    2.205264] arm-smmu 15000000.iommu: probing hardware configuration...
[    2.205266] arm-smmu 15000000.iommu: SMMUv2 with:
[    2.205272] arm-smmu 15000000.iommu: 	stage 1 translation
[    2.205273] arm-smmu 15000000.iommu: 	coherent table walk
[    2.205274] arm-smmu 15000000.iommu: 	stream matching with 77 register groups
[    2.205279] arm-smmu 15000000.iommu: 	61 context banks (0 stage-2 only)
[    2.205560] arm-smmu 15000000.iommu: 	Supported page sizes: 0x61311000
[    2.205571] vreg_l6c_2p96: Setting 1650000-3544000uV
[    2.205631] vreg_l9c_2p96: Setting 2704000-3544000uV
[    2.205687] vreg_l10c_0p88: Setting 720000-1048000uV
[    2.205740] vreg_bob_3p296: Setting 3032000-3960000uV
[    2.210775] vreg_s7b_0p536: Setting 536000-1120000uV
[    2.214824] arm-smmu 15000000.iommu: 	Stage-1: 36-bit VA -> 36-bit IPA
[    2.214851] arm-smmu 15000000.iommu: 	preserved 0 boot mappings
[    2.219634] vreg_s8b_1p2: Setting 1200000-1496000uV
[    2.224437] platform 7c4000.mmc: Adding to iommu group 2
[    2.230575] vreg_l1b_0p912: Setting 832000-920000uV
[    2.235128] platform 900000.dma-controller: Adding to iommu group 3
[    2.240737] vreg_l2b_3p072: Setting 2704000-3544000uV
[    2.246069] platform 9c0000.geniqup: Adding to iommu group 4
[    2.253368] vreg_l6b_1p2: Setting 1200000-1256000uV
[    2.259842] platform a00000.dma-controller: Adding to iommu group 5
[    2.266602] vreg_l7b_2p96: Setting 2960000-2960000uV
[    2.273072] platform ac0000.geniqup: Adding to iommu group 6
[    2.279211] vreg_l9b_1p2: Setting 1200000-1304000uV
[    2.284636] platform 1dc4000.dma-controller: Adding to iommu group 7
[    2.290214] vreg_l17b_1p8: Setting 1800000-1896000uV
[    2.296875] platform 1dfa000.crypto: Adding to iommu group 7
[    2.301744] vreg_l18b_1p8: Setting 1800000-2000000uV
[    2.307258] platform 8804000.mmc: Adding to iommu group 8
[    2.312870] vreg_l19b_1p8: Setting 1800000-2000000uV
[    2.320119] platform 8c00000.usb: Adding to iommu group 9
[    2.471076] platform a600000.usb: Adding to iommu group 10
[    2.476771] platform aa00000.video-codec: Adding to iommu group 11
[    2.483170] platform ae00000.display-subsystem: Adding to iommu group 12
[    2.491464] amba 6048000.etr: Adding to iommu group 13
[    2.499527] megasas: 07.734.00.00-rc1
[    2.503427] Key type psk registered
[    2.508438] spmi_pmic_arb c440000.spmi: PMIC arbiter version v5 (0x50020000)
[    2.527735] usbcore: registered new device driver onboard-usb-dev
[    2.539241] i2c_dev: i2c /dev entries driver
[    2.545280] thermal thermal_zone0: power_allocator: sustainable_power will be estimated
[    2.553613] thermal thermal_zone1: power_allocator: sustainable_power will be estimated
[    2.561920] thermal thermal_zone2: power_allocator: sustainable_power will be estimated
[    2.570223] thermal thermal_zone3: power_allocator: sustainable_power will be estimated
[    2.578523] thermal thermal_zone4: power_allocator: sustainable_power will be estimated
[    2.586843] thermal thermal_zone5: power_allocator: sustainable_power will be estimated
[    2.595144] thermal thermal_zone6: power_allocator: sustainable_power will be estimated
[    2.603440] thermal thermal_zone7: power_allocator: sustainable_power will be estimated
[    2.611737] thermal thermal_zone8: power_allocator: sustainable_power will be estimated
[    2.620034] thermal thermal_zone9: power_allocator: sustainable_power will be estimated
[    2.628334] thermal thermal_zone10: power_allocator: sustainable_power will be estimated
[    2.636719] thermal thermal_zone11: power_allocator: sustainable_power will be estimated
[    2.645104] thermal thermal_zone12: power_allocator: sustainable_power will be estimated
[    2.653490] thermal thermal_zone13: power_allocator: sustainable_power will be estimated
[    2.661875] thermal thermal_zone14: power_allocator: sustainable_power will be estimated
[    2.670578] thermal thermal_zone15: power_allocator: sustainable_power will be estimated
[    2.678980] thermal thermal_zone16: power_allocator: sustainable_power will be estimated
[    2.687380] thermal thermal_zone17: power_allocator: sustainable_power will be estimated
[    2.695771] thermal thermal_zone18: power_allocator: sustainable_power will be estimated
[    2.704158] thermal thermal_zone19: power_allocator: sustainable_power will be estimated
[    2.712545] thermal thermal_zone20: power_allocator: sustainable_power will be estimated
[    2.720930] thermal thermal_zone21: power_allocator: sustainable_power will be estimated
[    2.729316] thermal thermal_zone22: power_allocator: sustainable_power will be estimated
[    2.737705] thermal thermal_zone23: power_allocator: sustainable_power will be estimated
[    2.746091] thermal thermal_zone24: power_allocator: sustainable_power will be estimated
[    2.754479] thermal thermal_zone25: power_allocator: sustainable_power will be estimated
[    2.762869] thermal thermal_zone26: power_allocator: sustainable_power will be estimated
[    2.772223] EDAC DEVICE0: Giving out device to module qcom_llcc_edac controller llcc: DEV qcom_llcc_edac (INTERRUPT)
[    2.783713] sdhci: Secure Digital Host Controller Interface driver
[    2.790074] sdhci: Copyright(c) Pierre Ossman
[    2.794839] Synopsys Designware Multimedia Card Interface Driver
[    2.801338] sdhci-pltfm: SDHCI platform and OF driver helper
[    2.808420] simple-framebuffer simple-framebuffer.0: [drm] Registered 1 planes with drm panic
[    2.817174] [drm] Initialized simpledrm 1.0.0 for simple-framebuffer.0 on minor 0
[    2.826676] Console: switching to colour frame buffer device 128x37
[    2.834334] simple-framebuffer simple-framebuffer.0: [drm] fb0: simpledrmdrmfb frame buffer device
[    2.844508] efivars: Registered efivars operations
[    2.844603] clocksource: arch_mmio_counter: mask: 0xffffffffffffff max_cycles: 0x46d987e47, max_idle_ns: 440795202767 ns
[    2.860656] arch-timer-mmio 17c20000.timer: mmio timer running at 19.20MHz (virt)
[    2.868472] hid: raw HID events driver (C) Jiri Kosina
[    2.873820] usbcore: registered new interface driver usbhid
[    2.879556] usbhid: USB HID core driver
[    2.889149] hw perfevents: enabled with armv8_cortex_a55 PMU driver, 7 (0,8000003f) counters available
[    2.901059] hw perfevents: enabled with armv8_cortex_a78 PMU driver, 7 (0,8000003f) counters available
[    2.912232] watchdog: NMI not fully supported
[    2.917268] watchdog: Hard watchdog permanently disabled
[    2.918115] qcom,qfprom 784000.efuse: supply vcc not found, using dummy regulator
[    2.955071] NET: Registered PF_PACKET protocol family
[    2.962096] 9pnet: Installing 9P2000 support
[    2.966895] Key type dns_resolver registered
[    2.974801] registered taskstats version 1
[    2.979579] Loading compiled-in X.509 certificates
[    2.988644] zswap: loaded using pool zstd
[    2.994419] Demotion targets for Node 0: null
[    2.999535] Key type .fscrypt registered
[    3.003945] Key type fscrypt-provisioning registered
[    3.009410] Key type big_key registered
[    3.021132] cpu cpu0: EM: OPP:1804800 is inefficient
[    3.026481] cpu cpu0: EM: OPP:300000 is inefficient
[    3.032110] cpu cpu0: EM: created perf domain
[    3.043979] cpu cpu4: EM: OPP:2131200 is inefficient
[    3.049290] cpu cpu4: EM: OPP:2054400 is inefficient
[    3.054880] cpu cpu4: EM: created perf domain
[    3.065593] cpu cpu7: EM: OPP:2380800 is inefficient
[    3.071956] cpu cpu7: EM: created perf domain
[    3.076812] energy_model: updating cpu0 cpu_cap=382 old capacity=528
[    3.083654] cpu cpu0: EM: OPP:1804800 is inefficient
[    3.088902] cpu cpu0: EM: OPP:300000 is inefficient
[    3.094208] energy_model: updating cpu4 cpu_cap=889 old capacity=1003
[    3.101109] cpu cpu4: EM: OPP:2131200 is inefficient
[    3.106329] cpu cpu4: EM: OPP:2054400 is inefficient
[    3.127320] 994000.serial: ttyMSM0 at MMIO 0x994000 (irq = 138, base_baud = 0) is a MSM
[    3.137131] printk: legacy console [ttyMSM0] enabled
[    3.137131] printk: legacy console [ttyMSM0] enabled
[    3.177687] /soc@0/display-subsystem@ae00000/display-controller@ae01000: Fixed dependency cycle(s) with /soc@0/display-subsystem@ae00000/displayport-controller@ae90000
[    3.177687] /soc@0/display-subsystem@ae00000/display-controller@ae01000: Fixed dependency cycle(s) with /soc@0/display-subsystem@ae00000/displayport-controller@ae90000
[    3.213987] /soc@0/phy@88e8000: Fixed dependency cycle(s) with /soc@0/display-subsystem@ae00000/displayport-controller@ae90000
[    3.213987] /soc@0/phy@88e8000: Fixed dependency cycle(s) with /soc@0/display-subsystem@ae00000/displayport-controller@ae90000
[    3.238318] /soc@0/display-subsystem@ae00000/displayport-controller@ae90000: Fixed dependency cycle(s) with /soc@0/phy@88e8000
[    3.238318] /soc@0/display-subsystem@ae00000/displayport-controller@ae90000: Fixed dependency cycle(s) with /soc@0/phy@88e8000
[    3.265535] [drm:msm_dp_display_probe] *ERROR* init sub module failed
[    3.265535] [drm:msm_dp_display_probe] *ERROR* init sub module failed
[    3.286549] [drm:msm_dp_display_probe] *ERROR* init sub module failed
[    3.286611] sdhci_msm 8804000.mmc: Got CD GPIO
[    3.289753] mmc0: CQHCI version 5.10
[    3.286549] [drm:msm_dp_display_probe] *ERROR* init sub module failed
[    3.295076] [drm:msm_dp_display_probe] *ERROR* init sub module failed
[    3.286611] sdhci_msm 8804000.mmc: Got CD GPIO
[    3.289753] mmc0: CQHCI version 5.10
[    3.295076] [drm:msm_dp_display_probe] *ERROR* init sub module failed
[    3.331898] clk: Disabling unused clocks
[    3.332262] mmc0: SDHCI controller on 7c4000.mmc [7c4000.mmc] using ADMA 64-bit
[    3.336631] PM: genpd: Disabling unused power domains
[    3.343444] sdhci_msm 7c4000.mmc: mmc0: CQE init: success
[    3.331898] clk: Disabling unused clocks
[    3.332262] mmc0: SDHCI controller on 7c4000.mmc [7c4000.mmc] using ADMA 64-bit
[    3.364855] mmc1: SDHCI controller on 8804000.mmc [8804000.mmc] using ADMA 64-bit
[    3.367685] [drm:msm_dp_display_probe] *ERROR* init sub module failed
[    3.336631] PM: genpd: Disabling unused power domains
[    3.343444] sdhci_msm 7c4000.mmc: mmc0: CQE init: success
[    3.364855] mmc1: SDHCI controller on 8804000.mmc [8804000.mmc] using ADMA 64-bit
[    3.367685] [drm:msm_dp_display_probe] *ERROR* init sub module failed
[    3.373279] mmc0: Failed to initialize a non-removable card
[    3.411709] Freeing unused kernel memory: 14080K
[    3.373279] mmc0: Failed to initialize a non-removable card
[    3.414582] [drm:msm_dp_display_probe] *ERROR* init sub module failed
[    3.411709] Freeing unused kernel memory: 14080K
[    3.439522] Checked W+X mappings: passed, no W+X pages found
[    3.414582] [drm:msm_dp_display_probe] *ERROR* init sub module failed
[    3.448168] mmc1: new UHS-I speed SDR104 SDXC card at address aaaa
[    3.452116] rodata_test: all tests were successful
[    3.452128] Run /init as init process
[    3.439522] Checked W+X mappings: passed, no W+X pages found
[    3.459428] mmcblk1: mmc1:aaaa SR256 238 GiB
[    3.448168] mmc1: new UHS-I speed SDR104 SDXC card at address aaaa
[    3.463410]   with arguments:
[    3.463412]     /init
[    3.452116] rodata_test: all tests were successful
[    3.463413]   with environment:
[    3.463413]     HOME=/
[    3.452128] Run /init as init process
[    3.463414]     TERM=linux
[    3.459428] mmcblk1: mmc1:aaaa SR256 238 GiB
[    3.467313] init: init first stage started!
[    3.478976]  mmcblk1: p1 p2 p3 p4 p5 p6 p7 p8 p9 p10 p11 p12 p13
[    3.463410]   with arguments:
[    3.484483] init: Loading module /lib/modules/dm-mod.ko with args ''
[    3.463412]     /init
[    3.495163] [drm:msm_dp_display_probe] *ERROR* init sub module failed
[    3.463413]   with environment:
[    3.511667] device-mapper: uevent: version 1.0.3
[    3.463413]     HOME=/
[    3.463414]     TERM=linux
[    3.467313] init: init first stage started!
[    3.478976]  mmcblk1: p1 p2 p3 p4 p5 p6 p7 p8 p9 p10 p11 p12 p13
[    3.484483] init: Loading module /lib/modules/dm-mod.ko with args ''
[    3.495163] [drm:msm_dp_display_probe] *ERROR* init sub module failed
[    3.511667] device-mapper: uevent: version 1.0.3
[    3.584886] device-mapper: ioctl: 4.50.0-ioctl (2025-04-28) initialised: dm-devel@lists.linux.dev
[    3.584886] device-mapper: ioctl: 4.50.0-ioctl (2025-04-28) initialised: dm-devel@lists.linux.dev
[    3.603687] init: Loaded kernel module /lib/modules/dm-mod.ko
[    3.603687] init: Loaded kernel module /lib/modules/dm-mod.ko
[    3.616548] init: Loading module /lib/modules/dm-bufio.ko with args ''
[    3.616548] init: Loading module /lib/modules/dm-bufio.ko with args ''
[    3.634453] init: Loaded kernel module /lib/modules/dm-bufio.ko
[    3.634453] init: Loaded kernel module /lib/modules/dm-bufio.ko
[    3.647124] init: Loading module /lib/modules/dm-snapshot.ko with args ''
[    3.647124] init: Loading module /lib/modules/dm-snapshot.ko with args ''
[    3.663605] init: Loaded kernel module /lib/modules/dm-snapshot.ko
[    3.663605] init: Loaded kernel module /lib/modules/dm-snapshot.ko
[    3.676777] init: Loading module /lib/modules/reed_solomon.ko with args ''
[    3.676777] init: Loading module /lib/modules/reed_solomon.ko with args ''
[    3.693906] init: Loaded kernel module /lib/modules/reed_solomon.ko
[    3.693906] init: Loaded kernel module /lib/modules/reed_solomon.ko
[    3.707782] init: Loading module /lib/modules/dm-verity.ko with args ''
[    3.707782] init: Loading module /lib/modules/dm-verity.ko with args ''
[    3.724432] init: Loaded kernel module /lib/modules/dm-verity.ko
[    3.724432] init: Loaded kernel module /lib/modules/dm-verity.ko
[    3.737416] init: Loading module /lib/modules/loop.ko with args ''
[    3.737416] init: Loading module /lib/modules/loop.ko with args ''
[    3.764115] loop: module loaded
[    3.764115] loop: module loaded
[    3.771414] init: Loaded kernel module /lib/modules/loop.ko
[    3.771414] init: Loaded kernel module /lib/modules/loop.ko
[    3.783329] init: Loading module /lib/modules/quota_tree.ko with args ''
[    3.783329] init: Loading module /lib/modules/quota_tree.ko with args ''
[    3.800320] init: Loaded kernel module /lib/modules/quota_tree.ko
[    3.800320] init: Loaded kernel module /lib/modules/quota_tree.ko
[    3.813355] init: Loading module /lib/modules/quota_v2.ko with args ''
[    3.813355] init: Loading module /lib/modules/quota_v2.ko with args ''
[    3.829105] init: Loaded kernel module /lib/modules/quota_v2.ko
[    3.829105] init: Loaded kernel module /lib/modules/quota_v2.ko
[    3.842528] init: Loading module /lib/modules/aux-bridge.ko with args ''
[    3.842528] init: Loading module /lib/modules/aux-bridge.ko with args ''
[    3.858812] init: Loaded kernel module /lib/modules/aux-bridge.ko
[    3.858812] init: Loaded kernel module /lib/modules/aux-bridge.ko
[    3.871805] init: Loading module /lib/modules/phy-qcom-qmp-combo.ko with args ''
[    3.871805] init: Loading module /lib/modules/phy-qcom-qmp-combo.ko with args ''
[    3.891603] init: Loaded kernel module /lib/modules/phy-qcom-qmp-combo.ko
[    3.896482] msm_dpu ae01000.display-controller: bound ae90000.displayport-controller (ops msm_dp_display_comp_ops)
[    3.898704] init: Loading module /lib/modules/fuse.ko with args ''
[    3.891603] init: Loaded kernel module /lib/modules/phy-qcom-qmp-combo.ko
[    3.896482] msm_dpu ae01000.display-controller: bound ae90000.displayport-controller (ops msm_dp_display_comp_ops)
[    3.898704] init: Loading module /lib/modules/fuse.ko with args ''
[    3.941858] adreno 3d00000.gpu: supply vdd not found, using dummy regulator
[    3.941858] adreno 3d00000.gpu: supply vdd not found, using dummy regulator
[    3.956413] adreno 3d00000.gpu: supply vddcx not found, using dummy regulator
[    3.957194] fuse: init (API version 7.45)
[    3.956413] adreno 3d00000.gpu: supply vddcx not found, using dummy regulator
[    3.957194] fuse: init (API version 7.45)
[    3.975651] msm_dpu ae01000.display-controller: bound 3d00000.gpu (ops a3xx_ops)
[    3.980861] init: Loaded kernel module /lib/modules/fuse.ko
[    3.975651] msm_dpu ae01000.display-controller: bound 3d00000.gpu (ops a3xx_ops)
[    3.980861] init: Loaded kernel module /lib/modules/fuse.ko
[    4.007255] init: Loading module /lib/modules/nf_socket_ipv4.ko with args ''
[    4.007255] init: Loading module /lib/modules/nf_socket_ipv4.ko with args ''
[    4.023586] init: Loaded kernel module /lib/modules/nf_socket_ipv4.ko
[    4.023586] init: Loaded kernel module /lib/modules/nf_socket_ipv4.ko
[    4.037036] init: Loading module /lib/modules/crc-ccitt.ko with args ''
[    4.037036] init: Loading module /lib/modules/crc-ccitt.ko with args ''
[    4.050801] Console: switching to colour dummy device 80x25
[    4.050801] Console: switching to colour dummy device 80x25
[    4.063219] init: Loaded kernel module /lib/modules/crc-ccitt.ko
[    4.063219] init: Loaded kernel module /lib/modules/crc-ccitt.ko
[    4.075871] init: Loading module /lib/modules/ipv6.ko with args ''
[    4.075871] init: Loading module /lib/modules/ipv6.ko with args ''
[    4.093209] [drm:dpu_kms_hw_init:1173] dpu hardware revision:0x70020000
[    4.093209] [drm:dpu_kms_hw_init:1173] dpu hardware revision:0x70020000
[    4.107045] NET: Registered PF_INET6 protocol family
[    4.107295] [drm] forcing HDMI-A-1 connector on
[    4.113413] Segment Routing with IPv6
[    4.107045] NET: Registered PF_INET6 protocol family
[    4.120936] [drm] Initialized msm 1.13.0 for ae01000.display-controller on minor 1
[    4.125694] RPL Segment Routing with IPv6
[    4.125728] In-situ OAM (IOAM) with IPv6
[    4.134731] msm_dpu ae01000.display-controller: [drm:adreno_request_fw] loaded qcom/a660_sqe.fw from new location
[    4.137690] init: Loaded kernel module /lib/modules/ipv6.ko
[    4.141718] msm_dpu ae01000.display-controller: [drm:adreno_request_fw] loaded qcom/a660_gmu.bin from new location
[    4.152251] init: Loading module /lib/modules/nf_socket_ipv6.ko with args ''
[    4.107295] [drm] forcing HDMI-A-1 connector on
[    4.158859] [drm] Loaded GMU firmware v3.1.10
[    4.113413] Segment Routing with IPv6
[    4.120936] [drm] Initialized msm 1.13.0 for ae01000.display-controller on minor 1
[    4.189056] init: Loaded kernel module /lib/modules/nf_socket_ipv6.ko
[    4.199857] adreno 3d00000.gpu: [drm:adreno_zap_shader_load] *ERROR* Unable to load qcom/qcs6490/a660_zap.mbn
[    4.203605] init: Loading module /lib/modules/x_tables.ko with args ''
[    4.213259] msm_dpu ae01000.display-controller: [drm:adreno_load_gpu] *ERROR* gpu hw init failed: -2
[    4.125694] RPL Segment Routing with IPv6
[    4.125728] In-situ OAM (IOAM) with IPv6
[    4.134731] msm_dpu ae01000.display-controller: [drm:adreno_request_fw] loaded qcom/a660_sqe.fw from new location
[    4.137690] init: Loaded kernel module /lib/modules/ipv6.ko
[    4.141718] msm_dpu ae01000.display-controller: [drm:adreno_request_fw] loaded qcom/a660_gmu.bin from new location
[    4.255494] init: Loaded kernel module /lib/modules/x_tables.ko
[    4.152251] init: Loading module /lib/modules/nf_socket_ipv6.ko with args ''
[    4.274383] platform 3d6a000.gmu: [drm:a6xx_gmu_set_oob] *ERROR* Timeout waiting for GMU OOB set GPU_SET: 0x0
[    4.278060] init: Loading module /lib/modules/nf_defrag_ipv6.ko with args ''
[    4.158859] [drm] Loaded GMU firmware v3.1.10
[    4.189056] init: Loaded kernel module /lib/modules/nf_socket_ipv6.ko
[    4.199857] adreno 3d00000.gpu: [drm:adreno_zap_shader_load] *ERROR* Unable to load qcom/qcs6490/a660_zap.mbn
[    4.203605] init: Loading module /lib/modules/x_tables.ko with args ''
[    4.213259] msm_dpu ae01000.display-controller: [drm:adreno_load_gpu] *ERROR* gpu hw init failed: -2
[    4.255494] init: Loaded kernel module /lib/modules/x_tables.ko
[    4.274383] platform 3d6a000.gmu: [drm:a6xx_gmu_set_oob] *ERROR* Timeout waiting for GMU OOB set GPU_SET: 0x0
[    4.278060] init: Loading module /lib/modules/nf_defrag_ipv6.ko with args ''
[    4.359752] init: Loaded kernel module /lib/modules/nf_defrag_ipv6.ko
[    4.359752] init: Loaded kernel module /lib/modules/nf_defrag_ipv6.ko
[    4.359792] init: Loading module /lib/modules/nf_defrag_ipv4.ko with args ''
[    4.359792] init: Loading module /lib/modules/nf_defrag_ipv4.ko with args ''
[    4.361580] init: Loaded kernel module /lib/modules/nf_defrag_ipv4.ko
[    4.361601] init: Loading module /lib/modules/xt_socket.ko with args ''
[    4.361580] init: Loaded kernel module /lib/modules/nf_defrag_ipv4.ko
[    4.364421] init: Loaded kernel module /lib/modules/xt_socket.ko
[    4.361601] init: Loading module /lib/modules/xt_socket.ko with args ''
[    4.364535] init: Loading module /lib/modules/xt_comment.ko with args ''
[    4.364421] init: Loaded kernel module /lib/modules/xt_socket.ko
[    4.366552] init: Loaded kernel module /lib/modules/xt_comment.ko
[    4.364535] init: Loading module /lib/modules/xt_comment.ko with args ''
[    4.366574] init: Loading module /lib/modules/xt_length.ko with args ''
[    4.366552] init: Loaded kernel module /lib/modules/xt_comment.ko
[    4.368735] init: Loaded kernel module /lib/modules/xt_length.ko
[    4.366574] init: Loading module /lib/modules/xt_length.ko with args ''
[    4.368810] init: Loading module /lib/modules/xt_bpf.ko with args ''
[    4.368735] init: Loaded kernel module /lib/modules/xt_length.ko
[    4.371257] init: Loaded kernel module /lib/modules/xt_bpf.ko
[    4.368810] init: Loading module /lib/modules/xt_bpf.ko with args ''
[    4.371277] init: Loading module /lib/modules/ip6_tables.ko with args ''
[    4.371257] init: Loaded kernel module /lib/modules/xt_bpf.ko
[    4.373443] init: Loaded kernel module /lib/modules/ip6_tables.ko
[    4.371277] init: Loading module /lib/modules/ip6_tables.ko with args ''
[    4.373462] init: Loading module /lib/modules/ip6table_filter.ko with args ''
[    4.373443] init: Loaded kernel module /lib/modules/ip6_tables.ko
[    4.375146] init: Loaded kernel module /lib/modules/ip6table_filter.ko
[    4.373462] init: Loading module /lib/modules/ip6table_filter.ko with args ''
[    4.375184] init: Loading module /lib/modules/ip_tables.ko with args ''
[    4.375146] init: Loaded kernel module /lib/modules/ip6table_filter.ko
[    4.377082] fb0: sys_fillrect: framebuffer is not in virtual address space.
[    4.375184] init: Loading module /lib/modules/ip_tables.ko with args ''
[    4.377094] fb0: sys_imageblit: framebuffer is not in virtual address space.
[    4.377082] fb0: sys_fillrect: framebuffer is not in virtual address space.
[    4.377281] init: Loaded kernel module /lib/modules/ip_tables.ko
[    4.377094] fb0: sys_imageblit: framebuffer is not in virtual address space.
[    4.377297] init: Loading module /lib/modules/iptable_filter.ko with args ''
[    4.377281] init: Loaded kernel module /lib/modules/ip_tables.ko
[    4.378987] init: Loaded kernel module /lib/modules/iptable_filter.ko
[    4.377297] init: Loading module /lib/modules/iptable_filter.ko with args ''
[    4.379002] init: Loading module /lib/modules/ip6table_raw.ko with args ''
[    4.378987] init: Loaded kernel module /lib/modules/iptable_filter.ko
[    4.380849] init: Loaded kernel module /lib/modules/ip6table_raw.ko
[    4.379002] init: Loading module /lib/modules/ip6table_raw.ko with args ''
[    4.380863] init: Loading module /lib/modules/nf_conntrack.ko with args ''
[    4.380849] init: Loaded kernel module /lib/modules/ip6table_raw.ko
[    4.384060] init: Loaded kernel module /lib/modules/nf_conntrack.ko
[    4.380863] init: Loading module /lib/modules/nf_conntrack.ko with args ''
[    4.384101] init: Loading module /lib/modules/nf_nat.ko with args ''
[    4.384060] init: Loaded kernel module /lib/modules/nf_conntrack.ko
[    4.386466] init: Loaded kernel module /lib/modules/nf_nat.ko
[    4.384101] init: Loading module /lib/modules/nf_nat.ko with args ''
[    4.386503] init: Loading module /lib/modules/xt_nat.ko with args ''
[    4.386466] init: Loaded kernel module /lib/modules/nf_nat.ko
[    4.388186] init: Loaded kernel module /lib/modules/xt_nat.ko
[    4.386503] init: Loading module /lib/modules/xt_nat.ko with args ''
[    4.388222] init: Loading module /lib/modules/ip6table_nat.ko with args ''
[    4.388186] init: Loaded kernel module /lib/modules/xt_nat.ko
[    4.390043] init: Loaded kernel module /lib/modules/ip6table_nat.ko
[    4.388222] init: Loading module /lib/modules/ip6table_nat.ko with args ''
[    4.390058] init: Loading module /lib/modules/nf_reject_ipv4.ko with args ''
[    4.390043] init: Loaded kernel module /lib/modules/ip6table_nat.ko
[    4.391902] init: Loaded kernel module /lib/modules/nf_reject_ipv4.ko
[    4.390058] init: Loading module /lib/modules/nf_reject_ipv4.ko with args ''
[    4.391920] init: Loading module /lib/modules/xt_state.ko with args ''
[    4.391902] init: Loaded kernel module /lib/modules/nf_reject_ipv4.ko
[    4.393809] init: Loaded kernel module /lib/modules/xt_state.ko
[    4.391920] init: Loading module /lib/modules/xt_state.ko with args ''
[    4.393824] init: Loading module /lib/modules/xt_multiport.ko with args ''
[    4.393809] init: Loaded kernel module /lib/modules/xt_state.ko
[    4.394449] Console: switching to colour frame buffer device 128x37
[    4.393824] init: Loading module /lib/modules/xt_multiport.ko with args ''
[    4.396631] init: Loaded kernel module /lib/modules/xt_multiport.ko
[    4.394449] Console: switching to colour frame buffer device 128x37
[    4.396725] init: Loading module /lib/modules/nf_tproxy_ipv4.ko with args ''
[    4.396631] init: Loaded kernel module /lib/modules/xt_multiport.ko
[    4.399570] init: Loaded kernel module /lib/modules/nf_tproxy_ipv4.ko
[    4.396725] init: Loading module /lib/modules/nf_tproxy_ipv4.ko with args ''
[    4.399589] init: Loading module /lib/modules/xt_hl.ko with args ''
[    4.399570] init: Loaded kernel module /lib/modules/nf_tproxy_ipv4.ko
[    4.401412] init: Loaded kernel module /lib/modules/xt_hl.ko
[    4.399589] init: Loading module /lib/modules/xt_hl.ko with args ''
[    4.401451] init: Loading module /lib/modules/xt_recent.ko with args ''
[    4.401412] init: Loaded kernel module /lib/modules/xt_hl.ko
[    4.403868] init: Loaded kernel module /lib/modules/xt_recent.ko
[    4.401451] init: Loading module /lib/modules/xt_recent.ko with args ''
[    4.403900] init: Loading module /lib/modules/xt_REDIRECT.ko with args ''
[    4.403868] init: Loaded kernel module /lib/modules/xt_recent.ko
[    4.405970] init: Loaded kernel module /lib/modules/xt_REDIRECT.ko
[    4.403900] init: Loading module /lib/modules/xt_REDIRECT.ko with args ''
[    4.405985] init: Loading module /lib/modules/xt_pkttype.ko with args ''
[    4.405970] init: Loaded kernel module /lib/modules/xt_REDIRECT.ko
[    4.408425] init: Loaded kernel module /lib/modules/xt_pkttype.ko
[    4.405985] init: Loading module /lib/modules/xt_pkttype.ko with args ''
[    4.408521] init: Loading module /lib/modules/xt_dscp.ko with args ''
[    4.408425] init: Loaded kernel module /lib/modules/xt_pkttype.ko
[    4.410640] init: Loaded kernel module /lib/modules/xt_dscp.ko
[    4.408521] init: Loading module /lib/modules/xt_dscp.ko with args ''
[    4.410668] init: Loading module /lib/modules/xt_MASQUERADE.ko with args ''
[    4.410640] init: Loaded kernel module /lib/modules/xt_dscp.ko
[    4.438960] init: Loaded kernel module /lib/modules/xt_MASQUERADE.ko
[    4.410668] init: Loading module /lib/modules/xt_MASQUERADE.ko with args ''
[    4.445025] msm_dpu ae01000.display-controller: [drm] fb0: msmdrmfb frame buffer device
[    4.438960] init: Loaded kernel module /lib/modules/xt_MASQUERADE.ko
[    4.445025] msm_dpu ae01000.display-controller: [drm] fb0: msmdrmfb frame buffer device
[    5.121234] init: Loading module /lib/modules/xt_policy.ko with args ''
[    5.121234] init: Loading module /lib/modules/xt_policy.ko with args ''
[    5.138629] init: Loaded kernel module /lib/modules/xt_policy.ko
[    5.138629] init: Loaded kernel module /lib/modules/xt_policy.ko
[    5.151400] init: Loading module /lib/modules/xt_CT.ko with args ''
[    5.151400] init: Loading module /lib/modules/xt_CT.ko with args ''
[    5.166659] init: Loaded kernel module /lib/modules/xt_CT.ko
[    5.166659] init: Loaded kernel module /lib/modules/xt_CT.ko
[    5.179337] init: Loading module /lib/modules/ip6table_mangle.ko with args ''
[    5.179337] init: Loading module /lib/modules/ip6table_mangle.ko with args ''
[    5.197273] init: Loaded kernel module /lib/modules/ip6table_mangle.ko
[    5.197273] init: Loaded kernel module /lib/modules/ip6table_mangle.ko
[    5.211193] init: Loading module /lib/modules/nf_tproxy_ipv6.ko with args ''
[    5.211193] init: Loading module /lib/modules/nf_tproxy_ipv6.ko with args ''
[    5.228400] init: Loaded kernel module /lib/modules/nf_tproxy_ipv6.ko
[    5.228400] init: Loaded kernel module /lib/modules/nf_tproxy_ipv6.ko
[    5.242186] init: Loading module /lib/modules/xt_TPROXY.ko with args ''
[    5.242186] init: Loading module /lib/modules/xt_TPROXY.ko with args ''
[    5.257721] init: Loaded kernel module /lib/modules/xt_TPROXY.ko
[    5.257721] init: Loaded kernel module /lib/modules/xt_TPROXY.ko
[    5.270237] init: Loading module /lib/modules/nf_reject_ipv6.ko with args ''
[    5.270237] init: Loading module /lib/modules/nf_reject_ipv6.ko with args ''
[    5.287198] init: Loaded kernel module /lib/modules/nf_reject_ipv6.ko
[    5.287198] init: Loaded kernel module /lib/modules/nf_reject_ipv6.ko
[    5.302220] init: Loading module /lib/modules/iptable_mangle.ko with args ''
[    5.302220] init: Loading module /lib/modules/iptable_mangle.ko with args ''
[    5.319942] init: Loaded kernel module /lib/modules/iptable_mangle.ko
[    5.319942] init: Loaded kernel module /lib/modules/iptable_mangle.ko
[    5.333727] init: Loading module /lib/modules/xt_LOG.ko with args ''
[    5.333727] init: Loading module /lib/modules/xt_LOG.ko with args ''
[    5.349058] init: Loaded kernel module /lib/modules/xt_LOG.ko
[    5.349058] init: Loaded kernel module /lib/modules/xt_LOG.ko
[    5.361038] init: Loading module /lib/modules/xt_ecn.ko with args ''
[    5.361038] init: Loading module /lib/modules/xt_ecn.ko with args ''
[    5.376075] init: Loaded kernel module /lib/modules/xt_ecn.ko
[    5.376075] init: Loaded kernel module /lib/modules/xt_ecn.ko
[    5.388053] init: Loading module /lib/modules/xt_DSCP.ko with args ''
[    5.388053] init: Loading module /lib/modules/xt_DSCP.ko with args ''
[    5.403019] init: Loaded kernel module /lib/modules/xt_DSCP.ko
[    5.403019] init: Loaded kernel module /lib/modules/xt_DSCP.ko
[    5.415183] init: Loading module /lib/modules/xt_conntrack.ko with args ''
[    5.415183] init: Loading module /lib/modules/xt_conntrack.ko with args ''
[    5.431146] init: Loaded kernel module /lib/modules/xt_conntrack.ko
[    5.431146] init: Loaded kernel module /lib/modules/xt_conntrack.ko
[    5.444178] init: Loading module /lib/modules/xt_owner.ko with args ''
[    5.444178] init: Loading module /lib/modules/xt_owner.ko with args ''
[    5.459587] init: Loaded kernel module /lib/modules/xt_owner.ko
[    5.459587] init: Loaded kernel module /lib/modules/xt_owner.ko
[    5.471904] init: Loading module /lib/modules/xt_string.ko with args ''
[    5.471904] init: Loading module /lib/modules/xt_string.ko with args ''
[    5.487441] init: Loaded kernel module /lib/modules/xt_string.ko
[    5.487441] init: Loaded kernel module /lib/modules/xt_string.ko
[    5.499936] init: Loading module /lib/modules/ip6t_REJECT.ko with args ''
[    5.499936] init: Loading module /lib/modules/ip6t_REJECT.ko with args ''
[    5.515760] init: Loaded kernel module /lib/modules/ip6t_REJECT.ko
[    5.515760] init: Loaded kernel module /lib/modules/ip6t_REJECT.ko
[    5.528605] init: Loading module /lib/modules/xt_mark.ko with args ''
[    5.528605] init: Loading module /lib/modules/xt_mark.ko with args ''
[    5.543731] init: Loaded kernel module /lib/modules/xt_mark.ko
[    5.543731] init: Loaded kernel module /lib/modules/xt_mark.ko
[    5.555873] init: Loading module /lib/modules/xt_IDLETIMER.ko with args ''
[    5.555873] init: Loading module /lib/modules/xt_IDLETIMER.ko with args ''
[    5.572335] init: Loaded kernel module /lib/modules/xt_IDLETIMER.ko
[    5.572335] init: Loaded kernel module /lib/modules/xt_IDLETIMER.ko
[    5.585361] init: Loading module /lib/modules/xt_u32.ko with args ''
[    5.585361] init: Loading module /lib/modules/xt_u32.ko with args ''
[    5.601215] init: Loaded kernel module /lib/modules/xt_u32.ko
[    5.601215] init: Loaded kernel module /lib/modules/xt_u32.ko
[    5.614279] init: Loading module /lib/modules/xt_quota.ko with args ''
[    5.614279] init: Loading module /lib/modules/xt_quota.ko with args ''
[    5.629777] init: Loaded kernel module /lib/modules/xt_quota.ko
[    5.629777] init: Loaded kernel module /lib/modules/xt_quota.ko
[    5.642522] init: Loading module /lib/modules/xt_TCPMSS.ko with args ''
[    5.642522] init: Loading module /lib/modules/xt_TCPMSS.ko with args ''
[    5.658033] init: Loaded kernel module /lib/modules/xt_TCPMSS.ko
[    5.658033] init: Loaded kernel module /lib/modules/xt_TCPMSS.ko
[    5.670549] init: Loading module /lib/modules/xt_connmark.ko with args ''
[    5.670549] init: Loading module /lib/modules/xt_connmark.ko with args ''
[    5.686342] init: Loaded kernel module /lib/modules/xt_connmark.ko
[    5.686342] init: Loaded kernel module /lib/modules/xt_connmark.ko
[    5.699209] init: Loading module /lib/modules/xt_HL.ko with args ''
[    5.699209] init: Loading module /lib/modules/xt_HL.ko with args ''
[    5.713935] init: Loaded kernel module /lib/modules/xt_HL.ko
[    5.713935] init: Loaded kernel module /lib/modules/xt_HL.ko
[    5.725743] init: Loading module /lib/modules/xt_tcpudp.ko with args ''
[    5.725743] init: Loading module /lib/modules/xt_tcpudp.ko with args ''
[    5.741465] init: Loaded kernel module /lib/modules/xt_tcpudp.ko
[    5.741465] init: Loaded kernel module /lib/modules/xt_tcpudp.ko
[    5.753981] init: Loading module /lib/modules/xt_addrtype.ko with args ''
[    5.753981] init: Loading module /lib/modules/xt_addrtype.ko with args ''
[    5.769835] init: Loaded kernel module /lib/modules/xt_addrtype.ko
[    5.769835] init: Loaded kernel module /lib/modules/xt_addrtype.ko
[    5.782712] init: Loading module /lib/modules/ip6table_security.ko with args ''
[    5.782712] init: Loading module /lib/modules/ip6table_security.ko with args ''
[    5.799715] init: Loaded kernel module /lib/modules/ip6table_security.ko
[    5.799715] init: Loaded kernel module /lib/modules/ip6table_security.ko
[    5.813650] init: Loading module /lib/modules/iptable_raw.ko with args ''
[    5.813650] init: Loading module /lib/modules/iptable_raw.ko with args ''
[    5.829457] init: Loaded kernel module /lib/modules/iptable_raw.ko
[    5.829457] init: Loaded kernel module /lib/modules/iptable_raw.ko
[    5.842324] init: Loading module /lib/modules/ipt_REJECT.ko with args ''
[    5.842324] init: Loading module /lib/modules/ipt_REJECT.ko with args ''
[    5.857986] init: Loaded kernel module /lib/modules/ipt_REJECT.ko
[    5.857986] init: Loaded kernel module /lib/modules/ipt_REJECT.ko
[    5.870677] init: Loading module /lib/modules/nfnetlink.ko with args ''
[    5.870677] init: Loading module /lib/modules/nfnetlink.ko with args ''
[    5.886339] init: Loaded kernel module /lib/modules/nfnetlink.ko
[    5.886339] init: Loaded kernel module /lib/modules/nfnetlink.ko
[    5.898858] init: Loading module /lib/modules/xt_limit.ko with args ''
[    5.898858] init: Loading module /lib/modules/xt_limit.ko with args ''
[    5.914254] init: Loaded kernel module /lib/modules/xt_limit.ko
[    5.914254] init: Loaded kernel module /lib/modules/xt_limit.ko
[    5.926591] init: Loading module /lib/modules/iptable_security.ko with args ''
[    5.926591] init: Loading module /lib/modules/iptable_security.ko with args ''
[    5.943397] init: Loaded kernel module /lib/modules/iptable_security.ko
[    5.943397] init: Loaded kernel module /lib/modules/iptable_security.ko
[    5.957150] init: Loading module /lib/modules/iptable_nat.ko with args ''
[    5.957150] init: Loading module /lib/modules/iptable_nat.ko with args ''
[    5.973024] init: Loaded kernel module /lib/modules/iptable_nat.ko
[    5.973024] init: Loaded kernel module /lib/modules/iptable_nat.ko
[    5.985872] init: Loading module /lib/modules/xt_tcpmss.ko with args ''
[    5.985872] init: Loading module /lib/modules/xt_tcpmss.ko with args ''
[    6.001419] init: Loaded kernel module /lib/modules/xt_tcpmss.ko
[    6.001419] init: Loaded kernel module /lib/modules/xt_tcpmss.ko
[    6.013930] init: Loading module /lib/modules/dwc3-qcom.ko with args ''
[    6.013930] init: Loading module /lib/modules/dwc3-qcom.ko with args ''
[    6.036658] xhci-hcd xhci-hcd.1.auto: xHCI Host Controller
[    6.036658] xhci-hcd xhci-hcd.1.auto: xHCI Host Controller
[    6.048311] xhci-hcd xhci-hcd.1.auto: new USB bus registered, assigned bus number 1
[    6.048311] xhci-hcd xhci-hcd.1.auto: new USB bus registered, assigned bus number 1
[    6.064296] xhci-hcd xhci-hcd.1.auto: USB3 root hub has no ports
[    6.064296] xhci-hcd xhci-hcd.1.auto: USB3 root hub has no ports
[    6.076809] xhci-hcd xhci-hcd.1.auto: hcc params 0x0220fe65 hci version 0x110 quirks 0x0000808000000010
[    6.076809] xhci-hcd xhci-hcd.1.auto: hcc params 0x0220fe65 hci version 0x110 quirks 0x0000808000000010
[    6.096452] xhci-hcd xhci-hcd.1.auto: irq 154, io mem 0x08c00000
[    6.096452] xhci-hcd xhci-hcd.1.auto: irq 154, io mem 0x08c00000
[    6.110370] usb usb1: New USB device found, idVendor=1d6b, idProduct=0002, bcdDevice= 6.18
[    6.110370] usb usb1: New USB device found, idVendor=1d6b, idProduct=0002, bcdDevice= 6.18
[    6.127782] usb usb1: New USB device strings: Mfr=3, Product=2, SerialNumber=1
[    6.127782] usb usb1: New USB device strings: Mfr=3, Product=2, SerialNumber=1
[    6.143047] usb usb1: Product: xHCI Host Controller
[    6.143047] usb usb1: Product: xHCI Host Controller
[    6.153485] usb usb1: Manufacturer: Linux 6.18.2-4-qcom xhci-hcd
[    6.153485] usb usb1: Manufacturer: Linux 6.18.2-4-qcom xhci-hcd
[    6.166255] usb usb1: SerialNumber: xhci-hcd.1.auto
[    6.166255] usb usb1: SerialNumber: xhci-hcd.1.auto
[    6.177564] hub 1-0:1.0: USB hub found
[    6.177564] hub 1-0:1.0: USB hub found
[    6.185737] hub 1-0:1.0: 1 port detected
[    6.185737] hub 1-0:1.0: 1 port detected
[    6.202574] xhci-hcd xhci-hcd.2.auto: xHCI Host Controller
[    6.202574] xhci-hcd xhci-hcd.2.auto: xHCI Host Controller
[    6.214226] xhci-hcd xhci-hcd.2.auto: new USB bus registered, assigned bus number 2
[    6.214226] xhci-hcd xhci-hcd.2.auto: new USB bus registered, assigned bus number 2
[    6.232326] xhci-hcd xhci-hcd.2.auto: hcc params 0x0230fe65 hci version 0x110 quirks 0x0000808000000010
[    6.232326] xhci-hcd xhci-hcd.2.auto: hcc params 0x0230fe65 hci version 0x110 quirks 0x0000808000000010
[    6.252581] xhci-hcd xhci-hcd.2.auto: irq 158, io mem 0x0a600000
[    6.252581] xhci-hcd xhci-hcd.2.auto: irq 158, io mem 0x0a600000
[    6.265496] xhci-hcd xhci-hcd.2.auto: xHCI Host Controller
[    6.265496] xhci-hcd xhci-hcd.2.auto: xHCI Host Controller
[    6.276922] xhci-hcd xhci-hcd.2.auto: new USB bus registered, assigned bus number 3
[    6.276922] xhci-hcd xhci-hcd.2.auto: new USB bus registered, assigned bus number 3
[    6.292762] xhci-hcd xhci-hcd.2.auto: Host supports USB 3.0 SuperSpeed
[    6.292762] xhci-hcd xhci-hcd.2.auto: Host supports USB 3.0 SuperSpeed
[    6.306331] usb usb2: New USB device found, idVendor=1d6b, idProduct=0002, bcdDevice= 6.18
